2015-03-10 03:39:35.638 27072 INFO neutron.plugins.ml2.managers [req-219e570c-5532-4225-90cc-678dbfd70c12 None] Extended network dict for driver 'cisco_n1kv_ext'
2015-03-10 03:39:35.654 27072 INFO neutron.plugins.ml2.managers [req-219e570c-5532-4225-90cc-678dbfd70c12 None] Extended port dict for driver 'cisco_n1kv_ext'
2015-03-10 03:39:35.657 27072 INFO neutron.plugins.ml2.managers [req-219e570c-5532-4225-90cc-678dbfd70c12 None] Extended port dict for driver 'cisco_n1kv_ext'
2015-03-10 03:39:35.681 27072 INFO neutron.plugins.ml2.managers [req-219e570c-5532-4225-90cc-678dbfd70c12 None] Extended network dict for driver 'cisco_n1kv_ext'
2015-03-10 03:39:35.963 27073 INFO neutron.plugins.ml2.managers [req-219e570c-5532-4225-90cc-678dbfd70c12 None] Extended port dict for driver 'cisco_n1kv_ext'
2015-03-10 03:39:35.965 27073 INFO neutron.plugins.ml2.managers [req-219e570c-5532-4225-90cc-678dbfd70c12 None] Extended port dict for driver 'cisco_n1kv_ext'
2015-03-10 03:39:35.975 27073 INFO neutron.plugins.ml2.managers [req-219e570c-5532-4225-90cc-678dbfd70c12 None] Extended network dict for driver 'cisco_n1kv_ext'
2015-03-10 03:39:36.005 27073 INFO neutron.plugins.ml2.managers [req-219e570c-5532-4225-90cc-678dbfd70c12 None] Extended port dict for driver 'cisco_n1kv_ext'
2015-03-10 03:39:36.006 27073 INFO neutron.plugins.ml2.managers [req-219e570c-5532-4225-90cc-678dbfd70c12 None] Extended port dict for driver 'cisco_n1kv_ext'
2015-03-10 03:39:36.209 27059 INFO urllib3.connectionpool [-] Starting new HTTP connection (1): 13.0.0.30
2015-03-10 03:39:36.235 27059 INFO urllib3.connectionpool [-] Starting new HTTP connection (1): 13.0.0.30
2015-03-10 03:39:36.267 27059 INFO neutron.notifiers.nova [-] Nova event response: {u'status': u'completed', u'tag': u'37ff6798-bf81-4f22-8c72-20d82f42659a', u'name': u'network-vif-plugged', u'server_uuid': u'a470bbd7-f81e-4c68-8bba-ea32197b921a', u'code': 200}
2015-03-10 03:39:36.332 27059 INFO neutron.notifiers.nova [-] Nova event response: {u'status': u'completed', u'code': 200, u'name': u'network-changed', u'server_uuid': u'a470bbd7-f81e-4c68-8bba-ea32197b921a'}
2015-03-10 03:39:36.335 27049 INFO neutron.wsgi [-] (27049) accepted ('13.0.0.3', 57532)
2015-03-10 03:39:36.359 27058 INFO urllib3.connectionpool [-] Starting new HTTP connection (1): 13.0.0.30
2015-03-10 03:39:36.364 27058 INFO urllib3.connectionpool [-] Starting new HTTP connection (1): 13.0.0.23
2015-03-10 03:39:36.367 27049 INFO neutron.plugins.ml2.managers [req-fa74a756-4983-4552-bae4-69cf79d7932d None] Extended port dict for driver 'cisco_n1kv_ext'
2015-03-10 03:39:36.369 27049 INFO neutron.wsgi [req-fa74a756-4983-4552-bae4-69cf79d7932d None] 13.0.0.3 - - [10/Mar/2015 03:39:36] "GET /v2.0/ports.json?tenant_id=38ca9a3a2b9a429c8d5931e035d0e642&device_id=a470bbd7-f81e-4c68-8bba-ea32197b921a HTTP/1.1" 200 996 0.032848
2015-03-10 03:39:36.372 27052 INFO neutron.wsgi [-] (27052) accepted ('13.0.0.3', 57538)
2015-03-10 03:39:36.385 27058 INFO urllib3.connectionpool [-] Starting new HTTP connection (1): 13.0.0.30
2015-03-10 03:39:36.389 27058 INFO urllib3.connectionpool [-] Starting new HTTP connection (1): 13.0.0.23
2015-03-10 03:39:36.394 27052 INFO neutron.plugins.ml2.managers [req-cc2b86bf-1bf9-4dfd-8241-6ae3354dc83a None] Extended network dict for driver 'cisco_n1kv_ext'
2015-03-10 03:39:36.397 27052 INFO neutron.wsgi [req-cc2b86bf-1bf9-4dfd-8241-6ae3354dc83a None] 13.0.0.3 - - [10/Mar/2015 03:39:36] "GET /v2.0/networks.json?id=fd982938-5b84-487d-97c7-f5d4d3f9a362 HTTP/1.1" 200 577 0.024127
2015-03-10 03:39:36.399 27053 INFO neutron.wsgi [-] (27053) accepted ('13.0.0.3', 57543)
2015-03-10 03:39:36.406 27053 INFO neutron.wsgi [req-818972ef-4d2f-44ae-be99-3a9b1ddb9e27 None] 13.0.0.3 - - [10/Mar/2015 03:39:36] "GET /v2.0/floatingips.json?fixed_ip_address=14.3.0.2&port_id=37ff6798-bf81-4f22-8c72-20d82f42659a HTTP/1.1" 200 208 0.005646
2015-03-10 03:39:36.408 27057 INFO neutron.wsgi [-] (27057) accepted ('13.0.0.3', 57544)
2015-03-10 03:39:36.465 27074 INFO neutron.plugins.ml2.managers [req-72b5fc6d-7a19-4e63-97a5-396b3e530937 None] Extended port dict for driver 'cisco_n1kv_ext'
2015-03-10 03:39:36.471 27057 INFO neutron.plugins.ml2.managers [req-54888ee3-2ba6-41bb-ac6b-80c11f5e0837 None] Extended subnet dict for driver 'cisco_n1kv_ext'
2015-03-10 03:39:36.472 27057 INFO neutron.wsgi [req-54888ee3-2ba6-41bb-ac6b-80c11f5e0837 None] 13.0.0.3 - - [10/Mar/2015 03:39:36] "GET /v2.0/subnets.json?id=c01c2522-472b-405c-9320-4b267e0fcdd0 HTTP/1.1" 200 622 0.063562
2015-03-10 03:39:36.474 27051 INFO neutron.wsgi [-] (27051) accepted ('13.0.0.3', 57545)
2015-03-10 03:39:36.480 27058 INFO urllib3.connectionpool [-] Starting new HTTP connection (1): 13.0.0.30
2015-03-10 03:39:36.507 27051 INFO neutron.wsgi [req-1a05e5e7-39ee-4ae7-891b-05d9b2aa6f2f None] 13.0.0.3 - - [10/Mar/2015 03:39:36] "GET /v2.0/ports.json?network_id=fd982938-5b84-487d-97c7-f5d4d3f9a362&device_owner=network%3Adhcp HTTP/1.1" 200 202 0.032283
2015-03-10 03:39:36.513 27058 INFO urllib3.connectionpool [-] Starting new HTTP connection (1): 13.0.0.30
2015-03-10 03:39:36.571 27058 INFO neutron.notifiers.nova [-] Nova event response: {u'status': u'completed', u'code': 200, u'name': u'network-changed', u'server_uuid': u'b574c82d-2805-4b37-80c8-fb03e8c709c5'}
2015-03-10 03:39:36.572 27058 INFO neutron.notifiers.nova [-] Nova event response: {u'status': u'completed', u'tag': u'741c2c71-4955-43de-b636-552407cdc2c6', u'name': u'network-vif-plugged', u'server_uuid': u'b574c82d-2805-4b37-80c8-fb03e8c709c5', u'code': 200}
2015-03-10 03:39:36.574 27051 INFO neutron.wsgi [-] (27051) accepted ('13.0.0.3', 57558)
2015-03-10 03:39:36.606 27051 INFO neutron.plugins.ml2.managers [req-098158d7-d1f7-4f48-89c8-81536507d4ed None] Extended port dict for driver 'cisco_n1kv_ext'
2015-03-10 03:39:36.607 27051 INFO neutron.wsgi [req-098158d7-d1f7-4f48-89c8-81536507d4ed None] 13.0.0.3 - - [10/Mar/2015 03:39:36] "GET /v2.0/ports.json?tenant_id=cd8e05c53c6f4db79368f04564dcb4d3&device_id=b574c82d-2805-4b37-80c8-fb03e8c709c5 HTTP/1.1" 200 996 0.030286
2015-03-10 03:39:36.610 27051 INFO neutron.wsgi [-] (27051) accepted ('13.0.0.3', 57560)
2015-03-10 03:39:36.614 27047 INFO neutron.wsgi [-] (27047) accepted ('13.0.0.3', 57562)
2015-03-10 03:39:36.634 27059 INFO neutron.wsgi [-] (27059) accepted ('13.0.0.3', 57564)
2015-03-10 03:39:36.635 27051 INFO neutron.plugins.ml2.managers [req-89d350f4-2d33-462c-9766-5069ff2e88fc None] Extended network dict for driver 'cisco_n1kv_ext'
2015-03-10 03:39:36.638 27051 INFO neutron.wsgi [req-89d350f4-2d33-462c-9766-5069ff2e88fc None] 13.0.0.3 - - [10/Mar/2015 03:39:36] "GET /v2.0/networks.json?id=259a1c5f-bcdb-4989-8f54-70caac96f9bb HTTP/1.1" 200 577 0.027490
2015-03-10 03:39:36.641 27056 INFO neutron.wsgi [-] (27056) accepted ('13.0.0.3', 57565)
2015-03-10 03:39:36.646 27047 INFO neutron.plugins.ml2.managers [req-60000985-813a-42b9-8033-da58c035464e None] Extended port dict for driver 'cisco_n1kv_ext'
2015-03-10 03:39:36.647 27047 INFO neutron.wsgi [req-60000985-813a-42b9-8033-da58c035464e None] 13.0.0.3 - - [10/Mar/2015 03:39:36] "GET /v2.0/ports.json HTTP/1.1" 200 775 0.032508
2015-03-10 03:39:36.660 27056 INFO neutron.wsgi [req-2508849c-b4a2-447a-a26a-5b49b6cbbf95 None] 13.0.0.3 - - [10/Mar/2015 03:39:36] "GET /v2.0/floatingips.json?fixed_ip_address=14.6.0.2&port_id=741c2c71-4955-43de-b636-552407cdc2c6 HTTP/1.1" 200 208 0.018331
2015-03-10 03:39:36.663 27056 INFO neutron.wsgi [-] (27056) accepted ('13.0.0.3', 57566)
2015-03-10 03:39:36.668 27059 INFO neutron.plugins.ml2.managers [req-7eea9d42-240e-43ac-976e-85f7bff09143 None] Extended port dict for driver 'cisco_n1kv_ext'
2015-03-10 03:39:36.670 27059 INFO neutron.wsgi [req-7eea9d42-240e-43ac-976e-85f7bff09143 None] 13.0.0.3 - - [10/Mar/2015 03:39:36] "GET /v2.0/ports.json HTTP/1.1" 200 776 0.034878
2015-03-10 03:39:36.686 27056 INFO neutron.plugins.ml2.managers [req-310ab0fc-40f2-48a4-b1d8-df1f352b1ed9 None] Extended subnet dict for driver 'cisco_n1kv_ext'
2015-03-10 03:39:36.687 27056 INFO neutron.wsgi [req-310ab0fc-40f2-48a4-b1d8-df1f352b1ed9 None] 13.0.0.3 - - [10/Mar/2015 03:39:36] "GET /v2.0/subnets.json?id=531cb58f-d0c8-4894-ad12-a08c200d40c4 HTTP/1.1" 200 622 0.024121
2015-03-10 03:39:36.689 27056 INFO neutron.wsgi [-] (27056) accepted ('13.0.0.3', 57567)
2015-03-10 03:39:36.704 27056 INFO neutron.wsgi [req-83af1878-8ced-49bf-b994-7c03e4ef65c6 None] 13.0.0.3 - - [10/Mar/2015 03:39:36] "GET /v2.0/ports.json?network_id=259a1c5f-bcdb-4989-8f54-70caac96f9bb&device_owner=network%3Adhcp HTTP/1.1" 200 202 0.013565
2015-03-10 03:39:37.104 27075 INFO neutron.plugins.ml2.managers [req-72b5fc6d-7a19-4e63-97a5-396b3e530937 None] Extended port dict for driver 'cisco_n1kv_ext'
2015-03-10 03:39:37.111 27075 INFO neutron.plugins.ml2.managers [req-72b5fc6d-7a19-4e63-97a5-396b3e530937 None] Extended network dict for driver 'cisco_n1kv_ext'
2015-03-10 03:39:37.127 27075 INFO neutron.plugins.ml2.managers [req-72b5fc6d-7a19-4e63-97a5-396b3e530937 None] Extended port dict for driver 'cisco_n1kv_ext'
2015-03-10 03:39:37.130 27075 INFO neutron.plugins.ml2.managers [req-72b5fc6d-7a19-4e63-97a5-396b3e530937 None] Extended port dict for driver 'cisco_n1kv_ext'
2015-03-10 03:39:37.134 27056 INFO neutron.wsgi [-] (27056) accepted ('13.0.0.3', 57588)
2015-03-10 03:39:37.135 27050 INFO neutron.wsgi [-] (27050) accepted ('13.0.0.3', 57590)
2015-03-10 03:39:37.142 27075 INFO neutron.plugins.ml2.managers [req-72b5fc6d-7a19-4e63-97a5-396b3e530937 None] Extended network dict for driver 'cisco_n1kv_ext'
2015-03-10 03:39:37.161 27056 INFO neutron.plugins.ml2.managers [req-6650afe4-9ef7-4d61-9f2c-a8761c1f8fe4 None] Extended port dict for driver 'cisco_n1kv_ext'
2015-03-10 03:39:37.163 27056 INFO neutron.wsgi [req-6650afe4-9ef7-4d61-9f2c-a8761c1f8fe4 None] 13.0.0.3 - - [10/Mar/2015 03:39:37] "GET /v2.0/ports.json?fields=id&id=b0f2f1d5-9567-4e4c-8568-215bb9a4bce9 HTTP/1.1" 200 248 0.027687
2015-03-10 03:39:37.183 27056 INFO neutron.plugins.ml2.managers [req-60bde246-2098-479d-9e49-b8e973dd13f9 None] Extended port dict for driver 'cisco_n1kv_ext'
2015-03-10 03:39:37.185 27056 INFO neutron.wsgi [req-60bde246-2098-479d-9e49-b8e973dd13f9 None] 13.0.0.3 - - [10/Mar/2015 03:39:37] "GET /v2.0/ports/b0f2f1d5-9567-4e4c-8568-215bb9a4bce9.json HTTP/1.1" 200 773 0.019661
2015-03-10 03:39:37.206 27050 INFO neutron.plugins.ml2.managers [req-7a3e7050-b5ed-4f45-b474-acd365726e07 None] Extended port dict for driver 'cisco_n1kv_ext'
2015-03-10 03:39:37.208 27050 INFO neutron.wsgi [req-7a3e7050-b5ed-4f45-b474-acd365726e07 None] 13.0.0.3 - - [10/Mar/2015 03:39:37] "GET /v2.0/ports.json?fields=id&id=517e6ecb-1a44-439a-ac54-52b477eb413c HTTP/1.1" 200 248 0.071967
2015-03-10 03:39:37.229 27050 INFO neutron.plugins.ml2.managers [req-eed33e6b-805e-4da1-a3f1-4d181c61f7a3 None] Extended port dict for driver 'cisco_n1kv_ext'
2015-03-10 03:39:37.230 27050 INFO neutron.wsgi [req-eed33e6b-805e-4da1-a3f1-4d181c61f7a3 None] 13.0.0.3 - - [10/Mar/2015 03:39:37] "GET /v2.0/ports/517e6ecb-1a44-439a-ac54-52b477eb413c.json HTTP/1.1" 200 772 0.019014
2015-03-10 03:39:37.310 27055 INFO neutron.wsgi [-] (27055) accepted ('13.0.0.3', 57591)
2015-03-10 03:39:37.349 27055 INFO neutron.plugins.ml2.managers [req-2dd24737-013a-4618-a956-0bbd7db56871 None] Extended port dict for driver 'cisco_n1kv_ext'
2015-03-10 03:39:37.350 27055 INFO neutron.wsgi [req-2dd24737-013a-4618-a956-0bbd7db56871 None] 13.0.0.3 - - [10/Mar/2015 03:39:37] "GET /v2.0/ports.json?tenant_id=e04e08f3e4c9446f997947b7390c8f73&device_id=db19c87a-e0c8-41bc-b387-03a91e62190d HTTP/1.1" 200 996 0.030926
2015-03-10 03:39:37.390 27048 INFO neutron.wsgi [-] (27048) accepted ('13.0.0.3', 57593)
2015-03-10 03:39:37.405 27048 INFO neutron.plugins.ml2.managers [req-61f47646-b889-42b2-ba4c-9b66bbac9776 None] Extended network dict for driver 'cisco_n1kv_ext'
2015-03-10 03:39:37.408 27048 INFO neutron.wsgi [req-61f47646-b889-42b2-ba4c-9b66bbac9776 None] 13.0.0.3 - - [10/Mar/2015 03:39:37] "GET /v2.0/networks.json?id=a9c9d4c7-3749-4002-b30b-ba5cdf1d8ec0 HTTP/1.1" 200 577 0.017089
2015-03-10 03:39:37.410 27048 INFO neutron.wsgi [-] (27048) accepted ('13.0.0.3', 57594)
2015-03-10 03:39:37.415 27048 INFO neutron.wsgi [req-9dbd5d56-83cf-41e1-85b4-5c5e289d4cac None] 13.0.0.3 - - [10/Mar/2015 03:39:37] "GET /v2.0/floatingips.json?fixed_ip_address=14.4.0.2&port_id=2b9008ce-f7d1-4e61-a329-49b5b6aec3f8 HTTP/1.1" 200 208 0.004499
2015-03-10 03:39:37.418 27048 INFO neutron.wsgi [-] (27048) accepted ('13.0.0.3', 57595)
2015-03-10 03:39:37.438 27048 INFO neutron.plugins.ml2.managers [req-6c79e4a6-a6cd-4e68-8b7e-e99250a9e273 None] Extended subnet dict for driver 'cisco_n1kv_ext'
2015-03-10 03:39:37.439 27048 INFO neutron.wsgi [req-6c79e4a6-a6cd-4e68-8b7e-e99250a9e273 None] 13.0.0.3 - - [10/Mar/2015 03:39:37] "GET /v2.0/subnets.json?id=34856750-9cac-4e56-b6d2-6595520668de HTTP/1.1" 200 622 0.012471
2015-03-10 03:39:37.441 27076 INFO neutron.plugins.ml2.managers [req-72b5fc6d-7a19-4e63-97a5-396b3e530937 None] Extended port dict for driver 'cisco_n1kv_ext'
2015-03-10 03:39:37.443 27048 INFO neutron.wsgi [-] (27048) accepted ('13.0.0.3', 57596)
2015-03-10 03:39:37.443 27076 INFO neutron.plugins.ml2.managers [req-72b5fc6d-7a19-4e63-97a5-396b3e530937 None] Extended port dict for driver 'cisco_n1kv_ext'
2015-03-10 03:39:37.456 27076 INFO neutron.plugins.ml2.managers [req-72b5fc6d-7a19-4e63-97a5-396b3e530937 None] Extended network dict for driver 'cisco_n1kv_ext'
2015-03-10 03:39:37.459 27048 INFO neutron.plugins.ml2.managers [req-9aa43090-5289-4604-98b5-d78a2b1a28f3 None] Extended port dict for driver 'cisco_n1kv_ext'
2015-03-10 03:39:37.461 27048 INFO neutron.wsgi [req-9aa43090-5289-4604-98b5-d78a2b1a28f3 None] 13.0.0.3 - - [10/Mar/2015 03:39:37] "GET /v2.0/ports.json?network_id=a9c9d4c7-3749-4002-b30b-ba5cdf1d8ec0&device_owner=network%3Adhcp HTTP/1.1" 200 941 0.017490
2015-03-10 03:39:37.486 27076 INFO neutron.plugins.ml2.managers [req-72b5fc6d-7a19-4e63-97a5-396b3e530937 None] Extended port dict for driver 'cisco_n1kv_ext'
2015-03-10 03:39:37.791 27065 INFO neutron.plugins.ml2.drivers.cisco.n1kv.n1kv_client [req-4ef5ce7b-b89a-49eb-906b-de9526e267ee None] VSM: Successfully created "vm-network vmn_35825bcb-9ab0-48a8-9e98-b922386e0f04_a9c9d4c7-3749-4002-b30b-ba5cdf1d8ec0"
2015-03-10 03:39:37.791 27065 INFO neutron.plugins.ml2.drivers.cisco.n1kv.mech_cisco_n1kv [req-4ef5ce7b-b89a-49eb-906b-de9526e267ee None] Create port(postcommit) succeeded for port: 3f657b15-7d8e-4a35-abc8-31c50f5fb4e8 on network: a9c9d4c7-3749-4002-b30b-ba5cdf1d8ec0 with policy profile ID: 35825bcb-9ab0-48a8-9e98-b922386e0f04
2015-03-10 03:39:37.810 27065 INFO neutron.plugins.ml2.managers [req-4ef5ce7b-b89a-49eb-906b-de9526e267ee None] Extended port dict for driver 'cisco_n1kv_ext'
2015-03-10 03:39:37.812 27065 INFO neutron.plugins.ml2.managers [req-4ef5ce7b-b89a-49eb-906b-de9526e267ee None] Extended port dict for driver 'cisco_n1kv_ext'
2015-03-10 03:39:37.820 27065 INFO neutron.plugins.ml2.managers [req-4ef5ce7b-b89a-49eb-906b-de9526e267ee None] Extended network dict for driver 'cisco_n1kv_ext'
2015-03-10 03:39:37.983 27073 INFO urllib3.connectionpool [-] Starting new HTTP connection (1): 13.0.0.30
2015-03-10 03:39:38.036 27073 INFO neutron.notifiers.nova [-] Nova event response: {u'status': u'completed', u'tag': u'2b9008ce-f7d1-4e61-a329-49b5b6aec3f8', u'name': u'network-vif-plugged', u'server_uuid': u'db19c87a-e0c8-41bc-b387-03a91e62190d', u'code': 200}
2015-03-10 03:39:38.042 27058 INFO neutron.wsgi [-] (27058) accepted ('13.0.0.3', 57660)
2015-03-10 03:39:38.063 27054 INFO neutron.wsgi [-] (27054) accepted ('13.0.0.3', 57662)
2015-03-10 03:39:38.078 27058 INFO neutron.plugins.ml2.managers [req-d55de2ea-a1e3-4891-844a-c619052a6c1f None] Extended port dict for driver 'cisco_n1kv_ext'
2015-03-10 03:39:38.080 27058 INFO neutron.wsgi [req-d55de2ea-a1e3-4891-844a-c619052a6c1f None] 13.0.0.3 - - [10/Mar/2015 03:39:38] "GET /v2.0/ports/b0f2f1d5-9567-4e4c-8568-215bb9a4bce9.json HTTP/1.1" 200 773 0.037268
2015-03-10 03:39:38.083 27057 INFO neutron.wsgi [-] (27057) accepted ('13.0.0.3', 57664)
2015-03-10 03:39:38.095 27057 INFO keystonemiddleware.auth_token [-] Invalid user token - rejecting request
2015-03-10 03:39:38.096 27057 INFO neutron.wsgi [-] 13.0.0.3 - - [10/Mar/2015 03:39:38] "GET /v2.0/ports/b0f2f1d5-9567-4e4c-8568-215bb9a4bce9.json?fields=binding%3Avnic_type&fields=network_id HTTP/1.1" 401 258 0.012018
2015-03-10 03:39:38.104 27054 INFO neutron.plugins.ml2.managers [req-62ec9e58-8549-464b-b995-c20df2ba2903 None] Extended port dict for driver 'cisco_n1kv_ext'
2015-03-10 03:39:38.106 27054 INFO neutron.wsgi [req-62ec9e58-8549-464b-b995-c20df2ba2903 None] 13.0.0.3 - - [10/Mar/2015 03:39:38] "GET /v2.0/ports/517e6ecb-1a44-439a-ac54-52b477eb413c.json HTTP/1.1" 200 772 0.041680
2015-03-10 03:39:38.109 27057 INFO neutron.wsgi [-] (27057) accepted ('13.0.0.3', 57668)
2015-03-10 03:39:38.141 27057 INFO neutron.plugins.ml2.managers [req-be344d6b-83c1-4b5b-9278-8a9c53bc7fc6 None] Extended port dict for driver 'cisco_n1kv_ext'
2015-03-10 03:39:38.142 27057 INFO neutron.wsgi [req-be344d6b-83c1-4b5b-9278-8a9c53bc7fc6 None] 13.0.0.3 - - [10/Mar/2015 03:39:38] "GET /v2.0/ports/517e6ecb-1a44-439a-ac54-52b477eb413c.json?fields=binding%3Avnic_type&fields=network_id HTTP/1.1" 200 284 0.032881
2015-03-10 03:39:38.203 27049 INFO neutron.wsgi [-] (27049) accepted ('13.0.0.3', 57670)
2015-03-10 03:39:38.238 27049 INFO neutron.plugins.ml2.managers [req-d7e348bf-cbe2-473e-aee0-06c7459b882d None] Extended port dict for driver 'cisco_n1kv_ext'
2015-03-10 03:39:38.240 27049 INFO neutron.wsgi [req-d7e348bf-cbe2-473e-aee0-06c7459b882d None] 13.0.0.3 - - [10/Mar/2015 03:39:38] "GET /v2.0/ports/b0f2f1d5-9567-4e4c-8568-215bb9a4bce9.json?fields=binding%3Avnic_type&fields=network_id HTTP/1.1" 200 284 0.035871
2015-03-10 03:39:38.247 27047 INFO neutron.wsgi [-] (27047) accepted ('13.0.0.3', 57675)
2015-03-10 03:39:38.276 27047 INFO neutron.wsgi [req-1645b03b-b72b-45fe-9c5f-13de7bf4736c None] 13.0.0.3 - - [10/Mar/2015 03:39:38] "GET /v2.0/ports.json?device_id=116e0364-269d-43db-9462-668c37630fd3 HTTP/1.1" 200 202 0.024220
2015-03-10 03:39:38.363 27057 INFO neutron.wsgi [-] (27057) accepted ('13.0.0.3', 57691)
2015-03-10 03:39:38.391 27057 INFO neutron.wsgi [req-d34983cc-aab4-44f7-944b-483ab12c92fe None] 13.0.0.3 - - [10/Mar/2015 03:39:38] "GET /v2.0/ports.json?device_id=4a07c18e-0f93-42c8-b43a-eaebbe133679 HTTP/1.1" 200 202 0.026975
2015-03-10 03:39:38.463 27062 INFO neutron.plugins.ml2.managers [req-72b5fc6d-7a19-4e63-97a5-396b3e530937 None] Extended port dict for driver 'cisco_n1kv_ext'
2015-03-10 03:39:38.580 27063 INFO neutron.plugins.ml2.managers [req-219e570c-5532-4225-90cc-678dbfd70c12 None] Extended port dict for driver 'cisco_n1kv_ext'
2015-03-10 03:39:38.751 27057 INFO neutron.wsgi [-] (27057) accepted ('13.0.0.3', 57705)
2015-03-10 03:39:38.779 27057 INFO neutron.plugins.ml2.managers [req-ff7d8960-4316-4268-8d3c-0d3b061b6b55 None] Extended port dict for driver 'cisco_n1kv_ext'
2015-03-10 03:39:38.781 27057 INFO neutron.wsgi [req-ff7d8960-4316-4268-8d3c-0d3b061b6b55 None] 13.0.0.3 - - [10/Mar/2015 03:39:38] "GET /v2.0/ports/517e6ecb-1a44-439a-ac54-52b477eb413c.json HTTP/1.1" 200 772 0.028975
2015-03-10 03:39:38.783 27055 INFO neutron.wsgi [-] (27055) accepted ('13.0.0.3', 57721)
2015-03-10 03:39:38.811 27055 INFO neutron.plugins.ml2.managers [req-efb766ee-fd44-4e60-ac79-86d5f09fd212 None] Extended network dict for driver 'cisco_n1kv_ext'
2015-03-10 03:39:38.814 27049 INFO neutron.wsgi [-] (27049) accepted ('13.0.0.3', 57722)
2015-03-10 03:39:38.814 27055 INFO neutron.wsgi [req-efb766ee-fd44-4e60-ac79-86d5f09fd212 None] 13.0.0.3 - - [10/Mar/2015 03:39:38] "GET /v2.0/networks.json?id=0cfee667-2855-4c42-967c-270bc74698e1 HTTP/1.1" 200 462 0.030543
2015-03-10 03:39:38.818 27048 INFO neutron.wsgi [-] (27048) accepted ('13.0.0.3', 57723)
2015-03-10 03:39:38.842 27048 INFO neutron.plugins.ml2.managers [req-e87b569e-ad74-4d12-af1c-df38fc0c123f None] Extended port dict for driver 'cisco_n1kv_ext'
2015-03-10 03:39:38.847 27049 INFO neutron.plugins.ml2.managers [req-27d2bf7a-f918-4ebd-9822-da60919410a6 None] Extended port dict for driver 'cisco_n1kv_ext'
2015-03-10 03:39:38.849 27049 INFO neutron.wsgi [req-27d2bf7a-f918-4ebd-9822-da60919410a6 None] 13.0.0.3 - - [10/Mar/2015 03:39:38] "GET /v2.0/ports/b0f2f1d5-9567-4e4c-8568-215bb9a4bce9.json HTTP/1.1" 200 773 0.034231
2015-03-10 03:39:38.851 27049 INFO neutron.wsgi [-] (27049) accepted ('13.0.0.3', 57724)
2015-03-10 03:39:38.854 27048 INFO neutron.plugins.ml2.managers [req-e87b569e-ad74-4d12-af1c-df38fc0c123f None] Extended port dict for driver 'cisco_n1kv_ext'
2015-03-10 03:39:38.864 27049 INFO neutron.plugins.ml2.managers [req-8a810af1-ae72-430b-bb79-d8803d5abd76 None] Extended network dict for driver 'cisco_n1kv_ext'
2015-03-10 03:39:38.867 27049 INFO neutron.wsgi [req-8a810af1-ae72-430b-bb79-d8803d5abd76 None] 13.0.0.3 - - [10/Mar/2015 03:39:38] "GET /v2.0/networks.json?id=2eccd943-7d00-40c1-9505-4da61742deec HTTP/1.1" 200 463 0.014933
2015-03-10 03:39:38.869 27048 INFO neutron.plugins.ml2.managers [req-e87b569e-ad74-4d12-af1c-df38fc0c123f None] Extended port dict for driver 'cisco_n1kv_ext'
2015-03-10 03:39:38.870 27049 INFO neutron.wsgi [-] (27049) accepted ('13.0.0.3', 57725)
2015-03-10 03:39:38.880 27048 INFO neutron.plugins.ml2.managers [req-e87b569e-ad74-4d12-af1c-df38fc0c123f None] Extended network dict for driver 'cisco_n1kv_ext'
2015-03-10 03:39:38.891 27049 INFO neutron.plugins.ml2.managers [req-6762e330-d9f7-47ff-944d-916edbe9c497 None] Extended port dict for driver 'cisco_n1kv_ext'
2015-03-10 03:39:38.903 27049 INFO neutron.plugins.ml2.managers [req-6762e330-d9f7-47ff-944d-916edbe9c497 None] Extended port dict for driver 'cisco_n1kv_ext'
2015-03-10 03:39:38.916 27048 INFO neutron.plugins.ml2.managers [req-e87b569e-ad74-4d12-af1c-df38fc0c123f None] Extended port dict for driver 'cisco_n1kv_ext'
2015-03-10 03:39:38.918 27048 INFO neutron.plugins.ml2.managers [req-e87b569e-ad74-4d12-af1c-df38fc0c123f None] Extended port dict for driver 'cisco_n1kv_ext'
2015-03-10 03:39:38.921 27049 INFO neutron.plugins.ml2.managers [req-6762e330-d9f7-47ff-944d-916edbe9c497 None] Extended port dict for driver 'cisco_n1kv_ext'
2015-03-10 03:39:38.926 27048 INFO neutron.plugins.ml2.managers [req-e87b569e-ad74-4d12-af1c-df38fc0c123f None] Extended network dict for driver 'cisco_n1kv_ext'
2015-03-10 03:39:38.931 27049 INFO neutron.plugins.ml2.managers [req-6762e330-d9f7-47ff-944d-916edbe9c497 None] Extended network dict for driver 'cisco_n1kv_ext'
2015-03-10 03:39:38.948 27048 INFO neutron.plugins.ml2.managers [req-e87b569e-ad74-4d12-af1c-df38fc0c123f None] Extended network dict for driver 'cisco_n1kv_ext'
2015-03-10 03:39:38.957 27048 INFO neutron.wsgi [req-e87b569e-ad74-4d12-af1c-df38fc0c123f None] 13.0.0.3 - - [10/Mar/2015 03:39:38] "PUT /v2.0/ports/517e6ecb-1a44-439a-ac54-52b477eb413c.json HTTP/1.1" 200 993 0.138699
2015-03-10 03:39:38.958 27049 INFO neutron.plugins.ml2.managers [req-6762e330-d9f7-47ff-944d-916edbe9c497 None] Extended port dict for driver 'cisco_n1kv_ext'
2015-03-10 03:39:38.960 27049 INFO neutron.plugins.ml2.managers [req-6762e330-d9f7-47ff-944d-916edbe9c497 None] Extended port dict for driver 'cisco_n1kv_ext'
2015-03-10 03:39:38.963 27048 INFO neutron.wsgi [-] (27048) accepted ('13.0.0.3', 57726)
2015-03-10 03:39:38.969 27049 INFO neutron.plugins.ml2.managers [req-6762e330-d9f7-47ff-944d-916edbe9c497 None] Extended network dict for driver 'cisco_n1kv_ext'
2015-03-10 03:39:38.980 27048 INFO neutron.plugins.ml2.managers [req-2b6fedcd-98be-4ffc-8f78-d5ed1a3bbd7d None] Extended port dict for driver 'cisco_n1kv_ext'
2015-03-10 03:39:38.981 27048 INFO neutron.wsgi [req-2b6fedcd-98be-4ffc-8f78-d5ed1a3bbd7d None] 13.0.0.3 - - [10/Mar/2015 03:39:38] "GET /v2.0/ports.json?tenant_id=6edc90f14268442bb98940f1cef1ea39&device_id=116e0364-269d-43db-9462-668c37630fd3 HTTP/1.1" 200 996 0.016951
2015-03-10 03:39:38.989 27055 INFO neutron.wsgi [-] (27055) accepted ('13.0.0.3', 57727)
2015-03-10 03:39:38.990 27049 INFO neutron.plugins.ml2.managers [req-6762e330-d9f7-47ff-944d-916edbe9c497 None] Extended network dict for driver 'cisco_n1kv_ext'
2015-03-10 03:39:38.994 27055 INFO neutron.wsgi [req-d7fc2bfc-4641-4a94-a984-bcc3d359a1cf None] 13.0.0.3 - - [10/Mar/2015 03:39:38] "GET /v2.0/floatingips.json?fixed_ip_address=14.8.0.2&port_id=517e6ecb-1a44-439a-ac54-52b477eb413c HTTP/1.1" 200 208 0.004283
2015-03-10 03:39:38.999 27049 INFO neutron.wsgi [req-6762e330-d9f7-47ff-944d-916edbe9c497 None] 13.0.0.3 - - [10/Mar/2015 03:39:38] "PUT /v2.0/ports/b0f2f1d5-9567-4e4c-8568-215bb9a4bce9.json HTTP/1.1" 200 994 0.127439
2015-03-10 03:39:39.001 27049 INFO neutron.wsgi [-] (27049) accepted ('13.0.0.3', 57728)
2015-03-10 03:39:39.003 27050 INFO neutron.wsgi [-] (27050) accepted ('13.0.0.3', 57729)
2015-03-10 03:39:39.021 27065 INFO neutron.plugins.ml2.managers [req-fd04f235-ec77-4018-bb0a-63aff09b753c None] Extended port dict for driver 'cisco_n1kv_ext'
2015-03-10 03:39:39.027 27049 INFO neutron.plugins.ml2.managers [req-0a209ae1-ea07-45ad-ac4b-94cf56a5eb56 None] Extended subnet dict for driver 'cisco_n1kv_ext'
2015-03-10 03:39:39.028 27049 INFO neutron.wsgi [req-0a209ae1-ea07-45ad-ac4b-94cf56a5eb56 None] 13.0.0.3 - - [10/Mar/2015 03:39:39] "GET /v2.0/subnets.json?id=de72d799-2fba-44a8-9407-3384bb6cc5ae HTTP/1.1" 200 622 0.024024
2015-03-10 03:39:39.029 27050 INFO neutron.plugins.ml2.managers [req-35c31e60-8253-435b-a927-9b897bcf24c8 None] Extended port dict for driver 'cisco_n1kv_ext'
2015-03-10 03:39:39.030 27065 INFO neutron.plugins.ml2.managers [req-fd04f235-ec77-4018-bb0a-63aff09b753c None] Extended network dict for driver 'cisco_n1kv_ext'
2015-03-10 03:39:39.030 27050 INFO neutron.wsgi [req-35c31e60-8253-435b-a927-9b897bcf24c8 None] 13.0.0.3 - - [10/Mar/2015 03:39:39] "GET /v2.0/ports.json?tenant_id=d2d571fc969445638e8064e3f97d08f2&device_id=4a07c18e-0f93-42c8-b43a-eaebbe133679 HTTP/1.1" 200 997 0.019298
2015-03-10 03:39:39.036 27050 INFO neutron.wsgi [-] (27050) accepted ('13.0.0.3', 57730)
2015-03-10 03:39:39.037 27061 INFO neutron.wsgi [-] (27061) accepted ('13.0.0.3', 57731)
2015-03-10 03:39:39.042 27050 INFO neutron.wsgi [req-e4b70236-4d26-4ac3-8ec6-e7518264173e None] 13.0.0.3 - - [10/Mar/2015 03:39:39] "GET /v2.0/floatingips.json?fixed_ip_address=14.11.0.2&port_id=b0f2f1d5-9567-4e4c-8568-215bb9a4bce9 HTTP/1.1" 200 208 0.004688
2015-03-10 03:39:39.045 27059 INFO neutron.wsgi [-] (27059) accepted ('13.0.0.3', 57732)
2015-03-10 03:39:39.049 27065 INFO neutron.plugins.ml2.managers [req-fd04f235-ec77-4018-bb0a-63aff09b753c None] Extended port dict for driver 'cisco_n1kv_ext'
2015-03-10 03:39:39.051 27065 INFO neutron.plugins.ml2.managers [req-fd04f235-ec77-4018-bb0a-63aff09b753c None] Extended port dict for driver 'cisco_n1kv_ext'
2015-03-10 03:39:39.061 27065 INFO neutron.plugins.ml2.managers [req-fd04f235-ec77-4018-bb0a-63aff09b753c None] Extended network dict for driver 'cisco_n1kv_ext'
2015-03-10 03:39:39.064 27061 INFO neutron.wsgi [req-1c9326d4-0384-4d2d-806a-1aefea23bb45 None] 13.0.0.3 - - [10/Mar/2015 03:39:39] "GET /v2.0/ports.json?network_id=0cfee667-2855-4c42-967c-270bc74698e1&device_owner=network%3Adhcp HTTP/1.1" 200 202 0.025869
2015-03-10 03:39:39.071 27059 INFO neutron.plugins.ml2.managers [req-de80a1da-57d4-44d8-8fd1-8babf769b058 None] Extended subnet dict for driver 'cisco_n1kv_ext'
2015-03-10 03:39:39.072 27059 INFO neutron.wsgi [req-de80a1da-57d4-44d8-8fd1-8babf769b058 None] 13.0.0.3 - - [10/Mar/2015 03:39:39] "GET /v2.0/subnets.json?id=70034356-ea0a-41d8-b512-b59784976112 HTTP/1.1" 200 627 0.026316
2015-03-10 03:39:39.077 27057 INFO neutron.wsgi [-] (27057) accepted ('13.0.0.3', 57733)
2015-03-10 03:39:39.093 27057 INFO neutron.wsgi [req-7b14a114-97e6-4564-acc5-c3c0450b920e None] 13.0.0.3 - - [10/Mar/2015 03:39:39] "GET /v2.0/ports.json?network_id=2eccd943-7d00-40c1-9505-4da61742deec&device_owner=network%3Adhcp HTTP/1.1" 200 202 0.013412
2015-03-10 03:39:39.348 27066 INFO neutron.plugins.ml2.managers [req-4ef5ce7b-b89a-49eb-906b-de9526e267ee None] Extended network dict for driver 'cisco_n1kv_ext'
2015-03-10 03:39:39.357 27066 INFO neutron.plugins.ml2.managers [req-4ef5ce7b-b89a-49eb-906b-de9526e267ee None] Extended subnet dict for driver 'cisco_n1kv_ext'
2015-03-10 03:39:39.364 27067 INFO neutron.plugins.ml2.managers [req-72b5fc6d-7a19-4e63-97a5-396b3e530937 None] Extended port dict for driver 'cisco_n1kv_ext'
2015-03-10 03:39:39.366 27067 INFO neutron.plugins.ml2.managers [req-72b5fc6d-7a19-4e63-97a5-396b3e530937 None] Extended port dict for driver 'cisco_n1kv_ext'
2015-03-10 03:39:39.370 27066 INFO neutron.plugins.ml2.managers [req-4ef5ce7b-b89a-49eb-906b-de9526e267ee None] Extended port dict for driver 'cisco_n1kv_ext'
2015-03-10 03:39:39.401 27068 INFO neutron.plugins.ml2.managers [req-fd04f235-ec77-4018-bb0a-63aff09b753c None] Extended port dict for driver 'cisco_n1kv_ext'
2015-03-10 03:39:39.403 27068 INFO neutron.plugins.ml2.managers [req-fd04f235-ec77-4018-bb0a-63aff09b753c None] Extended port dict for driver 'cisco_n1kv_ext'
2015-03-10 03:39:39.415 27068 INFO neutron.plugins.ml2.managers [req-fd04f235-ec77-4018-bb0a-63aff09b753c None] Extended network dict for driver 'cisco_n1kv_ext'
2015-03-10 03:39:39.423 27069 INFO neutron.plugins.ml2.managers [req-4ef5ce7b-b89a-49eb-906b-de9526e267ee None] Extended network dict for driver 'cisco_n1kv_ext'
2015-03-10 03:39:39.443 27069 INFO urllib3.connectionpool [-] Starting new HTTP connection (1): 13.0.0.250
2015-03-10 03:39:39.462 27076 INFO urllib3.connectionpool [-] Starting new HTTP connection (1): 13.0.0.30
2015-03-10 03:39:39.510 27070 INFO neutron.plugins.ml2.managers [req-219e570c-5532-4225-90cc-678dbfd70c12 None] Extended port dict for driver 'cisco_n1kv_ext'
2015-03-10 03:39:39.512 27070 INFO neutron.plugins.ml2.managers [req-219e570c-5532-4225-90cc-678dbfd70c12 None] Extended port dict for driver 'cisco_n1kv_ext'
2015-03-10 03:39:39.524 27076 INFO neutron.notifiers.nova [-] Nova event response: {u'status': u'completed', u'tag': u'a2930cc1-8ee3-4744-8b30-9555a64dd190', u'name': u'network-vif-plugged', u'server_uuid': u'122f06be-24cd-4321-ab7f-74369afef06e', u'code': 200}
2015-03-10 03:39:39.814 27071 INFO neutron.plugins.ml2.managers [req-72b5fc6d-7a19-4e63-97a5-396b3e530937 None] Extended port dict for driver 'cisco_n1kv_ext'
2015-03-10 03:39:39.822 27071 INFO neutron.plugins.ml2.managers [req-72b5fc6d-7a19-4e63-97a5-396b3e530937 None] Extended network dict for driver 'cisco_n1kv_ext'
2015-03-10 03:39:39.836 27071 INFO neutron.plugins.ml2.managers [req-72b5fc6d-7a19-4e63-97a5-396b3e530937 None] Extended port dict for driver 'cisco_n1kv_ext'
2015-03-10 03:39:39.838 27071 INFO neutron.plugins.ml2.managers [req-72b5fc6d-7a19-4e63-97a5-396b3e530937 None] Extended port dict for driver 'cisco_n1kv_ext'
2015-03-10 03:39:39.847 27071 INFO neutron.plugins.ml2.managers [req-72b5fc6d-7a19-4e63-97a5-396b3e530937 None] Extended network dict for driver 'cisco_n1kv_ext'
2015-03-10 03:39:39.957 27072 INFO neutron.plugins.ml2.managers [req-219e570c-5532-4225-90cc-678dbfd70c12 None] Extended port dict for driver 'cisco_n1kv_ext'
2015-03-10 03:39:39.965 27072 INFO neutron.plugins.ml2.managers [req-219e570c-5532-4225-90cc-678dbfd70c12 None] Extended network dict for driver 'cisco_n1kv_ext'
2015-03-10 03:39:39.981 27072 INFO neutron.plugins.ml2.managers [req-219e570c-5532-4225-90cc-678dbfd70c12 None] Extended port dict for driver 'cisco_n1kv_ext'
2015-03-10 03:39:39.983 27072 INFO neutron.plugins.ml2.managers [req-219e570c-5532-4225-90cc-678dbfd70c12 None] Extended port dict for driver 'cisco_n1kv_ext'
2015-03-10 03:39:39.991 27072 INFO neutron.plugins.ml2.managers [req-219e570c-5532-4225-90cc-678dbfd70c12 None] Extended network dict for driver 'cisco_n1kv_ext'
2015-03-10 03:39:40.135 27073 INFO neutron.plugins.ml2.managers [req-72b5fc6d-7a19-4e63-97a5-396b3e530937 None] Extended port dict for driver 'cisco_n1kv_ext'
2015-03-10 03:39:40.137 27073 INFO neutron.plugins.ml2.managers [req-72b5fc6d-7a19-4e63-97a5-396b3e530937 None] Extended port dict for driver 'cisco_n1kv_ext'
2015-03-10 03:39:40.146 27073 INFO neutron.plugins.ml2.managers [req-72b5fc6d-7a19-4e63-97a5-396b3e530937 None] Extended network dict for driver 'cisco_n1kv_ext'
2015-03-10 03:39:40.171 27073 INFO neutron.plugins.ml2.managers [req-72b5fc6d-7a19-4e63-97a5-396b3e530937 None] Extended port dict for driver 'cisco_n1kv_ext'
2015-03-10 03:39:40.282 27074 INFO neutron.plugins.ml2.managers [req-219e570c-5532-4225-90cc-678dbfd70c12 None] Extended port dict for driver 'cisco_n1kv_ext'
2015-03-10 03:39:40.284 27074 INFO neutron.plugins.ml2.managers [req-219e570c-5532-4225-90cc-678dbfd70c12 None] Extended port dict for driver 'cisco_n1kv_ext'
2015-03-10 03:39:40.294 27074 INFO neutron.plugins.ml2.managers [req-219e570c-5532-4225-90cc-678dbfd70c12 None] Extended network dict for driver 'cisco_n1kv_ext'
2015-03-10 03:39:40.329 27074 INFO neutron.plugins.ml2.managers [req-219e570c-5532-4225-90cc-678dbfd70c12 None] Extended port dict for driver 'cisco_n1kv_ext'
2015-03-10 03:39:40.431 27055 INFO neutron.plugins.ml2.drivers.cisco.n1kv.n1kv_client [req-4910210e-5034-47c4-b112-cb7d7ec0b956 None] VSM: Successfully deleted "ports d8c7984b-e00d-407f-a6b8-8109ad2c44b9"
2015-03-10 03:39:40.431 27055 INFO neutron.plugins.ml2.drivers.cisco.n1kv.mech_cisco_n1kv [req-4910210e-5034-47c4-b112-cb7d7ec0b956 None] Delete port(postcommit) succeeded for port: d8c7984b-e00d-407f-a6b8-8109ad2c44b9 on network: 2bed3aa4-05a3-4043-8020-03ee63bb04d2 with policy profile ID: 1b71fdbe-e571-4cf8-98ff-19a9b1bf5009
2015-03-10 03:39:40.434 27055 ERROR neutron.api.v2.resource [req-4910210e-5034-47c4-b112-cb7d7ec0b956 None] create failed
2015-03-10 03:39:40.434 27055 TRACE neutron.api.v2.resource Traceback (most recent call last):
2015-03-10 03:39:40.434 27055 TRACE neutron.api.v2.resource   File "/usr/lib/python2.7/site-packages/neutron/api/v2/resource.py", line 87, in resource
2015-03-10 03:39:40.434 27055 TRACE neutron.api.v2.resource     result = method(request=request, **args)
2015-03-10 03:39:40.434 27055 TRACE neutron.api.v2.resource   File "/usr/lib/python2.7/site-packages/neutron/api/v2/base.py", line 448, in create
2015-03-10 03:39:40.434 27055 TRACE neutron.api.v2.resource     obj = obj_creator(request.context, **kwargs)
2015-03-10 03:39:40.434 27055 TRACE neutron.api.v2.resource   File "/usr/lib/python2.7/site-packages/neutron/plugins/ml2/plugin.py", line 808, in create_port
2015-03-10 03:39:40.434 27055 TRACE neutron.api.v2.resource     self.delete_port(context, result['id'])
2015-03-10 03:39:40.434 27055 TRACE neutron.api.v2.resource   File "/usr/lib/python2.7/site-packages/neutron/openstack/common/excutils.py", line 82, in __exit__
2015-03-10 03:39:40.434 27055 TRACE neutron.api.v2.resource     six.reraise(self.type_, self.value, self.tb)
2015-03-10 03:39:40.434 27055 TRACE neutron.api.v2.resource   File "/usr/lib/python2.7/site-packages/neutron/plugins/ml2/plugin.py", line 803, in create_port
2015-03-10 03:39:40.434 27055 TRACE neutron.api.v2.resource     self.mechanism_manager.create_port_postcommit(mech_context)
2015-03-10 03:39:40.434 27055 TRACE neutron.api.v2.resource   File "/usr/lib/python2.7/site-packages/neutron/plugins/ml2/managers.py", line 500, in create_port_postcommit
2015-03-10 03:39:40.434 27055 TRACE neutron.api.v2.resource     self._call_on_drivers("create_port_postcommit", context)
2015-03-10 03:39:40.434 27055 TRACE neutron.api.v2.resource   File "/usr/lib/python2.7/site-packages/neutron/plugins/ml2/managers.py", line 302, in _call_on_drivers
2015-03-10 03:39:40.434 27055 TRACE neutron.api.v2.resource     method=method_name
2015-03-10 03:39:40.434 27055 TRACE neutron.api.v2.resource MechanismDriverError: create_port_postcommit failed.
2015-03-10 03:39:40.434 27055 TRACE neutron.api.v2.resource 
2015-03-10 03:39:40.436 27055 INFO neutron.wsgi [req-4910210e-5034-47c4-b112-cb7d7ec0b956 None] 13.0.0.3 - - [10/Mar/2015 03:39:40] "POST /v2.0/ports.json HTTP/1.1" 500 318 18.378397
