2015-03-10 17:00:37.702 3030 INFO neutron.plugins.ml2.managers [req-9a8737cd-2841-41e1-b4fb-4d9863e63800 None] Extended port dict for driver 'cisco_n1kv_ext'
2015-03-10 17:00:37.703 3030 INFO neutron.wsgi [req-9a8737cd-2841-41e1-b4fb-4d9863e63800 None] 13.0.0.3 - - [10/Mar/2015 17:00:37] "GET /v2.0/ports/aac1c8e8-518d-4cf0-8aa0-d7d1db37f930.json?fields=binding%3Avnic_type&fields=network_id HTTP/1.1" 200 284 0.047149
2015-03-10 17:00:37.703 3040 INFO neutron.wsgi [-] (3040) accepted ('13.0.0.3', 38609)
2015-03-10 17:00:37.709 3040 INFO urllib3.connectionpool [-] Resetting dropped connection: 13.0.0.25
2015-03-10 17:00:37.724 3030 INFO neutron.plugins.ml2.managers [req-f1fc7844-7671-4368-9e7b-8f5d650b54a9 None] Extended port dict for driver 'cisco_n1kv_ext'
2015-03-10 17:00:37.726 3039 INFO neutron.wsgi [-] (3039) accepted ('13.0.0.3', 38615)
2015-03-10 17:00:37.726 3030 INFO neutron.wsgi [req-f1fc7844-7671-4368-9e7b-8f5d650b54a9 None] 13.0.0.3 - - [10/Mar/2015 17:00:37] "GET /v2.0/ports/1d5ae930-42f0-414b-b172-e6bcce5f3fa4.json HTTP/1.1" 200 822 0.055559
2015-03-10 17:00:37.728 3039 INFO urllib3.connectionpool [-] Resetting dropped connection: 13.0.0.25
2015-03-10 17:00:37.748 3040 INFO neutron.wsgi [-] (3040) accepted ('13.0.0.3', 38619)
2015-03-10 17:00:37.751 3040 INFO urllib3.connectionpool [-] Resetting dropped connection: 13.0.0.25
2015-03-10 17:00:37.755 3040 INFO neutron.wsgi [-] (3040) accepted ('13.0.0.3', 38623)
2015-03-10 17:00:37.757 3040 INFO urllib3.connectionpool [-] Resetting dropped connection: 13.0.0.25
2015-03-10 17:00:37.757 3029 INFO neutron.plugins.ml2.managers [req-0ae28381-b83c-41e1-88ba-f7ad08c9327e None] Extended port dict for driver 'cisco_n1kv_ext'
2015-03-10 17:00:37.760 3029 INFO neutron.wsgi [req-0ae28381-b83c-41e1-88ba-f7ad08c9327e None] 13.0.0.3 - - [10/Mar/2015 17:00:37] "GET /v2.0/ports/096a1be6-1bae-4fb0-8718-9dee5f8025bd.json HTTP/1.1" 200 823 0.084313
2015-03-10 17:00:37.824 3040 INFO neutron.plugins.ml2.managers [req-a5438e74-4cc4-486e-bc4d-65bf8572dfd2 None] Extended port dict for driver 'cisco_n1kv_ext'
2015-03-10 17:00:37.826 3040 INFO neutron.wsgi [req-a5438e74-4cc4-486e-bc4d-65bf8572dfd2 None] 13.0.0.3 - - [10/Mar/2015 17:00:37] "GET /v2.0/ports/940f5bf2-4bd5-410d-9382-061e1543d98f.json HTTP/1.1" 200 822 0.119778
2015-03-08 17:00:22.408 27745 INFO urllib3.connectionpool [-] Starting new HTTP connection (1): 13.0.0.250
2015-03-09 17:00:09.805 10532 INFO neutron.wsgi [-] (10532) accepted ('13.0.0.3', 45406)
2015-03-09 17:00:09.875 10532 INFO neutron.plugins.ml2.managers [req-b37a3a20-c893-46c3-810b-7ee23315ee7a None] Extended port dict for driver 'cisco_n1kv_ext'
2015-03-09 17:00:09.876 10532 INFO neutron.wsgi [req-b37a3a20-c893-46c3-810b-7ee23315ee7a None] 13.0.0.3 - - [09/Mar/2015 17:00:09] "GET /v2.0/ports.json?tenant_id=38ca9a3a2b9a429c8d5931e035d0e642&device_id=4213db0e-19d7-4838-9072-a35cf0d0ca24 HTTP/1.1" 200 996 0.070151
2015-03-09 17:00:09.879 10532 INFO neutron.wsgi [-] (10532) accepted ('13.0.0.3', 45407)
2015-03-09 17:00:09.890 10532 INFO neutron.plugins.ml2.managers [req-114c8638-7330-47e2-b2b2-2abe5f016067 None] Extended network dict for driver 'cisco_n1kv_ext'
2015-03-09 17:00:09.892 10532 INFO neutron.wsgi [req-114c8638-7330-47e2-b2b2-2abe5f016067 None] 13.0.0.3 - - [09/Mar/2015 17:00:09] "GET /v2.0/networks.json?id=c9288fe0-a599-49f0-abf3-54f59552d443 HTTP/1.1" 200 578 0.012788
2015-03-09 17:00:09.895 10534 INFO neutron.wsgi [-] (10534) accepted ('13.0.0.3', 45408)
2015-03-09 17:00:09.897 10534 INFO urllib3.connectionpool [-] Resetting dropped connection: 13.0.0.25
2015-03-09 17:00:09.946 10534 INFO neutron.wsgi [req-487380db-016e-4e86-9354-391de23353c3 None] 13.0.0.3 - - [09/Mar/2015 17:00:09] "GET /v2.0/floatingips.json?fixed_ip_address=14.3.9.2&port_id=23e611a8-d6dd-4eb4-b1d3-e0e623f21943 HTTP/1.1" 200 208 0.049858
2015-03-09 17:00:09.948 10534 INFO neutron.wsgi [-] (10534) accepted ('13.0.0.3', 45415)
2015-03-09 17:00:09.959 10534 INFO neutron.plugins.ml2.managers [req-837ef320-2fb3-43e5-b672-97e926e19150 None] Extended subnet dict for driver 'cisco_n1kv_ext'
2015-03-09 17:00:09.959 10534 INFO neutron.wsgi [req-837ef320-2fb3-43e5-b672-97e926e19150 None] 13.0.0.3 - - [09/Mar/2015 17:00:09] "GET /v2.0/subnets.json?id=6e3fb255-24f1-49bb-a651-96e05b4cfe12 HTTP/1.1" 200 623 0.010871
2015-03-09 17:00:09.962 10527 INFO neutron.wsgi [-] (10527) accepted ('13.0.0.3', 45416)
2015-03-09 17:00:09.964 10527 INFO urllib3.connectionpool [-] Resetting dropped connection: 13.0.0.25
2015-03-09 17:00:10.033 10527 INFO neutron.plugins.ml2.managers [req-f5ee41e8-e281-4381-b443-d621ff511900 None] Extended port dict for driver 'cisco_n1kv_ext'
2015-03-09 17:00:10.035 10527 INFO neutron.wsgi [req-f5ee41e8-e281-4381-b443-d621ff511900 None] 13.0.0.3 - - [09/Mar/2015 17:00:10] "GET /v2.0/ports.json?network_id=c9288fe0-a599-49f0-abf3-54f59552d443&device_owner=network%3Adhcp HTTP/1.1" 200 983 0.071619
2015-03-09 17:00:34.066 10507 INFO urllib3.connectionpool [-] Starting new HTTP connection (1): 13.0.0.250
2015-03-09 17:00:57.557 10534 INFO neutron.wsgi [-] (10534) accepted ('13.0.0.3', 46209)
2015-03-09 17:00:57.576 10534 INFO neutron.plugins.ml2.managers [req-151db79d-d177-45a6-9b13-eeac1b8f4fb2 None] Extended port dict for driver 'cisco_n1kv_ext'
2015-03-09 17:00:57.577 10534 INFO neutron.wsgi [req-151db79d-d177-45a6-9b13-eeac1b8f4fb2 None] 13.0.0.3 - - [09/Mar/2015 17:00:57] "GET /v2.0/ports.json?tenant_id=6edc90f14268442bb98940f1cef1ea39&device_id=aed7048e-dff4-4f78-a54d-dadf20ae6e20 HTTP/1.1" 200 996 0.019079
2015-03-09 17:00:57.580 10534 INFO neutron.wsgi [-] (10534) accepted ('13.0.0.3', 46210)
2015-03-09 17:00:57.589 10534 INFO neutron.plugins.ml2.managers [req-824c9cae-3353-410f-a260-96ec7cde63b5 None] Extended network dict for driver 'cisco_n1kv_ext'
2015-03-09 17:00:57.591 10534 INFO neutron.wsgi [req-824c9cae-3353-410f-a260-96ec7cde63b5 None] 13.0.0.3 - - [09/Mar/2015 17:00:57] "GET /v2.0/networks.json?id=187ee76f-03fa-401e-b17a-60ec85c2705d HTTP/1.1" 200 577 0.010881
2015-03-09 17:00:57.593 10534 INFO neutron.wsgi [-] (10534) accepted ('13.0.0.3', 46211)
2015-03-09 17:00:57.599 10534 INFO neutron.wsgi [req-5ec993c5-d382-4234-9cb0-e4832e217b76 None] 13.0.0.3 - - [09/Mar/2015 17:00:57] "GET /v2.0/floatingips.json?fixed_ip_address=14.8.5.2&port_id=ec1d7a04-0475-42a6-8456-36ec368454dc HTTP/1.1" 200 208 0.004705
2015-03-09 17:00:57.601 10530 INFO neutron.wsgi [-] (10530) accepted ('13.0.0.3', 46212)
2015-03-09 17:00:57.611 10530 INFO neutron.plugins.ml2.managers [req-93f7b25f-55e5-4dda-804a-13af87161973 None] Extended subnet dict for driver 'cisco_n1kv_ext'
2015-03-09 17:00:57.611 10530 INFO neutron.wsgi [req-93f7b25f-55e5-4dda-804a-13af87161973 None] 13.0.0.3 - - [09/Mar/2015 17:00:57] "GET /v2.0/subnets.json?id=5a03f208-db6b-466b-8214-668904c13446 HTTP/1.1" 200 622 0.009878
2015-03-09 17:00:57.614 10530 INFO neutron.wsgi [-] (10530) accepted ('13.0.0.3', 46213)
2015-03-09 17:00:57.628 10530 INFO neutron.plugins.ml2.managers [req-3edbfeb0-15f9-4a1c-a4b4-4322af8d94f6 None] Extended port dict for driver 'cisco_n1kv_ext'
2015-03-09 17:00:57.629 10530 INFO neutron.wsgi [req-3edbfeb0-15f9-4a1c-a4b4-4322af8d94f6 None] 13.0.0.3 - - [09/Mar/2015 17:00:57] "GET /v2.0/ports.json?network_id=187ee76f-03fa-401e-b17a-60ec85c2705d&device_owner=network%3Adhcp HTTP/1.1" 200 983 0.014521
2015-03-10 03:17:00.109 27059 INFO neutron.wsgi [-] (27059) accepted ('13.0.0.3', 59335)
2015-03-10 03:17:00.173 27059 INFO neutron.plugins.ml2.managers [req-cf7fdcde-c9cf-41f4-b0bd-f13a17b9bd95 None] Extended port dict for driver 'cisco_n1kv_ext'
2015-03-10 03:17:00.175 27059 INFO neutron.plugins.ml2.managers [req-cf7fdcde-c9cf-41f4-b0bd-f13a17b9bd95 None] Extended port dict for driver 'cisco_n1kv_ext'
2015-03-10 03:17:00.177 27059 INFO neutron.plugins.ml2.managers [req-cf7fdcde-c9cf-41f4-b0bd-f13a17b9bd95 None] Extended port dict for driver 'cisco_n1kv_ext'
2015-03-10 03:17:00.179 27059 INFO neutron.plugins.ml2.managers [req-cf7fdcde-c9cf-41f4-b0bd-f13a17b9bd95 None] Extended port dict for driver 'cisco_n1kv_ext'
2015-03-10 03:17:00.181 27059 INFO neutron.plugins.ml2.managers [req-cf7fdcde-c9cf-41f4-b0bd-f13a17b9bd95 None] Extended port dict for driver 'cisco_n1kv_ext'
2015-03-10 03:17:00.183 27059 INFO neutron.plugins.ml2.managers [req-cf7fdcde-c9cf-41f4-b0bd-f13a17b9bd95 None] Extended port dict for driver 'cisco_n1kv_ext'
2015-03-10 03:17:00.184 27059 INFO neutron.plugins.ml2.managers [req-cf7fdcde-c9cf-41f4-b0bd-f13a17b9bd95 None] Extended port dict for driver 'cisco_n1kv_ext'
2015-03-10 03:17:00.186 27059 INFO neutron.wsgi [req-cf7fdcde-c9cf-41f4-b0bd-f13a17b9bd95 None] 13.0.0.3 - - [10/Mar/2015 03:17:00] "GET /v2.0/ports.json HTTP/1.1" 200 4333 0.076005
2015-03-10 03:17:00.658 27055 INFO neutron.wsgi [-] (27055) accepted ('13.0.0.3', 59340)
2015-03-10 03:17:00.660 27055 INFO urllib3.connectionpool [-] Resetting dropped connection: 13.0.0.25
2015-03-10 03:17:00.790 27055 INFO neutron.plugins.ml2.managers [req-4a9e7ba8-4f90-46fc-bfdf-cd351abc65ce None] Extended port dict for driver 'cisco_n1kv_ext'
2015-03-10 03:17:00.791 27055 INFO neutron.wsgi [req-4a9e7ba8-4f90-46fc-bfdf-cd351abc65ce None] 13.0.0.3 - - [10/Mar/2015 03:17:00] "GET /v2.0/ports.json?fields=id&id=3c578574-0986-48f2-a798-dd0e1f7f3b2f HTTP/1.1" 200 248 0.132838
2015-03-10 03:17:00.809 27055 INFO neutron.plugins.ml2.managers [req-4acd713e-cd23-4d6e-a3fb-527c186a7356 None] Extended port dict for driver 'cisco_n1kv_ext'
2015-03-10 03:17:00.811 27055 INFO neutron.wsgi [req-4acd713e-cd23-4d6e-a3fb-527c186a7356 None] 13.0.0.3 - - [10/Mar/2015 03:17:00] "GET /v2.0/ports/3c578574-0986-48f2-a798-dd0e1f7f3b2f.json HTTP/1.1" 200 773 0.016533
2015-03-10 17:00:20.934 3039 INFO neutron.wsgi [-] (3039) accepted ('13.0.0.3', 37812)
2015-03-10 17:00:20.953 3039 INFO neutron.plugins.ml2.managers [req-30571624-1883-4209-bd0f-414776d38930 None] Extended port dict for driver 'cisco_n1kv_ext'
2015-03-10 17:00:20.955 3039 INFO neutron.wsgi [req-30571624-1883-4209-bd0f-414776d38930 None] 13.0.0.3 - - [10/Mar/2015 17:00:20] "GET /v2.0/ports.json?tenant_id=24afe42601c347968d6810ee38b6ee21&device_id=1fff8b83-edde-4beb-a0bd-fe3e0caa6a1f HTTP/1.1" 200 996 0.020349
2015-03-10 17:00:20.958 3039 INFO neutron.wsgi [-] (3039) accepted ('13.0.0.3', 37813)
2015-03-10 17:00:20.969 3039 INFO neutron.plugins.ml2.managers [req-038b2fd6-e435-4459-8095-a4afcd08eb2a None] Extended network dict for driver 'cisco_n1kv_ext'
2015-03-10 17:00:20.973 3039 INFO neutron.wsgi [req-038b2fd6-e435-4459-8095-a4afcd08eb2a None] 13.0.0.3 - - [10/Mar/2015 17:00:20] "GET /v2.0/networks.json?id=2fee40eb-14f7-4a16-9e38-ac543bbe7167 HTTP/1.1" 200 577 0.014594
2015-03-10 17:00:20.975 3039 INFO neutron.wsgi [-] (3039) accepted ('13.0.0.3', 37814)
2015-03-10 17:00:20.981 3039 INFO neutron.wsgi [req-090948b1-7c9c-453c-b56a-3bbce1cbfd66 None] 13.0.0.3 - - [10/Mar/2015 17:00:20] "GET /v2.0/floatingips.json?fixed_ip_address=14.5.1.2&port_id=1d5ae930-42f0-414b-b172-e6bcce5f3fa4 HTTP/1.1" 200 208 0.004841
2015-03-10 17:00:20.983 3039 INFO neutron.wsgi [-] (3039) accepted ('13.0.0.3', 37815)
2015-03-10 17:00:20.994 3039 INFO neutron.plugins.ml2.managers [req-7808f677-5677-4e1a-8796-53d73a0cf4c0 None] Extended subnet dict for driver 'cisco_n1kv_ext'
2015-03-10 17:00:20.995 3039 INFO neutron.wsgi [req-7808f677-5677-4e1a-8796-53d73a0cf4c0 None] 13.0.0.3 - - [10/Mar/2015 17:00:20] "GET /v2.0/subnets.json?id=6a1a6ed1-98f6-4866-9ef3-b6d38e1d358d HTTP/1.1" 200 623 0.011296
2015-03-10 17:00:20.997 3039 INFO neutron.wsgi [-] (3039) accepted ('13.0.0.3', 37816)
2015-03-10 17:00:21.015 3039 INFO neutron.wsgi [req-cab3e58f-008c-46ee-8eea-1cfb68a9e2c0 None] 13.0.0.3 - - [10/Mar/2015 17:00:21] "GET /v2.0/ports.json?network_id=2fee40eb-14f7-4a16-9e38-ac543bbe7167&device_owner=network%3Adhcp HTTP/1.1" 200 202 0.017035
2015-03-10 17:00:21.130 2859 INFO urllib3.connectionpool [-] Starting new HTTP connection (1): 13.0.0.250
2015-03-10 17:00:24.064 3025 INFO neutron.wsgi [-] (3025) accepted ('13.0.0.3', 37870)
2015-03-10 17:00:24.067 3025 INFO urllib3.connectionpool [-] Resetting dropped connection: 13.0.0.25
2015-03-10 17:00:24.134 3025 INFO neutron.plugins.ml2.managers [req-0068afa6-0a16-4b30-af52-14381a4021de None] Extended port dict for driver 'cisco_n1kv_ext'
2015-03-10 17:00:24.137 3025 INFO neutron.plugins.ml2.managers [req-0068afa6-0a16-4b30-af52-14381a4021de None] Extended port dict for driver 'cisco_n1kv_ext'
2015-03-10 17:00:24.139 3025 INFO neutron.plugins.ml2.managers [req-0068afa6-0a16-4b30-af52-14381a4021de None] Extended port dict for driver 'cisco_n1kv_ext'
2015-03-10 17:00:24.141 3025 INFO neutron.plugins.ml2.managers [req-0068afa6-0a16-4b30-af52-14381a4021de None] Extended port dict for driver 'cisco_n1kv_ext'
2015-03-10 17:00:24.143 3025 INFO neutron.plugins.ml2.managers [req-0068afa6-0a16-4b30-af52-14381a4021de None] Extended port dict for driver 'cisco_n1kv_ext'
2015-03-10 17:00:24.144 3025 INFO neutron.plugins.ml2.managers [req-0068afa6-0a16-4b30-af52-14381a4021de None] Extended port dict for driver 'cisco_n1kv_ext'
2015-03-10 17:00:24.146 3025 INFO neutron.plugins.ml2.managers [req-0068afa6-0a16-4b30-af52-14381a4021de None] Extended port dict for driver 'cisco_n1kv_ext'
2015-03-10 17:00:24.151 3025 INFO neutron.plugins.ml2.managers [req-0068afa6-0a16-4b30-af52-14381a4021de None] Extended port dict for driver 'cisco_n1kv_ext'
2015-03-10 17:00:24.153 3025 INFO neutron.plugins.ml2.managers [req-0068afa6-0a16-4b30-af52-14381a4021de None] Extended port dict for driver 'cisco_n1kv_ext'
2015-03-10 17:00:24.155 3025 INFO neutron.plugins.ml2.managers [req-0068afa6-0a16-4b30-af52-14381a4021de None] Extended port dict for driver 'cisco_n1kv_ext'
2015-03-10 17:00:24.157 3025 INFO neutron.plugins.ml2.managers [req-0068afa6-0a16-4b30-af52-14381a4021de None] Extended port dict for driver 'cisco_n1kv_ext'
2015-03-10 17:00:24.158 3025 INFO neutron.plugins.ml2.managers [req-0068afa6-0a16-4b30-af52-14381a4021de None] Extended port dict for driver 'cisco_n1kv_ext'
2015-03-10 17:00:24.160 3025 INFO neutron.plugins.ml2.managers [req-0068afa6-0a16-4b30-af52-14381a4021de None] Extended port dict for driver 'cisco_n1kv_ext'
2015-03-10 17:00:24.162 3025 INFO neutron.plugins.ml2.managers [req-0068afa6-0a16-4b30-af52-14381a4021de None] Extended port dict for driver 'cisco_n1kv_ext'
2015-03-10 17:00:24.163 3025 INFO neutron.plugins.ml2.managers [req-0068afa6-0a16-4b30-af52-14381a4021de None] Extended port dict for driver 'cisco_n1kv_ext'
2015-03-10 17:00:24.165 3025 INFO neutron.plugins.ml2.managers [req-0068afa6-0a16-4b30-af52-14381a4021de None] Extended port dict for driver 'cisco_n1kv_ext'
2015-03-10 17:00:24.167 3025 INFO neutron.plugins.ml2.managers [req-0068afa6-0a16-4b30-af52-14381a4021de None] Extended port dict for driver 'cisco_n1kv_ext'
2015-03-10 17:00:24.169 3025 INFO neutron.plugins.ml2.managers [req-0068afa6-0a16-4b30-af52-14381a4021de None] Extended port dict for driver 'cisco_n1kv_ext'
2015-03-10 17:00:24.170 3025 INFO neutron.plugins.ml2.managers [req-0068afa6-0a16-4b30-af52-14381a4021de None] Extended port dict for driver 'cisco_n1kv_ext'
2015-03-10 17:00:24.172 3025 INFO neutron.plugins.ml2.managers [req-0068afa6-0a16-4b30-af52-14381a4021de None] Extended port dict for driver 'cisco_n1kv_ext'
2015-03-10 17:00:24.178 3025 INFO neutron.wsgi [req-0068afa6-0a16-4b30-af52-14381a4021de None] 13.0.0.3 - - [10/Mar/2015 17:00:24] "GET /v2.0/ports.json HTTP/1.1" 200 15022 0.112600
2015-03-10 17:00:35.622 3036 INFO neutron.wsgi [-] (3036) accepted ('13.0.0.3', 38293)
2015-03-10 17:00:35.625 3036 INFO urllib3.connectionpool [-] Resetting dropped connection: 13.0.0.25
2015-03-10 17:00:35.659 3036 INFO neutron.wsgi [-] (3036) accepted ('13.0.0.3', 38297)
2015-03-10 17:00:35.708 3036 INFO neutron.plugins.ml2.managers [req-a92117e1-cd4e-4059-80bf-dcc04055fc14 None] Extended port dict for driver 'cisco_n1kv_ext'
2015-03-10 17:00:35.716 3030 INFO neutron.wsgi [-] (3030) accepted ('13.0.0.3', 38305)
2015-03-10 17:00:35.719 3030 INFO urllib3.connectionpool [-] Resetting dropped connection: 13.0.0.25
2015-03-10 17:00:35.723 3036 INFO neutron.plugins.ml2.managers [req-a92117e1-cd4e-4059-80bf-dcc04055fc14 None] Extended port dict for driver 'cisco_n1kv_ext'
2015-03-10 17:00:35.725 3030 INFO neutron.wsgi [-] (3030) accepted ('13.0.0.3', 38309)
2015-03-10 17:00:35.726 3036 INFO neutron.wsgi [req-a92117e1-cd4e-4059-80bf-dcc04055fc14 None] 13.0.0.3 - - [10/Mar/2015 17:00:35] "GET /v2.0/ports.json HTTP/1.1" 200 1452 0.103125
2015-03-10 17:00:35.728 3030 INFO urllib3.connectionpool [-] Starting new HTTP connection (2): 13.0.0.25
2015-03-10 17:00:35.763 3036 INFO neutron.plugins.ml2.managers [req-48f14f1c-bfe7-4f33-ab95-dafc8297dd15 None] Extended port dict for driver 'cisco_n1kv_ext'
2015-03-10 17:00:35.766 3036 INFO neutron.plugins.ml2.managers [req-48f14f1c-bfe7-4f33-ab95-dafc8297dd15 None] Extended port dict for driver 'cisco_n1kv_ext'
2015-03-10 17:00:35.770 3036 INFO neutron.wsgi [req-48f14f1c-bfe7-4f33-ab95-dafc8297dd15 None] 13.0.0.3 - - [10/Mar/2015 17:00:35] "GET /v2.0/ports.json HTTP/1.1" 200 1450 0.109933
2015-03-10 17:00:35.806 3030 INFO neutron.plugins.ml2.managers [req-57dcfb1e-5c45-4fad-8cdd-d470bc7d1d54 None] Extended port dict for driver 'cisco_n1kv_ext'
2015-03-10 17:00:35.807 3037 INFO neutron.wsgi [-] (3037) accepted ('13.0.0.3', 38315)
2015-03-10 17:00:35.810 3037 INFO urllib3.connectionpool [-] Resetting dropped connection: 13.0.0.25
2015-03-10 17:00:35.810 3030 INFO neutron.plugins.ml2.managers [req-57dcfb1e-5c45-4fad-8cdd-d470bc7d1d54 None] Extended port dict for driver 'cisco_n1kv_ext'
2015-03-10 17:00:35.811 3038 INFO neutron.wsgi [-] (3038) accepted ('13.0.0.3', 38318)
2015-03-10 17:00:35.814 3030 INFO neutron.wsgi [req-57dcfb1e-5c45-4fad-8cdd-d470bc7d1d54 None] 13.0.0.3 - - [10/Mar/2015 17:00:35] "GET /v2.0/ports.json HTTP/1.1" 200 1350 0.097056
2015-03-10 17:00:35.814 3038 INFO urllib3.connectionpool [-] Resetting dropped connection: 13.0.0.25
2015-03-10 17:00:35.843 3030 INFO neutron.plugins.ml2.managers [req-9ebbbc50-45cf-46fc-b313-1103d360a79b None] Extended port dict for driver 'cisco_n1kv_ext'
2015-03-10 17:00:35.845 3030 INFO neutron.wsgi [req-9ebbbc50-45cf-46fc-b313-1103d360a79b None] 13.0.0.3 - - [10/Mar/2015 17:00:35] "GET /v2.0/ports.json HTTP/1.1" 200 825 0.119963
2015-03-10 17:00:35.850 3032 INFO neutron.wsgi [-] (3032) accepted ('13.0.0.3', 38323)
2015-03-10 17:00:35.853 3032 INFO urllib3.connectionpool [-] Resetting dropped connection: 13.0.0.25
2015-03-10 17:00:35.885 3035 INFO neutron.wsgi [-] (3035) accepted ('13.0.0.3', 38327)
2015-03-10 17:00:35.888 3035 INFO urllib3.connectionpool [-] Resetting dropped connection: 13.0.0.25
2015-03-10 17:00:35.889 3037 INFO neutron.wsgi [req-9e42c4dc-8226-481c-bc69-42750b1ad3ad None] 13.0.0.3 - - [10/Mar/2015 17:00:35] "GET /v2.0/ports.json HTTP/1.1" 200 202 0.080936
2015-03-10 17:00:35.898 3038 INFO neutron.plugins.ml2.managers [req-716b72d0-d809-42ec-abfb-e1f9e6c93c35 None] Extended port dict for driver 'cisco_n1kv_ext'
2015-03-10 17:00:35.901 3038 INFO neutron.plugins.ml2.managers [req-716b72d0-d809-42ec-abfb-e1f9e6c93c35 None] Extended port dict for driver 'cisco_n1kv_ext'
2015-03-10 17:00:35.904 3038 INFO neutron.wsgi [req-716b72d0-d809-42ec-abfb-e1f9e6c93c35 None] 13.0.0.3 - - [10/Mar/2015 17:00:35] "GET /v2.0/ports.json HTTP/1.1" 200 1402 0.091997
2015-03-10 17:00:35.935 3032 INFO neutron.plugins.ml2.managers [req-2842c7df-0346-4423-80d8-64e7a3a237f4 None] Extended port dict for driver 'cisco_n1kv_ext'
2015-03-10 17:00:35.938 3032 INFO neutron.plugins.ml2.managers [req-2842c7df-0346-4423-80d8-64e7a3a237f4 None] Extended port dict for driver 'cisco_n1kv_ext'
2015-03-10 17:00:35.941 3032 INFO neutron.wsgi [req-2842c7df-0346-4423-80d8-64e7a3a237f4 None] 13.0.0.3 - - [10/Mar/2015 17:00:35] "GET /v2.0/ports.json HTTP/1.1" 200 1400 0.090115
2015-03-10 17:00:35.961 3035 INFO neutron.plugins.ml2.managers [req-a7ef06e2-0b0b-4446-8dbd-35dd9149cd43 None] Extended port dict for driver 'cisco_n1kv_ext'
2015-03-10 17:00:35.965 3035 INFO neutron.plugins.ml2.managers [req-a7ef06e2-0b0b-4446-8dbd-35dd9149cd43 None] Extended port dict for driver 'cisco_n1kv_ext'
2015-03-10 17:00:35.967 3035 INFO neutron.wsgi [req-a7ef06e2-0b0b-4446-8dbd-35dd9149cd43 None] 13.0.0.3 - - [10/Mar/2015 17:00:35] "GET /v2.0/ports.json HTTP/1.1" 200 1350 0.081237
2015-03-10 17:00:35.970 3035 INFO neutron.wsgi [-] (3035) accepted ('13.0.0.3', 38331)
2015-03-10 17:00:35.979 3026 INFO neutron.wsgi [-] (3026) accepted ('13.0.0.3', 38333)
2015-03-10 17:00:35.983 3026 INFO urllib3.connectionpool [-] Resetting dropped connection: 13.0.0.25
2015-03-10 17:00:36.003 3035 INFO neutron.plugins.ml2.managers [req-e47f700b-e506-4499-8250-4e7eeecb906a None] Extended port dict for driver 'cisco_n1kv_ext'
2015-03-10 17:00:36.006 3035 INFO neutron.plugins.ml2.managers [req-e47f700b-e506-4499-8250-4e7eeecb906a None] Extended port dict for driver 'cisco_n1kv_ext'
2015-03-10 17:00:36.010 3035 INFO neutron.wsgi [req-e47f700b-e506-4499-8250-4e7eeecb906a None] 13.0.0.3 - - [10/Mar/2015 17:00:36] "GET /v2.0/ports.json HTTP/1.1" 200 1400 0.038909
2015-03-10 17:00:36.068 3026 INFO neutron.plugins.ml2.managers [req-62ae36e3-c5eb-40a8-8ca0-46b44d6dd2d0 None] Extended port dict for driver 'cisco_n1kv_ext'
2015-03-10 17:00:36.071 3026 INFO neutron.plugins.ml2.managers [req-62ae36e3-c5eb-40a8-8ca0-46b44d6dd2d0 None] Extended port dict for driver 'cisco_n1kv_ext'
2015-03-10 17:00:36.073 3026 INFO neutron.plugins.ml2.managers [req-62ae36e3-c5eb-40a8-8ca0-46b44d6dd2d0 None] Extended port dict for driver 'cisco_n1kv_ext'
2015-03-10 17:00:36.076 3026 INFO neutron.plugins.ml2.managers [req-62ae36e3-c5eb-40a8-8ca0-46b44d6dd2d0 None] Extended port dict for driver 'cisco_n1kv_ext'
2015-03-10 17:00:36.080 3026 INFO neutron.wsgi [req-62ae36e3-c5eb-40a8-8ca0-46b44d6dd2d0 None] 13.0.0.3 - - [10/Mar/2015 17:00:36] "GET /v2.0/ports.json HTTP/1.1" 200 2644 0.100016
2015-03-10 17:00:36.333 3026 INFO neutron.wsgi [-] (3026) accepted ('13.0.0.3', 38345)
2015-03-10 17:00:36.367 3026 INFO neutron.plugins.ml2.managers [req-535b6e17-8299-4867-8aad-8f361d748841 None] Extended port dict for driver 'cisco_n1kv_ext'
2015-03-10 17:00:36.368 3026 INFO neutron.wsgi [req-535b6e17-8299-4867-8aad-8f361d748841 None] 13.0.0.3 - - [10/Mar/2015 17:00:36] "GET /v2.0/ports.json?fields=id&id=2e4cc0ff-e2f8-46ae-9918-a90d413b274a HTTP/1.1" 200 248 0.035094
2015-03-10 17:00:36.390 3026 INFO neutron.plugins.ml2.managers [req-01c948d9-9b81-47e4-99d2-722a7f8ee423 None] Extended port dict for driver 'cisco_n1kv_ext'
2015-03-10 17:00:36.393 3026 INFO neutron.wsgi [req-01c948d9-9b81-47e4-99d2-722a7f8ee423 None] 13.0.0.3 - - [10/Mar/2015 17:00:36] "GET /v2.0/ports/2e4cc0ff-e2f8-46ae-9918-a90d413b274a.json HTTP/1.1" 200 823 0.022051
2015-03-10 17:00:36.463 3031 INFO neutron.wsgi [-] (3031) accepted ('13.0.0.3', 38372)
2015-03-10 17:00:36.466 3031 INFO urllib3.connectionpool [-] Resetting dropped connection: 13.0.0.25
2015-03-10 17:00:36.470 3031 INFO neutron.wsgi [-] (3031) accepted ('13.0.0.3', 38376)
2015-03-10 17:00:36.472 3035 INFO neutron.wsgi [-] (3035) accepted ('13.0.0.3', 38378)
2015-03-10 17:00:36.472 3031 INFO urllib3.connectionpool [-] Resetting dropped connection: 13.0.0.25
2015-03-10 17:00:36.508 3035 INFO neutron.plugins.ml2.managers [req-1a481cb9-19bc-42e1-8a98-2114e110fc6e None] Extended port dict for driver 'cisco_n1kv_ext'
2015-03-10 17:00:36.510 3035 INFO neutron.wsgi [req-1a481cb9-19bc-42e1-8a98-2114e110fc6e None] 13.0.0.3 - - [10/Mar/2015 17:00:36] "GET /v2.0/ports.json?fields=id&id=b8d9a677-2e8f-482f-a240-bdff65977e04 HTTP/1.1" 200 248 0.037511
2015-03-10 17:00:36.514 3032 INFO neutron.wsgi [-] (3032) accepted ('13.0.0.3', 38383)
2015-03-10 17:00:36.526 3032 INFO neutron.wsgi [-] (3032) accepted ('13.0.0.3', 38385)
2015-03-10 17:00:36.544 3035 INFO neutron.plugins.ml2.managers [req-316ca93f-6e6b-4c3e-b019-136af091876e None] Extended port dict for driver 'cisco_n1kv_ext'
2015-03-10 17:00:36.546 3035 INFO neutron.wsgi [req-316ca93f-6e6b-4c3e-b019-136af091876e None] 13.0.0.3 - - [10/Mar/2015 17:00:36] "GET /v2.0/ports/b8d9a677-2e8f-482f-a240-bdff65977e04.json HTTP/1.1" 200 822 0.032283
2015-03-10 17:00:36.547 3031 INFO neutron.plugins.ml2.managers [req-4cbe1a13-c914-49e5-ae75-80a28bf2105e None] Extended port dict for driver 'cisco_n1kv_ext'
2015-03-10 17:00:36.549 3031 INFO neutron.wsgi [req-4cbe1a13-c914-49e5-ae75-80a28bf2105e None] 13.0.0.3 - - [10/Mar/2015 17:00:36] "GET /v2.0/ports.json?fields=id&id=aac1c8e8-518d-4cf0-8aa0-d7d1db37f930 HTTP/1.1" 200 248 0.085302
2015-03-10 17:00:36.558 3032 INFO neutron.plugins.ml2.managers [req-441dddc8-e8e1-4f95-b564-25f73dc2792c None] Extended port dict for driver 'cisco_n1kv_ext'
2015-03-10 17:00:36.560 3032 INFO neutron.wsgi [req-441dddc8-e8e1-4f95-b564-25f73dc2792c None] 13.0.0.3 - - [10/Mar/2015 17:00:36] "GET /v2.0/ports.json?fields=id&id=096a1be6-1bae-4fb0-8718-9dee5f8025bd HTTP/1.1" 200 248 0.044484
2015-03-10 17:00:36.568 3031 INFO neutron.plugins.ml2.managers [req-8d26776a-2d74-4268-bc4b-fc3dd8c47c7a None] Extended port dict for driver 'cisco_n1kv_ext'
2015-03-10 17:00:36.580 3032 INFO neutron.plugins.ml2.managers [req-8819f782-3fe3-45a3-9d2e-eb1ebe66336b None] Extended port dict for driver 'cisco_n1kv_ext'
2015-03-10 17:00:36.585 3028 INFO neutron.wsgi [-] (3028) accepted ('13.0.0.3', 38387)
2015-03-10 17:00:36.586 3031 INFO neutron.wsgi [req-8d26776a-2d74-4268-bc4b-fc3dd8c47c7a None] 13.0.0.3 - - [10/Mar/2015 17:00:36] "GET /v2.0/ports.json?fields=id&id=377bf9c3-c553-4b51-b24e-6d90c5ca89bb HTTP/1.1" 200 248 0.115199
2015-03-10 17:00:36.587 3028 INFO urllib3.connectionpool [-] Resetting dropped connection: 13.0.0.25
2015-03-10 17:00:36.589 3031 INFO neutron.plugins.ml2.managers [req-158df83d-af3b-4b77-9f72-803831809f01 None] Extended port dict for driver 'cisco_n1kv_ext'
2015-03-10 17:00:36.596 3032 INFO neutron.wsgi [req-8819f782-3fe3-45a3-9d2e-eb1ebe66336b None] 13.0.0.3 - - [10/Mar/2015 17:00:36] "GET /v2.0/ports.json?fields=id&id=1d5ae930-42f0-414b-b172-e6bcce5f3fa4 HTTP/1.1" 200 248 0.054422
2015-03-10 17:00:36.600 3032 INFO neutron.plugins.ml2.managers [req-23615815-534a-4b30-9f2a-44b61adba422 None] Extended port dict for driver 'cisco_n1kv_ext'
2015-03-10 17:00:36.605 3031 INFO neutron.wsgi [req-158df83d-af3b-4b77-9f72-803831809f01 None] 13.0.0.3 - - [10/Mar/2015 17:00:36] "GET /v2.0/ports/aac1c8e8-518d-4cf0-8aa0-d7d1db37f930.json HTTP/1.1" 200 772 0.036575
2015-03-10 17:00:36.609 3031 INFO neutron.plugins.ml2.managers [req-d3b3ceef-3e00-472d-8966-ea96d5508dcc None] Extended port dict for driver 'cisco_n1kv_ext'
2015-03-10 17:00:36.612 3031 INFO neutron.wsgi [req-d3b3ceef-3e00-472d-8966-ea96d5508dcc None] 13.0.0.3 - - [10/Mar/2015 17:00:36] "GET /v2.0/ports/377bf9c3-c553-4b51-b24e-6d90c5ca89bb.json HTTP/1.1" 200 822 0.021368
2015-03-10 17:00:36.619 3032 INFO neutron.wsgi [req-23615815-534a-4b30-9f2a-44b61adba422 None] 13.0.0.3 - - [10/Mar/2015 17:00:36] "GET /v2.0/ports/096a1be6-1bae-4fb0-8718-9dee5f8025bd.json HTTP/1.1" 200 823 0.037297
2015-03-10 17:00:36.623 3032 INFO neutron.plugins.ml2.managers [req-01db5272-4b65-4d72-b46f-fc3eeb453453 None] Extended port dict for driver 'cisco_n1kv_ext'
2015-03-10 17:00:36.626 3032 INFO neutron.wsgi [req-01db5272-4b65-4d72-b46f-fc3eeb453453 None] 13.0.0.3 - - [10/Mar/2015 17:00:36] "GET /v2.0/ports/1d5ae930-42f0-414b-b172-e6bcce5f3fa4.json HTTP/1.1" 200 822 0.024793
2015-03-10 17:00:36.665 3028 INFO neutron.plugins.ml2.managers [req-1d2cd95d-9b31-4b58-9d7d-633093b630d2 None] Extended port dict for driver 'cisco_n1kv_ext'
2015-03-10 17:00:36.667 3028 INFO neutron.wsgi [req-1d2cd95d-9b31-4b58-9d7d-633093b630d2 None] 13.0.0.3 - - [10/Mar/2015 17:00:36] "GET /v2.0/ports.json?fields=id&id=940f5bf2-4bd5-410d-9382-061e1543d98f HTTP/1.1" 200 248 0.081423
2015-03-10 17:00:36.672 3032 INFO neutron.wsgi [-] (3032) accepted ('13.0.0.3', 38391)
2015-03-10 17:00:36.679 3033 INFO neutron.wsgi [-] (3033) accepted ('13.0.0.3', 38393)
2015-03-10 17:00:36.682 3033 INFO urllib3.connectionpool [-] Resetting dropped connection: 13.0.0.25
2015-03-10 17:00:36.693 3028 INFO neutron.plugins.ml2.managers [req-25b047ec-240b-4758-bc67-dce156d6d0b6 None] Extended port dict for driver 'cisco_n1kv_ext'
2015-03-10 17:00:36.696 3028 INFO neutron.wsgi [req-25b047ec-240b-4758-bc67-dce156d6d0b6 None] 13.0.0.3 - - [10/Mar/2015 17:00:36] "GET /v2.0/ports/940f5bf2-4bd5-410d-9382-061e1543d98f.json HTTP/1.1" 200 822 0.026562
2015-03-10 17:00:36.718 3032 INFO neutron.plugins.ml2.managers [req-ab272cbe-d989-4754-99be-92fbd3dd4dd6 None] Extended port dict for driver 'cisco_n1kv_ext'
2015-03-10 17:00:36.721 3032 INFO neutron.wsgi [req-ab272cbe-d989-4754-99be-92fbd3dd4dd6 None] 13.0.0.3 - - [10/Mar/2015 17:00:36] "GET /v2.0/ports.json?fields=id&id=cab0476e-68a6-4381-857d-eb8ad4109901 HTTP/1.1" 200 248 0.047709
2015-03-10 17:00:36.757 3033 INFO neutron.plugins.ml2.managers [req-690cadd8-db88-4873-af87-aba135d26736 None] Extended port dict for driver 'cisco_n1kv_ext'
2015-03-10 17:00:36.757 3032 INFO neutron.plugins.ml2.managers [req-4de7f756-5157-45c8-bc70-675336b8055c None] Extended port dict for driver 'cisco_n1kv_ext'
2015-03-10 17:00:36.759 3033 INFO neutron.wsgi [req-690cadd8-db88-4873-af87-aba135d26736 None] 13.0.0.3 - - [10/Mar/2015 17:00:36] "GET /v2.0/ports.json?fields=id&id=6184834b-d1d0-43f3-9155-ac4c4d72f798 HTTP/1.1" 200 248 0.079334
2015-03-10 17:00:36.761 3032 INFO neutron.wsgi [req-4de7f756-5157-45c8-bc70-675336b8055c None] 13.0.0.3 - - [10/Mar/2015 17:00:36] "GET /v2.0/ports/cab0476e-68a6-4381-857d-eb8ad4109901.json HTTP/1.1" 200 772 0.035695
2015-03-10 17:00:36.798 3033 INFO neutron.plugins.ml2.managers [req-6a9095fa-783b-4618-b8bf-ea3be91c985b None] Extended port dict for driver 'cisco_n1kv_ext'
2015-03-10 17:00:36.801 3033 INFO neutron.wsgi [req-6a9095fa-783b-4618-b8bf-ea3be91c985b None] 13.0.0.3 - - [10/Mar/2015 17:00:36] "GET /v2.0/ports/6184834b-d1d0-43f3-9155-ac4c4d72f798.json HTTP/1.1" 200 822 0.037625
2015-03-10 17:00:37.369 3036 INFO neutron.wsgi [-] (3036) accepted ('13.0.0.3', 38477)
2015-03-10 17:00:37.415 3036 INFO neutron.plugins.ml2.managers [req-d59b0d56-6df7-4dfa-b0a2-83a9848c7b82 None] Extended port dict for driver 'cisco_n1kv_ext'
2015-03-10 17:00:37.419 3036 INFO neutron.wsgi [req-d59b0d56-6df7-4dfa-b0a2-83a9848c7b82 None] 13.0.0.3 - - [10/Mar/2015 17:00:37] "GET /v2.0/ports/2e4cc0ff-e2f8-46ae-9918-a90d413b274a.json HTTP/1.1" 200 823 0.048534
2015-03-10 17:00:37.547 3036 INFO neutron.wsgi [-] (3036) accepted ('13.0.0.3', 38567)
2015-03-10 17:00:37.590 3036 INFO neutron.plugins.ml2.managers [req-c57886d1-5532-4bbe-af70-1a2238b98c1d None] Extended port dict for driver 'cisco_n1kv_ext'
2015-03-10 17:00:37.592 3036 INFO neutron.wsgi [req-c57886d1-5532-4bbe-af70-1a2238b98c1d None] 13.0.0.3 - - [10/Mar/2015 17:00:37] "GET /v2.0/ports/b8d9a677-2e8f-482f-a240-bdff65977e04.json HTTP/1.1" 200 822 0.044287
2015-03-10 17:00:37.605 3036 INFO neutron.wsgi [-] (3036) accepted ('13.0.0.3', 38583)
2015-03-10 17:00:37.648 3036 INFO neutron.plugins.ml2.managers [req-2e6be0b4-d907-44fb-81a2-9358267b0e65 None] Extended port dict for driver 'cisco_n1kv_ext'
2015-03-10 17:00:37.651 3036 INFO neutron.wsgi [req-2e6be0b4-d907-44fb-81a2-9358267b0e65 None] 13.0.0.3 - - [10/Mar/2015 17:00:37] "GET /v2.0/ports/aac1c8e8-518d-4cf0-8aa0-d7d1db37f930.json HTTP/1.1" 200 772 0.045180
2015-03-10 17:00:37.655 3030 INFO neutron.wsgi [-] (3030) accepted ('13.0.0.3', 38599)
2015-03-10 17:00:37.670 3030 INFO neutron.wsgi [-] (3030) accepted ('13.0.0.3', 38601)
2015-03-10 17:00:37.674 3029 INFO neutron.wsgi [-] (3029) accepted ('13.0.0.3', 38603)
2015-03-10 17:00:37.678 3029 INFO urllib3.connectionpool [-] Resetting dropped connection: 13.0.0.25
2015-03-10 17:00:37.702 3030 INFO neutron.plugins.ml2.managers [req-9a8737cd-2841-41e1-b4fb-4d9863e63800 None] Extended port dict for driver 'cisco_n1kv_ext'
2015-03-10 17:00:37.703 3030 INFO neutron.wsgi [req-9a8737cd-2841-41e1-b4fb-4d9863e63800 None] 13.0.0.3 - - [10/Mar/2015 17:00:37] "GET /v2.0/ports/aac1c8e8-518d-4cf0-8aa0-d7d1db37f930.json?fields=binding%3Avnic_type&fields=network_id HTTP/1.1" 200 284 0.047149
2015-03-10 17:00:37.703 3040 INFO neutron.wsgi [-] (3040) accepted ('13.0.0.3', 38609)
2015-03-10 17:00:37.709 3040 INFO urllib3.connectionpool [-] Resetting dropped connection: 13.0.0.25
2015-03-10 17:00:37.724 3030 INFO neutron.plugins.ml2.managers [req-f1fc7844-7671-4368-9e7b-8f5d650b54a9 None] Extended port dict for driver 'cisco_n1kv_ext'
2015-03-10 17:00:37.726 3039 INFO neutron.wsgi [-] (3039) accepted ('13.0.0.3', 38615)
2015-03-10 17:00:37.726 3030 INFO neutron.wsgi [req-f1fc7844-7671-4368-9e7b-8f5d650b54a9 None] 13.0.0.3 - - [10/Mar/2015 17:00:37] "GET /v2.0/ports/1d5ae930-42f0-414b-b172-e6bcce5f3fa4.json HTTP/1.1" 200 822 0.055559
2015-03-10 17:00:37.728 3039 INFO urllib3.connectionpool [-] Resetting dropped connection: 13.0.0.25
2015-03-10 17:00:37.748 3040 INFO neutron.wsgi [-] (3040) accepted ('13.0.0.3', 38619)
2015-03-10 17:00:37.751 3040 INFO urllib3.connectionpool [-] Resetting dropped connection: 13.0.0.25
2015-03-10 17:00:37.755 3040 INFO neutron.wsgi [-] (3040) accepted ('13.0.0.3', 38623)
2015-03-10 17:00:37.757 3040 INFO urllib3.connectionpool [-] Resetting dropped connection: 13.0.0.25
2015-03-10 17:00:37.757 3029 INFO neutron.plugins.ml2.managers [req-0ae28381-b83c-41e1-88ba-f7ad08c9327e None] Extended port dict for driver 'cisco_n1kv_ext'
2015-03-10 17:00:37.760 3029 INFO neutron.wsgi [req-0ae28381-b83c-41e1-88ba-f7ad08c9327e None] 13.0.0.3 - - [10/Mar/2015 17:00:37] "GET /v2.0/ports/096a1be6-1bae-4fb0-8718-9dee5f8025bd.json HTTP/1.1" 200 823 0.084313
2015-03-10 17:00:37.824 3040 INFO neutron.plugins.ml2.managers [req-a5438e74-4cc4-486e-bc4d-65bf8572dfd2 None] Extended port dict for driver 'cisco_n1kv_ext'
2015-03-10 17:00:37.826 3040 INFO neutron.wsgi [req-a5438e74-4cc4-486e-bc4d-65bf8572dfd2 None] 13.0.0.3 - - [10/Mar/2015 17:00:37] "GET /v2.0/ports/940f5bf2-4bd5-410d-9382-061e1543d98f.json HTTP/1.1" 200 822 0.119778
2015-03-10 17:00:37.999 3039 INFO neutron.plugins.ml2.managers [req-0952be57-e8d9-4b20-81d9-416bf254cc03 None] Extended port dict for driver 'cisco_n1kv_ext'
2015-03-10 17:00:38.001 3039 INFO neutron.wsgi [req-0952be57-e8d9-4b20-81d9-416bf254cc03 None] 13.0.0.3 - - [10/Mar/2015 17:00:38] "GET /v2.0/ports/cab0476e-68a6-4381-857d-eb8ad4109901.json HTTP/1.1" 200 772 0.274454
2015-03-10 17:00:38.004 3039 INFO neutron.wsgi [-] (3039) accepted ('13.0.0.3', 38627)
2015-03-10 17:00:38.012 3040 INFO neutron.plugins.ml2.managers [req-5cde53dd-62fa-4e88-a485-f9541926ffbd None] Extended port dict for driver 'cisco_n1kv_ext'
2015-03-10 17:00:38.014 3040 INFO neutron.wsgi [req-5cde53dd-62fa-4e88-a485-f9541926ffbd None] 13.0.0.3 - - [10/Mar/2015 17:00:38] "GET /v2.0/ports/377bf9c3-c553-4b51-b24e-6d90c5ca89bb.json HTTP/1.1" 200 822 0.258748
2015-03-10 17:00:38.018 3039 TRACE keystonemiddleware.auth_token Traceback (most recent call last):
2015-03-10 17:00:38.018 3039 TRACE keystonemiddleware.auth_token   File "/usr/lib/python2.7/site-packages/keystonemiddleware/auth_token.py", line 874, in _validate_token
2015-03-10 17:00:38.018 3039 TRACE keystonemiddleware.auth_token     expires = _confirm_token_not_expired(data)
2015-03-10 17:00:38.018 3039 TRACE keystonemiddleware.auth_token   File "/usr/lib/python2.7/site-packages/keystonemiddleware/auth_token.py", line 452, in _confirm_token_not_expired
2015-03-10 17:00:38.018 3039 TRACE keystonemiddleware.auth_token     raise InvalidToken('Token authorization failed')
2015-03-10 17:00:38.018 3039 TRACE keystonemiddleware.auth_token InvalidToken: Token authorization failed
2015-03-10 17:00:38.018 3039 TRACE keystonemiddleware.auth_token 
2015-03-10 17:00:38.019 3039 INFO keystonemiddleware.auth_token [-] Invalid user token - rejecting request
2015-03-10 17:00:38.020 3039 INFO neutron.wsgi [-] 13.0.0.3 - - [10/Mar/2015 17:00:38] "GET /v2.0/ports/cab0476e-68a6-4381-857d-eb8ad4109901.json?fields=binding%3Avnic_type&fields=network_id HTTP/1.1" 401 258 0.015400
2015-03-10 17:00:38.030 3040 INFO neutron.plugins.ml2.managers [req-4967fda1-0f62-447e-831d-e71e15bb206d None] Extended port dict for driver 'cisco_n1kv_ext'
2015-03-10 17:00:38.032 3040 INFO neutron.wsgi [req-4967fda1-0f62-447e-831d-e71e15bb206d None] 13.0.0.3 - - [10/Mar/2015 17:00:38] "GET /v2.0/ports/6184834b-d1d0-43f3-9155-ac4c4d72f798.json HTTP/1.1" 200 822 0.283232
2015-03-08 17:00:22.408 27745 INFO urllib3.connectionpool [-] Starting new HTTP connection (1): 13.0.0.250
2015-03-09 17:00:09.805 10532 INFO neutron.wsgi [-] (10532) accepted ('13.0.0.3', 45406)
2015-03-09 17:00:09.875 10532 INFO neutron.plugins.ml2.managers [req-b37a3a20-c893-46c3-810b-7ee23315ee7a None] Extended port dict for driver 'cisco_n1kv_ext'
2015-03-09 17:00:09.876 10532 INFO neutron.wsgi [req-b37a3a20-c893-46c3-810b-7ee23315ee7a None] 13.0.0.3 - - [09/Mar/2015 17:00:09] "GET /v2.0/ports.json?tenant_id=38ca9a3a2b9a429c8d5931e035d0e642&device_id=4213db0e-19d7-4838-9072-a35cf0d0ca24 HTTP/1.1" 200 996 0.070151
2015-03-09 17:00:09.879 10532 INFO neutron.wsgi [-] (10532) accepted ('13.0.0.3', 45407)
2015-03-09 17:00:09.890 10532 INFO neutron.plugins.ml2.managers [req-114c8638-7330-47e2-b2b2-2abe5f016067 None] Extended network dict for driver 'cisco_n1kv_ext'
2015-03-09 17:00:09.892 10532 INFO neutron.wsgi [req-114c8638-7330-47e2-b2b2-2abe5f016067 None] 13.0.0.3 - - [09/Mar/2015 17:00:09] "GET /v2.0/networks.json?id=c9288fe0-a599-49f0-abf3-54f59552d443 HTTP/1.1" 200 578 0.012788
2015-03-09 17:00:09.895 10534 INFO neutron.wsgi [-] (10534) accepted ('13.0.0.3', 45408)
2015-03-09 17:00:09.897 10534 INFO urllib3.connectionpool [-] Resetting dropped connection: 13.0.0.25
2015-03-09 17:00:09.946 10534 INFO neutron.wsgi [req-487380db-016e-4e86-9354-391de23353c3 None] 13.0.0.3 - - [09/Mar/2015 17:00:09] "GET /v2.0/floatingips.json?fixed_ip_address=14.3.9.2&port_id=23e611a8-d6dd-4eb4-b1d3-e0e623f21943 HTTP/1.1" 200 208 0.049858
2015-03-09 17:00:09.948 10534 INFO neutron.wsgi [-] (10534) accepted ('13.0.0.3', 45415)
2015-03-09 17:00:09.959 10534 INFO neutron.plugins.ml2.managers [req-837ef320-2fb3-43e5-b672-97e926e19150 None] Extended subnet dict for driver 'cisco_n1kv_ext'
2015-03-09 17:00:09.959 10534 INFO neutron.wsgi [req-837ef320-2fb3-43e5-b672-97e926e19150 None] 13.0.0.3 - - [09/Mar/2015 17:00:09] "GET /v2.0/subnets.json?id=6e3fb255-24f1-49bb-a651-96e05b4cfe12 HTTP/1.1" 200 623 0.010871
2015-03-09 17:00:09.962 10527 INFO neutron.wsgi [-] (10527) accepted ('13.0.0.3', 45416)
2015-03-09 17:00:09.964 10527 INFO urllib3.connectionpool [-] Resetting dropped connection: 13.0.0.25
2015-03-09 17:00:10.033 10527 INFO neutron.plugins.ml2.managers [req-f5ee41e8-e281-4381-b443-d621ff511900 None] Extended port dict for driver 'cisco_n1kv_ext'
2015-03-09 17:00:10.035 10527 INFO neutron.wsgi [req-f5ee41e8-e281-4381-b443-d621ff511900 None] 13.0.0.3 - - [09/Mar/2015 17:00:10] "GET /v2.0/ports.json?network_id=c9288fe0-a599-49f0-abf3-54f59552d443&device_owner=network%3Adhcp HTTP/1.1" 200 983 0.071619
2015-03-09 17:00:34.066 10507 INFO urllib3.connectionpool [-] Starting new HTTP connection (1): 13.0.0.250
2015-03-09 17:00:57.557 10534 INFO neutron.wsgi [-] (10534) accepted ('13.0.0.3', 46209)
2015-03-09 17:00:57.576 10534 INFO neutron.plugins.ml2.managers [req-151db79d-d177-45a6-9b13-eeac1b8f4fb2 None] Extended port dict for driver 'cisco_n1kv_ext'
2015-03-09 17:00:57.577 10534 INFO neutron.wsgi [req-151db79d-d177-45a6-9b13-eeac1b8f4fb2 None] 13.0.0.3 - - [09/Mar/2015 17:00:57] "GET /v2.0/ports.json?tenant_id=6edc90f14268442bb98940f1cef1ea39&device_id=aed7048e-dff4-4f78-a54d-dadf20ae6e20 HTTP/1.1" 200 996 0.019079
2015-03-09 17:00:57.580 10534 INFO neutron.wsgi [-] (10534) accepted ('13.0.0.3', 46210)
2015-03-09 17:00:57.589 10534 INFO neutron.plugins.ml2.managers [req-824c9cae-3353-410f-a260-96ec7cde63b5 None] Extended network dict for driver 'cisco_n1kv_ext'
2015-03-09 17:00:57.591 10534 INFO neutron.wsgi [req-824c9cae-3353-410f-a260-96ec7cde63b5 None] 13.0.0.3 - - [09/Mar/2015 17:00:57] "GET /v2.0/networks.json?id=187ee76f-03fa-401e-b17a-60ec85c2705d HTTP/1.1" 200 577 0.010881
2015-03-09 17:00:57.593 10534 INFO neutron.wsgi [-] (10534) accepted ('13.0.0.3', 46211)
2015-03-09 17:00:57.599 10534 INFO neutron.wsgi [req-5ec993c5-d382-4234-9cb0-e4832e217b76 None] 13.0.0.3 - - [09/Mar/2015 17:00:57] "GET /v2.0/floatingips.json?fixed_ip_address=14.8.5.2&port_id=ec1d7a04-0475-42a6-8456-36ec368454dc HTTP/1.1" 200 208 0.004705
2015-03-09 17:00:57.601 10530 INFO neutron.wsgi [-] (10530) accepted ('13.0.0.3', 46212)
2015-03-09 17:00:57.611 10530 INFO neutron.plugins.ml2.managers [req-93f7b25f-55e5-4dda-804a-13af87161973 None] Extended subnet dict for driver 'cisco_n1kv_ext'
2015-03-09 17:00:57.611 10530 INFO neutron.wsgi [req-93f7b25f-55e5-4dda-804a-13af87161973 None] 13.0.0.3 - - [09/Mar/2015 17:00:57] "GET /v2.0/subnets.json?id=5a03f208-db6b-466b-8214-668904c13446 HTTP/1.1" 200 622 0.009878
2015-03-09 17:00:57.614 10530 INFO neutron.wsgi [-] (10530) accepted ('13.0.0.3', 46213)
2015-03-09 17:00:57.628 10530 INFO neutron.plugins.ml2.managers [req-3edbfeb0-15f9-4a1c-a4b4-4322af8d94f6 None] Extended port dict for driver 'cisco_n1kv_ext'
2015-03-09 17:00:57.629 10530 INFO neutron.wsgi [req-3edbfeb0-15f9-4a1c-a4b4-4322af8d94f6 None] 13.0.0.3 - - [09/Mar/2015 17:00:57] "GET /v2.0/ports.json?network_id=187ee76f-03fa-401e-b17a-60ec85c2705d&device_owner=network%3Adhcp HTTP/1.1" 200 983 0.014521
2015-03-10 03:17:00.109 27059 INFO neutron.wsgi [-] (27059) accepted ('13.0.0.3', 59335)
2015-03-10 03:17:00.173 27059 INFO neutron.plugins.ml2.managers [req-cf7fdcde-c9cf-41f4-b0bd-f13a17b9bd95 None] Extended port dict for driver 'cisco_n1kv_ext'
2015-03-10 03:17:00.175 27059 INFO neutron.plugins.ml2.managers [req-cf7fdcde-c9cf-41f4-b0bd-f13a17b9bd95 None] Extended port dict for driver 'cisco_n1kv_ext'
2015-03-10 03:17:00.177 27059 INFO neutron.plugins.ml2.managers [req-cf7fdcde-c9cf-41f4-b0bd-f13a17b9bd95 None] Extended port dict for driver 'cisco_n1kv_ext'
2015-03-10 03:17:00.179 27059 INFO neutron.plugins.ml2.managers [req-cf7fdcde-c9cf-41f4-b0bd-f13a17b9bd95 None] Extended port dict for driver 'cisco_n1kv_ext'
2015-03-10 03:17:00.181 27059 INFO neutron.plugins.ml2.managers [req-cf7fdcde-c9cf-41f4-b0bd-f13a17b9bd95 None] Extended port dict for driver 'cisco_n1kv_ext'
2015-03-10 03:17:00.183 27059 INFO neutron.plugins.ml2.managers [req-cf7fdcde-c9cf-41f4-b0bd-f13a17b9bd95 None] Extended port dict for driver 'cisco_n1kv_ext'
2015-03-10 03:17:00.184 27059 INFO neutron.plugins.ml2.managers [req-cf7fdcde-c9cf-41f4-b0bd-f13a17b9bd95 None] Extended port dict for driver 'cisco_n1kv_ext'
2015-03-10 03:17:00.186 27059 INFO neutron.wsgi [req-cf7fdcde-c9cf-41f4-b0bd-f13a17b9bd95 None] 13.0.0.3 - - [10/Mar/2015 03:17:00] "GET /v2.0/ports.json HTTP/1.1" 200 4333 0.076005
2015-03-10 03:17:00.658 27055 INFO neutron.wsgi [-] (27055) accepted ('13.0.0.3', 59340)
2015-03-10 03:17:00.660 27055 INFO urllib3.connectionpool [-] Resetting dropped connection: 13.0.0.25
2015-03-10 03:17:00.790 27055 INFO neutron.plugins.ml2.managers [req-4a9e7ba8-4f90-46fc-bfdf-cd351abc65ce None] Extended port dict for driver 'cisco_n1kv_ext'
2015-03-10 03:17:00.791 27055 INFO neutron.wsgi [req-4a9e7ba8-4f90-46fc-bfdf-cd351abc65ce None] 13.0.0.3 - - [10/Mar/2015 03:17:00] "GET /v2.0/ports.json?fields=id&id=3c578574-0986-48f2-a798-dd0e1f7f3b2f HTTP/1.1" 200 248 0.132838
2015-03-10 03:17:00.809 27055 INFO neutron.plugins.ml2.managers [req-4acd713e-cd23-4d6e-a3fb-527c186a7356 None] Extended port dict for driver 'cisco_n1kv_ext'
2015-03-10 03:17:00.811 27055 INFO neutron.wsgi [req-4acd713e-cd23-4d6e-a3fb-527c186a7356 None] 13.0.0.3 - - [10/Mar/2015 03:17:00] "GET /v2.0/ports/3c578574-0986-48f2-a798-dd0e1f7f3b2f.json HTTP/1.1" 200 773 0.016533
2015-03-10 17:00:20.934 3039 INFO neutron.wsgi [-] (3039) accepted ('13.0.0.3', 37812)
2015-03-10 17:00:20.953 3039 INFO neutron.plugins.ml2.managers [req-30571624-1883-4209-bd0f-414776d38930 None] Extended port dict for driver 'cisco_n1kv_ext'
2015-03-10 17:00:20.955 3039 INFO neutron.wsgi [req-30571624-1883-4209-bd0f-414776d38930 None] 13.0.0.3 - - [10/Mar/2015 17:00:20] "GET /v2.0/ports.json?tenant_id=24afe42601c347968d6810ee38b6ee21&device_id=1fff8b83-edde-4beb-a0bd-fe3e0caa6a1f HTTP/1.1" 200 996 0.020349
2015-03-10 17:00:20.958 3039 INFO neutron.wsgi [-] (3039) accepted ('13.0.0.3', 37813)
2015-03-10 17:00:20.969 3039 INFO neutron.plugins.ml2.managers [req-038b2fd6-e435-4459-8095-a4afcd08eb2a None] Extended network dict for driver 'cisco_n1kv_ext'
2015-03-10 17:00:20.973 3039 INFO neutron.wsgi [req-038b2fd6-e435-4459-8095-a4afcd08eb2a None] 13.0.0.3 - - [10/Mar/2015 17:00:20] "GET /v2.0/networks.json?id=2fee40eb-14f7-4a16-9e38-ac543bbe7167 HTTP/1.1" 200 577 0.014594
2015-03-10 17:00:20.975 3039 INFO neutron.wsgi [-] (3039) accepted ('13.0.0.3', 37814)
2015-03-10 17:00:20.981 3039 INFO neutron.wsgi [req-090948b1-7c9c-453c-b56a-3bbce1cbfd66 None] 13.0.0.3 - - [10/Mar/2015 17:00:20] "GET /v2.0/floatingips.json?fixed_ip_address=14.5.1.2&port_id=1d5ae930-42f0-414b-b172-e6bcce5f3fa4 HTTP/1.1" 200 208 0.004841
2015-03-10 17:00:20.983 3039 INFO neutron.wsgi [-] (3039) accepted ('13.0.0.3', 37815)
2015-03-10 17:00:20.994 3039 INFO neutron.plugins.ml2.managers [req-7808f677-5677-4e1a-8796-53d73a0cf4c0 None] Extended subnet dict for driver 'cisco_n1kv_ext'
2015-03-10 17:00:20.995 3039 INFO neutron.wsgi [req-7808f677-5677-4e1a-8796-53d73a0cf4c0 None] 13.0.0.3 - - [10/Mar/2015 17:00:20] "GET /v2.0/subnets.json?id=6a1a6ed1-98f6-4866-9ef3-b6d38e1d358d HTTP/1.1" 200 623 0.011296
2015-03-10 17:00:20.997 3039 INFO neutron.wsgi [-] (3039) accepted ('13.0.0.3', 37816)
2015-03-10 17:00:21.015 3039 INFO neutron.wsgi [req-cab3e58f-008c-46ee-8eea-1cfb68a9e2c0 None] 13.0.0.3 - - [10/Mar/2015 17:00:21] "GET /v2.0/ports.json?network_id=2fee40eb-14f7-4a16-9e38-ac543bbe7167&device_owner=network%3Adhcp HTTP/1.1" 200 202 0.017035
2015-03-10 17:00:21.130 2859 INFO urllib3.connectionpool [-] Starting new HTTP connection (1): 13.0.0.250
2015-03-10 17:00:24.064 3025 INFO neutron.wsgi [-] (3025) accepted ('13.0.0.3', 37870)
2015-03-10 17:00:24.067 3025 INFO urllib3.connectionpool [-] Resetting dropped connection: 13.0.0.25
2015-03-10 17:00:24.134 3025 INFO neutron.plugins.ml2.managers [req-0068afa6-0a16-4b30-af52-14381a4021de None] Extended port dict for driver 'cisco_n1kv_ext'
2015-03-10 17:00:24.137 3025 INFO neutron.plugins.ml2.managers [req-0068afa6-0a16-4b30-af52-14381a4021de None] Extended port dict for driver 'cisco_n1kv_ext'
2015-03-10 17:00:24.139 3025 INFO neutron.plugins.ml2.managers [req-0068afa6-0a16-4b30-af52-14381a4021de None] Extended port dict for driver 'cisco_n1kv_ext'
2015-03-10 17:00:24.141 3025 INFO neutron.plugins.ml2.managers [req-0068afa6-0a16-4b30-af52-14381a4021de None] Extended port dict for driver 'cisco_n1kv_ext'
2015-03-10 17:00:24.143 3025 INFO neutron.plugins.ml2.managers [req-0068afa6-0a16-4b30-af52-14381a4021de None] Extended port dict for driver 'cisco_n1kv_ext'
2015-03-10 17:00:24.144 3025 INFO neutron.plugins.ml2.managers [req-0068afa6-0a16-4b30-af52-14381a4021de None] Extended port dict for driver 'cisco_n1kv_ext'
2015-03-10 17:00:24.146 3025 INFO neutron.plugins.ml2.managers [req-0068afa6-0a16-4b30-af52-14381a4021de None] Extended port dict for driver 'cisco_n1kv_ext'
2015-03-10 17:00:24.151 3025 INFO neutron.plugins.ml2.managers [req-0068afa6-0a16-4b30-af52-14381a4021de None] Extended port dict for driver 'cisco_n1kv_ext'
2015-03-10 17:00:24.153 3025 INFO neutron.plugins.ml2.managers [req-0068afa6-0a16-4b30-af52-14381a4021de None] Extended port dict for driver 'cisco_n1kv_ext'
2015-03-10 17:00:24.155 3025 INFO neutron.plugins.ml2.managers [req-0068afa6-0a16-4b30-af52-14381a4021de None] Extended port dict for driver 'cisco_n1kv_ext'
2015-03-10 17:00:24.157 3025 INFO neutron.plugins.ml2.managers [req-0068afa6-0a16-4b30-af52-14381a4021de None] Extended port dict for driver 'cisco_n1kv_ext'
2015-03-10 17:00:24.158 3025 INFO neutron.plugins.ml2.managers [req-0068afa6-0a16-4b30-af52-14381a4021de None] Extended port dict for driver 'cisco_n1kv_ext'
2015-03-10 17:00:24.160 3025 INFO neutron.plugins.ml2.managers [req-0068afa6-0a16-4b30-af52-14381a4021de None] Extended port dict for driver 'cisco_n1kv_ext'
2015-03-10 17:00:24.162 3025 INFO neutron.plugins.ml2.managers [req-0068afa6-0a16-4b30-af52-14381a4021de None] Extended port dict for driver 'cisco_n1kv_ext'
2015-03-10 17:00:24.163 3025 INFO neutron.plugins.ml2.managers [req-0068afa6-0a16-4b30-af52-14381a4021de None] Extended port dict for driver 'cisco_n1kv_ext'
2015-03-10 17:00:24.165 3025 INFO neutron.plugins.ml2.managers [req-0068afa6-0a16-4b30-af52-14381a4021de None] Extended port dict for driver 'cisco_n1kv_ext'
2015-03-10 17:00:24.167 3025 INFO neutron.plugins.ml2.managers [req-0068afa6-0a16-4b30-af52-14381a4021de None] Extended port dict for driver 'cisco_n1kv_ext'
2015-03-10 17:00:24.169 3025 INFO neutron.plugins.ml2.managers [req-0068afa6-0a16-4b30-af52-14381a4021de None] Extended port dict for driver 'cisco_n1kv_ext'
2015-03-10 17:00:24.170 3025 INFO neutron.plugins.ml2.managers [req-0068afa6-0a16-4b30-af52-14381a4021de None] Extended port dict for driver 'cisco_n1kv_ext'
2015-03-10 17:00:24.172 3025 INFO neutron.plugins.ml2.managers [req-0068afa6-0a16-4b30-af52-14381a4021de None] Extended port dict for driver 'cisco_n1kv_ext'
2015-03-10 17:00:24.178 3025 INFO neutron.wsgi [req-0068afa6-0a16-4b30-af52-14381a4021de None] 13.0.0.3 - - [10/Mar/2015 17:00:24] "GET /v2.0/ports.json HTTP/1.1" 200 15022 0.112600
2015-03-10 17:00:35.622 3036 INFO neutron.wsgi [-] (3036) accepted ('13.0.0.3', 38293)
2015-03-10 17:00:35.625 3036 INFO urllib3.connectionpool [-] Resetting dropped connection: 13.0.0.25
2015-03-10 17:00:35.659 3036 INFO neutron.wsgi [-] (3036) accepted ('13.0.0.3', 38297)
