2015-03-10 16:41:12.676 14611 INFO urllib3.connectionpool [-] Starting new HTTP connection (1): 13.0.0.250
2015-03-10 16:41:13.811 14625 INFO neutron.plugins.ml2.drivers.cisco.n1kv.n1kv_client [req-9df08cff-4162-49c2-b55b-a1850bf516be None] VSM: Successfully created "vm-network vmn_1b71fdbe-e571-4cf8-98ff-19a9b1bf5009_a460d016-1885-4682-b1b8-74f026c314ac"
2015-03-10 16:41:13.812 14613 INFO neutron.plugins.ml2.drivers.cisco.n1kv.n1kv_client [req-341c9d2d-1b74-4f19-9e54-02d1bfa33754 None] VSM: Successfully created "vm-network vmn_1b71fdbe-e571-4cf8-98ff-19a9b1bf5009_a6c06cf5-2cbf-4586-8ea2-619372c8f1c7"
2015-03-10 16:41:13.812 14625 INFO neutron.plugins.ml2.drivers.cisco.n1kv.mech_cisco_n1kv [req-9df08cff-4162-49c2-b55b-a1850bf516be None] Create port(postcommit) succeeded for port: 2e4cc0ff-e2f8-46ae-9918-a90d413b274a on network: a460d016-1885-4682-b1b8-74f026c314ac with policy profile ID: 1b71fdbe-e571-4cf8-98ff-19a9b1bf5009
2015-03-10 16:41:13.812 14613 INFO neutron.plugins.ml2.drivers.cisco.n1kv.mech_cisco_n1kv [req-341c9d2d-1b74-4f19-9e54-02d1bfa33754 None] Create port(postcommit) succeeded for port: 97eeef9b-a466-43f0-a27c-af5fb6e959a6 on network: a6c06cf5-2cbf-4586-8ea2-619372c8f1c7 with policy profile ID: 1b71fdbe-e571-4cf8-98ff-19a9b1bf5009
2015-03-10 16:41:13.813 14613 INFO urllib3.connectionpool [-] Starting new HTTP connection (1): 13.0.0.250
2015-03-10 16:41:13.827 14625 INFO neutron.plugins.ml2.managers [req-9df08cff-4162-49c2-b55b-a1850bf516be None] Extended network dict for driver 'cisco_n1kv_ext'
2015-03-10 16:41:13.827 14613 INFO neutron.plugins.ml2.managers [req-341c9d2d-1b74-4f19-9e54-02d1bfa33754 None] Extended network dict for driver 'cisco_n1kv_ext'
2015-03-10 16:41:13.846 14625 INFO neutron.wsgi [req-9df08cff-4162-49c2-b55b-a1850bf516be None] 13.0.0.3 - - [10/Mar/2015 16:41:13] "POST /v2.0/ports.json HTTP/1.1" 201 755 7.509395
2015-03-10 16:41:13.846 14613 INFO neutron.wsgi [req-341c9d2d-1b74-4f19-9e54-02d1bfa33754 None] 13.0.0.3 - - [10/Mar/2015 16:41:13] "POST /v2.0/ports.json HTTP/1.1" 201 754 4.447752
2015-03-10 16:41:13.864 14637 INFO neutron.plugins.ml2.managers [req-bc553870-878e-443b-a46a-48dbd610ed30 None] Extended network dict for driver 'cisco_n1kv_ext'
2015-03-10 16:41:13.875 14637 INFO neutron.plugins.ml2.managers [req-bc553870-878e-443b-a46a-48dbd610ed30 None] Extended subnet dict for driver 'cisco_n1kv_ext'
2015-03-10 16:41:13.888 14637 INFO neutron.plugins.ml2.managers [req-bc553870-878e-443b-a46a-48dbd610ed30 None] Extended port dict for driver 'cisco_n1kv_ext'
2015-03-10 16:41:13.907 14638 INFO neutron.plugins.ml2.managers [req-bc553870-878e-443b-a46a-48dbd610ed30 None] Extended network dict for driver 'cisco_n1kv_ext'
2015-03-10 16:41:13.916 14638 INFO neutron.plugins.ml2.managers [req-bc553870-878e-443b-a46a-48dbd610ed30 None] Extended subnet dict for driver 'cisco_n1kv_ext'
2015-03-10 16:41:13.929 14638 INFO neutron.plugins.ml2.managers [req-bc553870-878e-443b-a46a-48dbd610ed30 None] Extended port dict for driver 'cisco_n1kv_ext'
2015-03-10 16:41:14.310 14624 INFO neutron.wsgi [-] (14624) accepted ('13.0.0.3', 44196)
2015-03-10 16:41:14.312 14624 INFO urllib3.connectionpool [-] Resetting dropped connection: 13.0.0.25
2015-03-10 16:41:14.361 14624 INFO neutron.plugins.ml2.managers [req-17b13bb2-9494-4e56-a07d-7bbce96ee59d None] Extended network dict for driver 'cisco_n1kv_ext'
2015-03-10 16:41:14.364 14624 INFO neutron.wsgi [req-17b13bb2-9494-4e56-a07d-7bbce96ee59d None] 13.0.0.3 - - [10/Mar/2015 16:41:14] "GET /v2.0/networks.json?fields=id&id=ab53ab97-3fc2-45dc-9c87-9d61a7ad5485 HTTP/1.1" 200 251 0.052783
2015-03-10 16:41:14.380 14624 INFO neutron.plugins.ml2.managers [req-3ff10edf-55eb-4c4d-bd33-7ec20a0e4027 None] Extended network dict for driver 'cisco_n1kv_ext'
2015-03-10 16:41:14.421 14624 INFO neutron.plugins.ml2.managers [req-3ff10edf-55eb-4c4d-bd33-7ec20a0e4027 None] Extended subnet dict for driver 'cisco_n1kv_ext'
2015-03-10 16:41:14.433 14624 INFO neutron.plugins.ml2.managers [req-3ff10edf-55eb-4c4d-bd33-7ec20a0e4027 None] Extended network dict for driver 'cisco_n1kv_ext'
2015-03-10 16:41:14.442 14624 INFO urllib3.connectionpool [-] Starting new HTTP connection (1): 13.0.0.250
2015-03-10 16:41:14.856 14610 INFO neutron.plugins.ml2.drivers.cisco.n1kv.n1kv_client [req-7d7b7405-0771-497f-802e-f9150d8a6ace None] VSM: Successfully created "vm-network vmn_1b71fdbe-e571-4cf8-98ff-19a9b1bf5009_36b0756a-7658-4cc0-a83d-edefbd52ffc8"
2015-03-10 16:41:14.856 14610 INFO neutron.plugins.ml2.drivers.cisco.n1kv.mech_cisco_n1kv [req-7d7b7405-0771-497f-802e-f9150d8a6ace None] Create port(postcommit) succeeded for port: 5983fbc6-8a53-4a42-ba25-cbed8379c144 on network: 36b0756a-7658-4cc0-a83d-edefbd52ffc8 with policy profile ID: 1b71fdbe-e571-4cf8-98ff-19a9b1bf5009
2015-03-10 16:41:14.873 14610 INFO neutron.plugins.ml2.managers [req-7d7b7405-0771-497f-802e-f9150d8a6ace None] Extended network dict for driver 'cisco_n1kv_ext'
2015-03-10 16:41:14.892 14610 INFO neutron.wsgi [req-7d7b7405-0771-497f-802e-f9150d8a6ace None] 13.0.0.3 - - [10/Mar/2015 16:41:14] "POST /v2.0/ports.json HTTP/1.1" 201 754 7.508678
2015-03-10 16:41:14.905 14639 INFO neutron.plugins.ml2.managers [req-bc553870-878e-443b-a46a-48dbd610ed30 None] Extended network dict for driver 'cisco_n1kv_ext'
2015-03-10 16:41:14.917 14639 INFO neutron.plugins.ml2.managers [req-bc553870-878e-443b-a46a-48dbd610ed30 None] Extended subnet dict for driver 'cisco_n1kv_ext'
2015-03-10 16:41:14.930 14639 INFO neutron.plugins.ml2.managers [req-bc553870-878e-443b-a46a-48dbd610ed30 None] Extended port dict for driver 'cisco_n1kv_ext'
2015-03-10 16:41:15.910 14613 INFO neutron.plugins.ml2.drivers.cisco.n1kv.n1kv_client [req-58d33137-0a0e-4cd0-8c6f-4ebf788425e1 None] VSM: Successfully created "vm-network vmn_1b71fdbe-e571-4cf8-98ff-19a9b1bf5009_95fe1a55-acbb-496d-95a5-33341e714223"
2015-03-10 16:41:15.911 14613 INFO neutron.plugins.ml2.drivers.cisco.n1kv.mech_cisco_n1kv [req-58d33137-0a0e-4cd0-8c6f-4ebf788425e1 None] Create port(postcommit) succeeded for port: 940f5bf2-4bd5-410d-9382-061e1543d98f on network: 95fe1a55-acbb-496d-95a5-33341e714223 with policy profile ID: 1b71fdbe-e571-4cf8-98ff-19a9b1bf5009
2015-03-10 16:41:15.927 14613 INFO neutron.plugins.ml2.managers [req-58d33137-0a0e-4cd0-8c6f-4ebf788425e1 None] Extended network dict for driver 'cisco_n1kv_ext'
2015-03-10 16:41:15.945 14613 INFO neutron.wsgi [req-58d33137-0a0e-4cd0-8c6f-4ebf788425e1 None] 13.0.0.3 - - [10/Mar/2015 16:41:15] "POST /v2.0/ports.json HTTP/1.1" 201 754 3.523451
2015-03-10 16:41:15.957 14626 INFO neutron.plugins.ml2.managers [req-bc553870-878e-443b-a46a-48dbd610ed30 None] Extended network dict for driver 'cisco_n1kv_ext'
2015-03-10 16:41:15.968 14626 INFO neutron.plugins.ml2.managers [req-bc553870-878e-443b-a46a-48dbd610ed30 None] Extended subnet dict for driver 'cisco_n1kv_ext'
2015-03-10 16:41:15.981 14626 INFO neutron.plugins.ml2.managers [req-bc553870-878e-443b-a46a-48dbd610ed30 None] Extended port dict for driver 'cisco_n1kv_ext'
2015-03-10 16:41:17.041 14611 INFO neutron.plugins.ml2.drivers.cisco.n1kv.n1kv_client [req-c4df42e4-ed6d-4cd5-961e-555b30f8a971 None] VSM: Successfully created "vm-network vmn_1b71fdbe-e571-4cf8-98ff-19a9b1bf5009_dbd01a09-e83d-42f9-8c83-01d40f1764ca"
2015-03-10 16:41:17.042 14611 INFO neutron.plugins.ml2.drivers.cisco.n1kv.mech_cisco_n1kv [req-c4df42e4-ed6d-4cd5-961e-555b30f8a971 None] Create port(postcommit) succeeded for port: d7029ed7-6344-48b1-80c4-65b16587e915 on network: dbd01a09-e83d-42f9-8c83-01d40f1764ca with policy profile ID: 1b71fdbe-e571-4cf8-98ff-19a9b1bf5009
2015-03-10 16:41:17.057 14611 INFO neutron.plugins.ml2.managers [req-c4df42e4-ed6d-4cd5-961e-555b30f8a971 None] Extended network dict for driver 'cisco_n1kv_ext'
2015-03-10 16:41:17.070 14611 INFO neutron.plugins.ml2.drivers.cisco.n1kv.n1kv_client [req-93a010b9-d920-4850-b085-230b79c026de None] VSM: Successfully created "vm-network vmn_1b71fdbe-e571-4cf8-98ff-19a9b1bf5009_9a63f2dd-a91a-465f-b402-68250c8f3757"
2015-03-10 16:41:17.070 14611 INFO neutron.plugins.ml2.drivers.cisco.n1kv.mech_cisco_n1kv [req-93a010b9-d920-4850-b085-230b79c026de None] Create port(postcommit) succeeded for port: 096a1be6-1bae-4fb0-8718-9dee5f8025bd on network: 9a63f2dd-a91a-465f-b402-68250c8f3757 with policy profile ID: 1b71fdbe-e571-4cf8-98ff-19a9b1bf5009
2015-03-10 16:41:17.091 14611 INFO neutron.plugins.ml2.managers [req-93a010b9-d920-4850-b085-230b79c026de None] Extended network dict for driver 'cisco_n1kv_ext'
2015-03-10 16:41:17.092 14627 INFO neutron.plugins.ml2.managers [req-bc553870-878e-443b-a46a-48dbd610ed30 None] Extended network dict for driver 'cisco_n1kv_ext'
2015-03-10 16:41:17.097 14611 INFO neutron.wsgi [req-c4df42e4-ed6d-4cd5-961e-555b30f8a971 None] 13.0.0.3 - - [10/Mar/2015 16:41:17] "POST /v2.0/ports.json HTTP/1.1" 201 754 4.584819
2015-03-10 16:41:17.102 14627 INFO neutron.plugins.ml2.managers [req-bc553870-878e-443b-a46a-48dbd610ed30 None] Extended subnet dict for driver 'cisco_n1kv_ext'
2015-03-10 16:41:17.111 14611 INFO neutron.wsgi [req-93a010b9-d920-4850-b085-230b79c026de None] 13.0.0.3 - - [10/Mar/2015 16:41:17] "POST /v2.0/ports.json HTTP/1.1" 201 755 4.601271
2015-03-10 16:41:17.116 14627 INFO neutron.plugins.ml2.managers [req-bc553870-878e-443b-a46a-48dbd610ed30 None] Extended port dict for driver 'cisco_n1kv_ext'
2015-03-10 16:41:17.133 14628 INFO neutron.plugins.ml2.managers [req-bc553870-878e-443b-a46a-48dbd610ed30 None] Extended network dict for driver 'cisco_n1kv_ext'
2015-03-10 16:41:17.143 14628 INFO neutron.plugins.ml2.managers [req-bc553870-878e-443b-a46a-48dbd610ed30 None] Extended subnet dict for driver 'cisco_n1kv_ext'
2015-03-10 16:41:17.156 14628 INFO neutron.plugins.ml2.managers [req-bc553870-878e-443b-a46a-48dbd610ed30 None] Extended port dict for driver 'cisco_n1kv_ext'
2015-03-10 16:41:18.956 14624 INFO neutron.plugins.ml2.drivers.cisco.n1kv.mech_cisco_n1kv [req-3ff10edf-55eb-4c4d-bd33-7ec20a0e4027 None] Internal VSM Error: %(reason)s.
2015-03-10 16:41:18.957 14613 INFO neutron.plugins.ml2.drivers.cisco.n1kv.n1kv_client [req-10b5b855-31ad-4909-86cb-938160c8aa04 None] VSM: Successfully created "vm-network vmn_1b71fdbe-e571-4cf8-98ff-19a9b1bf5009_ffc06c1c-3a0a-4d94-8c7f-ab091e72df32"
2015-03-10 16:41:18.957 14613 INFO neutron.plugins.ml2.drivers.cisco.n1kv.mech_cisco_n1kv [req-10b5b855-31ad-4909-86cb-938160c8aa04 None] Create port(postcommit) succeeded for port: e716d64a-f5b5-49d2-b415-22f954d66126 on network: ffc06c1c-3a0a-4d94-8c7f-ab091e72df32 with policy profile ID: 1b71fdbe-e571-4cf8-98ff-19a9b1bf5009
2015-03-10 16:41:18.957 14624 ERROR neutron.plugins.ml2.managers [req-3ff10edf-55eb-4c4d-bd33-7ec20a0e4027 None] Mechanism driver 'cisco_n1kv' failed in create_port_postcommit
2015-03-10 16:41:18.957 14624 TRACE neutron.plugins.ml2.managers Traceback (most recent call last):
2015-03-10 16:41:18.957 14624 TRACE neutron.plugins.ml2.managers   File "/usr/lib/python2.7/site-packages/neutron/plugins/ml2/managers.py", line 291, in _call_on_drivers
2015-03-10 16:41:18.957 14624 TRACE neutron.plugins.ml2.managers     getattr(driver.obj, method_name)(context)
2015-03-10 16:41:18.957 14624 TRACE neutron.plugins.ml2.managers   File "/usr/lib/python2.7/site-packages/neutron/plugins/ml2/drivers/cisco/n1kv/mech_cisco_n1kv.py", line 258, in create_port_postcommit
2015-03-10 16:41:18.957 14624 TRACE neutron.plugins.ml2.managers     raise ml2_exc.MechanismDriverError()
2015-03-10 16:41:18.957 14624 TRACE neutron.plugins.ml2.managers MechanismDriverError: <unprintable MechanismDriverError object>
2015-03-10 16:41:18.957 14624 TRACE neutron.plugins.ml2.managers 
2015-03-10 16:41:18.958 14624 ERROR neutron.plugins.ml2.plugin [req-3ff10edf-55eb-4c4d-bd33-7ec20a0e4027 None] mechanism_manager.create_port_postcommit failed, deleting port 'b8f1e8d1-3c9f-4c99-8342-a827612f6a8b'
2015-03-10 16:41:18.975 14613 INFO neutron.plugins.ml2.managers [req-10b5b855-31ad-4909-86cb-938160c8aa04 None] Extended network dict for driver 'cisco_n1kv_ext'
2015-03-10 16:41:18.985 14624 INFO neutron.plugins.ml2.managers [req-3ff10edf-55eb-4c4d-bd33-7ec20a0e4027 None] Extended port dict for driver 'cisco_n1kv_ext'
2015-03-10 16:41:18.993 14613 INFO neutron.wsgi [req-10b5b855-31ad-4909-86cb-938160c8aa04 None] 13.0.0.3 - - [10/Mar/2015 16:41:18] "POST /v2.0/ports.json HTTP/1.1" 201 754 6.568694
2015-03-10 16:41:18.995 14624 INFO neutron.plugins.ml2.managers [req-3ff10edf-55eb-4c4d-bd33-7ec20a0e4027 None] Extended network dict for driver 'cisco_n1kv_ext'
2015-03-10 16:41:19.005 14632 INFO neutron.plugins.ml2.managers [req-bc553870-878e-443b-a46a-48dbd610ed30 None] Extended network dict for driver 'cisco_n1kv_ext'
2015-03-10 16:41:19.019 14632 INFO neutron.plugins.ml2.managers [req-bc553870-878e-443b-a46a-48dbd610ed30 None] Extended subnet dict for driver 'cisco_n1kv_ext'
2015-03-10 16:41:19.020 14624 INFO urllib3.connectionpool [-] Starting new HTTP connection (1): 13.0.0.250
2015-03-10 16:41:19.035 14632 INFO neutron.plugins.ml2.managers [req-bc553870-878e-443b-a46a-48dbd610ed30 None] Extended port dict for driver 'cisco_n1kv_ext'
2015-03-10 16:41:19.907 14624 INFO neutron.plugins.ml2.drivers.cisco.n1kv.n1kv_client [req-3ff10edf-55eb-4c4d-bd33-7ec20a0e4027 None] VSM: Successfully deleted "ports b8f1e8d1-3c9f-4c99-8342-a827612f6a8b"
2015-03-10 16:41:19.908 14624 INFO neutron.plugins.ml2.drivers.cisco.n1kv.mech_cisco_n1kv [req-3ff10edf-55eb-4c4d-bd33-7ec20a0e4027 None] Delete port(postcommit) succeeded for port: b8f1e8d1-3c9f-4c99-8342-a827612f6a8b on network: ab53ab97-3fc2-45dc-9c87-9d61a7ad5485 with policy profile ID: 1b71fdbe-e571-4cf8-98ff-19a9b1bf5009
2015-03-10 16:41:19.911 14624 ERROR neutron.api.v2.resource [req-3ff10edf-55eb-4c4d-bd33-7ec20a0e4027 None] create failed
2015-03-10 16:41:19.911 14624 TRACE neutron.api.v2.resource Traceback (most recent call last):
2015-03-10 16:41:19.911 14624 TRACE neutron.api.v2.resource   File "/usr/lib/python2.7/site-packages/neutron/api/v2/resource.py", line 87, in resource
2015-03-10 16:41:19.911 14624 TRACE neutron.api.v2.resource     result = method(request=request, **args)
2015-03-10 16:41:19.911 14624 TRACE neutron.api.v2.resource   File "/usr/lib/python2.7/site-packages/neutron/api/v2/base.py", line 448, in create
2015-03-10 16:41:19.911 14624 TRACE neutron.api.v2.resource     obj = obj_creator(request.context, **kwargs)
2015-03-10 16:41:19.911 14624 TRACE neutron.api.v2.resource   File "/usr/lib/python2.7/site-packages/neutron/plugins/ml2/plugin.py", line 808, in create_port
2015-03-10 16:41:19.911 14624 TRACE neutron.api.v2.resource     self.delete_port(context, result['id'])
2015-03-10 16:41:19.911 14624 TRACE neutron.api.v2.resource   File "/usr/lib/python2.7/site-packages/neutron/openstack/common/excutils.py", line 82, in __exit__
2015-03-10 16:41:19.911 14624 TRACE neutron.api.v2.resource     six.reraise(self.type_, self.value, self.tb)
2015-03-10 16:41:19.911 14624 TRACE neutron.api.v2.resource   File "/usr/lib/python2.7/site-packages/neutron/plugins/ml2/plugin.py", line 803, in create_port
2015-03-10 16:41:19.911 14624 TRACE neutron.api.v2.resource     self.mechanism_manager.create_port_postcommit(mech_context)
2015-03-10 16:41:19.911 14624 TRACE neutron.api.v2.resource   File "/usr/lib/python2.7/site-packages/neutron/plugins/ml2/managers.py", line 500, in create_port_postcommit
2015-03-10 16:41:19.911 14624 TRACE neutron.api.v2.resource     self._call_on_drivers("create_port_postcommit", context)
2015-03-10 16:41:19.911 14624 TRACE neutron.api.v2.resource   File "/usr/lib/python2.7/site-packages/neutron/plugins/ml2/managers.py", line 302, in _call_on_drivers
2015-03-10 16:41:19.911 14624 TRACE neutron.api.v2.resource     method=method_name
2015-03-10 16:41:19.911 14624 TRACE neutron.api.v2.resource MechanismDriverError: create_port_postcommit failed.
2015-03-10 16:41:19.911 14624 TRACE neutron.api.v2.resource 
2015-03-10 16:41:19.913 14624 INFO neutron.wsgi [req-3ff10edf-55eb-4c4d-bd33-7ec20a0e4027 None] 13.0.0.3 - - [10/Mar/2015 16:41:19] "POST /v2.0/ports.json HTTP/1.1" 500 318 5.546956
