2015-03-10 16:58:35.232 3030 INFO neutron.plugins.ml2.managers [req-5ef479a0-aea0-46f1-bcc2-edfd900d65d4 None] Extended port dict for driver 'cisco_n1kv_ext'
2015-03-10 16:58:35.234 3030 INFO neutron.wsgi [req-5ef479a0-aea0-46f1-bcc2-edfd900d65d4 None] 13.0.0.3 - - [10/Mar/2015 16:58:35] "GET /v2.0/ports/20ac51f4-f2e1-4072-8a06-7578ce21138d.json HTTP/1.1" 200 796 0.021046
2015-03-10 16:58:35.341 3026 INFO urllib3.connectionpool [-] Starting new HTTP connection (1): 13.0.0.30
2015-03-10 16:58:35.346 3026 INFO urllib3.connectionpool [-] Starting new HTTP connection (1): 13.0.0.23
2015-03-10 16:58:35.370 3037 INFO neutron.wsgi [-] (3037) accepted ('13.0.0.3', 35241)
2015-03-10 16:58:35.375 3026 INFO urllib3.connectionpool [-] Starting new HTTP connection (1): 13.0.0.30
2015-03-10 16:58:35.380 3026 INFO urllib3.connectionpool [-] Starting new HTTP connection (1): 13.0.0.23
2015-03-10 16:58:35.416 3037 INFO neutron.plugins.ml2.managers [req-40aa786a-f6f6-490d-9b07-afc73008ab63 None] Extended port dict for driver 'cisco_n1kv_ext'
2015-03-10 16:58:35.418 3037 INFO neutron.wsgi [req-40aa786a-f6f6-490d-9b07-afc73008ab63 None] 13.0.0.3 - - [10/Mar/2015 16:58:35] "GET /v2.0/ports.json?fields=id&id=c0256d62-62de-48e9-a8ef-33090e552cd4 HTTP/1.1" 200 248 0.046681
2015-03-10 16:58:35.450 3037 INFO neutron.plugins.ml2.managers [req-e46f3a8d-a8c7-4add-93f8-d6420b1c5aff None] Extended port dict for driver 'cisco_n1kv_ext'
2015-03-10 16:58:35.453 3037 INFO neutron.wsgi [req-e46f3a8d-a8c7-4add-93f8-d6420b1c5aff None] 13.0.0.3 - - [10/Mar/2015 16:58:35] "GET /v2.0/ports/c0256d62-62de-48e9-a8ef-33090e552cd4.json HTTP/1.1" 200 772 0.030778
2015-03-10 16:58:35.502 3037 INFO neutron.wsgi [-] (3037) accepted ('13.0.0.3', 35247)
2015-03-10 16:58:35.506 3026 INFO urllib3.connectionpool [-] Starting new HTTP connection (1): 13.0.0.30
2015-03-10 16:58:35.521 3026 INFO urllib3.connectionpool [-] Starting new HTTP connection (1): 13.0.0.30
2015-03-10 16:58:35.546 3037 INFO neutron.plugins.ml2.managers [req-5ae770f9-7086-4e54-bc8e-777c475400b8 None] Extended port dict for driver 'cisco_n1kv_ext'
2015-03-10 16:58:35.547 3037 INFO neutron.wsgi [req-5ae770f9-7086-4e54-bc8e-777c475400b8 None] 13.0.0.3 - - [10/Mar/2015 16:58:35] "GET /v2.0/ports.json?fields=id&id=5983fbc6-8a53-4a42-ba25-cbed8379c144 HTTP/1.1" 200 248 0.044382
2015-03-10 16:58:35.570 3037 INFO neutron.plugins.ml2.managers [req-566a09a5-9bb9-47eb-bff7-d2f7a77a217a None] Extended port dict for driver 'cisco_n1kv_ext'
2015-03-10 16:58:35.573 3037 INFO neutron.wsgi [req-566a09a5-9bb9-47eb-bff7-d2f7a77a217a None] 13.0.0.3 - - [10/Mar/2015 16:58:35] "GET /v2.0/ports/5983fbc6-8a53-4a42-ba25-cbed8379c144.json HTTP/1.1" 200 772 0.021529
2015-03-10 16:58:35.578 3026 INFO neutron.notifiers.nova [-] Nova event response: {u'status': u'completed', u'code': 200, u'name': u'network-changed', u'server_uuid': u'b7757d91-acec-4335-b987-20e24671af77'}
2015-03-10 16:58:35.581 3035 INFO neutron.wsgi [-] (3035) accepted ('13.0.0.3', 35260)
2015-03-10 16:58:35.582 3026 INFO neutron.notifiers.nova [-] Nova event response: {u'status': u'completed', u'tag': u'096a1be6-1bae-4fb0-8718-9dee5f8025bd', u'name': u'network-vif-plugged', u'server_uuid': u'b7757d91-acec-4335-b987-20e24671af77', u'code': 200}
2015-03-10 16:58:35.617 3035 INFO neutron.plugins.ml2.managers [req-e606c072-db5d-4ea3-b9ab-779f7ad01241 None] Extended port dict for driver 'cisco_n1kv_ext'
2015-03-10 16:58:35.620 3035 INFO neutron.wsgi [req-e606c072-db5d-4ea3-b9ab-779f7ad01241 None] 13.0.0.3 - - [10/Mar/2015 16:58:35] "GET /v2.0/ports.json?tenant_id=d2d571fc969445638e8064e3f97d08f2&device_id=b7757d91-acec-4335-b987-20e24671af77 HTTP/1.1" 200 997 0.036541
2015-03-10 16:58:35.623 3037 INFO neutron.wsgi [-] (3037) accepted ('13.0.0.3', 35263)
2015-03-10 16:58:35.653 3037 INFO neutron.plugins.ml2.managers [req-0c981a94-7a5a-4583-8432-782855bf3a28 None] Extended network dict for driver 'cisco_n1kv_ext'
2015-03-10 16:58:35.654 3034 INFO urllib3.connectionpool [-] Starting new HTTP connection (1): 13.0.0.30
2015-03-10 16:58:35.659 3037 INFO neutron.wsgi [req-0c981a94-7a5a-4583-8432-782855bf3a28 None] 13.0.0.3 - - [10/Mar/2015 16:58:35] "GET /v2.0/networks.json?id=9a63f2dd-a91a-465f-b402-68250c8f3757 HTTP/1.1" 200 578 0.034648
2015-03-10 16:58:35.660 3034 INFO urllib3.connectionpool [-] Starting new HTTP connection (1): 13.0.0.23
2015-03-10 16:58:35.667 3037 INFO neutron.wsgi [-] (3037) accepted ('13.0.0.3', 35268)
2015-03-10 16:58:35.680 3036 INFO urllib3.connectionpool [-] Starting new HTTP connection (1): 13.0.0.30
2015-03-10 16:58:35.684 3034 INFO urllib3.connectionpool [-] Starting new HTTP connection (1): 13.0.0.30
2015-03-10 16:58:35.686 3036 INFO urllib3.connectionpool [-] Starting new HTTP connection (1): 13.0.0.23
2015-03-10 16:58:35.690 3034 INFO urllib3.connectionpool [-] Starting new HTTP connection (1): 13.0.0.23
2015-03-10 16:58:35.696 3037 INFO neutron.wsgi [req-d4caccc5-6e0b-424a-a2dc-7565931f2998 None] 13.0.0.3 - - [10/Mar/2015 16:58:35] "GET /v2.0/floatingips.json?fixed_ip_address=14.11.0.2&port_id=096a1be6-1bae-4fb0-8718-9dee5f8025bd HTTP/1.1" 200 208 0.028050
2015-03-10 16:58:35.699 3035 INFO neutron.wsgi [-] (3035) accepted ('13.0.0.3', 35277)
2015-03-10 16:58:35.701 3031 INFO urllib3.connectionpool [-] Starting new HTTP connection (1): 13.0.0.30
2015-03-10 16:58:35.702 3031 INFO neutron.wsgi [-] (3031) accepted ('13.0.0.3', 35281)
2015-03-10 16:58:35.718 3031 INFO urllib3.connectionpool [-] Starting new HTTP connection (1): 13.0.0.23
2015-03-10 16:58:35.718 3036 INFO urllib3.connectionpool [-] Starting new HTTP connection (1): 13.0.0.30
2015-03-10 16:58:35.724 3036 INFO urllib3.connectionpool [-] Starting new HTTP connection (1): 13.0.0.23
2015-03-10 16:58:35.737 3035 INFO neutron.plugins.ml2.managers [req-958a6be2-1286-47f1-8dd6-46b60d60ed27 None] Extended subnet dict for driver 'cisco_n1kv_ext'
2015-03-10 16:58:35.738 3035 INFO neutron.wsgi [req-958a6be2-1286-47f1-8dd6-46b60d60ed27 None] 13.0.0.3 - - [10/Mar/2015 16:58:35] "GET /v2.0/subnets.json?id=d1ee28bd-a4ea-4395-8377-b70b6ac9c092 HTTP/1.1" 200 628 0.038756
2015-03-10 16:58:35.743 3035 INFO neutron.wsgi [-] (3035) accepted ('13.0.0.3', 35288)
2015-03-10 16:58:35.750 3031 INFO urllib3.connectionpool [-] Starting new HTTP connection (1): 13.0.0.30
2015-03-10 16:58:35.752 3037 INFO urllib3.connectionpool [-] Starting new HTTP connection (1): 13.0.0.30
2015-03-10 16:58:35.759 3031 INFO neutron.plugins.ml2.managers [req-bac6ea98-ec51-4ac0-b260-6b31b3e8c82c None] Extended port dict for driver 'cisco_n1kv_ext'
2015-03-10 16:58:35.760 3037 INFO urllib3.connectionpool [-] Starting new HTTP connection (1): 13.0.0.23
2015-03-10 16:58:35.762 3031 INFO neutron.wsgi [req-bac6ea98-ec51-4ac0-b260-6b31b3e8c82c None] 13.0.0.3 - - [10/Mar/2015 16:58:35] "GET /v2.0/ports.json?fields=id&id=c5a341df-6fa9-4973-b372-81f6c7ff7bd4 HTTP/1.1" 200 248 0.059246
2015-03-10 16:58:35.765 3031 INFO urllib3.connectionpool [-] Starting new HTTP connection (1): 13.0.0.23
2015-03-10 16:58:35.770 3035 INFO neutron.wsgi [req-3b50843e-94a4-48d6-871b-682cab3891f9 None] 13.0.0.3 - - [10/Mar/2015 16:58:35] "GET /v2.0/ports.json?network_id=9a63f2dd-a91a-465f-b402-68250c8f3757&device_owner=network%3Adhcp HTTP/1.1" 200 202 0.025434
2015-03-10 16:58:35.783 3037 INFO urllib3.connectionpool [-] Starting new HTTP connection (1): 13.0.0.30
2015-03-10 16:58:35.788 3037 INFO urllib3.connectionpool [-] Starting new HTTP connection (1): 13.0.0.23
2015-03-10 16:58:35.801 3031 INFO neutron.plugins.ml2.managers [req-bf47ecde-4df4-40f5-9a8f-60b753ae8c4c None] Extended port dict for driver 'cisco_n1kv_ext'
2015-03-10 16:58:35.804 3031 INFO neutron.wsgi [req-bf47ecde-4df4-40f5-9a8f-60b753ae8c4c None] 13.0.0.3 - - [10/Mar/2015 16:58:35] "GET /v2.0/ports/c5a341df-6fa9-4973-b372-81f6c7ff7bd4.json HTTP/1.1" 200 773 0.037193
2015-03-10 16:58:35.838 3032 INFO urllib3.connectionpool [-] Starting new HTTP connection (1): 13.0.0.30
2015-03-10 16:58:35.844 3032 INFO urllib3.connectionpool [-] Starting new HTTP connection (1): 13.0.0.23
2015-03-10 16:58:35.848 3034 INFO urllib3.connectionpool [-] Starting new HTTP connection (1): 13.0.0.30
2015-03-10 16:58:35.872 3032 INFO urllib3.connectionpool [-] Starting new HTTP connection (1): 13.0.0.30
2015-03-10 16:58:35.879 3032 INFO urllib3.connectionpool [-] Starting new HTTP connection (1): 13.0.0.23
2015-03-10 16:58:35.889 3036 INFO urllib3.connectionpool [-] Starting new HTTP connection (1): 13.0.0.30
2015-03-10 16:58:35.894 3034 INFO urllib3.connectionpool [-] Starting new HTTP connection (1): 13.0.0.30
2015-03-10 16:58:35.913 3032 INFO neutron.wsgi [-] (3032) accepted ('13.0.0.3', 35321)
2015-03-10 16:58:35.919 3031 INFO urllib3.connectionpool [-] Starting new HTTP connection (1): 13.0.0.30
2015-03-10 16:58:35.926 3035 INFO neutron.wsgi [-] (3035) accepted ('13.0.0.3', 35329)
2015-03-10 16:58:35.960 3034 INFO neutron.notifiers.nova [-] Nova event response: {u'status': u'completed', u'tag': u'940f5bf2-4bd5-410d-9382-061e1543d98f', u'name': u'network-vif-plugged', u'server_uuid': u'a43df455-ba05-4433-a1ce-8b059e8de8dc', u'code': 200}
2015-03-10 16:58:35.965 3032 INFO neutron.plugins.ml2.managers [req-2bdb4c02-2285-49ca-a145-9c286ac56cb0 None] Extended port dict for driver 'cisco_n1kv_ext'
2015-03-10 16:58:35.968 3032 INFO neutron.wsgi [req-2bdb4c02-2285-49ca-a145-9c286ac56cb0 None] 13.0.0.3 - - [10/Mar/2015 16:58:35] "GET /v2.0/ports.json?fields=id&id=c8610e17-02b8-47ec-9319-ac69674fb298 HTTP/1.1" 200 248 0.054414
2015-03-10 16:58:35.984 3031 INFO urllib3.connectionpool [-] Starting new HTTP connection (1): 13.0.0.30
2015-03-10 16:58:35.984 3037 INFO urllib3.connectionpool [-] Starting new HTTP connection (1): 13.0.0.30
2015-03-10 16:58:35.988 3035 INFO neutron.plugins.ml2.managers [req-73c06bda-2095-4d31-b27c-ad3d412c6dbe None] Extended port dict for driver 'cisco_n1kv_ext'
2015-03-10 16:58:35.991 3035 INFO neutron.wsgi [req-73c06bda-2095-4d31-b27c-ad3d412c6dbe None] 13.0.0.3 - - [10/Mar/2015 16:58:35] "GET /v2.0/ports.json?fields=id&id=69c51bc7-6cba-4414-939d-860ab34c39d7 HTTP/1.1" 200 248 0.063816
2015-03-10 16:58:36.003 3032 INFO neutron.plugins.ml2.managers [req-c777119c-a67e-43f4-baeb-2b01018f71cf None] Extended port dict for driver 'cisco_n1kv_ext'
2015-03-10 16:58:36.008 3032 INFO neutron.wsgi [req-c777119c-a67e-43f4-baeb-2b01018f71cf None] 13.0.0.3 - - [10/Mar/2015 16:58:36] "GET /v2.0/ports/c8610e17-02b8-47ec-9319-ac69674fb298.json HTTP/1.1" 200 796 0.034213
2015-03-10 16:58:36.010 3037 INFO urllib3.connectionpool [-] Starting new HTTP connection (1): 13.0.0.30
2015-03-10 16:58:36.033 3035 INFO neutron.plugins.ml2.managers [req-56284628-aea6-4519-96b3-a02a9f81a02a None] Extended port dict for driver 'cisco_n1kv_ext'
2015-03-10 16:58:36.038 3035 INFO neutron.wsgi [req-56284628-aea6-4519-96b3-a02a9f81a02a None] 13.0.0.3 - - [10/Mar/2015 16:58:36] "GET /v2.0/ports/69c51bc7-6cba-4414-939d-860ab34c39d7.json HTTP/1.1" 200 796 0.044094
2015-03-10 16:58:36.061 3032 INFO urllib3.connectionpool [-] Starting new HTTP connection (1): 13.0.0.30
2015-03-10 16:58:36.065 3031 INFO neutron.notifiers.nova [-] Nova event response: {u'status': u'completed', u'tag': u'377bf9c3-c553-4b51-b24e-6d90c5ca89bb', u'name': u'network-vif-plugged', u'server_uuid': u'b24df04a-aa2c-4b02-87b9-791da0f5fb3c', u'code': 200}
2015-03-10 16:58:36.066 3031 INFO neutron.notifiers.nova [-] Nova event response: {u'status': u'completed', u'tag': u'2e4cc0ff-e2f8-46ae-9918-a90d413b274a', u'name': u'network-vif-plugged', u'server_uuid': u'4666bc70-62ca-448c-9d40-7510f5949881', u'code': 200}
2015-03-10 16:58:36.073 3037 INFO neutron.notifiers.nova [-] Nova event response: {u'status': u'completed', u'tag': u'1d5ae930-42f0-414b-b172-e6bcce5f3fa4', u'name': u'network-vif-plugged', u'server_uuid': u'1fff8b83-edde-4beb-a0bd-fe3e0caa6a1f', u'code': 200}
2015-03-10 16:58:36.092 3034 INFO neutron.notifiers.nova [-] Nova event response: {u'status': u'completed', u'code': 200, u'name': u'network-changed', u'server_uuid': u'a43df455-ba05-4433-a1ce-8b059e8de8dc'}
2015-03-10 16:58:36.096 3035 INFO neutron.wsgi [-] (3035) accepted ('13.0.0.3', 35365)
2015-03-10 16:58:36.100 3036 INFO neutron.notifiers.nova [-] Nova event response: {u'status': u'completed', u'tag': u'b8d9a677-2e8f-482f-a240-bdff65977e04', u'name': u'network-vif-plugged', u'server_uuid': u'9c2797da-1ae3-4c38-8b32-7300a2939ff5', u'code': 200}
2015-03-10 16:58:36.103 3037 INFO neutron.notifiers.nova [-] Nova event response: {u'status': u'completed', u'code': 200, u'name': u'network-changed', u'server_uuid': u'1fff8b83-edde-4beb-a0bd-fe3e0caa6a1f'}
2015-03-10 16:58:36.105 3031 INFO neutron.wsgi [-] (3031) accepted ('13.0.0.3', 35366)
2015-03-10 16:58:36.107 3036 INFO urllib3.connectionpool [-] Starting new HTTP connection (1): 13.0.0.30
2015-03-10 16:58:36.123 3032 INFO urllib3.connectionpool [-] Starting new HTTP connection (1): 13.0.0.30
2015-03-10 16:58:36.136 3031 INFO neutron.plugins.ml2.managers [req-95bc3d83-968e-4090-89ca-4ccb4b5df3fa None] Extended port dict for driver 'cisco_n1kv_ext'
2015-03-10 16:58:36.140 3031 INFO neutron.wsgi [req-95bc3d83-968e-4090-89ca-4ccb4b5df3fa None] 13.0.0.3 - - [10/Mar/2015 16:58:36] "GET /v2.0/ports.json?tenant_id=24afe42601c347968d6810ee38b6ee21&device_id=1fff8b83-edde-4beb-a0bd-fe3e0caa6a1f HTTP/1.1" 200 996 0.034180
2015-03-10 16:58:36.144 3031 INFO neutron.wsgi [-] (3031) accepted ('13.0.0.3', 35378)
2015-03-10 16:58:36.148 3035 INFO neutron.plugins.ml2.managers [req-3db19ecd-bc61-4c6e-b2ab-d2f46e438646 None] Extended port dict for driver 'cisco_n1kv_ext'
2015-03-10 16:58:36.151 3035 INFO neutron.wsgi [req-3db19ecd-bc61-4c6e-b2ab-d2f46e438646 None] 13.0.0.3 - - [10/Mar/2015 16:58:36] "GET /v2.0/ports.json?tenant_id=6edc90f14268442bb98940f1cef1ea39&device_id=a43df455-ba05-4433-a1ce-8b059e8de8dc HTTP/1.1" 200 996 0.054350
2015-03-10 16:58:36.154 3037 INFO neutron.wsgi [-] (3037) accepted ('13.0.0.3', 35379)
2015-03-10 16:58:36.163 3032 INFO neutron.notifiers.nova [-] Nova event response: {u'status': u'completed', u'tag': u'6184834b-d1d0-43f3-9155-ac4c4d72f798', u'name': u'network-vif-plugged', u'server_uuid': u'65c1c64d-b2cf-4718-923c-0d5d9f0a0de0', u'code': 200}
2015-03-10 16:58:36.180 3031 INFO neutron.plugins.ml2.managers [req-cc3722cf-c4bd-48ec-a82b-2b98c9116b21 None] Extended network dict for driver 'cisco_n1kv_ext'
2015-03-10 16:58:36.186 3031 INFO neutron.wsgi [req-cc3722cf-c4bd-48ec-a82b-2b98c9116b21 None] 13.0.0.3 - - [10/Mar/2015 16:58:36] "GET /v2.0/networks.json?id=2fee40eb-14f7-4a16-9e38-ac543bbe7167 HTTP/1.1" 200 577 0.042062
2015-03-10 16:58:36.191 3037 INFO neutron.plugins.ml2.managers [req-99418ccc-5c7f-46c2-9034-18731f4c4803 None] Extended network dict for driver 'cisco_n1kv_ext'
2015-03-10 16:58:36.194 3031 INFO neutron.wsgi [-] (3031) accepted ('13.0.0.3', 35381)
2015-03-10 16:58:36.197 3037 INFO neutron.wsgi [req-99418ccc-5c7f-46c2-9034-18731f4c4803 None] 13.0.0.3 - - [10/Mar/2015 16:58:36] "GET /v2.0/networks.json?id=95fe1a55-acbb-496d-95a5-33341e714223 HTTP/1.1" 200 577 0.041758
2015-03-10 16:58:36.199 3035 INFO neutron.wsgi [-] (3035) accepted ('13.0.0.3', 35382)
2015-03-10 16:58:36.208 3027 INFO neutron.wsgi [-] (3027) accepted ('13.0.0.3', 35383)
2015-03-10 16:58:36.209 3031 INFO neutron.notifiers.nova [-] Nova event response: {u'status': u'completed', u'code': 200, u'name': u'network-changed', u'server_uuid': u'b24df04a-aa2c-4b02-87b9-791da0f5fb3c'}
2015-03-10 16:58:36.209 3031 INFO neutron.notifiers.nova [-] Nova event response: {u'status': u'completed', u'code': 200, u'name': u'network-changed', u'server_uuid': u'4666bc70-62ca-448c-9d40-7510f5949881'}
2015-03-10 16:58:36.209 3032 INFO neutron.notifiers.nova [-] Nova event response: {u'status': u'completed', u'code': 200, u'name': u'network-changed', u'server_uuid': u'65c1c64d-b2cf-4718-923c-0d5d9f0a0de0'}
2015-03-10 16:58:36.210 3031 INFO neutron.wsgi [req-9bdf4316-51fc-4245-919e-ee808921ddc9 None] 13.0.0.3 - - [10/Mar/2015 16:58:36] "GET /v2.0/floatingips.json?fixed_ip_address=14.5.1.2&port_id=1d5ae930-42f0-414b-b172-e6bcce5f3fa4 HTTP/1.1" 200 208 0.015798
2015-03-10 16:58:36.213 3035 INFO neutron.wsgi [req-a109cab5-fcde-4cc0-8d37-ccc196c6ad3b None] 13.0.0.3 - - [10/Mar/2015 16:58:36] "GET /v2.0/floatingips.json?fixed_ip_address=14.8.0.2&port_id=940f5bf2-4bd5-410d-9382-061e1543d98f HTTP/1.1" 200 208 0.012722
2015-03-10 16:58:36.218 3030 INFO neutron.wsgi [-] (3030) accepted ('13.0.0.3', 35384)
2015-03-10 16:58:36.222 3031 INFO neutron.wsgi [-] (3031) accepted ('13.0.0.3', 35385)
2015-03-10 16:58:36.224 3031 INFO neutron.wsgi [-] (3031) accepted ('13.0.0.3', 35386)
2015-03-10 16:58:36.227 3031 INFO neutron.wsgi [-] (3031) accepted ('13.0.0.3', 35387)
2015-03-10 16:58:36.249 3027 INFO neutron.plugins.ml2.managers [req-a8f67dea-ebd3-4938-9674-368ec49638d0 None] Extended port dict for driver 'cisco_n1kv_ext'
2015-03-10 16:58:36.252 3027 INFO neutron.wsgi [req-a8f67dea-ebd3-4938-9674-368ec49638d0 None] 13.0.0.3 - - [10/Mar/2015 16:58:36] "GET /v2.0/ports.json?tenant_id=515e9e6228364df6b3bf5eb9580a2db2&device_id=b24df04a-aa2c-4b02-87b9-791da0f5fb3c HTTP/1.1" 200 996 0.043914
2015-03-10 16:58:36.256 3034 INFO neutron.wsgi [-] (3034) accepted ('13.0.0.3', 35390)
2015-03-10 16:58:36.274 3030 INFO neutron.plugins.ml2.managers [req-0ac40d9a-b0de-4949-8e38-50be0eac49fa None] Extended port dict for driver 'cisco_n1kv_ext'
2015-03-10 16:58:36.277 3030 INFO neutron.wsgi [req-0ac40d9a-b0de-4949-8e38-50be0eac49fa None] 13.0.0.3 - - [10/Mar/2015 16:58:36] "GET /v2.0/ports.json?tenant_id=f80d64c35ee547899d0ebb34f2c104fd&device_id=65c1c64d-b2cf-4718-923c-0d5d9f0a0de0 HTTP/1.1" 200 996 0.046619
2015-03-10 16:58:36.278 3031 INFO neutron.plugins.ml2.managers [req-87fcb800-1d76-4e70-adaa-beaa79a265b6 None] Extended port dict for driver 'cisco_n1kv_ext'
2015-03-10 16:58:36.280 3040 INFO neutron.wsgi [-] (3040) accepted ('13.0.0.3', 35391)
2015-03-10 16:58:36.285 3031 INFO neutron.wsgi [req-87fcb800-1d76-4e70-adaa-beaa79a265b6 None] 13.0.0.3 - - [10/Mar/2015 16:58:36] "GET /v2.0/ports.json?tenant_id=f55c6ac5ec2347c89f625e6bace7d003&device_id=4666bc70-62ca-448c-9d40-7510f5949881 HTTP/1.1" 200 997 0.048735
2015-03-10 16:58:36.286 3031 INFO neutron.plugins.ml2.managers [req-7a10a38b-cbc2-482f-9415-378cfc772828 None] Extended subnet dict for driver 'cisco_n1kv_ext'
2015-03-10 16:58:36.288 3035 INFO neutron.wsgi [-] (3035) accepted ('13.0.0.3', 35392)
2015-03-10 16:58:36.288 3034 INFO neutron.plugins.ml2.managers [req-0705cc0e-079b-4155-9e23-9b45fc4597f5 None] Extended network dict for driver 'cisco_n1kv_ext'
2015-03-10 16:58:36.288 3031 INFO neutron.wsgi [req-7a10a38b-cbc2-482f-9415-378cfc772828 None] 13.0.0.3 - - [10/Mar/2015 16:58:36] "GET /v2.0/subnets.json?id=6a1a6ed1-98f6-4866-9ef3-b6d38e1d358d HTTP/1.1" 200 623 0.060011
2015-03-10 16:58:36.290 3025 INFO neutron.wsgi [-] (3025) accepted ('13.0.0.3', 35395)
2015-03-10 16:58:36.296 3034 INFO neutron.wsgi [req-0705cc0e-079b-4155-9e23-9b45fc4597f5 None] 13.0.0.3 - - [10/Mar/2015 16:58:36] "GET /v2.0/networks.json?id=3149049e-c2d0-43ec-bccc-45b4e9dcd6b8 HTTP/1.1" 200 577 0.038377
2015-03-10 16:58:36.299 3040 INFO neutron.wsgi [-] (3040) accepted ('13.0.0.3', 35399)
2015-03-10 16:58:36.314 3031 INFO neutron.plugins.ml2.managers [req-c27ffeb7-1843-45a6-ab56-ccb28efb6f5b None] Extended subnet dict for driver 'cisco_n1kv_ext'
2015-03-10 16:58:36.316 3031 INFO neutron.wsgi [req-c27ffeb7-1843-45a6-ab56-ccb28efb6f5b None] 13.0.0.3 - - [10/Mar/2015 16:58:36] "GET /v2.0/subnets.json?id=c52460f9-a4d0-43f9-8977-f32e7d84f699 HTTP/1.1" 200 623 0.057607
2015-03-10 16:58:36.319 3031 INFO neutron.wsgi [-] (3031) accepted ('13.0.0.3', 35415)
2015-03-10 16:58:36.321 3035 INFO neutron.plugins.ml2.managers [req-bf0c22e3-2489-4f72-ad12-516347696023 None] Extended network dict for driver 'cisco_n1kv_ext'
2015-03-10 16:58:36.325 3025 INFO neutron.wsgi [req-77c5ace3-3987-42c6-946b-bc675e55f1b4 None] 13.0.0.3 - - [10/Mar/2015 16:58:36] "GET /v2.0/ports.json?network_id=2fee40eb-14f7-4a16-9e38-ac543bbe7167&device_owner=network%3Adhcp HTTP/1.1" 200 202 0.034525
2015-03-10 16:58:36.326 3035 INFO neutron.wsgi [req-bf0c22e3-2489-4f72-ad12-516347696023 None] 13.0.0.3 - - [10/Mar/2015 16:58:36] "GET /v2.0/networks.json?id=a460d016-1885-4682-b1b8-74f026c314ac HTTP/1.1" 200 577 0.037373
2015-03-10 16:58:36.330 3038 INFO neutron.wsgi [-] (3038) accepted ('13.0.0.3', 35418)
2015-03-10 16:58:36.333 3040 INFO neutron.plugins.ml2.managers [req-d810a0ad-11b1-4801-880e-4867c2712df0 None] Extended network dict for driver 'cisco_n1kv_ext'
2015-03-10 16:58:36.339 3040 INFO neutron.wsgi [req-d810a0ad-11b1-4801-880e-4867c2712df0 None] 13.0.0.3 - - [10/Mar/2015 16:58:36] "GET /v2.0/networks.json?id=fc4b9c69-db77-46cd-a0c4-c35aac1f50ef HTTP/1.1" 200 577 0.057521
2015-03-10 16:58:36.342 3040 INFO neutron.wsgi [-] (3040) accepted ('13.0.0.3', 35419)
2015-03-10 16:58:36.345 3031 INFO neutron.wsgi [req-88f27b87-46ec-48dc-befb-fded218677fa None] 13.0.0.3 - - [10/Mar/2015 16:58:36] "GET /v2.0/ports.json?network_id=95fe1a55-acbb-496d-95a5-33341e714223&device_owner=network%3Adhcp HTTP/1.1" 200 202 0.025158
2015-03-10 16:58:36.364 3038 INFO neutron.wsgi [req-6ffe5531-adbd-4b92-af3d-c019a940311e None] 13.0.0.3 - - [10/Mar/2015 16:58:36] "GET /v2.0/floatingips.json?fixed_ip_address=14.10.0.2&port_id=2e4cc0ff-e2f8-46ae-9918-a90d413b274a HTTP/1.1" 200 208 0.033209
2015-03-10 16:58:36.364 3040 INFO neutron.wsgi [req-22342585-f631-48f4-b018-b1378b51aa0c None] 13.0.0.3 - - [10/Mar/2015 16:58:36] "GET /v2.0/floatingips.json?fixed_ip_address=14.7.0.2&port_id=377bf9c3-c553-4b51-b24e-6d90c5ca89bb HTTP/1.1" 200 208 0.064389
2015-03-10 16:58:36.367 3032 INFO neutron.wsgi [-] (3032) accepted ('13.0.0.3', 35420)
2015-03-10 16:58:36.369 3032 INFO neutron.wsgi [-] (3032) accepted ('13.0.0.3', 35421)
2015-03-10 16:58:36.372 3036 INFO neutron.notifiers.nova [-] Nova event response: {u'status': u'completed', u'code': 200, u'name': u'network-changed', u'server_uuid': u'9c2797da-1ae3-4c38-8b32-7300a2939ff5'}
2015-03-10 16:58:36.373 3031 INFO neutron.wsgi [-] (3031) accepted ('13.0.0.3', 35422)
2015-03-10 16:58:36.375 3040 INFO neutron.wsgi [req-1efed5fc-fd09-45fe-8386-cc7c018b67eb None] 13.0.0.3 - - [10/Mar/2015 16:58:36] "GET /v2.0/floatingips.json?fixed_ip_address=14.2.0.2&port_id=6184834b-d1d0-43f3-9155-ac4c4d72f798 HTTP/1.1" 200 208 0.032259
2015-03-10 16:58:36.377 3040 INFO neutron.wsgi [-] (3040) accepted ('13.0.0.3', 35425)
2015-03-10 16:58:36.394 3040 INFO neutron.plugins.ml2.managers [req-f67fd9e5-33bd-4f9e-aba4-915e52861b74 None] Extended subnet dict for driver 'cisco_n1kv_ext'
2015-03-10 16:58:36.395 3031 INFO neutron.plugins.ml2.managers [req-f5e7cc7e-39cf-49ab-9a73-4f54a2310ea8 None] Extended port dict for driver 'cisco_n1kv_ext'
2015-03-10 16:58:36.396 3038 INFO neutron.wsgi [-] (3038) accepted ('13.0.0.3', 35431)
2015-03-10 16:58:36.396 3040 INFO neutron.wsgi [req-f67fd9e5-33bd-4f9e-aba4-915e52861b74 None] 13.0.0.3 - - [10/Mar/2015 16:58:36] "GET /v2.0/subnets.json?id=80e3fa4d-8bc8-4efb-9f0a-b2c592a1eb6d HTTP/1.1" 200 623 0.018420
2015-03-10 16:58:36.398 3033 INFO neutron.wsgi [-] (3033) accepted ('13.0.0.3', 35432)
2015-03-10 16:58:36.399 3031 INFO neutron.wsgi [req-f5e7cc7e-39cf-49ab-9a73-4f54a2310ea8 None] 13.0.0.3 - - [10/Mar/2015 16:58:36] "GET /v2.0/ports.json?tenant_id=e04e08f3e4c9446f997947b7390c8f73&device_id=9c2797da-1ae3-4c38-8b32-7300a2939ff5 HTTP/1.1" 200 996 0.025257
2015-03-10 16:58:36.402 3031 INFO neutron.wsgi [-] (3031) accepted ('13.0.0.3', 35433)
2015-03-10 16:58:36.412 3032 INFO neutron.plugins.ml2.managers [req-7629c9ab-189f-4e90-8a32-862346e9dcc5 None] Extended subnet dict for driver 'cisco_n1kv_ext'
2015-03-10 16:58:36.413 3032 INFO neutron.wsgi [req-7629c9ab-189f-4e90-8a32-862346e9dcc5 None] 13.0.0.3 - - [10/Mar/2015 16:58:36] "GET /v2.0/subnets.json?id=9fbe8b55-4012-4070-b005-3a8f61723d30 HTTP/1.1" 200 627 0.043235
2015-03-10 16:58:36.426 3040 INFO neutron.wsgi [-] (3040) accepted ('13.0.0.3', 35437)
2015-03-10 16:58:36.429 3032 INFO neutron.plugins.ml2.managers [req-054f1726-d3e4-402f-85fb-a2fe9e47b5a6 None] Extended subnet dict for driver 'cisco_n1kv_ext'
2015-03-10 16:58:36.430 3032 INFO neutron.wsgi [req-054f1726-d3e4-402f-85fb-a2fe9e47b5a6 None] 13.0.0.3 - - [10/Mar/2015 16:58:36] "GET /v2.0/subnets.json?id=d9735b82-9632-423e-8aa6-748c3ad82cb1 HTTP/1.1" 200 623 0.049049
2015-03-10 16:58:36.433 3025 INFO neutron.wsgi [-] (3025) accepted ('13.0.0.3', 35446)
2015-03-10 16:58:36.438 3038 INFO neutron.plugins.ml2.managers [req-0d770bc9-a5d5-4cab-b689-63b0508cf3bd None] Extended port dict for driver 'cisco_n1kv_ext'
2015-03-10 16:58:36.441 3038 INFO neutron.wsgi [req-0d770bc9-a5d5-4cab-b689-63b0508cf3bd None] 13.0.0.3 - - [10/Mar/2015 16:58:36] "GET /v2.0/ports/2c5d2b43-b184-4c83-b6f2-e193b4c03800.json HTTP/1.1" 200 797 0.043857
2015-03-10 16:58:36.448 3031 INFO neutron.plugins.ml2.managers [req-762dd2cb-0726-4bcd-96f9-9eb45b45a277 None] Extended network dict for driver 'cisco_n1kv_ext'
2015-03-10 16:58:36.455 3031 INFO neutron.wsgi [req-762dd2cb-0726-4bcd-96f9-9eb45b45a277 None] 13.0.0.3 - - [10/Mar/2015 16:58:36] "GET /v2.0/networks.json?id=21d85e2d-388a-437f-b60b-ae825d3cd0a2 HTTP/1.1" 200 577 0.052350
2015-03-10 16:58:36.455 3033 INFO neutron.wsgi [req-bc79ae88-e733-4892-aa6f-853f8d1e1b6f None] 13.0.0.3 - - [10/Mar/2015 16:58:36] "GET /v2.0/ports.json?network_id=fc4b9c69-db77-46cd-a0c4-c35aac1f50ef&device_owner=network%3Adhcp HTTP/1.1" 200 202 0.056021
2015-03-10 16:58:36.458 3028 INFO neutron.wsgi [-] (3028) accepted ('13.0.0.3', 35453)
2015-03-10 16:58:36.474 3025 INFO neutron.wsgi [req-3be28466-f61a-4133-8b97-84630b699352 None] 13.0.0.3 - - [10/Mar/2015 16:58:36] "GET /v2.0/ports.json?network_id=3149049e-c2d0-43ec-bccc-45b4e9dcd6b8&device_owner=network%3Adhcp HTTP/1.1" 200 202 0.039753
2015-03-10 16:58:36.475 3040 INFO neutron.wsgi [req-f87326f4-5afd-4904-8c85-5cc19c800565 None] 13.0.0.3 - - [10/Mar/2015 16:58:36] "GET /v2.0/ports.json?network_id=a460d016-1885-4682-b1b8-74f026c314ac&device_owner=network%3Adhcp HTTP/1.1" 200 202 0.048785
2015-03-10 16:58:36.483 3028 INFO neutron.wsgi [req-40e30ab0-7e44-42ff-93c2-75cdb98ee7eb None] 13.0.0.3 - - [10/Mar/2015 16:58:36] "GET /v2.0/floatingips.json?fixed_ip_address=14.4.0.2&port_id=b8d9a677-2e8f-482f-a240-bdff65977e04 HTTP/1.1" 200 208 0.024259
2015-03-10 16:58:36.486 3030 INFO neutron.wsgi [-] (3030) accepted ('13.0.0.3', 35458)
2015-03-10 16:58:36.513 3036 INFO neutron.wsgi [-] (3036) accepted ('13.0.0.3', 35462)
2015-03-10 16:58:36.517 3030 INFO neutron.plugins.ml2.managers [req-c144ebb9-a620-496e-a4a6-6d859f1cbba0 None] Extended subnet dict for driver 'cisco_n1kv_ext'
2015-03-10 16:58:36.518 3030 INFO neutron.wsgi [req-c144ebb9-a620-496e-a4a6-6d859f1cbba0 None] 13.0.0.3 - - [10/Mar/2015 16:58:36] "GET /v2.0/subnets.json?id=5de8896c-b451-400b-a491-36ae3ec81021 HTTP/1.1" 200 623 0.030872
2015-03-10 16:58:36.521 3030 INFO neutron.wsgi [-] (3030) accepted ('13.0.0.3', 35463)
2015-03-10 16:58:36.540 3030 INFO neutron.wsgi [req-f6223cd1-bc8c-4990-bdc2-5ee92ed910ec None] 13.0.0.3 - - [10/Mar/2015 16:58:36] "GET /v2.0/ports.json?network_id=21d85e2d-388a-437f-b60b-ae825d3cd0a2&device_owner=network%3Adhcp HTTP/1.1" 200 202 0.018249
2015-03-10 16:58:36.544 3039 INFO neutron.wsgi [-] (3039) accepted ('13.0.0.3', 35469)
2015-03-10 16:58:36.556 3036 INFO neutron.plugins.ml2.managers [req-400d368b-8a65-4916-bbcd-ea589fb14ab4 None] Extended port dict for driver 'cisco_n1kv_ext'
2015-03-10 16:58:36.560 3036 INFO neutron.wsgi [req-400d368b-8a65-4916-bbcd-ea589fb14ab4 None] 13.0.0.3 - - [10/Mar/2015 16:58:36] "GET /v2.0/ports/20ac51f4-f2e1-4072-8a06-7578ce21138d.json HTTP/1.1" 200 796 0.045544
2015-03-10 16:58:36.577 3039 INFO neutron.plugins.ml2.managers [req-959cfc1c-1b5a-43d3-bbdb-da7abaf05b1b None] Extended port dict for driver 'cisco_n1kv_ext'
2015-03-10 16:58:36.580 3039 INFO neutron.wsgi [req-959cfc1c-1b5a-43d3-bbdb-da7abaf05b1b None] 13.0.0.3 - - [10/Mar/2015 16:58:36] "GET /v2.0/ports/c0256d62-62de-48e9-a8ef-33090e552cd4.json HTTP/1.1" 200 772 0.035526
2015-03-10 16:58:36.584 3039 INFO neutron.wsgi [-] (3039) accepted ('13.0.0.3', 35477)
2015-03-10 16:58:36.626 3039 INFO neutron.plugins.ml2.managers [req-08b2db4b-9147-4ae2-89b3-6295c71bc94f None] Extended port dict for driver 'cisco_n1kv_ext'
2015-03-10 16:58:36.627 3039 INFO neutron.wsgi [req-08b2db4b-9147-4ae2-89b3-6295c71bc94f None] 13.0.0.3 - - [10/Mar/2015 16:58:36] "GET /v2.0/ports/c0256d62-62de-48e9-a8ef-33090e552cd4.json?fields=binding%3Avnic_type&fields=network_id HTTP/1.1" 200 284 0.042149
2015-03-10 16:58:36.663 3039 INFO neutron.wsgi [-] (3039) accepted ('13.0.0.3', 35491)
2015-03-10 16:58:36.695 3039 INFO neutron.plugins.ml2.managers [req-a217f28e-52a3-4e32-ba47-3888fdf384c4 None] Extended port dict for driver 'cisco_n1kv_ext'
2015-03-10 16:58:36.698 3039 INFO neutron.wsgi [req-a217f28e-52a3-4e32-ba47-3888fdf384c4 None] 13.0.0.3 - - [10/Mar/2015 16:58:36] "GET /v2.0/ports/5983fbc6-8a53-4a42-ba25-cbed8379c144.json HTTP/1.1" 200 772 0.034140
2015-03-10 16:58:36.702 3039 INFO neutron.wsgi [-] (3039) accepted ('13.0.0.3', 35498)
2015-03-10 16:58:36.715 3039 TRACE keystonemiddleware.auth_token Traceback (most recent call last):
2015-03-10 16:58:36.715 3039 TRACE keystonemiddleware.auth_token   File "/usr/lib/python2.7/site-packages/keystonemiddleware/auth_token.py", line 874, in _validate_token
2015-03-10 16:58:36.715 3039 TRACE keystonemiddleware.auth_token     expires = _confirm_token_not_expired(data)
2015-03-10 16:58:36.715 3039 TRACE keystonemiddleware.auth_token   File "/usr/lib/python2.7/site-packages/keystonemiddleware/auth_token.py", line 452, in _confirm_token_not_expired
2015-03-10 16:58:36.715 3039 TRACE keystonemiddleware.auth_token     raise InvalidToken('Token authorization failed')
2015-03-10 16:58:36.715 3039 TRACE keystonemiddleware.auth_token InvalidToken: Token authorization failed
2015-03-10 16:58:36.715 3039 TRACE keystonemiddleware.auth_token 
2015-03-10 16:58:36.717 3039 INFO keystonemiddleware.auth_token [-] Invalid user token - rejecting request
2015-03-10 16:58:36.717 3039 INFO neutron.wsgi [-] 13.0.0.3 - - [10/Mar/2015 16:58:36] "GET /v2.0/ports/5983fbc6-8a53-4a42-ba25-cbed8379c144.json?fields=binding%3Avnic_type&fields=network_id HTTP/1.1" 401 258 0.014080
2015-03-10 16:58:36.741 3039 INFO neutron.wsgi [-] (3039) accepted ('13.0.0.3', 35503)
2015-03-10 16:58:36.757 3039 INFO neutron.wsgi [req-271b6fe7-a0f8-47c8-a9db-f39c42f75361 None] 13.0.0.3 - - [10/Mar/2015 16:58:36] "GET /v2.0/ports.json?device_id=c31f6e90-0205-40db-a008-63b9fdcb78dd HTTP/1.1" 200 202 0.014610
2015-03-10 16:58:36.929 3037 INFO neutron.wsgi [-] (3037) accepted ('13.0.0.3', 35520)
2015-03-10 16:58:36.971 3037 INFO neutron.plugins.ml2.managers [req-7a1296a2-2314-4a38-9847-6dcaf3097b6f None] Extended port dict for driver 'cisco_n1kv_ext'
2015-03-10 16:58:36.972 3037 INFO neutron.wsgi [req-7a1296a2-2314-4a38-9847-6dcaf3097b6f None] 13.0.0.3 - - [10/Mar/2015 16:58:36] "GET /v2.0/ports/5983fbc6-8a53-4a42-ba25-cbed8379c144.json?fields=binding%3Avnic_type&fields=network_id HTTP/1.1" 200 284 0.042318
2015-03-10 16:58:37.131 3027 INFO neutron.wsgi [-] (3027) accepted ('13.0.0.3', 35556)
2015-03-10 16:58:37.135 3037 INFO neutron.wsgi [-] (3037) accepted ('13.0.0.3', 35558)
2015-03-10 16:58:37.170 3027 INFO neutron.wsgi [req-6edb41bf-ff1a-422d-9fef-f3c3fcb915b6 None] 13.0.0.3 - - [10/Mar/2015 16:58:37] "GET /v2.0/ports.json?device_id=7c9fff3e-3351-4314-b4ea-74815da23c37 HTTP/1.1" 200 202 0.038397
2015-03-10 16:58:37.175 3037 INFO neutron.plugins.ml2.managers [req-be31d949-1458-4d37-b2a6-fbfcec30de51 None] Extended port dict for driver 'cisco_n1kv_ext'
2015-03-10 16:58:37.178 3037 INFO neutron.wsgi [req-be31d949-1458-4d37-b2a6-fbfcec30de51 None] 13.0.0.3 - - [10/Mar/2015 16:58:37] "GET /v2.0/ports/c5a341df-6fa9-4973-b372-81f6c7ff7bd4.json HTTP/1.1" 200 773 0.042002
2015-03-10 16:58:37.181 3037 INFO neutron.wsgi [-] (3037) accepted ('13.0.0.3', 35564)
2015-03-10 16:58:37.184 3026 INFO neutron.wsgi [-] (3026) accepted ('13.0.0.3', 35569)
2015-03-10 16:58:37.198 3032 INFO neutron.wsgi [-] (3032) accepted ('13.0.0.3', 35573)
2015-03-10 16:58:37.197 3037 TRACE keystonemiddleware.auth_token Traceback (most recent call last):
2015-03-10 16:58:37.197 3037 TRACE keystonemiddleware.auth_token   File "/usr/lib/python2.7/site-packages/keystonemiddleware/auth_token.py", line 874, in _validate_token
2015-03-10 16:58:37.197 3037 TRACE keystonemiddleware.auth_token     expires = _confirm_token_not_expired(data)
2015-03-10 16:58:37.197 3037 TRACE keystonemiddleware.auth_token   File "/usr/lib/python2.7/site-packages/keystonemiddleware/auth_token.py", line 452, in _confirm_token_not_expired
2015-03-10 16:58:37.197 3037 TRACE keystonemiddleware.auth_token     raise InvalidToken('Token authorization failed')
2015-03-10 16:58:37.197 3037 TRACE keystonemiddleware.auth_token InvalidToken: Token authorization failed
2015-03-10 16:58:37.197 3037 TRACE keystonemiddleware.auth_token 
2015-03-10 16:58:37.198 3037 INFO keystonemiddleware.auth_token [-] Invalid user token - rejecting request
2015-03-10 16:58:37.199 3037 INFO neutron.wsgi [-] 13.0.0.3 - - [10/Mar/2015 16:58:37] "GET /v2.0/ports/c5a341df-6fa9-4973-b372-81f6c7ff7bd4.json?fields=binding%3Avnic_type&fields=network_id HTTP/1.1" 401 258 0.017723
2015-03-10 16:58:37.227 3026 INFO neutron.plugins.ml2.managers [req-ba138e6d-ca74-4bc2-8d03-6378af0df26e None] Extended port dict for driver 'cisco_n1kv_ext'
2015-03-10 16:58:37.230 3026 INFO neutron.wsgi [req-ba138e6d-ca74-4bc2-8d03-6378af0df26e None] 13.0.0.3 - - [10/Mar/2015 16:58:37] "GET /v2.0/ports/c8610e17-02b8-47ec-9319-ac69674fb298.json HTTP/1.1" 200 796 0.045076
2015-03-10 16:58:37.238 3032 INFO neutron.plugins.ml2.managers [req-09f2631c-dc30-49fe-ae69-8bc39320957c None] Extended port dict for driver 'cisco_n1kv_ext'
2015-03-10 16:58:37.242 3032 INFO neutron.wsgi [req-09f2631c-dc30-49fe-ae69-8bc39320957c None] 13.0.0.3 - - [10/Mar/2015 16:58:37] "GET /v2.0/ports/c0256d62-62de-48e9-a8ef-33090e552cd4.json HTTP/1.1" 200 772 0.043760
2015-03-10 16:58:37.245 3028 INFO neutron.wsgi [-] (3028) accepted ('13.0.0.3', 35586)
2015-03-10 16:58:37.275 3028 INFO neutron.plugins.ml2.managers [req-8e078d79-f43c-48a2-873f-9b8bd4758903 None] Extended network dict for driver 'cisco_n1kv_ext'
2015-03-10 16:58:37.281 3028 INFO neutron.wsgi [req-8e078d79-f43c-48a2-873f-9b8bd4758903 None] 13.0.0.3 - - [10/Mar/2015 16:58:37] "GET /v2.0/networks.json?id=798c6540-3c5f-4756-8bb6-a9c268397f77 HTTP/1.1" 200 462 0.035156
2015-03-10 16:58:37.283 3028 INFO neutron.wsgi [-] (3028) accepted ('13.0.0.3', 35590)
2015-03-10 16:58:37.296 3035 INFO neutron.wsgi [-] (3035) accepted ('13.0.0.3', 35592)
2015-03-10 16:58:37.312 3028 INFO neutron.plugins.ml2.managers [req-8c362dca-c04a-4ed4-8ba9-24fd3c3c833d None] Extended port dict for driver 'cisco_n1kv_ext'
2015-03-10 16:58:37.324 3028 INFO neutron.plugins.ml2.managers [req-8c362dca-c04a-4ed4-8ba9-24fd3c3c833d None] Extended port dict for driver 'cisco_n1kv_ext'
2015-03-10 16:58:37.331 3035 INFO neutron.plugins.ml2.managers [req-19b1a492-f52b-4b5c-9d31-bd91e620b4b7 None] Extended port dict for driver 'cisco_n1kv_ext'
2015-03-10 16:58:37.333 3035 INFO neutron.wsgi [req-19b1a492-f52b-4b5c-9d31-bd91e620b4b7 None] 13.0.0.3 - - [10/Mar/2015 16:58:37] "GET /v2.0/ports/69c51bc7-6cba-4414-939d-860ab34c39d7.json HTTP/1.1" 200 796 0.036291
2015-03-10 16:58:37.341 3028 INFO neutron.plugins.ml2.managers [req-8c362dca-c04a-4ed4-8ba9-24fd3c3c833d None] Extended port dict for driver 'cisco_n1kv_ext'
2015-03-10 16:58:37.345 3035 INFO neutron.wsgi [-] (3035) accepted ('13.0.0.3', 35609)
2015-03-10 16:58:37.351 3028 INFO neutron.plugins.ml2.managers [req-8c362dca-c04a-4ed4-8ba9-24fd3c3c833d None] Extended network dict for driver 'cisco_n1kv_ext'
2015-03-10 16:58:37.380 3035 INFO neutron.plugins.ml2.managers [req-19572374-5673-4de7-a190-df2def8e9c7d None] Extended port dict for driver 'cisco_n1kv_ext'
2015-03-10 16:58:37.381 3035 INFO neutron.wsgi [req-19572374-5673-4de7-a190-df2def8e9c7d None] 13.0.0.3 - - [10/Mar/2015 16:58:37] "GET /v2.0/ports/c5a341df-6fa9-4973-b372-81f6c7ff7bd4.json?fields=binding%3Avnic_type&fields=network_id HTTP/1.1" 200 284 0.035535
2015-03-10 16:58:37.389 3028 INFO neutron.plugins.ml2.managers [req-8c362dca-c04a-4ed4-8ba9-24fd3c3c833d None] Extended port dict for driver 'cisco_n1kv_ext'
2015-03-10 16:58:37.392 3028 INFO neutron.plugins.ml2.managers [req-8c362dca-c04a-4ed4-8ba9-24fd3c3c833d None] Extended port dict for driver 'cisco_n1kv_ext'
2015-03-10 16:58:37.402 3028 INFO neutron.plugins.ml2.managers [req-8c362dca-c04a-4ed4-8ba9-24fd3c3c833d None] Extended network dict for driver 'cisco_n1kv_ext'
2015-03-10 16:58:37.423 3028 INFO neutron.plugins.ml2.managers [req-8c362dca-c04a-4ed4-8ba9-24fd3c3c833d None] Extended network dict for driver 'cisco_n1kv_ext'
