2015-03-08 12:14:17.438 25033 INFO urllib3.connectionpool [-] Starting new HTTP connection (1): 13.0.0.250
2015-03-08 14:17:25.424 1279 INFO urllib3.connectionpool [-] Starting new HTTP connection (1): 13.0.0.250
2015-03-09 03:14:17.216 15297 INFO neutron.plugins.ml2.managers [req-22a5a122-380b-42d3-a094-eb1d6cc51eb1 None] Extended network dict for driver 'cisco_n1kv_ext'
2015-03-09 03:14:17.220 15297 INFO neutron.wsgi [req-22a5a122-380b-42d3-a094-eb1d6cc51eb1 None] 13.0.0.3 - - [09/Mar/2015 03:14:17] "GET /v2.0/networks.json?id=e77389a6-9184-4fca-b165-0890a870c719 HTTP/1.1" 200 577 0.283528
2015-03-09 03:14:17.223 15297 INFO neutron.wsgi [-] (15297) accepted ('13.0.0.3', 39839)
2015-03-09 03:14:17.228 15297 INFO neutron.wsgi [req-de39e876-b923-40f9-b89b-b0dcb6904181 None] 13.0.0.3 - - [09/Mar/2015 03:14:17] "GET /v2.0/floatingips.json?fixed_ip_address=14.3.8.2&port_id=fe00c59b-3770-48a8-a4a8-a8468b9d98a7 HTTP/1.1" 200 208 0.005291
2015-03-09 03:14:17.231 15303 INFO neutron.wsgi [-] (15303) accepted ('13.0.0.3', 39840)
2015-03-09 03:14:17.355 15303 INFO neutron.plugins.ml2.managers [req-667836fd-b2a8-4ffa-9289-66bb57cea74a None] Extended subnet dict for driver 'cisco_n1kv_ext'
2015-03-09 03:14:17.356 15303 INFO neutron.wsgi [req-667836fd-b2a8-4ffa-9289-66bb57cea74a None] 13.0.0.3 - - [09/Mar/2015 03:14:17] "GET /v2.0/subnets.json?id=4dabaed6-2125-42af-abe1-422523a4ff5c HTTP/1.1" 200 622 0.124071
2015-03-09 03:14:17.358 15303 INFO neutron.wsgi [-] (15303) accepted ('13.0.0.3', 39843)
2015-03-09 03:14:17.376 15303 INFO neutron.plugins.ml2.managers [req-0f690875-673f-42f3-a8ec-b3422a4014aa None] Extended port dict for driver 'cisco_n1kv_ext'
2015-03-09 03:14:17.377 15303 INFO neutron.wsgi [req-0f690875-673f-42f3-a8ec-b3422a4014aa None] 13.0.0.3 - - [09/Mar/2015 03:14:17] "GET /v2.0/ports.json?network_id=e77389a6-9184-4fca-b165-0890a870c719&device_owner=network%3Adhcp HTTP/1.1" 200 983 0.018653
2015-03-09 10:14:17.050 21840 INFO neutron.plugins.ml2.managers [req-522f1138-d89e-4317-9f46-cdef5f98ea59 None] Extended port dict for driver 'cisco_n1kv_ext'
2015-03-09 10:14:17.052 21840 INFO neutron.wsgi [req-522f1138-d89e-4317-9f46-cdef5f98ea59 None] 13.0.0.3 - - [09/Mar/2015 10:14:17] "GET /v2.0/ports.json?network_id=765dbe2d-501a-404a-ad50-d451517ee867&device_owner=network%3Adhcp HTTP/1.1" 200 984 0.133901
2015-03-09 14:17:19.629 13613 INFO neutron.wsgi [-] (13613) accepted ('13.0.0.3', 46768)
2015-03-09 14:17:19.632 13613 INFO urllib3.connectionpool [-] Resetting dropped connection: 13.0.0.25
2015-03-09 14:17:19.701 13613 INFO neutron.plugins.ml2.managers [req-0e6b3913-1d94-4aea-b2dc-0dd47a9a9add None] Extended port dict for driver 'cisco_n1kv_ext'
2015-03-09 14:17:19.703 13613 INFO neutron.wsgi [req-0e6b3913-1d94-4aea-b2dc-0dd47a9a9add None] 13.0.0.3 - - [09/Mar/2015 14:17:19] "GET /v2.0/ports.json?tenant_id=6edc90f14268442bb98940f1cef1ea39&device_id=13c9752a-f52a-44eb-8c47-bc44e1351a2b HTTP/1.1" 200 996 0.072546
2015-03-09 14:17:19.706 13613 INFO neutron.wsgi [-] (13613) accepted ('13.0.0.3', 46771)
2015-03-09 14:17:19.716 13613 INFO neutron.plugins.ml2.managers [req-0707dc93-d34f-4b49-98ae-7aa5d8fde019 None] Extended network dict for driver 'cisco_n1kv_ext'
2015-03-09 14:17:19.719 13613 INFO neutron.wsgi [req-0707dc93-d34f-4b49-98ae-7aa5d8fde019 None] 13.0.0.3 - - [09/Mar/2015 14:17:19] "GET /v2.0/networks.json?id=8b0960a9-ff25-4d4e-ba8a-4f37b53e4794 HTTP/1.1" 200 577 0.011887
2015-03-09 14:17:19.721 13611 INFO neutron.wsgi [-] (13611) accepted ('13.0.0.3', 46772)
2015-03-09 14:17:19.724 13611 INFO urllib3.connectionpool [-] Starting new HTTP connection (1): 13.0.0.25
2015-03-09 14:17:19.893 13611 INFO neutron.wsgi [req-25688a2d-15e2-4a39-ba66-06bf5efb9dda None] 13.0.0.3 - - [09/Mar/2015 14:17:19] "GET /v2.0/floatingips.json?fixed_ip_address=14.8.4.2&port_id=30a26488-853c-4a4f-820d-afe42cc63803 HTTP/1.1" 200 208 0.171742
2015-03-09 14:17:19.896 13611 INFO neutron.wsgi [-] (13611) accepted ('13.0.0.3', 46785)
2015-03-09 14:17:19.906 13611 INFO neutron.plugins.ml2.managers [req-e84520c0-49b3-4ffe-a2a2-87222785164d None] Extended subnet dict for driver 'cisco_n1kv_ext'
2015-03-09 14:17:19.907 13611 INFO neutron.wsgi [req-e84520c0-49b3-4ffe-a2a2-87222785164d None] 13.0.0.3 - - [09/Mar/2015 14:17:19] "GET /v2.0/subnets.json?id=0b6cd244-4e9b-4def-b829-15322bf313f4 HTTP/1.1" 200 622 0.010526
2015-03-09 14:17:19.910 13611 INFO neutron.wsgi [-] (13611) accepted ('13.0.0.3', 46786)
2015-03-09 14:17:19.998 13611 INFO neutron.plugins.ml2.managers [req-d500c964-392c-4443-a536-2056429c8ef3 None] Extended port dict for driver 'cisco_n1kv_ext'
2015-03-09 14:17:19.999 13611 INFO neutron.wsgi [req-d500c964-392c-4443-a536-2056429c8ef3 None] 13.0.0.3 - - [09/Mar/2015 14:17:19] "GET /v2.0/ports.json?network_id=8b0960a9-ff25-4d4e-ba8a-4f37b53e4794&device_owner=network%3Adhcp HTTP/1.1" 200 983 0.089493
2015-03-09 14:17:45.875 13606 INFO neutron.wsgi [-] (13606) accepted ('13.0.0.3', 47218)
2015-03-09 14:17:45.879 13606 INFO urllib3.connectionpool [-] Starting new HTTP connection (1): 13.0.0.25
2015-03-09 14:17:46.152 13606 INFO neutron.plugins.ml2.managers [req-1f2bdf66-1f89-46b0-b4ba-b67c791b6e58 None] Extended port dict for driver 'cisco_n1kv_ext'
2015-03-09 14:17:46.154 13606 INFO neutron.wsgi [req-1f2bdf66-1f89-46b0-b4ba-b67c791b6e58 None] 13.0.0.3 - - [09/Mar/2015 14:17:46] "GET /v2.0/ports.json?tenant_id=38ca9a3a2b9a429c8d5931e035d0e642&device_id=4213db0e-19d7-4838-9072-a35cf0d0ca24 HTTP/1.1" 200 996 0.277855
2015-03-09 14:17:46.157 13606 INFO neutron.wsgi [-] (13606) accepted ('13.0.0.3', 47230)
2015-03-09 14:17:46.170 13606 INFO neutron.plugins.ml2.managers [req-35052fe2-3ff3-4889-b8b0-c6786d16c7fb None] Extended network dict for driver 'cisco_n1kv_ext'
2015-03-09 14:17:46.173 13606 INFO neutron.wsgi [req-35052fe2-3ff3-4889-b8b0-c6786d16c7fb None] 13.0.0.3 - - [09/Mar/2015 14:17:46] "GET /v2.0/networks.json?id=c9288fe0-a599-49f0-abf3-54f59552d443 HTTP/1.1" 200 578 0.015789
2015-03-09 14:17:46.176 13605 INFO neutron.wsgi [-] (13605) accepted ('13.0.0.3', 47231)
2015-03-09 14:17:46.180 13605 INFO neutron.wsgi [req-10734a6f-4d7e-4e85-8632-66a17bb10605 None] 13.0.0.3 - - [09/Mar/2015 14:17:46] "GET /v2.0/floatingips.json?fixed_ip_address=14.3.9.2&port_id=23e611a8-d6dd-4eb4-b1d3-e0e623f21943 HTTP/1.1" 200 208 0.003993
2015-03-09 14:17:46.183 13605 INFO neutron.wsgi [-] (13605) accepted ('13.0.0.3', 47232)
2015-03-09 14:17:46.205 13605 INFO neutron.plugins.ml2.managers [req-9e374f62-c932-435f-94f0-cb2a699b039e None] Extended subnet dict for driver 'cisco_n1kv_ext'
2015-03-09 14:17:46.206 13605 INFO neutron.wsgi [req-9e374f62-c932-435f-94f0-cb2a699b039e None] 13.0.0.3 - - [09/Mar/2015 14:17:46] "GET /v2.0/subnets.json?id=6e3fb255-24f1-49bb-a651-96e05b4cfe12 HTTP/1.1" 200 623 0.023030
2015-03-09 14:17:46.209 13605 INFO neutron.wsgi [-] (13605) accepted ('13.0.0.3', 47233)
2015-03-09 14:17:46.227 13605 INFO neutron.plugins.ml2.managers [req-6410a62c-bddf-4bbd-9907-6ce4202336b0 None] Extended port dict for driver 'cisco_n1kv_ext'
2015-03-09 14:17:46.228 13605 INFO neutron.wsgi [req-6410a62c-bddf-4bbd-9907-6ce4202336b0 None] 13.0.0.3 - - [09/Mar/2015 14:17:46] "GET /v2.0/ports.json?network_id=c9288fe0-a599-49f0-abf3-54f59552d443&device_owner=network%3Adhcp HTTP/1.1" 200 983 0.019181
2015-03-09 14:17:46.731 13449 INFO urllib3.connectionpool [-] Starting new HTTP connection (1): 13.0.0.250
2015-03-10 14:17:23.230 1560 INFO neutron.wsgi [-] (1560) accepted ('13.0.0.3', 37226)
2015-03-10 14:17:23.236 1560 INFO urllib3.connectionpool [-] Starting new HTTP connection (1): 13.0.0.25
2015-03-10 14:17:23.281 1560 INFO neutron.wsgi [-] (1560) accepted ('13.0.0.3', 37238)
2015-03-10 14:17:23.283 1560 INFO urllib3.connectionpool [-] Starting new HTTP connection (2): 13.0.0.25
2015-03-10 14:17:23.305 1559 INFO neutron.wsgi [-] (1559) accepted ('13.0.0.3', 37252)
2015-03-10 14:17:23.306 1556 INFO neutron.wsgi [-] (1556) accepted ('13.0.0.3', 37254)
2015-03-10 14:17:23.309 1559 INFO urllib3.connectionpool [-] Starting new HTTP connection (1): 13.0.0.25
2015-03-10 14:17:23.311 1556 INFO urllib3.connectionpool [-] Starting new HTTP connection (1): 13.0.0.25
2015-03-10 14:17:23.355 1549 INFO neutron.wsgi [-] (1549) accepted ('13.0.0.3', 37268)
2015-03-10 14:17:23.355 1556 INFO neutron.wsgi [-] (1556) accepted ('13.0.0.3', 37270)
2015-03-10 14:17:23.358 1556 INFO urllib3.connectionpool [-] Starting new HTTP connection (2): 13.0.0.25
2015-03-10 14:17:23.360 1549 INFO urllib3.connectionpool [-] Starting new HTTP connection (1): 13.0.0.25
2015-03-10 14:17:23.362 1549 INFO neutron.wsgi [-] (1549) accepted ('13.0.0.3', 37276)
2015-03-10 14:17:23.363 1549 INFO urllib3.connectionpool [-] Starting new HTTP connection (2): 13.0.0.25
2015-03-10 14:17:23.402 1549 INFO neutron.wsgi [-] (1549) accepted ('13.0.0.3', 37290)
2015-03-10 14:17:23.404 1549 INFO urllib3.connectionpool [-] Starting new HTTP connection (3): 13.0.0.25
2015-03-10 14:17:23.410 1553 INFO neutron.wsgi [-] (1553) accepted ('13.0.0.3', 37294)
2015-03-10 14:17:23.417 1553 INFO urllib3.connectionpool [-] Starting new HTTP connection (1): 13.0.0.25
2015-03-10 14:17:23.466 1560 INFO keystonemiddleware.auth_token [-] Auth Token confirmed use of v3.0 apis
2015-03-10 14:17:23.489 1552 INFO neutron.wsgi [-] (1552) accepted ('13.0.0.3', 37304)
2015-03-10 14:17:23.623 1552 INFO neutron.plugins.ml2.managers [req-84186ef4-fd99-4c11-9d3b-3953b6f31854 None] Extended network dict for driver 'cisco_n1kv_ext'
2015-03-10 14:17:23.624 1552 INFO neutron.plugins.ml2.managers [req-84186ef4-fd99-4c11-9d3b-3953b6f31854 None] Extended network dict for driver 'cisco_n1kv_ext'
2015-03-10 14:17:23.624 1552 INFO neutron.plugins.ml2.managers [req-84186ef4-fd99-4c11-9d3b-3953b6f31854 None] Extended network dict for driver 'cisco_n1kv_ext'
2015-03-10 14:17:23.624 1559 INFO neutron.plugins.ml2.managers [req-1bb0781e-999a-4879-8ee1-02916deac833 None] Extended network dict for driver 'cisco_n1kv_ext'
2015-03-10 14:17:23.625 1559 INFO neutron.plugins.ml2.managers [req-1bb0781e-999a-4879-8ee1-02916deac833 None] Extended network dict for driver 'cisco_n1kv_ext'
2015-03-10 14:17:23.626 1559 INFO neutron.plugins.ml2.managers [req-1bb0781e-999a-4879-8ee1-02916deac833 None] Extended network dict for driver 'cisco_n1kv_ext'
2015-03-10 14:17:23.631 1552 INFO neutron.wsgi [req-84186ef4-fd99-4c11-9d3b-3953b6f31854 None] 13.0.0.3 - - [10/Mar/2015 14:17:23] "GET /v2.0/networks.json HTTP/1.1" 200 978 0.140725
2015-03-10 14:17:23.632 1559 INFO neutron.wsgi [req-1bb0781e-999a-4879-8ee1-02916deac833 None] 13.0.0.3 - - [10/Mar/2015 14:17:23] "GET /v2.0/networks.json HTTP/1.1" 200 978 0.325956
2015-03-10 14:17:23.632 1560 INFO neutron.plugins.ml2.managers [req-3c11a58f-cfda-4c87-a5e5-ba5d8091c63a None] Extended network dict for driver 'cisco_n1kv_ext'
2015-03-10 14:17:23.632 1560 INFO neutron.plugins.ml2.managers [req-3c11a58f-cfda-4c87-a5e5-ba5d8091c63a None] Extended network dict for driver 'cisco_n1kv_ext'
2015-03-10 14:17:23.633 1560 INFO neutron.plugins.ml2.managers [req-3c11a58f-cfda-4c87-a5e5-ba5d8091c63a None] Extended network dict for driver 'cisco_n1kv_ext'
2015-03-10 14:17:23.639 1560 INFO neutron.wsgi [req-3c11a58f-cfda-4c87-a5e5-ba5d8091c63a None] 13.0.0.3 - - [10/Mar/2015 14:17:23] "GET /v2.0/networks.json HTTP/1.1" 200 978 0.356687
2015-03-10 14:17:23.645 1552 INFO neutron.plugins.ml2.managers [req-2b5d13ec-b439-4002-afc5-8235e7eba982 None] Extended subnet dict for driver 'cisco_n1kv_ext'
2015-03-10 14:17:23.648 1552 INFO neutron.plugins.ml2.managers [req-2b5d13ec-b439-4002-afc5-8235e7eba982 None] Extended subnet dict for driver 'cisco_n1kv_ext'
2015-03-10 14:17:23.648 1559 INFO neutron.plugins.ml2.managers [req-5fcd1940-db99-4d46-81cc-2fab98c32b40 None] Extended subnet dict for driver 'cisco_n1kv_ext'
2015-03-10 14:17:23.649 1552 INFO neutron.wsgi [req-2b5d13ec-b439-4002-afc5-8235e7eba982 None] 13.0.0.3 - - [10/Mar/2015 14:17:23] "GET /v2.0/subnets.json?fields=id&fields=cidr&id=cd789c3d-b5e4-4bc5-82f1-e33e49955c37&id=4a62a32d-2e02-4267-b914-9283b46f6eac&id=0d2b6c68-1a16-43b7-9095-6cf5de2c0b86 HTTP/1.1" 200 345 0.015559
2015-03-10 14:17:23.651 1559 INFO neutron.plugins.ml2.managers [req-5fcd1940-db99-4d46-81cc-2fab98c32b40 None] Extended subnet dict for driver 'cisco_n1kv_ext'
2015-03-10 14:17:23.652 1559 INFO neutron.wsgi [req-5fcd1940-db99-4d46-81cc-2fab98c32b40 None] 13.0.0.3 - - [10/Mar/2015 14:17:23] "GET /v2.0/subnets.json?fields=id&fields=cidr&id=cd789c3d-b5e4-4bc5-82f1-e33e49955c37&id=10decba6-354c-4f56-a9d8-5c0f47582c5d&id=403b5dea-197e-4650-af39-add54affe9da HTTP/1.1" 200 345 0.017391
2015-03-10 14:17:23.662 1560 INFO neutron.plugins.ml2.managers [req-4ceae0f3-6b36-4648-aaac-fd5ee6feff85 None] Extended subnet dict for driver 'cisco_n1kv_ext'
2015-03-10 14:17:23.675 1560 INFO neutron.plugins.ml2.managers [req-4ceae0f3-6b36-4648-aaac-fd5ee6feff85 None] Extended subnet dict for driver 'cisco_n1kv_ext'
2015-03-10 14:17:23.676 1560 INFO neutron.wsgi [req-4ceae0f3-6b36-4648-aaac-fd5ee6feff85 None] 13.0.0.3 - - [10/Mar/2015 14:17:23] "GET /v2.0/subnets.json?fields=id&fields=cidr&id=cd789c3d-b5e4-4bc5-82f1-e33e49955c37&id=8f5a1bd3-4141-4cbe-9c1f-67603a639a71&id=6e760e51-e785-4aab-aad0-fe4bbb50c371 HTTP/1.1" 200 345 0.028928
2015-03-10 14:17:23.676 1556 INFO neutron.plugins.ml2.managers [req-61c3453d-20bf-4dbc-8305-e6b2f5508e6b None] Extended network dict for driver 'cisco_n1kv_ext'
2015-03-10 14:17:23.677 1556 INFO neutron.plugins.ml2.managers [req-61c3453d-20bf-4dbc-8305-e6b2f5508e6b None] Extended network dict for driver 'cisco_n1kv_ext'
2015-03-10 14:17:23.678 1556 INFO neutron.plugins.ml2.managers [req-61c3453d-20bf-4dbc-8305-e6b2f5508e6b None] Extended network dict for driver 'cisco_n1kv_ext'
2015-03-10 14:17:23.684 1556 INFO neutron.wsgi [req-61c3453d-20bf-4dbc-8305-e6b2f5508e6b None] 13.0.0.3 - - [10/Mar/2015 14:17:23] "GET /v2.0/networks.json HTTP/1.1" 200 980 0.328250
2015-03-10 14:17:23.691 1560 INFO neutron.plugins.ml2.managers [req-3036a5a6-8a99-4f36-a5e8-2c8eb78f7ff1 None] Extended network dict for driver 'cisco_n1kv_ext'
2015-03-10 14:17:23.695 1560 INFO neutron.wsgi [req-3036a5a6-8a99-4f36-a5e8-2c8eb78f7ff1 None] 13.0.0.3 - - [10/Mar/2015 14:17:23] "GET /v2.0/networks.json HTTP/1.1" 200 462 0.463742
2015-03-10 14:17:23.699 1549 INFO neutron.plugins.ml2.managers [req-14a3e26e-d785-4577-84bb-fb337ed6d7eb None] Extended network dict for driver 'cisco_n1kv_ext'
2015-03-10 14:17:23.708 1556 INFO neutron.plugins.ml2.managers [req-e844d47f-de53-425d-be27-393806fb72b1 None] Extended subnet dict for driver 'cisco_n1kv_ext'
2015-03-10 14:17:23.708 1560 INFO neutron.wsgi [req-dafb6942-3db3-4f25-a056-b5cbce53d4fc None] 13.0.0.3 - - [10/Mar/2015 14:17:23] "GET /v2.0/subnets.json?fields=id&fields=cidr&id=cd789c3d-b5e4-4bc5-82f1-e33e49955c37 HTTP/1.1" 200 204 0.010740
2015-03-10 14:17:23.722 1549 INFO neutron.plugins.ml2.managers [req-6eed61c5-78da-4cad-8deb-53ec0931b5a7 None] Extended network dict for driver 'cisco_n1kv_ext'
2015-03-10 14:17:23.722 1556 INFO neutron.plugins.ml2.managers [req-e844d47f-de53-425d-be27-393806fb72b1 None] Extended subnet dict for driver 'cisco_n1kv_ext'
2015-03-10 14:17:23.723 1549 INFO neutron.plugins.ml2.managers [req-6eed61c5-78da-4cad-8deb-53ec0931b5a7 None] Extended network dict for driver 'cisco_n1kv_ext'
2015-03-10 14:17:23.723 1549 INFO neutron.plugins.ml2.managers [req-6eed61c5-78da-4cad-8deb-53ec0931b5a7 None] Extended network dict for driver 'cisco_n1kv_ext'
2015-03-10 14:17:23.723 1556 INFO neutron.wsgi [req-e844d47f-de53-425d-be27-393806fb72b1 None] 13.0.0.3 - - [10/Mar/2015 14:17:23] "GET /v2.0/subnets.json?fields=id&fields=cidr&id=ddf47751-54df-4d06-806a-090cf330c371&id=cd789c3d-b5e4-4bc5-82f1-e33e49955c37&id=57af6797-f797-44f7-ab66-4283a82f3bf9 HTTP/1.1" 200 347 0.030066
2015-03-10 14:17:23.739 1549 INFO neutron.wsgi [req-14a3e26e-d785-4577-84bb-fb337ed6d7eb None] 13.0.0.3 - - [10/Mar/2015 14:17:23] "GET /v2.0/networks.json HTTP/1.1" 200 462 0.383006
2015-03-10 14:17:23.740 1549 INFO neutron.wsgi [req-6eed61c5-78da-4cad-8deb-53ec0931b5a7 None] 13.0.0.3 - - [10/Mar/2015 14:17:23] "GET /v2.0/networks.json HTTP/1.1" 200 978 0.378284
2015-03-10 14:17:23.742 1556 INFO neutron.plugins.ml2.managers [req-d3f70190-7eb5-4675-91cf-10ca8d2b66a3 None] Extended network dict for driver 'cisco_n1kv_ext'
2015-03-10 14:17:23.747 1556 INFO neutron.wsgi [req-d3f70190-7eb5-4675-91cf-10ca8d2b66a3 None] 13.0.0.3 - - [10/Mar/2015 14:17:23] "GET /v2.0/networks.json HTTP/1.1" 200 462 0.439841
2015-03-10 14:17:23.754 1549 INFO neutron.wsgi [req-30d52930-8da7-43c0-82df-824b1776d07c None] 13.0.0.3 - - [10/Mar/2015 14:17:23] "GET /v2.0/subnets.json?fields=id&fields=cidr&id=cd789c3d-b5e4-4bc5-82f1-e33e49955c37 HTTP/1.1" 200 204 0.010640
2015-03-10 14:17:23.762 1556 INFO neutron.wsgi [req-3bac1ca5-c707-45dc-80c6-1516f9b7b4fe None] 13.0.0.3 - - [10/Mar/2015 14:17:23] "GET /v2.0/subnets.json?fields=id&fields=cidr&id=cd789c3d-b5e4-4bc5-82f1-e33e49955c37 HTTP/1.1" 200 204 0.010650
2015-03-10 14:17:23.768 1549 INFO neutron.plugins.ml2.managers [req-1bc5f766-56e3-4b13-81f3-23de638f36fb None] Extended subnet dict for driver 'cisco_n1kv_ext'
2015-03-10 14:17:23.779 1553 INFO neutron.plugins.ml2.managers [req-783528ae-ee4c-4cc8-841a-3f17e40d31dd None] Extended network dict for driver 'cisco_n1kv_ext'
2015-03-10 14:17:23.780 1553 INFO neutron.plugins.ml2.managers [req-783528ae-ee4c-4cc8-841a-3f17e40d31dd None] Extended network dict for driver 'cisco_n1kv_ext'
2015-03-10 14:17:23.780 1553 INFO neutron.plugins.ml2.managers [req-783528ae-ee4c-4cc8-841a-3f17e40d31dd None] Extended network dict for driver 'cisco_n1kv_ext'
2015-03-10 14:17:23.791 1553 INFO neutron.wsgi [req-783528ae-ee4c-4cc8-841a-3f17e40d31dd None] 13.0.0.3 - - [10/Mar/2015 14:17:23] "GET /v2.0/networks.json HTTP/1.1" 200 978 0.379113
2015-03-10 14:17:23.808 1553 INFO neutron.plugins.ml2.managers [req-8bd95bd6-0a39-4be1-aefd-8d0bd6a274e1 None] Extended subnet dict for driver 'cisco_n1kv_ext'
2015-03-10 14:17:23.812 1553 INFO neutron.plugins.ml2.managers [req-8bd95bd6-0a39-4be1-aefd-8d0bd6a274e1 None] Extended subnet dict for driver 'cisco_n1kv_ext'
2015-03-10 14:17:23.813 1553 INFO neutron.wsgi [req-8bd95bd6-0a39-4be1-aefd-8d0bd6a274e1 None] 13.0.0.3 - - [10/Mar/2015 14:17:23] "GET /v2.0/subnets.json?fields=id&fields=cidr&id=d02a75df-3570-458d-8ef9-d99e48622702&id=cd789c3d-b5e4-4bc5-82f1-e33e49955c37&id=f8624ab3-b535-4d93-ad3d-ce2954723019 HTTP/1.1" 200 345 0.019085
2015-03-10 14:17:23.847 1549 INFO neutron.plugins.ml2.managers [req-26b44f57-2ea7-48cb-9105-6d1471ccbe97 None] Extended network dict for driver 'cisco_n1kv_ext'
2015-03-10 14:17:23.848 1549 INFO neutron.plugins.ml2.managers [req-26b44f57-2ea7-48cb-9105-6d1471ccbe97 None] Extended network dict for driver 'cisco_n1kv_ext'
2015-03-10 14:17:23.848 1549 INFO neutron.plugins.ml2.managers [req-26b44f57-2ea7-48cb-9105-6d1471ccbe97 None] Extended network dict for driver 'cisco_n1kv_ext'
2015-03-10 14:17:23.853 1549 INFO neutron.plugins.ml2.managers [req-1bc5f766-56e3-4b13-81f3-23de638f36fb None] Extended subnet dict for driver 'cisco_n1kv_ext'
2015-03-10 14:17:23.853 1549 INFO neutron.wsgi [req-1bc5f766-56e3-4b13-81f3-23de638f36fb None] 13.0.0.3 - - [10/Mar/2015 14:17:23] "GET /v2.0/subnets.json?fields=id&fields=cidr&id=cd789c3d-b5e4-4bc5-82f1-e33e49955c37&id=96223444-cb83-40d8-8f3b-dab9972448fb&id=a43fb034-756b-428e-99f1-163983b3fa16 HTTP/1.1" 200 347 0.098863
2015-03-10 14:17:23.854 1549 INFO neutron.wsgi [req-26b44f57-2ea7-48cb-9105-6d1471ccbe97 None] 13.0.0.3 - - [10/Mar/2015 14:17:23] "GET /v2.0/networks.json HTTP/1.1" 200 978 0.451085
2015-03-10 14:17:23.869 1549 INFO neutron.plugins.ml2.managers [req-dba2e861-cd6e-4906-9e01-ec09c50af164 None] Extended subnet dict for driver 'cisco_n1kv_ext'
2015-03-10 14:17:23.873 1549 INFO neutron.plugins.ml2.managers [req-dba2e861-cd6e-4906-9e01-ec09c50af164 None] Extended subnet dict for driver 'cisco_n1kv_ext'
2015-03-10 14:17:23.874 1549 INFO neutron.wsgi [req-dba2e861-cd6e-4906-9e01-ec09c50af164 None] 13.0.0.3 - - [10/Mar/2015 14:17:23] "GET /v2.0/subnets.json?fields=id&fields=cidr&id=32af6876-c010-4b0a-908e-80bc21bcf074&id=cd789c3d-b5e4-4bc5-82f1-e33e49955c37&id=e69bc480-2dbb-4feb-816d-f42aed9beae8 HTTP/1.1" 200 345 0.016648
2015-03-10 14:17:24.265 1553 INFO neutron.wsgi [-] (1553) accepted ('13.0.0.3', 37358)
2015-03-10 14:17:24.297 1553 INFO neutron.wsgi [req-191cbcdd-5cde-42c3-b8a1-1198748dfc0f None] 13.0.0.3 - - [10/Mar/2015 14:17:24] "GET /v2.0/policy_profiles.json HTTP/1.1" 200 486 0.031724
2015-03-10 14:17:24.316 1553 INFO neutron.wsgi [-] (1553) accepted ('13.0.0.3', 37362)
2015-03-10 14:17:24.351 1553 INFO neutron.wsgi [req-bf823c05-6cf8-460c-b547-92182c164296 None] 13.0.0.3 - - [10/Mar/2015 14:17:24] "GET /v2.0/policy_profiles.json HTTP/1.1" 200 486 0.034394
2015-03-10 14:17:24.375 1549 INFO neutron.wsgi [-] (1549) accepted ('13.0.0.3', 37365)
2015-03-10 14:17:24.379 1546 INFO neutron.wsgi [-] (1546) accepted ('13.0.0.3', 37367)
2015-03-10 14:17:24.383 1551 INFO neutron.wsgi [-] (1551) accepted ('13.0.0.3', 37369)
2015-03-10 14:17:24.384 1553 INFO neutron.wsgi [-] (1553) accepted ('13.0.0.3', 37371)
2015-03-10 14:17:24.412 1552 INFO neutron.wsgi [-] (1552) accepted ('13.0.0.3', 37373)
2015-03-10 14:17:24.414 1555 INFO neutron.wsgi [-] (1555) accepted ('13.0.0.3', 37375)
2015-03-10 14:17:24.420 1557 INFO neutron.wsgi [-] (1557) accepted ('13.0.0.3', 37377)
2015-03-10 14:17:24.423 1549 INFO neutron.wsgi [req-a308ce60-9716-4a18-a7b8-a34b2ad9e9d3 None] 13.0.0.3 - - [10/Mar/2015 14:17:24] "GET /v2.0/policy_profiles.json HTTP/1.1" 200 486 0.048224
2015-03-10 14:17:24.459 1552 INFO neutron.wsgi [req-8c82bc6a-6664-44ea-aaeb-a7d6475bb68d None] 13.0.0.3 - - [10/Mar/2015 14:17:24] "GET /v2.0/policy_profiles.json HTTP/1.1" 200 486 0.046140
2015-03-10 14:17:24.460 1549 INFO neutron.wsgi [-] (1549) accepted ('13.0.0.3', 37379)
2015-03-10 14:17:24.495 1553 INFO neutron.wsgi [req-3ed06919-0fee-469b-bc45-6172c4162dd5 None] 13.0.0.3 - - [10/Mar/2015 14:17:24] "GET /v2.0/policy_profiles.json HTTP/1.1" 200 486 0.110338
2015-03-10 14:17:24.504 1549 INFO neutron.wsgi [req-f8dcd13a-dc0a-4859-9f63-553d65d73850 None] 13.0.0.3 - - [10/Mar/2015 14:17:24] "GET /v2.0/policy_profiles.json HTTP/1.1" 200 486 0.043306
2015-03-10 14:17:24.523 1546 INFO neutron.wsgi [req-c3e822c3-c6d9-4ca2-83d2-1e39255383ee None] 13.0.0.3 - - [10/Mar/2015 14:17:24] "GET /v2.0/policy_profiles.json HTTP/1.1" 200 486 0.143647
2015-03-10 14:17:24.559 1555 INFO neutron.wsgi [req-9dbf2921-0007-407d-8027-85757569479e None] 13.0.0.3 - - [10/Mar/2015 14:17:24] "GET /v2.0/policy_profiles.json HTTP/1.1" 200 486 0.143665
2015-03-10 14:17:24.565 1551 INFO neutron.wsgi [req-3ba0cfd8-8108-46ae-be84-3f821597d3d0 None] 13.0.0.3 - - [10/Mar/2015 14:17:24] "GET /v2.0/policy_profiles.json HTTP/1.1" 200 486 0.180653
2015-03-10 14:17:24.567 1557 INFO neutron.wsgi [req-fc590d57-af09-4465-97cd-006c2be3ec1b None] 13.0.0.3 - - [10/Mar/2015 14:17:24] "GET /v2.0/policy_profiles.json HTTP/1.1" 200 486 0.146127
2015-03-10 14:17:24.864 1557 INFO neutron.wsgi [-] (1557) accepted ('13.0.0.3', 37393)
2015-03-10 14:17:24.902 1557 INFO neutron.plugins.ml2.managers [req-0bbcb441-6e23-4b31-97d7-ff68902c41e5 None] Extended network dict for driver 'cisco_n1kv_ext'
2015-03-10 14:17:24.906 1557 INFO neutron.wsgi [req-0bbcb441-6e23-4b31-97d7-ff68902c41e5 None] 13.0.0.3 - - [10/Mar/2015 14:17:24] "GET /v2.0/networks.json?fields=id&id=4497d2c7-b042-4ba8-a4d7-804fdc1e57c2 HTTP/1.1" 200 251 0.040320
2015-03-10 14:17:24.913 1557 INFO oslo.messaging._drivers.impl_rabbit [req-e55f1b01-233c-4fd7-a265-9741a12f6b88 ] Connecting to AMQP server on 13.0.0.3:5672
2015-03-10 14:17:24.927 1557 INFO oslo.messaging._drivers.impl_rabbit [req-e55f1b01-233c-4fd7-a265-9741a12f6b88 ] Connected to AMQP server on 13.0.0.3:5672
2015-03-10 14:17:24.940 1557 INFO neutron.plugins.ml2.managers [req-e55f1b01-233c-4fd7-a265-9741a12f6b88 None] Extended network dict for driver 'cisco_n1kv_ext'
2015-03-10 14:17:24.948 1557 INFO neutron.quota [req-e55f1b01-233c-4fd7-a265-9741a12f6b88 None] Loaded quota_driver: <neutron.db.quota_db.DbQuotaDriver object at 0x559b490>.
2015-03-10 14:17:24.957 1551 INFO neutron.wsgi [-] (1551) accepted ('13.0.0.3', 37404)
2015-03-10 14:17:24.997 1551 INFO neutron.plugins.ml2.managers [req-776f06b2-9e34-404a-8a99-b3bbec3cd533 None] Extended network dict for driver 'cisco_n1kv_ext'
2015-03-10 14:17:25.001 1551 INFO neutron.wsgi [req-776f06b2-9e34-404a-8a99-b3bbec3cd533 None] 13.0.0.3 - - [10/Mar/2015 14:17:25] "GET /v2.0/networks.json?fields=id&id=69ff5502-89eb-4b2f-94aa-b4d8c1b1a76b HTTP/1.1" 200 251 0.042389
2015-03-10 14:17:25.006 1551 INFO oslo.messaging._drivers.impl_rabbit [req-83df89b7-25d2-4635-9fdb-b7854111aee9 ] Connecting to AMQP server on 13.0.0.3:5672
2015-03-10 14:17:25.015 1551 INFO oslo.messaging._drivers.impl_rabbit [req-83df89b7-25d2-4635-9fdb-b7854111aee9 ] Connected to AMQP server on 13.0.0.3:5672
2015-03-10 14:17:25.027 1551 INFO neutron.plugins.ml2.managers [req-83df89b7-25d2-4635-9fdb-b7854111aee9 None] Extended network dict for driver 'cisco_n1kv_ext'
2015-03-10 14:17:25.035 1551 INFO neutron.quota [req-83df89b7-25d2-4635-9fdb-b7854111aee9 None] Loaded quota_driver: <neutron.db.quota_db.DbQuotaDriver object at 0x559b490>.
2015-03-10 14:17:25.040 1557 INFO neutron.plugins.ml2.managers [req-e55f1b01-233c-4fd7-a265-9741a12f6b88 None] Extended subnet dict for driver 'cisco_n1kv_ext'
2015-03-10 14:17:25.059 1557 INFO neutron.plugins.ml2.managers [req-e55f1b01-233c-4fd7-a265-9741a12f6b88 None] Extended network dict for driver 'cisco_n1kv_ext'
2015-03-10 14:17:25.073 1557 INFO urllib3.connectionpool [-] Starting new HTTP connection (1): 13.0.0.250
2015-03-10 14:17:25.109 1552 INFO neutron.wsgi [-] (1552) accepted ('13.0.0.3', 37438)
2015-03-10 14:17:25.136 1552 INFO neutron.plugins.ml2.managers [req-2d6f8625-29b8-4e39-9412-a48a5dcd68a7 None] Extended network dict for driver 'cisco_n1kv_ext'
2015-03-10 14:17:25.140 1550 INFO neutron.wsgi [-] (1550) accepted ('13.0.0.3', 37440)
2015-03-10 14:17:25.140 1552 INFO neutron.wsgi [req-2d6f8625-29b8-4e39-9412-a48a5dcd68a7 None] 13.0.0.3 - - [10/Mar/2015 14:17:25] "GET /v2.0/networks.json?fields=id&id=1f8ebb42-a40a-40e9-971a-af6d446429b2 HTTP/1.1" 200 251 0.030177
2015-03-10 14:17:25.144 1556 INFO neutron.wsgi [-] (1556) accepted ('13.0.0.3', 37442)
2015-03-10 14:17:25.146 1552 INFO oslo.messaging._drivers.impl_rabbit [req-104fde02-f8d8-46f3-86bc-35d3b8ec0f8e ] Connecting to AMQP server on 13.0.0.3:5672
2015-03-10 14:17:25.153 1552 INFO neutron.wsgi [-] (1552) accepted ('13.0.0.3', 37445)
2015-03-10 14:17:25.154 1551 INFO neutron.plugins.ml2.managers [req-83df89b7-25d2-4635-9fdb-b7854111aee9 None] Extended subnet dict for driver 'cisco_n1kv_ext'
2015-03-10 14:17:25.162 1559 INFO neutron.wsgi [-] (1559) accepted ('13.0.0.3', 37447)
2015-03-10 14:17:25.163 1552 INFO oslo.messaging._drivers.impl_rabbit [req-104fde02-f8d8-46f3-86bc-35d3b8ec0f8e ] Connected to AMQP server on 13.0.0.3:5672
2015-03-10 14:17:25.173 1551 INFO neutron.plugins.ml2.managers [req-83df89b7-25d2-4635-9fdb-b7854111aee9 None] Extended network dict for driver 'cisco_n1kv_ext'
2015-03-10 14:17:25.174 1556 INFO neutron.plugins.ml2.managers [req-b3544833-00b9-487b-8689-d6ab16401ecb None] Extended network dict for driver 'cisco_n1kv_ext'
2015-03-10 14:17:25.177 1556 INFO neutron.wsgi [req-b3544833-00b9-487b-8689-d6ab16401ecb None] 13.0.0.3 - - [10/Mar/2015 14:17:25] "GET /v2.0/networks.json?fields=id&id=889747ad-2a86-44f8-b9d9-eebf8db16176 HTTP/1.1" 200 251 0.032901
2015-03-10 14:17:25.183 1551 INFO urllib3.connectionpool [-] Starting new HTTP connection (1): 13.0.0.250
2015-03-10 14:17:25.183 1556 INFO oslo.messaging._drivers.impl_rabbit [req-8364775c-e695-4931-9ddc-ed9481a135c6 ] Connecting to AMQP server on 13.0.0.3:5672
2015-03-10 14:17:25.186 1559 INFO neutron.plugins.ml2.managers [req-06f9c46e-fd2d-4601-9152-d1bd7b7bcf77 None] Extended network dict for driver 'cisco_n1kv_ext'
2015-03-10 14:17:25.189 1559 INFO neutron.wsgi [req-06f9c46e-fd2d-4601-9152-d1bd7b7bcf77 None] 13.0.0.3 - - [10/Mar/2015 14:17:25] "GET /v2.0/networks.json?fields=id&id=2de29d8d-2b93-44e7-bd9d-ca8e70e034f7 HTTP/1.1" 200 251 0.026112
2015-03-10 14:17:25.193 1556 INFO oslo.messaging._drivers.impl_rabbit [req-8364775c-e695-4931-9ddc-ed9481a135c6 ] Connected to AMQP server on 13.0.0.3:5672
2015-03-10 14:17:25.194 1559 INFO oslo.messaging._drivers.impl_rabbit [req-ecbc10db-8882-4aca-a70b-6a851c811ce4 ] Connecting to AMQP server on 13.0.0.3:5672
2015-03-10 14:17:25.204 1559 INFO oslo.messaging._drivers.impl_rabbit [req-ecbc10db-8882-4aca-a70b-6a851c811ce4 ] Connected to AMQP server on 13.0.0.3:5672
2015-03-10 14:17:25.222 1559 INFO neutron.plugins.ml2.managers [req-ecbc10db-8882-4aca-a70b-6a851c811ce4 None] Extended network dict for driver 'cisco_n1kv_ext'
2015-03-10 14:17:25.228 1552 INFO neutron.plugins.ml2.managers [req-08c5c1fc-708a-4021-b93e-06a42d64014d None] Extended network dict for driver 'cisco_n1kv_ext'
2015-03-10 14:17:25.231 1552 INFO neutron.wsgi [req-08c5c1fc-708a-4021-b93e-06a42d64014d None] 13.0.0.3 - - [10/Mar/2015 14:17:25] "GET /v2.0/networks.json?fields=id&id=01a8c45c-c2a0-46ea-a8a7-41cd349350f7 HTTP/1.1" 200 251 0.076450
2015-03-10 14:17:25.232 1559 INFO neutron.quota [req-ecbc10db-8882-4aca-a70b-6a851c811ce4 None] Loaded quota_driver: <neutron.db.quota_db.DbQuotaDriver object at 0x57002d0>.
2015-03-10 14:17:25.242 1552 INFO neutron.plugins.ml2.managers [req-104fde02-f8d8-46f3-86bc-35d3b8ec0f8e None] Extended network dict for driver 'cisco_n1kv_ext'
2015-03-10 14:17:25.252 1552 INFO neutron.quota [req-104fde02-f8d8-46f3-86bc-35d3b8ec0f8e None] Loaded quota_driver: <neutron.db.quota_db.DbQuotaDriver object at 0x5598710>.
2015-03-10 14:17:25.272 1550 INFO neutron.plugins.ml2.managers [req-68e101bc-df3a-4477-bcfd-7819cee54ef3 None] Extended network dict for driver 'cisco_n1kv_ext'
2015-03-10 14:17:25.276 1550 INFO neutron.wsgi [req-68e101bc-df3a-4477-bcfd-7819cee54ef3 None] 13.0.0.3 - - [10/Mar/2015 14:17:25] "GET /v2.0/networks.json?fields=id&id=982239cc-8717-4a02-a7b1-93d2cc6c9867 HTTP/1.1" 200 251 0.135184
2015-03-10 14:17:25.278 1556 INFO neutron.plugins.ml2.managers [req-8364775c-e695-4931-9ddc-ed9481a135c6 None] Extended network dict for driver 'cisco_n1kv_ext'
2015-03-10 14:17:25.282 1550 INFO oslo.messaging._drivers.impl_rabbit [req-56df403b-c67a-427e-b9ab-652084bc0f34 ] Connecting to AMQP server on 13.0.0.3:5672
2015-03-10 14:17:25.287 1556 INFO neutron.quota [req-8364775c-e695-4931-9ddc-ed9481a135c6 None] Loaded quota_driver: <neutron.db.quota_db.DbQuotaDriver object at 0x59b3450>.
2015-03-10 14:17:25.290 1552 INFO neutron.plugins.ml2.managers [req-104fde02-f8d8-46f3-86bc-35d3b8ec0f8e None] Extended subnet dict for driver 'cisco_n1kv_ext'
2015-03-10 14:17:25.293 1550 INFO oslo.messaging._drivers.impl_rabbit [req-56df403b-c67a-427e-b9ab-652084bc0f34 ] Connected to AMQP server on 13.0.0.3:5672
2015-03-10 14:17:25.306 1550 INFO neutron.plugins.ml2.managers [req-56df403b-c67a-427e-b9ab-652084bc0f34 None] Extended network dict for driver 'cisco_n1kv_ext'
2015-03-10 14:17:25.307 1552 INFO neutron.plugins.ml2.managers [req-104fde02-f8d8-46f3-86bc-35d3b8ec0f8e None] Extended network dict for driver 'cisco_n1kv_ext'
2015-03-10 14:17:25.315 1550 INFO neutron.quota [req-56df403b-c67a-427e-b9ab-652084bc0f34 None] Loaded quota_driver: <neutron.db.quota_db.DbQuotaDriver object at 0x5594110>.
2015-03-10 14:17:25.317 1552 INFO urllib3.connectionpool [-] Starting new HTTP connection (1): 13.0.0.250
2015-03-10 14:17:25.325 1552 INFO neutron.plugins.ml2.managers [req-af0a6c50-e53f-46e9-9f20-0e58cb5f7dba None] Extended network dict for driver 'cisco_n1kv_ext'
2015-03-10 14:17:25.332 1556 INFO neutron.plugins.ml2.managers [req-8364775c-e695-4931-9ddc-ed9481a135c6 None] Extended subnet dict for driver 'cisco_n1kv_ext'
2015-03-10 14:17:25.346 1559 INFO neutron.plugins.ml2.managers [req-ecbc10db-8882-4aca-a70b-6a851c811ce4 None] Extended subnet dict for driver 'cisco_n1kv_ext'
2015-03-10 14:17:25.352 1556 INFO neutron.plugins.ml2.managers [req-8364775c-e695-4931-9ddc-ed9481a135c6 None] Extended network dict for driver 'cisco_n1kv_ext'
2015-03-10 14:17:25.363 1552 INFO neutron.plugins.ml2.managers [req-af0a6c50-e53f-46e9-9f20-0e58cb5f7dba None] Extended subnet dict for driver 'cisco_n1kv_ext'
2015-03-10 14:17:25.364 1556 INFO urllib3.connectionpool [-] Starting new HTTP connection (1): 13.0.0.250
2015-03-10 14:17:25.366 1559 INFO neutron.plugins.ml2.managers [req-ecbc10db-8882-4aca-a70b-6a851c811ce4 None] Extended network dict for driver 'cisco_n1kv_ext'
2015-03-10 14:17:25.376 1552 INFO neutron.plugins.ml2.managers [req-af0a6c50-e53f-46e9-9f20-0e58cb5f7dba None] Extended network dict for driver 'cisco_n1kv_ext'
2015-03-10 14:17:25.377 1559 INFO urllib3.connectionpool [-] Starting new HTTP connection (1): 13.0.0.250
2015-03-10 14:17:25.384 1552 INFO urllib3.connectionpool [-] Starting new HTTP connection (1): 13.0.0.250
2015-03-10 14:17:25.427 1550 INFO neutron.plugins.ml2.managers [req-56df403b-c67a-427e-b9ab-652084bc0f34 None] Extended subnet dict for driver 'cisco_n1kv_ext'
2015-03-10 14:17:25.442 1550 INFO neutron.plugins.ml2.managers [req-56df403b-c67a-427e-b9ab-652084bc0f34 None] Extended network dict for driver 'cisco_n1kv_ext'
2015-03-10 14:17:25.451 1550 INFO urllib3.connectionpool [-] Starting new HTTP connection (1): 13.0.0.250
2015-03-10 14:17:26.113 1557 INFO neutron.plugins.ml2.drivers.cisco.n1kv.n1kv_client [req-e55f1b01-233c-4fd7-a265-9741a12f6b88 None] VSM: Successfully created "vm-network vmn_1b71fdbe-e571-4cf8-98ff-19a9b1bf5009_4497d2c7-b042-4ba8-a4d7-804fdc1e57c2"
2015-03-10 14:17:26.113 1557 INFO neutron.plugins.ml2.drivers.cisco.n1kv.mech_cisco_n1kv [req-e55f1b01-233c-4fd7-a265-9741a12f6b88 None] Create port(postcommit) succeeded for port: 0a0f2350-77f1-44e3-aa98-c4c22a1c22dc on network: 4497d2c7-b042-4ba8-a4d7-804fdc1e57c2 with policy profile ID: 1b71fdbe-e571-4cf8-98ff-19a9b1bf5009
2015-03-10 14:17:26.129 1557 INFO neutron.plugins.ml2.managers [req-e55f1b01-233c-4fd7-a265-9741a12f6b88 None] Extended network dict for driver 'cisco_n1kv_ext'
2015-03-10 14:17:26.149 1557 INFO neutron.wsgi [req-e55f1b01-233c-4fd7-a265-9741a12f6b88 None] 13.0.0.3 - - [10/Mar/2015 14:17:26] "POST /v2.0/ports.json HTTP/1.1" 201 754 1.240163
2015-03-10 14:17:26.165 1571 INFO neutron.plugins.ml2.managers [req-bc553870-878e-443b-a46a-48dbd610ed30 None] Extended network dict for driver 'cisco_n1kv_ext'
2015-03-10 14:17:26.179 1571 INFO neutron.plugins.ml2.managers [req-bc553870-878e-443b-a46a-48dbd610ed30 None] Extended subnet dict for driver 'cisco_n1kv_ext'
2015-03-10 14:17:26.195 1571 INFO neutron.plugins.ml2.managers [req-bc553870-878e-443b-a46a-48dbd610ed30 None] Extended port dict for driver 'cisco_n1kv_ext'
2015-03-10 14:17:26.196 1571 INFO oslo.messaging._drivers.impl_rabbit [-] Connecting to AMQP server on 13.0.0.3:5672
2015-03-10 14:17:26.205 1571 INFO oslo.messaging._drivers.impl_rabbit [-] Connected to AMQP server on 13.0.0.3:5672
2015-03-10 14:17:26.263 1570 INFO neutron.plugins.ml2.managers [req-bc553870-878e-443b-a46a-48dbd610ed30 None] Extended network dict for driver 'cisco_n1kv_ext'
2015-03-10 14:17:26.283 1570 INFO urllib3.connectionpool [-] Starting new HTTP connection (1): 13.0.0.250
2015-03-10 14:17:27.136 1551 INFO neutron.plugins.ml2.drivers.cisco.n1kv.n1kv_client [req-83df89b7-25d2-4635-9fdb-b7854111aee9 None] VSM: Successfully created "vm-network vmn_1b71fdbe-e571-4cf8-98ff-19a9b1bf5009_69ff5502-89eb-4b2f-94aa-b4d8c1b1a76b"
2015-03-10 14:17:27.137 1551 INFO neutron.plugins.ml2.drivers.cisco.n1kv.mech_cisco_n1kv [req-83df89b7-25d2-4635-9fdb-b7854111aee9 None] Create port(postcommit) succeeded for port: 9140a305-6f9d-4661-9435-f9cd4b6f83c9 on network: 69ff5502-89eb-4b2f-94aa-b4d8c1b1a76b with policy profile ID: 1b71fdbe-e571-4cf8-98ff-19a9b1bf5009
2015-03-10 14:17:27.151 1551 INFO neutron.plugins.ml2.managers [req-83df89b7-25d2-4635-9fdb-b7854111aee9 None] Extended network dict for driver 'cisco_n1kv_ext'
2015-03-10 14:17:27.172 1551 INFO neutron.wsgi [req-83df89b7-25d2-4635-9fdb-b7854111aee9 None] 13.0.0.3 - - [10/Mar/2015 14:17:27] "POST /v2.0/ports.json HTTP/1.1" 201 754 2.168313
2015-03-10 14:17:28.165 1552 INFO neutron.plugins.ml2.drivers.cisco.n1kv.n1kv_client [req-104fde02-f8d8-46f3-86bc-35d3b8ec0f8e None] VSM: Successfully created "vm-network vmn_1b71fdbe-e571-4cf8-98ff-19a9b1bf5009_1f8ebb42-a40a-40e9-971a-af6d446429b2"
2015-03-10 14:17:28.166 1552 INFO neutron.plugins.ml2.drivers.cisco.n1kv.mech_cisco_n1kv [req-104fde02-f8d8-46f3-86bc-35d3b8ec0f8e None] Create port(postcommit) succeeded for port: 0da708c9-05f8-4806-8099-b1421c48c47a on network: 1f8ebb42-a40a-40e9-971a-af6d446429b2 with policy profile ID: 1b71fdbe-e571-4cf8-98ff-19a9b1bf5009
2015-03-10 14:17:28.183 1552 INFO neutron.plugins.ml2.managers [req-104fde02-f8d8-46f3-86bc-35d3b8ec0f8e None] Extended network dict for driver 'cisco_n1kv_ext'
2015-03-10 14:17:28.202 1552 INFO neutron.wsgi [req-104fde02-f8d8-46f3-86bc-35d3b8ec0f8e None] 13.0.0.3 - - [10/Mar/2015 14:17:28] "POST /v2.0/ports.json HTTP/1.1" 201 755 3.059082
2015-03-10 14:17:28.625 1546 INFO neutron.wsgi [-] (1546) accepted ('13.0.0.3', 37516)
2015-03-10 14:17:28.660 1546 INFO neutron.plugins.ml2.managers [req-f66eef48-e12b-400f-bc36-57df8d47e7b1 None] Extended network dict for driver 'cisco_n1kv_ext'
2015-03-10 14:17:28.663 1546 INFO neutron.wsgi [req-f66eef48-e12b-400f-bc36-57df8d47e7b1 None] 13.0.0.3 - - [10/Mar/2015 14:17:28] "GET /v2.0/networks.json?fields=id&id=549adf72-355a-4de8-8a64-dc3d62b1b9e5 HTTP/1.1" 200 251 0.036990
2015-03-10 14:17:28.667 1546 INFO oslo.messaging._drivers.impl_rabbit [req-e01c0de5-db9d-47c6-a70b-7dc775e753a8 ] Connecting to AMQP server on 13.0.0.3:5672
2015-03-10 14:17:28.677 1546 INFO oslo.messaging._drivers.impl_rabbit [req-e01c0de5-db9d-47c6-a70b-7dc775e753a8 ] Connected to AMQP server on 13.0.0.3:5672
2015-03-10 14:17:28.690 1546 INFO neutron.plugins.ml2.managers [req-e01c0de5-db9d-47c6-a70b-7dc775e753a8 None] Extended network dict for driver 'cisco_n1kv_ext'
2015-03-10 14:17:28.697 1546 INFO neutron.quota [req-e01c0de5-db9d-47c6-a70b-7dc775e753a8 None] Loaded quota_driver: <neutron.db.quota_db.DbQuotaDriver object at 0x559a490>.
2015-03-10 14:17:28.725 1572 INFO oslo.messaging._drivers.impl_rabbit [-] Connecting to AMQP server on 13.0.0.3:5672
2015-03-10 14:17:28.734 1572 INFO oslo.messaging._drivers.impl_rabbit [-] Connected to AMQP server on 13.0.0.3:5672
2015-03-10 14:17:28.783 1546 INFO neutron.plugins.ml2.managers [req-e01c0de5-db9d-47c6-a70b-7dc775e753a8 None] Extended subnet dict for driver 'cisco_n1kv_ext'
2015-03-10 14:17:28.797 1546 INFO neutron.plugins.ml2.managers [req-e01c0de5-db9d-47c6-a70b-7dc775e753a8 None] Extended network dict for driver 'cisco_n1kv_ext'
2015-03-10 14:17:28.805 1546 INFO urllib3.connectionpool [-] Starting new HTTP connection (1): 13.0.0.250
2015-03-10 14:17:29.051 1573 INFO oslo.messaging._drivers.impl_rabbit [-] Connecting to AMQP server on 13.0.0.3:5672
2015-03-10 14:17:29.061 1573 INFO oslo.messaging._drivers.impl_rabbit [-] Connected to AMQP server on 13.0.0.3:5672
2015-03-10 14:17:29.199 1559 INFO neutron.plugins.ml2.drivers.cisco.n1kv.n1kv_client [req-ecbc10db-8882-4aca-a70b-6a851c811ce4 None] VSM: Successfully created "vm-network vmn_1b71fdbe-e571-4cf8-98ff-19a9b1bf5009_2de29d8d-2b93-44e7-bd9d-ca8e70e034f7"
2015-03-10 14:17:29.199 1559 INFO neutron.plugins.ml2.drivers.cisco.n1kv.mech_cisco_n1kv [req-ecbc10db-8882-4aca-a70b-6a851c811ce4 None] Create port(postcommit) succeeded for port: 5d4dc4dc-5ff0-4ea3-b156-3aea56ab9bef on network: 2de29d8d-2b93-44e7-bd9d-ca8e70e034f7 with policy profile ID: 1b71fdbe-e571-4cf8-98ff-19a9b1bf5009
2015-03-10 14:17:29.217 1559 INFO neutron.plugins.ml2.managers [req-ecbc10db-8882-4aca-a70b-6a851c811ce4 None] Extended network dict for driver 'cisco_n1kv_ext'
2015-03-10 14:17:29.237 1559 INFO neutron.wsgi [req-ecbc10db-8882-4aca-a70b-6a851c811ce4 None] 13.0.0.3 - - [10/Mar/2015 14:17:29] "POST /v2.0/ports.json HTTP/1.1" 201 754 4.045884
2015-03-10 14:17:29.655 1551 INFO neutron.wsgi [-] (1551) accepted ('13.0.0.3', 37540)
2015-03-10 14:17:29.676 1551 INFO neutron.plugins.ml2.managers [req-c622911e-ef59-4123-9dd6-d89b1eb946f2 None] Extended network dict for driver 'cisco_n1kv_ext'
2015-03-10 14:17:29.679 1551 INFO neutron.wsgi [req-c622911e-ef59-4123-9dd6-d89b1eb946f2 None] 13.0.0.3 - - [10/Mar/2015 14:17:29] "GET /v2.0/networks.json?fields=id&id=ca109244-d112-4060-bbeb-a6fc0175c28c HTTP/1.1" 200 251 0.022843
2015-03-10 14:17:29.694 1551 INFO neutron.plugins.ml2.managers [req-2ae82fc3-c4a6-43d9-9c93-ef3677956faf None] Extended network dict for driver 'cisco_n1kv_ext'
2015-03-10 14:17:29.732 1551 INFO neutron.plugins.ml2.managers [req-2ae82fc3-c4a6-43d9-9c93-ef3677956faf None] Extended subnet dict for driver 'cisco_n1kv_ext'
2015-03-10 14:17:29.745 1551 INFO neutron.plugins.ml2.managers [req-2ae82fc3-c4a6-43d9-9c93-ef3677956faf None] Extended network dict for driver 'cisco_n1kv_ext'
2015-03-10 14:17:29.754 1551 INFO urllib3.connectionpool [-] Starting new HTTP connection (1): 13.0.0.250
2015-03-10 14:17:30.670 1557 INFO neutron.wsgi [-] (1557) accepted ('13.0.0.3', 37562)
2015-03-10 14:17:30.691 1557 INFO neutron.plugins.ml2.managers [req-c779ea07-917f-42af-88ce-b7d68a047ceb None] Extended network dict for driver 'cisco_n1kv_ext'
2015-03-10 14:17:30.694 1557 INFO neutron.wsgi [req-c779ea07-917f-42af-88ce-b7d68a047ceb None] 13.0.0.3 - - [10/Mar/2015 14:17:30] "GET /v2.0/networks.json?fields=id&id=88dbe8c5-0242-45a1-92b3-5e45c62c9ca9 HTTP/1.1" 200 251 0.023560
2015-03-10 14:17:30.710 1557 INFO neutron.plugins.ml2.managers [req-b5d9d32e-3379-4f27-9e87-7dd18ae3a4cd None] Extended network dict for driver 'cisco_n1kv_ext'
2015-03-10 14:17:30.746 1557 INFO neutron.plugins.ml2.managers [req-b5d9d32e-3379-4f27-9e87-7dd18ae3a4cd None] Extended subnet dict for driver 'cisco_n1kv_ext'
2015-03-10 14:17:30.758 1557 INFO neutron.plugins.ml2.managers [req-b5d9d32e-3379-4f27-9e87-7dd18ae3a4cd None] Extended network dict for driver 'cisco_n1kv_ext'
2015-03-10 14:17:30.767 1557 INFO urllib3.connectionpool [-] Starting new HTTP connection (1): 13.0.0.250
2015-03-10 14:17:31.162 1556 INFO neutron.plugins.ml2.drivers.cisco.n1kv.n1kv_client [req-8364775c-e695-4931-9ddc-ed9481a135c6 None] VSM: Successfully created "vm-network vmn_1b71fdbe-e571-4cf8-98ff-19a9b1bf5009_889747ad-2a86-44f8-b9d9-eebf8db16176"
2015-03-10 14:17:31.162 1556 INFO neutron.plugins.ml2.drivers.cisco.n1kv.mech_cisco_n1kv [req-8364775c-e695-4931-9ddc-ed9481a135c6 None] Create port(postcommit) succeeded for port: de37ec35-920a-44d0-ae2c-1c79c1a43f4b on network: 889747ad-2a86-44f8-b9d9-eebf8db16176 with policy profile ID: 1b71fdbe-e571-4cf8-98ff-19a9b1bf5009
2015-03-10 14:17:31.178 1556 INFO neutron.plugins.ml2.managers [req-8364775c-e695-4931-9ddc-ed9481a135c6 None] Extended network dict for driver 'cisco_n1kv_ext'
2015-03-10 14:17:31.197 1556 INFO neutron.wsgi [req-8364775c-e695-4931-9ddc-ed9481a135c6 None] 13.0.0.3 - - [10/Mar/2015 14:17:31] "POST /v2.0/ports.json HTTP/1.1" 201 754 6.016264
2015-03-10 14:17:31.197 1552 INFO neutron.plugins.ml2.drivers.cisco.n1kv.n1kv_client [req-af0a6c50-e53f-46e9-9f20-0e58cb5f7dba None] VSM: Successfully created "vm-network vmn_1b71fdbe-e571-4cf8-98ff-19a9b1bf5009_01a8c45c-c2a0-46ea-a8a7-41cd349350f7"
2015-03-10 14:17:31.198 1552 INFO neutron.plugins.ml2.drivers.cisco.n1kv.mech_cisco_n1kv [req-af0a6c50-e53f-46e9-9f20-0e58cb5f7dba None] Create port(postcommit) succeeded for port: e6f81d52-17e5-4db2-8ff8-0751c7436b7c on network: 01a8c45c-c2a0-46ea-a8a7-41cd349350f7 with policy profile ID: 1b71fdbe-e571-4cf8-98ff-19a9b1bf5009
2015-03-10 14:17:31.213 1552 INFO neutron.plugins.ml2.managers [req-af0a6c50-e53f-46e9-9f20-0e58cb5f7dba None] Extended network dict for driver 'cisco_n1kv_ext'
2015-03-10 14:17:31.236 1552 INFO neutron.wsgi [req-af0a6c50-e53f-46e9-9f20-0e58cb5f7dba None] 13.0.0.3 - - [10/Mar/2015 14:17:31] "POST /v2.0/ports.json HTTP/1.1" 201 754 5.985815
2015-03-10 14:17:31.705 1556 INFO neutron.wsgi [-] (1556) accepted ('13.0.0.3', 37584)
2015-03-10 14:17:31.726 1556 INFO neutron.plugins.ml2.managers [req-791fe568-6666-454d-8cbf-63b5d7185e24 None] Extended network dict for driver 'cisco_n1kv_ext'
2015-03-10 14:17:31.729 1556 INFO neutron.wsgi [req-791fe568-6666-454d-8cbf-63b5d7185e24 None] 13.0.0.3 - - [10/Mar/2015 14:17:31] "GET /v2.0/networks.json?fields=id&id=b2b02bf6-a271-407c-b430-80efe9b1e914 HTTP/1.1" 200 251 0.023058
2015-03-10 14:17:31.745 1556 INFO neutron.plugins.ml2.managers [req-0e4c19e7-2d43-41b2-8022-486f415a67d3 None] Extended network dict for driver 'cisco_n1kv_ext'
2015-03-10 14:17:31.785 1556 INFO neutron.plugins.ml2.managers [req-0e4c19e7-2d43-41b2-8022-486f415a67d3 None] Extended subnet dict for driver 'cisco_n1kv_ext'
2015-03-10 14:17:31.797 1556 INFO neutron.plugins.ml2.managers [req-0e4c19e7-2d43-41b2-8022-486f415a67d3 None] Extended network dict for driver 'cisco_n1kv_ext'
2015-03-10 14:17:31.806 1556 INFO urllib3.connectionpool [-] Starting new HTTP connection (1): 13.0.0.250
2015-03-10 14:17:32.722 1574 INFO oslo.messaging._drivers.impl_rabbit [-] Connecting to AMQP server on 13.0.0.3:5672
2015-03-10 14:17:32.742 1574 INFO oslo.messaging._drivers.impl_rabbit [-] Connected to AMQP server on 13.0.0.3:5672
2015-03-10 14:17:33.055 1576 INFO oslo.messaging._drivers.impl_rabbit [-] Connecting to AMQP server on 13.0.0.3:5672
2015-03-10 14:17:33.075 1576 INFO oslo.messaging._drivers.impl_rabbit [-] Connected to AMQP server on 13.0.0.3:5672
2015-03-10 14:17:33.150 1570 INFO neutron.plugins.ml2.drivers.cisco.n1kv.n1kv_client [req-bc553870-878e-443b-a46a-48dbd610ed30 None] VSM: Successfully created "vm-network vmn_35825bcb-9ab0-48a8-9e98-b922386e0f04_4497d2c7-b042-4ba8-a4d7-804fdc1e57c2"
2015-03-10 14:17:33.150 1570 INFO neutron.plugins.ml2.drivers.cisco.n1kv.mech_cisco_n1kv [req-bc553870-878e-443b-a46a-48dbd610ed30 None] Create port(postcommit) succeeded for port: 70ebe9d6-0b52-4d37-b67b-a09e93878fca on network: 4497d2c7-b042-4ba8-a4d7-804fdc1e57c2 with policy profile ID: 35825bcb-9ab0-48a8-9e98-b922386e0f04
2015-03-10 14:17:33.152 1570 INFO oslo.messaging._drivers.impl_rabbit [req-bc553870-878e-443b-a46a-48dbd610ed30 ] Connecting to AMQP server on 13.0.0.3:5672
2015-03-10 14:17:33.162 1570 INFO oslo.messaging._drivers.impl_rabbit [req-bc553870-878e-443b-a46a-48dbd610ed30 ] Connected to AMQP server on 13.0.0.3:5672
2015-03-10 14:17:33.177 1570 INFO neutron.plugins.ml2.managers [req-bc553870-878e-443b-a46a-48dbd610ed30 None] Extended port dict for driver 'cisco_n1kv_ext'
2015-03-10 14:17:33.179 1570 INFO neutron.plugins.ml2.managers [req-bc553870-878e-443b-a46a-48dbd610ed30 None] Extended port dict for driver 'cisco_n1kv_ext'
2015-03-10 14:17:33.186 1570 INFO neutron.plugins.ml2.managers [req-bc553870-878e-443b-a46a-48dbd610ed30 None] Extended network dict for driver 'cisco_n1kv_ext'
2015-03-10 14:17:33.213 1550 INFO neutron.plugins.ml2.drivers.cisco.n1kv.n1kv_client [req-56df403b-c67a-427e-b9ab-652084bc0f34 None] VSM: Successfully created "vm-network vmn_1b71fdbe-e571-4cf8-98ff-19a9b1bf5009_982239cc-8717-4a02-a7b1-93d2cc6c9867"
2015-03-10 14:17:33.213 1550 INFO neutron.plugins.ml2.drivers.cisco.n1kv.mech_cisco_n1kv [req-56df403b-c67a-427e-b9ab-652084bc0f34 None] Create port(postcommit) succeeded for port: c84b9668-ff24-472e-9362-9a4c75c0d398 on network: 982239cc-8717-4a02-a7b1-93d2cc6c9867 with policy profile ID: 1b71fdbe-e571-4cf8-98ff-19a9b1bf5009
2015-03-10 14:17:33.228 1550 INFO neutron.plugins.ml2.managers [req-56df403b-c67a-427e-b9ab-652084bc0f34 None] Extended network dict for driver 'cisco_n1kv_ext'
2015-03-10 14:17:33.248 1550 INFO neutron.wsgi [req-56df403b-c67a-427e-b9ab-652084bc0f34 None] 13.0.0.3 - - [10/Mar/2015 14:17:33] "POST /v2.0/ports.json HTTP/1.1" 201 755 7.969316
2015-03-10 14:17:33.699 1547 INFO neutron.wsgi [-] (1547) accepted ('13.0.0.3', 37629)
2015-03-10 14:17:33.721 1555 INFO neutron.wsgi [-] (1555) accepted ('13.0.0.3', 37631)
2015-03-10 14:17:33.755 1555 INFO neutron.plugins.ml2.managers [req-970dfb2f-1ae1-4149-9160-56de9f43a564 None] Extended network dict for driver 'cisco_n1kv_ext'
2015-03-10 14:17:33.758 1555 INFO neutron.wsgi [req-970dfb2f-1ae1-4149-9160-56de9f43a564 None] 13.0.0.3 - - [10/Mar/2015 14:17:33] "GET /v2.0/networks.json?fields=id&id=f21fca57-7225-4210-b1f7-1bd034ee0e81 HTTP/1.1" 200 251 0.036528
2015-03-10 14:17:33.762 1555 INFO oslo.messaging._drivers.impl_rabbit [req-44fd3265-02cb-471d-8f8d-4ef5d98f8f00 ] Connecting to AMQP server on 13.0.0.3:5672
2015-03-10 14:17:33.772 1555 INFO oslo.messaging._drivers.impl_rabbit [req-44fd3265-02cb-471d-8f8d-4ef5d98f8f00 ] Connected to AMQP server on 13.0.0.3:5672
2015-03-10 14:17:33.785 1555 INFO neutron.plugins.ml2.managers [req-44fd3265-02cb-471d-8f8d-4ef5d98f8f00 None] Extended network dict for driver 'cisco_n1kv_ext'
2015-03-10 14:17:33.792 1555 INFO neutron.quota [req-44fd3265-02cb-471d-8f8d-4ef5d98f8f00 None] Loaded quota_driver: <neutron.db.quota_db.DbQuotaDriver object at 0x559b490>.
2015-03-10 14:17:33.831 1547 INFO neutron.plugins.ml2.managers [req-e62beea4-4b53-46e2-8cb9-2be50315c531 None] Extended network dict for driver 'cisco_n1kv_ext'
2015-03-10 14:17:33.835 1547 INFO neutron.wsgi [req-e62beea4-4b53-46e2-8cb9-2be50315c531 None] 13.0.0.3 - - [10/Mar/2015 14:17:33] "GET /v2.0/networks.json?fields=id&id=f3ca28b3-a240-4f10-b8b9-2d561673efd6 HTTP/1.1" 200 251 0.135749
2015-03-10 14:17:33.840 1547 INFO oslo.messaging._drivers.impl_rabbit [req-3078123f-8b3d-45e2-927a-5a7de38514a3 ] Connecting to AMQP server on 13.0.0.3:5672
2015-03-10 14:17:33.850 1547 INFO oslo.messaging._drivers.impl_rabbit [req-3078123f-8b3d-45e2-927a-5a7de38514a3 ] Connected to AMQP server on 13.0.0.3:5672
2015-03-10 14:17:33.862 1547 INFO neutron.plugins.ml2.managers [req-3078123f-8b3d-45e2-927a-5a7de38514a3 None] Extended network dict for driver 'cisco_n1kv_ext'
