2015-03-08 03:39:32.498 22090 INFO urllib3.connectionpool [-] Starting new HTTP connection (1): 13.0.0.250
2015-03-09 03:03:39.176 28422 INFO neutron.wsgi [-] (28422) accepted ('13.0.0.3', 56917)
2015-03-09 03:03:39.178 28422 INFO urllib3.connectionpool [-] Resetting dropped connection: 13.0.0.25
2015-03-09 03:03:39.246 28422 INFO neutron.plugins.ml2.managers [req-830d06ac-8040-443d-bffa-35c11535b28d None] Extended port dict for driver 'cisco_n1kv_ext'
2015-03-09 03:03:39.248 28422 INFO neutron.wsgi [req-830d06ac-8040-443d-bffa-35c11535b28d None] 13.0.0.3 - - [09/Mar/2015 03:03:39] "GET /v2.0/ports.json?tenant_id=f55c6ac5ec2347c89f625e6bace7d003&device_id=0c610a07-0152-4790-b187-e3c2d0e50b06 HTTP/1.1" 200 997 0.070691
2015-03-09 03:03:39.250 28422 INFO neutron.wsgi [-] (28422) accepted ('13.0.0.3', 56920)
2015-03-09 03:03:39.264 28422 INFO neutron.plugins.ml2.managers [req-17f8fb53-0bcc-4c12-9031-7c2fea6d0a77 None] Extended network dict for driver 'cisco_n1kv_ext'
2015-03-09 03:03:39.267 28422 INFO neutron.wsgi [req-17f8fb53-0bcc-4c12-9031-7c2fea6d0a77 None] 13.0.0.3 - - [09/Mar/2015 03:03:39] "GET /v2.0/networks.json?id=12f7dc68-ee5f-4f16-b141-434be122863f HTTP/1.1" 200 577 0.016446
2015-03-09 03:03:39.270 28422 INFO neutron.wsgi [-] (28422) accepted ('13.0.0.3', 56921)
2015-03-09 03:03:39.275 28422 INFO neutron.wsgi [req-8f2375eb-0278-4eb5-9d08-ec4f7eb8ee03 None] 13.0.0.3 - - [09/Mar/2015 03:03:39] "GET /v2.0/floatingips.json?fixed_ip_address=14.10.1.2&port_id=dff8995c-175e-47b1-a2b8-957719e1472c HTTP/1.1" 200 208 0.004390
2015-03-09 03:03:39.277 28414 INFO neutron.wsgi [-] (28414) accepted ('13.0.0.3', 56922)
2015-03-09 03:03:39.279 28414 INFO urllib3.connectionpool [-] Resetting dropped connection: 13.0.0.25
2015-03-09 03:03:39.336 28414 INFO neutron.plugins.ml2.managers [req-fa195d73-c617-4899-82f4-038184df9e6d None] Extended subnet dict for driver 'cisco_n1kv_ext'
2015-03-09 03:03:39.337 28414 INFO neutron.wsgi [req-fa195d73-c617-4899-82f4-038184df9e6d None] 13.0.0.3 - - [09/Mar/2015 03:03:39] "GET /v2.0/subnets.json?id=2a06511a-d7ab-4880-9f67-44554fa6ece7 HTTP/1.1" 200 626 0.059148
2015-03-09 03:03:39.340 28414 INFO neutron.wsgi [-] (28414) accepted ('13.0.0.3', 56927)
2015-03-09 03:03:39.358 28414 INFO neutron.plugins.ml2.managers [req-343ad19a-0453-4a72-a4d8-7e70c04a154b None] Extended port dict for driver 'cisco_n1kv_ext'
2015-03-09 03:03:39.359 28414 INFO neutron.wsgi [req-343ad19a-0453-4a72-a4d8-7e70c04a154b None] 13.0.0.3 - - [09/Mar/2015 03:03:39] "GET /v2.0/ports.json?network_id=12f7dc68-ee5f-4f16-b141-434be122863f&device_owner=network%3Adhcp HTTP/1.1" 200 984 0.018704
2015-03-09 03:39:19.162 15301 INFO neutron.wsgi [-] (15301) accepted ('13.0.0.3', 37289)
2015-03-09 03:39:19.179 15301 INFO neutron.plugins.ml2.managers [req-a4935e89-1777-4d3d-b363-ae2e7dfe5295 None] Extended port dict for driver 'cisco_n1kv_ext'
2015-03-09 03:39:19.180 15301 INFO neutron.wsgi [req-a4935e89-1777-4d3d-b363-ae2e7dfe5295 None] 13.0.0.3 - - [09/Mar/2015 03:39:19] "GET /v2.0/ports.json?tenant_id=6edc90f14268442bb98940f1cef1ea39&device_id=fb8b23be-9b08-4d55-ba01-14298fe8b272 HTTP/1.1" 200 996 0.017381
2015-03-09 03:39:19.183 15301 INFO neutron.wsgi [-] (15301) accepted ('13.0.0.3', 37290)
2015-03-09 03:39:19.194 15301 INFO neutron.plugins.ml2.managers [req-f74b5250-ca21-4273-8001-250879b092ac None] Extended network dict for driver 'cisco_n1kv_ext'
2015-03-09 03:39:19.197 15301 INFO neutron.wsgi [req-f74b5250-ca21-4273-8001-250879b092ac None] 13.0.0.3 - - [09/Mar/2015 03:39:19] "GET /v2.0/networks.json?id=21f4a6d1-fff4-4403-8bc8-00a4429a9e0c HTTP/1.1" 200 577 0.012941
2015-03-09 03:39:19.199 15291 INFO neutron.wsgi [-] (15291) accepted ('13.0.0.3', 37291)
2015-03-09 03:39:19.201 15291 INFO urllib3.connectionpool [-] Resetting dropped connection: 13.0.0.25
2015-03-09 03:39:19.261 15291 INFO neutron.wsgi [req-7274b3f8-a9c7-4e79-9f2e-3ef33316a235 None] 13.0.0.3 - - [09/Mar/2015 03:39:19] "GET /v2.0/floatingips.json?fixed_ip_address=14.8.2.2&port_id=e54ef322-076e-4ca9-82cc-9d447ca4f2f8 HTTP/1.1" 200 208 0.061264
2015-03-09 03:39:19.264 15291 INFO neutron.wsgi [-] (15291) accepted ('13.0.0.3', 37294)
2015-03-09 03:39:19.276 15291 INFO neutron.plugins.ml2.managers [req-77705991-3b12-44b9-af4d-ae12ff1d8a2b None] Extended subnet dict for driver 'cisco_n1kv_ext'
2015-03-09 03:39:19.277 15291 INFO neutron.wsgi [req-77705991-3b12-44b9-af4d-ae12ff1d8a2b None] 13.0.0.3 - - [09/Mar/2015 03:39:19] "GET /v2.0/subnets.json?id=b3eb77af-0496-48de-9b4c-804f3975d61f HTTP/1.1" 200 622 0.012399
2015-03-09 03:39:19.279 15291 INFO neutron.wsgi [-] (15291) accepted ('13.0.0.3', 37295)
2015-03-09 03:39:19.295 15291 INFO neutron.plugins.ml2.managers [req-7732ba06-6668-4ab3-a807-fdd110b2f816 None] Extended port dict for driver 'cisco_n1kv_ext'
2015-03-09 03:39:19.297 15291 INFO neutron.wsgi [req-7732ba06-6668-4ab3-a807-fdd110b2f816 None] 13.0.0.3 - - [09/Mar/2015 03:39:19] "GET /v2.0/ports.json?network_id=21f4a6d1-fff4-4403-8bc8-00a4429a9e0c&device_owner=network%3Adhcp HTTP/1.1" 200 983 0.017452
2015-03-09 03:39:40.903 15291 INFO neutron.wsgi [-] (15291) accepted ('13.0.0.3', 37658)
2015-03-09 03:39:40.973 15291 INFO neutron.plugins.ml2.managers [req-bbc23c69-307e-4172-a419-3cba4e2c031d None] Extended port dict for driver 'cisco_n1kv_ext'
2015-03-09 03:39:40.975 15291 INFO neutron.wsgi [req-bbc23c69-307e-4172-a419-3cba4e2c031d None] 13.0.0.3 - - [09/Mar/2015 03:39:40] "GET /v2.0/ports.json?tenant_id=cd8e05c53c6f4db79368f04564dcb4d3&device_id=bddb85f8-150a-4252-84c9-05b2918899c5 HTTP/1.1" 200 996 0.071058
2015-03-09 03:39:40.978 15291 INFO neutron.wsgi [-] (15291) accepted ('13.0.0.3', 37663)
2015-03-09 03:39:40.991 15291 INFO neutron.plugins.ml2.managers [req-707efbe8-0cce-4ae3-8335-163086b48448 None] Extended network dict for driver 'cisco_n1kv_ext'
2015-03-09 03:39:40.993 15291 INFO neutron.wsgi [req-707efbe8-0cce-4ae3-8335-163086b48448 None] 13.0.0.3 - - [09/Mar/2015 03:39:40] "GET /v2.0/networks.json?id=619b3cb6-c5bb-469b-8525-44a53fc87630 HTTP/1.1" 200 578 0.014896
2015-03-09 03:39:40.996 15291 INFO neutron.wsgi [-] (15291) accepted ('13.0.0.3', 37664)
2015-03-09 03:39:41.000 15291 INFO neutron.wsgi [req-51cb9d87-f11b-49d6-aaad-656c58bfa2cf None] 13.0.0.3 - - [09/Mar/2015 03:39:41] "GET /v2.0/floatingips.json?fixed_ip_address=14.6.9.2&port_id=ce179fb2-6014-4f8e-acaa-6a1dd23d8887 HTTP/1.1" 200 208 0.004247
2015-03-09 03:39:41.003 15291 INFO neutron.wsgi [-] (15291) accepted ('13.0.0.3', 37665)
2015-03-09 03:39:41.013 15291 INFO neutron.plugins.ml2.managers [req-28d9001d-dcbd-4646-b8f5-1387340359b3 None] Extended subnet dict for driver 'cisco_n1kv_ext'
2015-03-09 03:39:41.013 15291 INFO neutron.wsgi [req-28d9001d-dcbd-4646-b8f5-1387340359b3 None] 13.0.0.3 - - [09/Mar/2015 03:39:41] "GET /v2.0/subnets.json?id=cf17974a-345d-40f1-8fa6-87fff881e1fe HTTP/1.1" 200 623 0.010069
2015-03-09 03:39:41.017 15297 INFO neutron.wsgi [-] (15297) accepted ('13.0.0.3', 37666)
2015-03-09 03:39:41.019 15297 INFO urllib3.connectionpool [-] Resetting dropped connection: 13.0.0.25
2015-03-09 03:39:41.084 15297 INFO neutron.plugins.ml2.managers [req-989f7de8-1be3-4aee-98de-bb91516e7eee None] Extended port dict for driver 'cisco_n1kv_ext'
2015-03-09 03:39:41.086 15297 INFO neutron.wsgi [req-989f7de8-1be3-4aee-98de-bb91516e7eee None] 13.0.0.3 - - [09/Mar/2015 03:39:41] "GET /v2.0/ports.json?network_id=619b3cb6-c5bb-469b-8525-44a53fc87630&device_owner=network%3Adhcp HTTP/1.1" 200 983 0.068502
2015-03-09 03:39:41.961 15273 INFO urllib3.connectionpool [-] Starting new HTTP connection (1): 13.0.0.250
2015-03-10 03:39:10.112 27053 INFO neutron.wsgi [-] (27053) accepted ('13.0.0.3', 56442)
2015-03-10 03:39:10.115 27053 INFO urllib3.connectionpool [-] Resetting dropped connection: 13.0.0.25
2015-03-10 03:39:10.197 27053 INFO neutron.wsgi [-] (27053) accepted ('13.0.0.3', 56462)
2015-03-10 03:39:10.198 27047 INFO neutron.wsgi [-] (27047) accepted ('13.0.0.3', 56464)
2015-03-10 03:39:10.199 27053 INFO urllib3.connectionpool [-] Starting new HTTP connection (2): 13.0.0.25
2015-03-10 03:39:10.201 27047 INFO urllib3.connectionpool [-] Resetting dropped connection: 13.0.0.25
2015-03-10 03:39:10.227 27047 INFO neutron.wsgi [-] (27047) accepted ('13.0.0.3', 56474)
2015-03-10 03:39:10.229 27047 INFO urllib3.connectionpool [-] Resetting dropped connection: 13.0.0.25
2015-03-10 03:39:10.235 27047 INFO neutron.wsgi [-] (27047) accepted ('13.0.0.3', 56478)
2015-03-10 03:39:10.238 27047 INFO urllib3.connectionpool [-] Starting new HTTP connection (3): 13.0.0.25
2015-03-10 03:39:10.263 27051 INFO neutron.wsgi [-] (27051) accepted ('13.0.0.3', 56484)
2015-03-10 03:39:10.265 27051 INFO urllib3.connectionpool [-] Resetting dropped connection: 13.0.0.25
2015-03-10 03:39:10.268 27051 INFO neutron.wsgi [-] (27051) accepted ('13.0.0.3', 56488)
2015-03-10 03:39:10.269 27051 INFO urllib3.connectionpool [-] Starting new HTTP connection (2): 13.0.0.25
2015-03-10 03:39:10.289 27053 INFO neutron.plugins.ml2.db [req-befa73cb-11a2-4930-a9cc-5150ad11c0ae None] Added segment 0ec1bab6-9168-4dd8-8acd-9064be1bcbc6 of type vlan for network a9c9d4c7-3749-4002-b30b-ba5cdf1d8ec0
2015-03-10 03:39:10.299 27053 INFO urllib3.connectionpool [-] Starting new HTTP connection (1): 13.0.0.250
2015-03-10 03:39:10.304 27057 INFO neutron.wsgi [-] (27057) accepted ('13.0.0.3', 56493)
2015-03-10 03:39:10.307 27057 INFO urllib3.connectionpool [-] Resetting dropped connection: 13.0.0.25
2015-03-10 03:39:10.324 27047 INFO neutron.plugins.ml2.db [req-1ccf4360-9d12-4cb2-9923-024f3929616a None] Added segment a52099c9-5808-44db-9140-bda89d3b4bdf of type vlan for network 259a1c5f-bcdb-4989-8f54-70caac96f9bb
2015-03-10 03:39:10.333 27051 INFO oslo.messaging._drivers.impl_rabbit [req-6326ac79-e8c1-46bb-93ab-a03484e8480b ] Connecting to AMQP server on 13.0.0.3:5672
2015-03-10 03:39:10.349 27053 INFO neutron.plugins.ml2.db [req-9c44e2c8-c8aa-4f5c-902b-ea1662840837 None] Added segment a0bacfc5-5299-41c8-9278-b13b208eafbf of type vlan for network 94de049e-ec4e-4b8b-9c26-ec2606431d6c
2015-03-10 03:39:10.349 27047 INFO urllib3.connectionpool [-] Starting new HTTP connection (1): 13.0.0.250
2015-03-10 03:39:10.355 27051 INFO oslo.messaging._drivers.impl_rabbit [req-6326ac79-e8c1-46bb-93ab-a03484e8480b ] Connected to AMQP server on 13.0.0.3:5672
2015-03-10 03:39:10.357 27047 INFO oslo.messaging._drivers.impl_rabbit [req-00923f06-f3e8-49f6-b48d-c8a4ee17f952 ] Connecting to AMQP server on 13.0.0.3:5672
2015-03-10 03:39:10.360 27053 INFO urllib3.connectionpool [-] Starting new HTTP connection (1): 13.0.0.250
2015-03-10 03:39:10.368 27051 INFO neutron.plugins.ml2.db [req-62ac0a7c-ab69-4897-8531-d26fc103ceb2 None] Added segment a2587795-34bf-4b2d-8a8f-37b5ba486be1 of type vlan for network fd982938-5b84-487d-97c7-f5d4d3f9a362
2015-03-10 03:39:10.377 27051 INFO urllib3.connectionpool [-] Starting new HTTP connection (1): 13.0.0.250
2015-03-10 03:39:10.388 27047 INFO neutron.plugins.ml2.db [req-effcb4fe-60af-43ef-9bc5-fd9d165aed2a None] Added segment 08f30d7e-baf8-40f6-8f82-8a5284d3eb3e of type vlan for network 2bed3aa4-05a3-4043-8020-03ee63bb04d2
2015-03-10 03:39:10.393 27052 INFO neutron.wsgi [-] (27052) accepted ('13.0.0.3', 56506)
2015-03-10 03:39:10.395 27052 INFO urllib3.connectionpool [-] Resetting dropped connection: 13.0.0.25
2015-03-10 03:39:10.397 27058 INFO neutron.wsgi [-] (27058) accepted ('13.0.0.3', 56510)
2015-03-10 03:39:10.397 27057 ERROR neutron.api.v2.resource [req-9eded1a3-e638-4dc8-846a-a1e7799230fd None] create failed
2015-03-10 03:39:10.397 27057 TRACE neutron.api.v2.resource Traceback (most recent call last):
2015-03-10 03:39:10.397 27057 TRACE neutron.api.v2.resource   File "/usr/lib/python2.7/site-packages/neutron/api/v2/resource.py", line 87, in resource
2015-03-10 03:39:10.397 27057 TRACE neutron.api.v2.resource     result = method(request=request, **args)
2015-03-10 03:39:10.397 27057 TRACE neutron.api.v2.resource   File "/usr/lib/python2.7/site-packages/neutron/api/v2/base.py", line 448, in create
2015-03-10 03:39:10.397 27057 TRACE neutron.api.v2.resource     obj = obj_creator(request.context, **kwargs)
2015-03-10 03:39:10.397 27057 TRACE neutron.api.v2.resource   File "/usr/lib/python2.7/site-packages/neutron/plugins/ml2/plugin.py", line 499, in create_network
2015-03-10 03:39:10.397 27057 TRACE neutron.api.v2.resource     tenant_id)
2015-03-10 03:39:10.397 27057 TRACE neutron.api.v2.resource   File "/usr/lib/python2.7/site-packages/neutron/plugins/ml2/managers.py", line 160, in create_network_segments
2015-03-10 03:39:10.397 27057 TRACE neutron.api.v2.resource     segment = self.allocate_tenant_segment(session)
2015-03-10 03:39:10.397 27057 TRACE neutron.api.v2.resource   File "/usr/lib/python2.7/site-packages/neutron/plugins/ml2/managers.py", line 189, in allocate_tenant_segment
2015-03-10 03:39:10.397 27057 TRACE neutron.api.v2.resource     segment = driver.obj.allocate_tenant_segment(session)
2015-03-10 03:39:10.397 27057 TRACE neutron.api.v2.resource   File "/usr/lib/python2.7/site-packages/neutron/plugins/ml2/drivers/type_vlan.py", line 220, in allocate_tenant_segment
2015-03-10 03:39:10.397 27057 TRACE neutron.api.v2.resource     alloc = self.allocate_partially_specified_segment(session)
2015-03-10 03:39:10.397 27057 TRACE neutron.api.v2.resource   File "/usr/lib/python2.7/site-packages/neutron/plugins/ml2/drivers/helpers.py", line 143, in allocate_partially_specified_segment
2015-03-10 03:39:10.397 27057 TRACE neutron.api.v2.resource     raise exc.NoNetworkFoundInMaximumAllowedAttempts()
2015-03-10 03:39:10.397 27057 TRACE neutron.api.v2.resource NoNetworkFoundInMaximumAllowedAttempts: Unable to create the network. No available network found in maximum allowed attempts.
2015-03-10 03:39:10.397 27057 TRACE neutron.api.v2.resource 
2015-03-10 03:39:10.398 27057 INFO neutron.wsgi [req-9eded1a3-e638-4dc8-846a-a1e7799230fd None] 13.0.0.3 - - [10/Mar/2015 03:39:10] "POST /v2.0/networks.json HTTP/1.1" 503 389 0.092831
2015-03-10 03:39:10.399 27058 INFO urllib3.connectionpool [-] Resetting dropped connection: 13.0.0.25
2015-03-10 03:39:10.401 27047 INFO oslo.messaging._drivers.impl_rabbit [req-00923f06-f3e8-49f6-b48d-c8a4ee17f952 ] Connected to AMQP server on 13.0.0.3:5672
2015-03-10 03:39:10.403 27047 INFO urllib3.connectionpool [-] Starting new HTTP connection (1): 13.0.0.250
2015-03-10 03:39:10.419 27051 ERROR neutron.api.v2.resource [req-6326ac79-e8c1-46bb-93ab-a03484e8480b None] create failed
2015-03-10 03:39:10.419 27051 TRACE neutron.api.v2.resource Traceback (most recent call last):
2015-03-10 03:39:10.419 27051 TRACE neutron.api.v2.resource   File "/usr/lib/python2.7/site-packages/neutron/api/v2/resource.py", line 87, in resource
2015-03-10 03:39:10.419 27051 TRACE neutron.api.v2.resource     result = method(request=request, **args)
2015-03-10 03:39:10.419 27051 TRACE neutron.api.v2.resource   File "/usr/lib/python2.7/site-packages/neutron/api/v2/base.py", line 448, in create
2015-03-10 03:39:10.419 27051 TRACE neutron.api.v2.resource     obj = obj_creator(request.context, **kwargs)
2015-03-10 03:39:10.419 27051 TRACE neutron.api.v2.resource   File "/usr/lib/python2.7/site-packages/neutron/plugins/ml2/plugin.py", line 499, in create_network
2015-03-10 03:39:10.419 27051 TRACE neutron.api.v2.resource     tenant_id)
2015-03-10 03:39:10.419 27051 TRACE neutron.api.v2.resource   File "/usr/lib/python2.7/site-packages/neutron/plugins/ml2/managers.py", line 160, in create_network_segments
2015-03-10 03:39:10.419 27051 TRACE neutron.api.v2.resource     segment = self.allocate_tenant_segment(session)
2015-03-10 03:39:10.419 27051 TRACE neutron.api.v2.resource   File "/usr/lib/python2.7/site-packages/neutron/plugins/ml2/managers.py", line 189, in allocate_tenant_segment
2015-03-10 03:39:10.419 27051 TRACE neutron.api.v2.resource     segment = driver.obj.allocate_tenant_segment(session)
2015-03-10 03:39:10.419 27051 TRACE neutron.api.v2.resource   File "/usr/lib/python2.7/site-packages/neutron/plugins/ml2/drivers/type_vlan.py", line 220, in allocate_tenant_segment
2015-03-10 03:39:10.419 27051 TRACE neutron.api.v2.resource     alloc = self.allocate_partially_specified_segment(session)
2015-03-10 03:39:10.419 27051 TRACE neutron.api.v2.resource   File "/usr/lib/python2.7/site-packages/neutron/plugins/ml2/drivers/helpers.py", line 143, in allocate_partially_specified_segment
2015-03-10 03:39:10.419 27051 TRACE neutron.api.v2.resource     raise exc.NoNetworkFoundInMaximumAllowedAttempts()
2015-03-10 03:39:10.419 27051 TRACE neutron.api.v2.resource NoNetworkFoundInMaximumAllowedAttempts: Unable to create the network. No available network found in maximum allowed attempts.
2015-03-10 03:39:10.419 27051 TRACE neutron.api.v2.resource 
2015-03-10 03:39:10.422 27051 INFO neutron.wsgi [req-6326ac79-e8c1-46bb-93ab-a03484e8480b None] 13.0.0.3 - - [10/Mar/2015 03:39:10] "POST /v2.0/networks.json HTTP/1.1" 503 389 0.153599
2015-03-10 03:39:10.430 27047 INFO neutron.plugins.ml2.db [req-00923f06-f3e8-49f6-b48d-c8a4ee17f952 None] Added segment a0b777e6-a0b1-48e6-a8b0-c8607aecd5a6 of type vlan for network 0cfee667-2855-4c42-967c-270bc74698e1
2015-03-10 03:39:10.474 27058 INFO neutron.plugins.ml2.db [req-bd8924d0-9fe1-496e-9ab4-ef223b2c4717 None] Added segment 614a68c8-b056-44c9-a8fd-e382370496e2 of type vlan for network 2eccd943-7d00-40c1-9505-4da61742deec
2015-03-10 03:39:10.484 27058 INFO urllib3.connectionpool [-] Starting new HTTP connection (1): 13.0.0.250
2015-03-10 03:39:10.499 27052 ERROR neutron.api.v2.resource [req-af72fdd1-9104-4e88-a5b1-728df1c7895a None] create failed
2015-03-10 03:39:10.499 27052 TRACE neutron.api.v2.resource Traceback (most recent call last):
2015-03-10 03:39:10.499 27052 TRACE neutron.api.v2.resource   File "/usr/lib/python2.7/site-packages/neutron/api/v2/resource.py", line 87, in resource
2015-03-10 03:39:10.499 27052 TRACE neutron.api.v2.resource     result = method(request=request, **args)
2015-03-10 03:39:10.499 27052 TRACE neutron.api.v2.resource   File "/usr/lib/python2.7/site-packages/neutron/api/v2/base.py", line 448, in create
2015-03-10 03:39:10.499 27052 TRACE neutron.api.v2.resource     obj = obj_creator(request.context, **kwargs)
2015-03-10 03:39:10.499 27052 TRACE neutron.api.v2.resource   File "/usr/lib/python2.7/site-packages/neutron/plugins/ml2/plugin.py", line 499, in create_network
2015-03-10 03:39:10.499 27052 TRACE neutron.api.v2.resource     tenant_id)
2015-03-10 03:39:10.499 27052 TRACE neutron.api.v2.resource   File "/usr/lib/python2.7/site-packages/neutron/plugins/ml2/managers.py", line 160, in create_network_segments
2015-03-10 03:39:10.499 27052 TRACE neutron.api.v2.resource     segment = self.allocate_tenant_segment(session)
2015-03-10 03:39:10.499 27052 TRACE neutron.api.v2.resource   File "/usr/lib/python2.7/site-packages/neutron/plugins/ml2/managers.py", line 189, in allocate_tenant_segment
2015-03-10 03:39:10.499 27052 TRACE neutron.api.v2.resource     segment = driver.obj.allocate_tenant_segment(session)
2015-03-10 03:39:10.499 27052 TRACE neutron.api.v2.resource   File "/usr/lib/python2.7/site-packages/neutron/plugins/ml2/drivers/type_vlan.py", line 220, in allocate_tenant_segment
2015-03-10 03:39:10.499 27052 TRACE neutron.api.v2.resource     alloc = self.allocate_partially_specified_segment(session)
2015-03-10 03:39:10.499 27052 TRACE neutron.api.v2.resource   File "/usr/lib/python2.7/site-packages/neutron/plugins/ml2/drivers/helpers.py", line 143, in allocate_partially_specified_segment
2015-03-10 03:39:10.499 27052 TRACE neutron.api.v2.resource     raise exc.NoNetworkFoundInMaximumAllowedAttempts()
2015-03-10 03:39:10.499 27052 TRACE neutron.api.v2.resource NoNetworkFoundInMaximumAllowedAttempts: Unable to create the network. No available network found in maximum allowed attempts.
2015-03-10 03:39:10.499 27052 TRACE neutron.api.v2.resource 
2015-03-10 03:39:10.501 27052 INFO neutron.wsgi [req-af72fdd1-9104-4e88-a5b1-728df1c7895a None] 13.0.0.3 - - [10/Mar/2015 03:39:10] "POST /v2.0/networks.json HTTP/1.1" 503 389 0.107604
2015-03-10 03:39:10.897 27053 INFO neutron.plugins.ml2.drivers.cisco.n1kv.n1kv_client [req-befa73cb-11a2-4930-a9cc-5150ad11c0ae None] VSM: Successfully modified "network-segment a9c9d4c7-3749-4002-b30b-ba5cdf1d8ec0"
2015-03-10 03:39:10.898 27053 INFO neutron.plugins.ml2.drivers.cisco.n1kv.mech_cisco_n1kv [req-befa73cb-11a2-4930-a9cc-5150ad11c0ae None] Create network(postcommit) succeeded for network: a9c9d4c7-3749-4002-b30b-ba5cdf1d8ec0 of type: vlan with segment id: 100
2015-03-10 03:39:10.902 27053 INFO neutron.wsgi [req-befa73cb-11a2-4930-a9cc-5150ad11c0ae None] 13.0.0.3 - - [10/Mar/2015 03:39:10] "POST /v2.0/networks.json HTTP/1.1" 201 426 0.704476
2015-03-10 03:39:11.485 27047 INFO neutron.plugins.ml2.drivers.cisco.n1kv.n1kv_client [req-1ccf4360-9d12-4cb2-9923-024f3929616a None] VSM: Successfully modified "network-segment 259a1c5f-bcdb-4989-8f54-70caac96f9bb"
2015-03-10 03:39:11.485 27047 INFO neutron.plugins.ml2.drivers.cisco.n1kv.mech_cisco_n1kv [req-1ccf4360-9d12-4cb2-9923-024f3929616a None] Create network(postcommit) succeeded for network: 259a1c5f-bcdb-4989-8f54-70caac96f9bb of type: vlan with segment id: 101
2015-03-10 03:39:11.487 27047 INFO urllib3.connectionpool [-] Starting new HTTP connection (1): 13.0.0.250
2015-03-10 03:39:11.491 27047 INFO neutron.wsgi [req-1ccf4360-9d12-4cb2-9923-024f3929616a None] 13.0.0.3 - - [10/Mar/2015 03:39:11] "POST /v2.0/networks.json HTTP/1.1" 201 426 1.292039
2015-03-10 03:39:12.377 27053 INFO neutron.plugins.ml2.drivers.cisco.n1kv.n1kv_client [req-9c44e2c8-c8aa-4f5c-902b-ea1662840837 None] VSM: Successfully modified "network-segment 94de049e-ec4e-4b8b-9c26-ec2606431d6c"
2015-03-10 03:39:12.378 27053 INFO neutron.plugins.ml2.drivers.cisco.n1kv.mech_cisco_n1kv [req-9c44e2c8-c8aa-4f5c-902b-ea1662840837 None] Create network(postcommit) succeeded for network: 94de049e-ec4e-4b8b-9c26-ec2606431d6c of type: vlan with segment id: 102
2015-03-10 03:39:12.383 27053 INFO neutron.wsgi [req-9c44e2c8-c8aa-4f5c-902b-ea1662840837 None] 13.0.0.3 - - [10/Mar/2015 03:39:12] "POST /v2.0/networks.json HTTP/1.1" 201 426 2.269585
2015-03-10 03:39:13.379 27046 INFO neutron.wsgi [-] (27046) accepted ('13.0.0.3', 56575)
2015-03-10 03:39:13.382 27046 INFO urllib3.connectionpool [-] Resetting dropped connection: 13.0.0.25
2015-03-10 03:39:13.438 27046 INFO neutron.plugins.ml2.managers [req-8ef29433-d763-4099-a5cf-bc2e6ae4ed5d None] Extended network dict for driver 'cisco_n1kv_ext'
2015-03-10 03:39:13.441 27046 INFO neutron.wsgi [req-8ef29433-d763-4099-a5cf-bc2e6ae4ed5d None] 13.0.0.3 - - [10/Mar/2015 03:39:13] "GET /v2.0/networks.json?fields=id&name=net-t3-s1 HTTP/1.1" 200 251 0.061486
2015-03-10 03:39:13.458 27046 INFO neutron.plugins.ml2.managers [req-d2080fca-9630-4746-aabf-b98ee3638f5b None] Extended network dict for driver 'cisco_n1kv_ext'
2015-03-10 03:39:13.467 27046 INFO neutron.plugins.ml2.managers [req-d2080fca-9630-4746-aabf-b98ee3638f5b None] Extended network dict for driver 'cisco_n1kv_ext'
2015-03-10 03:39:13.487 27046 INFO neutron.plugins.ml2.managers [req-d2080fca-9630-4746-aabf-b98ee3638f5b None] Extended subnet dict for driver 'cisco_n1kv_ext'
2015-03-10 03:39:13.490 27046 INFO urllib3.connectionpool [-] Starting new HTTP connection (1): 13.0.0.250
2015-03-10 03:39:13.502 27047 INFO neutron.plugins.ml2.drivers.cisco.n1kv.n1kv_client [req-effcb4fe-60af-43ef-9bc5-fd9d165aed2a None] VSM: Successfully modified "network-segment 2bed3aa4-05a3-4043-8020-03ee63bb04d2"
2015-03-10 03:39:13.502 27047 INFO neutron.plugins.ml2.drivers.cisco.n1kv.mech_cisco_n1kv [req-effcb4fe-60af-43ef-9bc5-fd9d165aed2a None] Create network(postcommit) succeeded for network: 2bed3aa4-05a3-4043-8020-03ee63bb04d2 of type: vlan with segment id: 104
2015-03-10 03:39:13.507 27047 INFO neutron.wsgi [req-effcb4fe-60af-43ef-9bc5-fd9d165aed2a None] 13.0.0.3 - - [10/Mar/2015 03:39:13] "POST /v2.0/networks.json HTTP/1.1" 201 426 3.278963
2015-03-10 03:39:13.973 27053 INFO neutron.wsgi [-] (27053) accepted ('13.0.0.3', 56597)
2015-03-10 03:39:13.999 27053 INFO neutron.plugins.ml2.managers [req-0151be61-9dc2-4043-8fd8-e3418b941985 None] Extended network dict for driver 'cisco_n1kv_ext'
2015-03-10 03:39:14.002 27053 INFO neutron.wsgi [req-0151be61-9dc2-4043-8fd8-e3418b941985 None] 13.0.0.3 - - [10/Mar/2015 03:39:14] "GET /v2.0/networks.json?fields=id&name=net-t5-s1 HTTP/1.1" 200 251 0.028183
2015-03-10 03:39:14.020 27053 INFO neutron.plugins.ml2.managers [req-c15dcbc8-a579-42c3-ac73-f75292d2250d None] Extended network dict for driver 'cisco_n1kv_ext'
2015-03-10 03:39:14.029 27053 INFO neutron.plugins.ml2.managers [req-c15dcbc8-a579-42c3-ac73-f75292d2250d None] Extended network dict for driver 'cisco_n1kv_ext'
2015-03-10 03:39:14.050 27053 INFO neutron.plugins.ml2.managers [req-c15dcbc8-a579-42c3-ac73-f75292d2250d None] Extended subnet dict for driver 'cisco_n1kv_ext'
2015-03-10 03:39:14.053 27053 INFO urllib3.connectionpool [-] Starting new HTTP connection (1): 13.0.0.250
2015-03-10 03:39:14.267 27051 INFO neutron.plugins.ml2.drivers.cisco.n1kv.n1kv_client [req-62ac0a7c-ab69-4897-8531-d26fc103ceb2 None] VSM: Successfully modified "network-segment fd982938-5b84-487d-97c7-f5d4d3f9a362"
2015-03-10 03:39:14.268 27051 INFO neutron.plugins.ml2.drivers.cisco.n1kv.mech_cisco_n1kv [req-62ac0a7c-ab69-4897-8531-d26fc103ceb2 None] Create network(postcommit) succeeded for network: fd982938-5b84-487d-97c7-f5d4d3f9a362 of type: vlan with segment id: 103
2015-03-10 03:39:14.268 27058 INFO neutron.plugins.ml2.drivers.cisco.n1kv.n1kv_client [req-bd8924d0-9fe1-496e-9ab4-ef223b2c4717 None] VSM: Successfully modified "network-segment 2eccd943-7d00-40c1-9505-4da61742deec"
2015-03-10 03:39:14.268 27058 INFO neutron.plugins.ml2.drivers.cisco.n1kv.mech_cisco_n1kv [req-bd8924d0-9fe1-496e-9ab4-ef223b2c4717 None] Create network(postcommit) succeeded for network: 2eccd943-7d00-40c1-9505-4da61742deec of type: vlan with segment id: 106
2015-03-10 03:39:14.272 27051 INFO neutron.wsgi [req-62ac0a7c-ab69-4897-8531-d26fc103ceb2 None] 13.0.0.3 - - [10/Mar/2015 03:39:14] "POST /v2.0/networks.json HTTP/1.1" 201 426 4.008359
2015-03-10 03:39:14.272 27058 INFO neutron.wsgi [req-bd8924d0-9fe1-496e-9ab4-ef223b2c4717 None] 13.0.0.3 - - [10/Mar/2015 03:39:14] "POST /v2.0/networks.json HTTP/1.1" 201 427 3.874952
2015-03-10 03:39:14.868 27054 INFO neutron.wsgi [-] (27054) accepted ('13.0.0.3', 56623)
2015-03-10 03:39:14.871 27054 INFO urllib3.connectionpool [-] Resetting dropped connection: 13.0.0.25
2015-03-10 03:39:14.926 27054 INFO neutron.plugins.ml2.managers [req-a661c383-533f-402f-835a-13bedb0cb697 None] Extended network dict for driver 'cisco_n1kv_ext'
2015-03-10 03:39:14.929 27054 INFO neutron.wsgi [req-a661c383-533f-402f-835a-13bedb0cb697 None] 13.0.0.3 - - [10/Mar/2015 03:39:14] "GET /v2.0/networks.json?fields=id&name=net-t6-s1 HTTP/1.1" 200 251 0.059870
2015-03-10 03:39:14.945 27054 INFO neutron.plugins.ml2.managers [req-e188047d-b5e9-4250-9546-06b1ef723c3e None] Extended network dict for driver 'cisco_n1kv_ext'
2015-03-10 03:39:14.954 27054 INFO neutron.plugins.ml2.managers [req-e188047d-b5e9-4250-9546-06b1ef723c3e None] Extended network dict for driver 'cisco_n1kv_ext'
2015-03-10 03:39:14.974 27054 INFO neutron.plugins.ml2.managers [req-e188047d-b5e9-4250-9546-06b1ef723c3e None] Extended subnet dict for driver 'cisco_n1kv_ext'
2015-03-10 03:39:14.976 27054 INFO urllib3.connectionpool [-] Starting new HTTP connection (1): 13.0.0.250
2015-03-10 03:39:14.993 27047 INFO neutron.plugins.ml2.drivers.cisco.n1kv.n1kv_client [req-00923f06-f3e8-49f6-b48d-c8a4ee17f952 None] VSM: Successfully modified "network-segment 0cfee667-2855-4c42-967c-270bc74698e1"
2015-03-10 03:39:14.993 27047 INFO neutron.plugins.ml2.drivers.cisco.n1kv.mech_cisco_n1kv [req-00923f06-f3e8-49f6-b48d-c8a4ee17f952 None] Create network(postcommit) succeeded for network: 0cfee667-2855-4c42-967c-270bc74698e1 of type: vlan with segment id: 105
2015-03-10 03:39:14.997 27047 INFO neutron.wsgi [req-00923f06-f3e8-49f6-b48d-c8a4ee17f952 None] 13.0.0.3 - - [10/Mar/2015 03:39:14] "POST /v2.0/networks.json HTTP/1.1" 201 426 4.761324
2015-03-10 03:39:15.293 27046 INFO neutron.plugins.ml2.drivers.cisco.n1kv.n1kv_client [req-d2080fca-9630-4746-aabf-b98ee3638f5b None] VSM: Successfully modified "ip-pool-template 34856750-9cac-4e56-b6d2-6595520668de"
2015-03-10 03:39:15.294 27046 INFO neutron.plugins.ml2.drivers.cisco.n1kv.mech_cisco_n1kv [req-d2080fca-9630-4746-aabf-b98ee3638f5b None] Create subnet(postcommit) succeeded for subnet: ID: 34856750-9cac-4e56-b6d2-6595520668de
2015-03-10 03:39:15.307 27046 INFO neutron.plugins.ml2.managers [req-d2080fca-9630-4746-aabf-b98ee3638f5b None] Extended network dict for driver 'cisco_n1kv_ext'
2015-03-10 03:39:15.317 27046 INFO neutron.wsgi [req-d2080fca-9630-4746-aabf-b98ee3638f5b None] 13.0.0.3 - - [10/Mar/2015 03:39:15] "POST /v2.0/subnets.json HTTP/1.1" 201 624 1.873314
2015-03-10 03:39:15.815 27054 INFO neutron.plugins.ml2.drivers.cisco.n1kv.n1kv_client [req-e188047d-b5e9-4250-9546-06b1ef723c3e None] VSM: Successfully modified "ip-pool-template d5096c7b-e2da-4a1f-9f26-e197d2a31e02"
2015-03-10 03:39:15.815 27054 INFO neutron.plugins.ml2.drivers.cisco.n1kv.mech_cisco_n1kv [req-e188047d-b5e9-4250-9546-06b1ef723c3e None] Create subnet(postcommit) succeeded for subnet: ID: d5096c7b-e2da-4a1f-9f26-e197d2a31e02
2015-03-10 03:39:15.828 27054 INFO neutron.plugins.ml2.managers [req-e188047d-b5e9-4250-9546-06b1ef723c3e None] Extended network dict for driver 'cisco_n1kv_ext'
2015-03-10 03:39:15.839 27054 INFO neutron.wsgi [req-e188047d-b5e9-4250-9546-06b1ef723c3e None] 13.0.0.3 - - [10/Mar/2015 03:39:15] "POST /v2.0/subnets.json HTTP/1.1" 201 624 0.908159
2015-03-10 03:39:15.990 27046 INFO neutron.wsgi [-] (27046) accepted ('13.0.0.3', 56646)
2015-03-10 03:39:16.011 27046 INFO neutron.plugins.ml2.managers [req-ad8f6728-0821-4e99-a7bd-09273608aa9f None] Extended network dict for driver 'cisco_n1kv_ext'
2015-03-10 03:39:16.013 27046 INFO neutron.wsgi [req-ad8f6728-0821-4e99-a7bd-09273608aa9f None] 13.0.0.3 - - [10/Mar/2015 03:39:16] "GET /v2.0/networks.json?fields=id&name=net-t9-s1 HTTP/1.1" 200 251 0.022691
2015-03-10 03:39:16.033 27046 INFO neutron.plugins.ml2.managers [req-c53b7afa-d0b0-4257-86dc-1e5c43c6fc83 None] Extended network dict for driver 'cisco_n1kv_ext'
2015-03-10 03:39:16.042 27046 INFO neutron.plugins.ml2.managers [req-c53b7afa-d0b0-4257-86dc-1e5c43c6fc83 None] Extended network dict for driver 'cisco_n1kv_ext'
2015-03-10 03:39:16.061 27046 INFO neutron.plugins.ml2.managers [req-c53b7afa-d0b0-4257-86dc-1e5c43c6fc83 None] Extended subnet dict for driver 'cisco_n1kv_ext'
2015-03-10 03:39:16.064 27046 INFO urllib3.connectionpool [-] Starting new HTTP connection (1): 13.0.0.250
2015-03-10 03:39:16.125 27053 INFO neutron.plugins.ml2.drivers.cisco.n1kv.n1kv_client [req-c15dcbc8-a579-42c3-ac73-f75292d2250d None] VSM: Successfully modified "ip-pool-template 531cb58f-d0c8-4894-ad12-a08c200d40c4"
2015-03-10 03:39:16.126 27053 INFO neutron.plugins.ml2.drivers.cisco.n1kv.mech_cisco_n1kv [req-c15dcbc8-a579-42c3-ac73-f75292d2250d None] Create subnet(postcommit) succeeded for subnet: ID: 531cb58f-d0c8-4894-ad12-a08c200d40c4
2015-03-10 03:39:16.141 27053 INFO neutron.plugins.ml2.managers [req-c15dcbc8-a579-42c3-ac73-f75292d2250d None] Extended network dict for driver 'cisco_n1kv_ext'
2015-03-10 03:39:16.154 27053 INFO neutron.wsgi [req-c15dcbc8-a579-42c3-ac73-f75292d2250d None] 13.0.0.3 - - [10/Mar/2015 03:39:16] "POST /v2.0/subnets.json HTTP/1.1" 201 624 2.149080
2015-03-10 03:39:16.404 27046 INFO neutron.plugins.ml2.drivers.cisco.n1kv.n1kv_client [req-c53b7afa-d0b0-4257-86dc-1e5c43c6fc83 None] VSM: Successfully modified "ip-pool-template ba426265-f7c1-4a43-b42d-11a4f2eceebf"
2015-03-10 03:39:16.405 27046 INFO neutron.plugins.ml2.drivers.cisco.n1kv.mech_cisco_n1kv [req-c53b7afa-d0b0-4257-86dc-1e5c43c6fc83 None] Create subnet(postcommit) succeeded for subnet: ID: ba426265-f7c1-4a43-b42d-11a4f2eceebf
2015-03-10 03:39:16.421 27046 INFO neutron.plugins.ml2.managers [req-c53b7afa-d0b0-4257-86dc-1e5c43c6fc83 None] Extended network dict for driver 'cisco_n1kv_ext'
2015-03-10 03:39:16.432 27046 INFO neutron.wsgi [req-c53b7afa-d0b0-4257-86dc-1e5c43c6fc83 None] 13.0.0.3 - - [10/Mar/2015 03:39:16] "POST /v2.0/subnets.json HTTP/1.1" 201 628 0.416349
2015-03-10 03:39:16.749 27050 INFO neutron.wsgi [-] (27050) accepted ('13.0.0.3', 56655)
2015-03-10 03:39:16.750 27060 INFO neutron.wsgi [-] (27060) accepted ('13.0.0.3', 56657)
2015-03-10 03:39:16.751 27050 INFO urllib3.connectionpool [-] Resetting dropped connection: 13.0.0.25
2015-03-10 03:39:16.752 27060 INFO urllib3.connectionpool [-] Resetting dropped connection: 13.0.0.25
2015-03-10 03:39:16.800 27050 INFO neutron.plugins.ml2.managers [req-22710d7c-2bb5-46c2-9eae-cdd732844eb6 None] Extended network dict for driver 'cisco_n1kv_ext'
2015-03-10 03:39:16.803 27050 INFO neutron.wsgi [req-22710d7c-2bb5-46c2-9eae-cdd732844eb6 None] 13.0.0.3 - - [10/Mar/2015 03:39:16] "GET /v2.0/networks.json?fields=id&name=net-t2-s1 HTTP/1.1" 200 251 0.053910
2015-03-10 03:39:16.805 27060 INFO neutron.plugins.ml2.managers [req-e7fbcf50-f5ab-4a44-a05f-4f227b90492d None] Extended network dict for driver 'cisco_n1kv_ext'
2015-03-10 03:39:16.807 27060 INFO neutron.wsgi [req-e7fbcf50-f5ab-4a44-a05f-4f227b90492d None] 13.0.0.3 - - [10/Mar/2015 03:39:16] "GET /v2.0/networks.json?fields=id&name=net-t10-s1 HTTP/1.1" 200 251 0.057094
2015-03-10 03:39:16.822 27050 INFO neutron.plugins.ml2.managers [req-edfa5fd9-0866-4ac6-98f5-7b353e795272 None] Extended network dict for driver 'cisco_n1kv_ext'
2015-03-10 03:39:16.823 27060 INFO neutron.plugins.ml2.managers [req-600ba300-76dd-493d-9673-16707fef4b77 None] Extended network dict for driver 'cisco_n1kv_ext'
2015-03-10 03:39:16.831 27050 INFO neutron.plugins.ml2.managers [req-edfa5fd9-0866-4ac6-98f5-7b353e795272 None] Extended network dict for driver 'cisco_n1kv_ext'
2015-03-10 03:39:16.832 27060 INFO neutron.plugins.ml2.managers [req-600ba300-76dd-493d-9673-16707fef4b77 None] Extended network dict for driver 'cisco_n1kv_ext'
2015-03-10 03:39:16.851 27050 INFO neutron.plugins.ml2.managers [req-edfa5fd9-0866-4ac6-98f5-7b353e795272 None] Extended subnet dict for driver 'cisco_n1kv_ext'
2015-03-10 03:39:16.851 27060 INFO neutron.plugins.ml2.managers [req-600ba300-76dd-493d-9673-16707fef4b77 None] Extended subnet dict for driver 'cisco_n1kv_ext'
2015-03-10 03:39:16.854 27050 INFO urllib3.connectionpool [-] Starting new HTTP connection (1): 13.0.0.250
2015-03-10 03:39:16.854 27060 INFO urllib3.connectionpool [-] Starting new HTTP connection (1): 13.0.0.250
2015-03-10 03:39:17.163 27050 INFO neutron.plugins.ml2.drivers.cisco.n1kv.n1kv_client [req-edfa5fd9-0866-4ac6-98f5-7b353e795272 None] VSM: Successfully modified "ip-pool-template c01c2522-472b-405c-9320-4b267e0fcdd0"
2015-03-10 03:39:17.163 27050 INFO neutron.plugins.ml2.drivers.cisco.n1kv.mech_cisco_n1kv [req-edfa5fd9-0866-4ac6-98f5-7b353e795272 None] Create subnet(postcommit) succeeded for subnet: ID: c01c2522-472b-405c-9320-4b267e0fcdd0
2015-03-10 03:39:17.177 27050 INFO neutron.plugins.ml2.managers [req-edfa5fd9-0866-4ac6-98f5-7b353e795272 None] Extended network dict for driver 'cisco_n1kv_ext'
2015-03-10 03:39:17.187 27050 INFO neutron.wsgi [req-edfa5fd9-0866-4ac6-98f5-7b353e795272 None] 13.0.0.3 - - [10/Mar/2015 03:39:17] "POST /v2.0/subnets.json HTTP/1.1" 201 624 0.381714
2015-03-10 03:39:17.483 27057 INFO neutron.wsgi [-] (27057) accepted ('13.0.0.3', 56683)
2015-03-10 03:39:17.509 27057 INFO neutron.plugins.ml2.managers [req-8a8cb9d0-289d-4972-aafa-10a749542c36 None] Extended network dict for driver 'cisco_n1kv_ext'
2015-03-10 03:39:17.512 27057 INFO neutron.wsgi [req-8a8cb9d0-289d-4972-aafa-10a749542c36 None] 13.0.0.3 - - [10/Mar/2015 03:39:17] "GET /v2.0/networks.json?fields=id&name=net-t7-s1 HTTP/1.1" 200 251 0.027583
2015-03-10 03:39:17.527 27057 INFO neutron.plugins.ml2.managers [req-16f51b0b-6af7-4469-83ae-1aeb68509688 None] Extended network dict for driver 'cisco_n1kv_ext'
2015-03-10 03:39:17.537 27057 INFO neutron.plugins.ml2.managers [req-16f51b0b-6af7-4469-83ae-1aeb68509688 None] Extended network dict for driver 'cisco_n1kv_ext'
2015-03-10 03:39:17.557 27057 INFO neutron.plugins.ml2.managers [req-16f51b0b-6af7-4469-83ae-1aeb68509688 None] Extended subnet dict for driver 'cisco_n1kv_ext'
2015-03-10 03:39:17.560 27057 INFO urllib3.connectionpool [-] Starting new HTTP connection (1): 13.0.0.250
2015-03-10 03:39:17.625 27060 INFO neutron.plugins.ml2.drivers.cisco.n1kv.n1kv_client [req-600ba300-76dd-493d-9673-16707fef4b77 None] VSM: Successfully modified "ip-pool-template 70034356-ea0a-41d8-b512-b59784976112"
2015-03-10 03:39:17.625 27060 INFO neutron.plugins.ml2.drivers.cisco.n1kv.mech_cisco_n1kv [req-600ba300-76dd-493d-9673-16707fef4b77 None] Create subnet(postcommit) succeeded for subnet: ID: 70034356-ea0a-41d8-b512-b59784976112
2015-03-10 03:39:17.638 27060 INFO neutron.plugins.ml2.managers [req-600ba300-76dd-493d-9673-16707fef4b77 None] Extended network dict for driver 'cisco_n1kv_ext'
2015-03-10 03:39:17.650 27060 INFO neutron.wsgi [req-600ba300-76dd-493d-9673-16707fef4b77 None] 13.0.0.3 - - [10/Mar/2015 03:39:17] "POST /v2.0/subnets.json HTTP/1.1" 201 629 0.839772
2015-03-10 03:39:18.019 27057 INFO neutron.plugins.ml2.drivers.cisco.n1kv.n1kv_client [req-16f51b0b-6af7-4469-83ae-1aeb68509688 None] VSM: Successfully modified "ip-pool-template de72d799-2fba-44a8-9407-3384bb6cc5ae"
2015-03-10 03:39:18.019 27057 INFO neutron.plugins.ml2.drivers.cisco.n1kv.mech_cisco_n1kv [req-16f51b0b-6af7-4469-83ae-1aeb68509688 None] Create subnet(postcommit) succeeded for subnet: ID: de72d799-2fba-44a8-9407-3384bb6cc5ae
2015-03-10 03:39:18.030 27057 INFO neutron.plugins.ml2.managers [req-16f51b0b-6af7-4469-83ae-1aeb68509688 None] Extended network dict for driver 'cisco_n1kv_ext'
2015-03-10 03:39:18.040 27057 INFO neutron.wsgi [req-16f51b0b-6af7-4469-83ae-1aeb68509688 None] 13.0.0.3 - - [10/Mar/2015 03:39:18] "POST /v2.0/subnets.json HTTP/1.1" 201 624 0.526323
2015-03-10 03:39:19.791 27060 INFO neutron.wsgi [-] (27060) accepted ('13.0.0.3', 56736)
2015-03-10 03:39:19.815 27060 INFO neutron.plugins.ml2.managers [req-5d1cf532-cf67-4e7a-b9ce-048a2b7ccbc3 None] Extended network dict for driver 'cisco_n1kv_ext'
2015-03-10 03:39:19.816 27060 INFO neutron.plugins.ml2.managers [req-5d1cf532-cf67-4e7a-b9ce-048a2b7ccbc3 None] Extended network dict for driver 'cisco_n1kv_ext'
2015-03-10 03:39:19.820 27060 INFO neutron.wsgi [req-5d1cf532-cf67-4e7a-b9ce-048a2b7ccbc3 None] 13.0.0.3 - - [10/Mar/2015 03:39:19] "GET /v2.0/networks.json HTTP/1.1" 200 720 0.028408
2015-03-10 03:39:19.833 27060 INFO neutron.plugins.ml2.managers [req-d3699f69-caae-4a53-bafa-5d2bb3d5fe8d None] Extended subnet dict for driver 'cisco_n1kv_ext'
2015-03-10 03:39:19.834 27060 INFO neutron.wsgi [req-d3699f69-caae-4a53-bafa-5d2bb3d5fe8d None] 13.0.0.3 - - [10/Mar/2015 03:39:19] "GET /v2.0/subnets.json?fields=id&fields=cidr&id=34856750-9cac-4e56-b6d2-6595520668de&id=cd789c3d-b5e4-4bc5-82f1-e33e49955c37 HTTP/1.1" 200 273 0.011017
2015-03-10 03:39:20.311 27060 INFO neutron.wsgi [-] (27060) accepted ('13.0.0.3', 56747)
2015-03-10 03:39:20.353 27060 INFO neutron.wsgi [req-eb1a669a-8d23-4b07-bb92-0202abbe356c None] 13.0.0.3 - - [10/Mar/2015 03:39:20] "GET /v2.0/policy_profiles.json HTTP/1.1" 200 486 0.040319
2015-03-10 03:39:20.384 27053 INFO neutron.wsgi [-] (27053) accepted ('13.0.0.3', 56749)
2015-03-10 03:39:20.446 27053 INFO neutron.plugins.ml2.managers [req-92ddb37a-c11c-4204-8b86-3d410019dcbd None] Extended network dict for driver 'cisco_n1kv_ext'
2015-03-10 03:39:20.447 27053 INFO neutron.plugins.ml2.managers [req-92ddb37a-c11c-4204-8b86-3d410019dcbd None] Extended network dict for driver 'cisco_n1kv_ext'
2015-03-10 03:39:20.451 27053 INFO neutron.wsgi [req-92ddb37a-c11c-4204-8b86-3d410019dcbd None] 13.0.0.3 - - [10/Mar/2015 03:39:20] "GET /v2.0/networks.json HTTP/1.1" 200 720 0.066612
2015-03-10 03:39:20.466 27053 INFO neutron.plugins.ml2.managers [req-2d752490-60d6-4bf2-95b7-ce9fda8b8391 None] Extended subnet dict for driver 'cisco_n1kv_ext'
2015-03-10 03:39:20.467 27053 INFO neutron.wsgi [req-2d752490-60d6-4bf2-95b7-ce9fda8b8391 None] 13.0.0.3 - - [10/Mar/2015 03:39:20] "GET /v2.0/subnets.json?fields=id&fields=cidr&id=cd789c3d-b5e4-4bc5-82f1-e33e49955c37&id=d5096c7b-e2da-4a1f-9f26-e197d2a31e02 HTTP/1.1" 200 273 0.012541
2015-03-10 03:39:20.643 27051 INFO neutron.wsgi [-] (27051) accepted ('13.0.0.3', 56754)
2015-03-10 03:39:20.702 27051 INFO neutron.plugins.ml2.managers [req-7a9d7614-00b6-493a-86c7-a838912ecab1 None] Extended network dict for driver 'cisco_n1kv_ext'
2015-03-10 03:39:20.702 27051 INFO neutron.plugins.ml2.managers [req-7a9d7614-00b6-493a-86c7-a838912ecab1 None] Extended network dict for driver 'cisco_n1kv_ext'
2015-03-10 03:39:20.707 27051 INFO neutron.wsgi [req-7a9d7614-00b6-493a-86c7-a838912ecab1 None] 13.0.0.3 - - [10/Mar/2015 03:39:20] "GET /v2.0/networks.json HTTP/1.1" 200 720 0.062339
2015-03-10 03:39:20.721 27051 INFO neutron.plugins.ml2.managers [req-91047ae6-779d-47b6-9669-ee1d0204588e None] Extended subnet dict for driver 'cisco_n1kv_ext'
2015-03-10 03:39:20.722 27051 INFO neutron.wsgi [req-91047ae6-779d-47b6-9669-ee1d0204588e None] 13.0.0.3 - - [10/Mar/2015 03:39:20] "GET /v2.0/subnets.json?fields=id&fields=cidr&id=531cb58f-d0c8-4894-ad12-a08c200d40c4&id=cd789c3d-b5e4-4bc5-82f1-e33e49955c37 HTTP/1.1" 200 273 0.012312
2015-03-10 03:39:20.861 27053 INFO neutron.wsgi [-] (27053) accepted ('13.0.0.3', 56779)
2015-03-10 03:39:20.884 27053 INFO neutron.plugins.ml2.managers [req-772540c0-9c5a-4aa6-b402-286f350e2dcf None] Extended network dict for driver 'cisco_n1kv_ext'
2015-03-10 03:39:20.887 27053 INFO neutron.wsgi [req-772540c0-9c5a-4aa6-b402-286f350e2dcf None] 13.0.0.3 - - [10/Mar/2015 03:39:20] "GET /v2.0/networks.json?fields=id&id=a9c9d4c7-3749-4002-b30b-ba5cdf1d8ec0 HTTP/1.1" 200 251 0.025515
2015-03-10 03:39:20.906 27053 INFO neutron.plugins.ml2.managers [req-0ecbd9eb-f95e-4f34-9f00-8d29e9d268dd None] Extended network dict for driver 'cisco_n1kv_ext'
2015-03-10 03:39:20.919 27060 INFO neutron.wsgi [-] (27060) accepted ('13.0.0.3', 56781)
2015-03-10 03:39:20.945 27060 INFO neutron.plugins.ml2.managers [req-a2145a5f-e7e1-4810-9f0a-a91da760a2a4 None] Extended network dict for driver 'cisco_n1kv_ext'
2015-03-10 03:39:20.946 27060 INFO neutron.plugins.ml2.managers [req-a2145a5f-e7e1-4810-9f0a-a91da760a2a4 None] Extended network dict for driver 'cisco_n1kv_ext'
2015-03-10 03:39:20.950 27060 INFO neutron.wsgi [req-a2145a5f-e7e1-4810-9f0a-a91da760a2a4 None] 13.0.0.3 - - [10/Mar/2015 03:39:20] "GET /v2.0/networks.json HTTP/1.1" 200 720 0.030188
2015-03-10 03:39:20.956 27053 INFO neutron.plugins.ml2.managers [req-0ecbd9eb-f95e-4f34-9f00-8d29e9d268dd None] Extended subnet dict for driver 'cisco_n1kv_ext'
2015-03-10 03:39:20.965 27060 INFO neutron.plugins.ml2.managers [req-d9445685-410e-41fa-ab05-ee3b0294f268 None] Extended subnet dict for driver 'cisco_n1kv_ext'
2015-03-10 03:39:20.966 27060 INFO neutron.wsgi [req-d9445685-410e-41fa-ab05-ee3b0294f268 None] 13.0.0.3 - - [10/Mar/2015 03:39:20] "GET /v2.0/subnets.json?fields=id&fields=cidr&id=ba426265-f7c1-4a43-b42d-11a4f2eceebf&id=cd789c3d-b5e4-4bc5-82f1-e33e49955c37 HTTP/1.1" 200 274 0.013228
2015-03-10 03:39:20.972 27053 INFO neutron.plugins.ml2.managers [req-0ecbd9eb-f95e-4f34-9f00-8d29e9d268dd None] Extended network dict for driver 'cisco_n1kv_ext'
2015-03-10 03:39:20.976 27060 INFO neutron.wsgi [-] (27060) accepted ('13.0.0.3', 56783)
2015-03-10 03:39:20.983 27053 INFO urllib3.connectionpool [-] Starting new HTTP connection (1): 13.0.0.250
2015-03-10 03:39:21.011 27060 INFO neutron.wsgi [req-2d8d5b13-b0a5-4bd9-af8c-e18f9f353bab None] 13.0.0.3 - - [10/Mar/2015 03:39:21] "GET /v2.0/policy_profiles.json HTTP/1.1" 200 486 0.034662
2015-03-10 03:39:21.216 27049 INFO neutron.wsgi [-] (27049) accepted ('13.0.0.3', 56789)
2015-03-10 03:39:21.219 27049 INFO urllib3.connectionpool [-] Resetting dropped connection: 13.0.0.25
2015-03-10 03:39:21.294 27049 INFO neutron.wsgi [req-f87bcfa8-9b65-4448-a0d7-7c7e1ecf4349 None] 13.0.0.3 - - [10/Mar/2015 03:39:21] "GET /v2.0/policy_profiles.json HTTP/1.1" 200 486 0.076972
2015-03-10 03:39:21.460 27055 INFO neutron.wsgi [-] (27055) accepted ('13.0.0.3', 56797)
2015-03-10 03:39:21.461 27055 INFO urllib3.connectionpool [-] Resetting dropped connection: 13.0.0.25
2015-03-10 03:39:21.515 27051 INFO neutron.wsgi [-] (27051) accepted ('13.0.0.3', 56805)
2015-03-10 03:39:21.532 27055 INFO neutron.wsgi [req-269b4916-fbf2-4dbe-9f95-19b966acbfe7 None] 13.0.0.3 - - [10/Mar/2015 03:39:21] "GET /v2.0/policy_profiles.json HTTP/1.1" 200 486 0.071996
2015-03-10 03:39:21.540 27051 INFO neutron.plugins.ml2.managers [req-13a26a38-c045-441f-9e63-1c4a5b0be839 None] Extended network dict for driver 'cisco_n1kv_ext'
2015-03-10 03:39:21.544 27051 INFO neutron.wsgi [req-13a26a38-c045-441f-9e63-1c4a5b0be839 None] 13.0.0.3 - - [10/Mar/2015 03:39:21] "GET /v2.0/networks.json?fields=id&id=94de049e-ec4e-4b8b-9c26-ec2606431d6c HTTP/1.1" 200 251 0.028277
2015-03-10 03:39:21.565 27051 INFO neutron.plugins.ml2.managers [req-0c3e36c8-1b33-4efc-b28f-ed1dce3e914d None] Extended network dict for driver 'cisco_n1kv_ext'
2015-03-10 03:39:21.621 27051 INFO neutron.plugins.ml2.managers [req-0c3e36c8-1b33-4efc-b28f-ed1dce3e914d None] Extended subnet dict for driver 'cisco_n1kv_ext'
2015-03-10 03:39:21.636 27051 INFO neutron.plugins.ml2.managers [req-0c3e36c8-1b33-4efc-b28f-ed1dce3e914d None] Extended network dict for driver 'cisco_n1kv_ext'
2015-03-10 03:39:21.645 27051 INFO urllib3.connectionpool [-] Starting new HTTP connection (1): 13.0.0.250
2015-03-10 03:39:21.693 27051 INFO neutron.wsgi [-] (27051) accepted ('13.0.0.3', 56812)
2015-03-10 03:39:21.715 27051 INFO neutron.plugins.ml2.managers [req-7eb20981-4fc1-495f-acd1-e75cdd1fb425 None] Extended network dict for driver 'cisco_n1kv_ext'
2015-03-10 03:39:21.715 27051 INFO neutron.plugins.ml2.managers [req-7eb20981-4fc1-495f-acd1-e75cdd1fb425 None] Extended network dict for driver 'cisco_n1kv_ext'
2015-03-10 03:39:21.719 27051 INFO neutron.wsgi [req-7eb20981-4fc1-495f-acd1-e75cdd1fb425 None] 13.0.0.3 - - [10/Mar/2015 03:39:21] "GET /v2.0/networks.json HTTP/1.1" 200 720 0.024913
2015-03-10 03:39:21.733 27051 INFO neutron.plugins.ml2.managers [req-490e39f4-ee21-48bd-b076-17189d7e3265 None] Extended subnet dict for driver 'cisco_n1kv_ext'
2015-03-10 03:39:21.733 27051 INFO neutron.wsgi [req-490e39f4-ee21-48bd-b076-17189d7e3265 None] 13.0.0.3 - - [10/Mar/2015 03:39:21] "GET /v2.0/subnets.json?fields=id&fields=cidr&id=c01c2522-472b-405c-9320-4b267e0fcdd0&id=cd789c3d-b5e4-4bc5-82f1-e33e49955c37 HTTP/1.1" 200 273 0.010401
2015-03-10 03:39:21.794 27055 INFO neutron.wsgi [-] (27055) accepted ('13.0.0.3', 56829)
2015-03-10 03:39:21.816 27055 INFO neutron.plugins.ml2.managers [req-af9f7414-7490-4f41-b6cd-1b1924fb79d7 None] Extended network dict for driver 'cisco_n1kv_ext'
2015-03-10 03:39:21.819 27055 INFO neutron.wsgi [req-af9f7414-7490-4f41-b6cd-1b1924fb79d7 None] 13.0.0.3 - - [10/Mar/2015 03:39:21] "GET /v2.0/networks.json?fields=id&id=259a1c5f-bcdb-4989-8f54-70caac96f9bb HTTP/1.1" 200 251 0.024348
2015-03-10 03:39:21.840 27055 INFO neutron.plugins.ml2.managers [req-a49ca907-08d0-4bb7-9f76-73970da66dea None] Extended network dict for driver 'cisco_n1kv_ext'
2015-03-10 03:39:21.882 27055 INFO neutron.plugins.ml2.managers [req-a49ca907-08d0-4bb7-9f76-73970da66dea None] Extended subnet dict for driver 'cisco_n1kv_ext'
2015-03-10 03:39:21.898 27055 INFO neutron.plugins.ml2.managers [req-a49ca907-08d0-4bb7-9f76-73970da66dea None] Extended network dict for driver 'cisco_n1kv_ext'
2015-03-10 03:39:21.908 27055 INFO urllib3.connectionpool [-] Starting new HTTP connection (1): 13.0.0.250
2015-03-10 03:39:22.030 27055 INFO neutron.wsgi [-] (27055) accepted ('13.0.0.3', 56836)
2015-03-10 03:39:22.053 27055 INFO neutron.plugins.ml2.managers [req-02502343-5bea-4231-af4f-74ce0c6b1945 None] Extended network dict for driver 'cisco_n1kv_ext'
2015-03-10 03:39:22.055 27055 INFO neutron.wsgi [req-02502343-5bea-4231-af4f-74ce0c6b1945 None] 13.0.0.3 - - [10/Mar/2015 03:39:22] "GET /v2.0/networks.json?fields=id&id=2bed3aa4-05a3-4043-8020-03ee63bb04d2 HTTP/1.1" 200 251 0.024049
2015-03-10 03:39:22.075 27055 INFO neutron.plugins.ml2.managers [req-4910210e-5034-47c4-b112-cb7d7ec0b956 None] Extended network dict for driver 'cisco_n1kv_ext'
2015-03-10 03:39:22.115 27055 INFO neutron.plugins.ml2.managers [req-4910210e-5034-47c4-b112-cb7d7ec0b956 None] Extended subnet dict for driver 'cisco_n1kv_ext'
2015-03-10 03:39:22.129 27055 INFO neutron.plugins.ml2.managers [req-4910210e-5034-47c4-b112-cb7d7ec0b956 None] Extended network dict for driver 'cisco_n1kv_ext'
2015-03-10 03:39:22.139 27055 INFO urllib3.connectionpool [-] Starting new HTTP connection (1): 13.0.0.250
2015-03-10 03:39:22.155 27055 INFO neutron.wsgi [-] (27055) accepted ('13.0.0.3', 56843)
2015-03-10 03:39:22.180 27055 INFO neutron.plugins.ml2.managers [req-65c05ca4-fd0d-4935-ac0e-517a4347d8a3 None] Extended network dict for driver 'cisco_n1kv_ext'
2015-03-10 03:39:22.181 27055 INFO neutron.plugins.ml2.managers [req-65c05ca4-fd0d-4935-ac0e-517a4347d8a3 None] Extended network dict for driver 'cisco_n1kv_ext'
2015-03-10 03:39:22.184 27055 INFO neutron.wsgi [req-65c05ca4-fd0d-4935-ac0e-517a4347d8a3 None] 13.0.0.3 - - [10/Mar/2015 03:39:22] "GET /v2.0/networks.json HTTP/1.1" 200 721 0.029199
2015-03-10 03:39:22.196 27055 INFO neutron.plugins.ml2.managers [req-8664ba74-9e8a-4031-8cc1-ffa950ed824c None] Extended subnet dict for driver 'cisco_n1kv_ext'
2015-03-10 03:39:22.197 27055 INFO neutron.wsgi [req-8664ba74-9e8a-4031-8cc1-ffa950ed824c None] 13.0.0.3 - - [10/Mar/2015 03:39:22] "GET /v2.0/subnets.json?fields=id&fields=cidr&id=70034356-ea0a-41d8-b512-b59784976112&id=cd789c3d-b5e4-4bc5-82f1-e33e49955c37 HTTP/1.1" 200 274 0.010352
