2015-03-08 03:44:24.724 8019 INFO urllib3.connectionpool [-] Starting new HTTP connection (1): 13.0.0.250
2015-03-09 03:44:20.156 2566 INFO neutron.wsgi [-] (2566) accepted ('13.0.0.3', 42856)
2015-03-09 03:44:20.160 2566 INFO urllib3.connectionpool [-] Starting new HTTP connection (1): 13.0.0.25
2015-03-09 03:44:20.428 2566 INFO neutron.plugins.ml2.managers [req-3ce4eb59-3b12-4138-a9ba-c31cd2a15a12 None] Extended port dict for driver 'cisco_n1kv_ext'
2015-03-09 03:44:20.430 2566 INFO neutron.wsgi [req-3ce4eb59-3b12-4138-a9ba-c31cd2a15a12 None] 13.0.0.3 - - [09/Mar/2015 03:44:20] "GET /v2.0/ports.json?tenant_id=cd8e05c53c6f4db79368f04564dcb4d3&device_id=2b7e74be-43ae-42e5-a80e-f3ccaf1c691d HTTP/1.1" 200 996 0.272859
2015-03-09 03:44:20.432 2566 INFO neutron.wsgi [-] (2566) accepted ('13.0.0.3', 42862)
2015-03-09 03:44:20.444 2566 INFO neutron.plugins.ml2.managers [req-6ce0e0bf-cd76-4d46-83d1-11fd22c6b787 None] Extended network dict for driver 'cisco_n1kv_ext'
2015-03-09 03:44:20.448 2566 INFO neutron.wsgi [req-6ce0e0bf-cd76-4d46-83d1-11fd22c6b787 None] 13.0.0.3 - - [09/Mar/2015 03:44:20] "GET /v2.0/networks.json?id=ed4bac34-c08a-4322-b03f-4bb090273577 HTTP/1.1" 200 577 0.014895
2015-03-09 03:44:20.451 2564 INFO neutron.wsgi [-] (2564) accepted ('13.0.0.3', 42863)
2015-03-09 03:44:20.457 2564 INFO neutron.wsgi [req-dc004b18-dd14-4f5f-98d4-54fd41ece2f9 None] 13.0.0.3 - - [09/Mar/2015 03:44:20] "GET /v2.0/floatingips.json?fixed_ip_address=14.6.4.2&port_id=074d4aeb-0927-48f7-a0f8-993d8611ead6 HTTP/1.1" 200 208 0.005259
2015-03-09 03:44:20.459 2574 INFO neutron.wsgi [-] (2574) accepted ('13.0.0.3', 42864)
2015-03-09 03:44:20.591 2574 INFO neutron.plugins.ml2.managers [req-d3dc20a8-cbd7-4af7-9cd9-68643fa0229d None] Extended subnet dict for driver 'cisco_n1kv_ext'
2015-03-09 03:44:20.592 2574 INFO neutron.wsgi [req-d3dc20a8-cbd7-4af7-9cd9-68643fa0229d None] 13.0.0.3 - - [09/Mar/2015 03:44:20] "GET /v2.0/subnets.json?id=41297029-d980-43e7-a516-cdcd9a271855 HTTP/1.1" 200 622 0.132229
2015-03-09 03:44:20.595 2574 INFO neutron.wsgi [-] (2574) accepted ('13.0.0.3', 42867)
2015-03-09 03:44:20.615 2574 INFO neutron.plugins.ml2.managers [req-30575f31-2d08-4951-ac41-32797abbcbf1 None] Extended port dict for driver 'cisco_n1kv_ext'
2015-03-09 03:44:20.616 2574 INFO neutron.wsgi [req-30575f31-2d08-4951-ac41-32797abbcbf1 None] 13.0.0.3 - - [09/Mar/2015 03:44:20] "GET /v2.0/ports.json?network_id=ed4bac34-c08a-4322-b03f-4bb090273577&device_owner=network%3Adhcp HTTP/1.1" 200 983 0.021017
2015-03-09 03:44:41.346 2483 INFO urllib3.connectionpool [-] Starting new HTTP connection (1): 13.0.0.250
2015-03-09 03:44:49.899 2576 INFO neutron.wsgi [-] (2576) accepted ('13.0.0.3', 43351)
2015-03-09 03:44:49.916 2576 INFO neutron.plugins.ml2.managers [req-851f133f-2293-4302-b0ca-74d6e368c470 None] Extended port dict for driver 'cisco_n1kv_ext'
2015-03-09 03:44:49.918 2576 INFO neutron.wsgi [req-851f133f-2293-4302-b0ca-74d6e368c470 None] 13.0.0.3 - - [09/Mar/2015 03:44:49] "GET /v2.0/ports.json?tenant_id=6edc90f14268442bb98940f1cef1ea39&device_id=b6159255-fd74-4c06-8df2-cacbe4ee2fcf HTTP/1.1" 200 996 0.017934
2015-03-09 03:44:49.921 2575 INFO neutron.wsgi [-] (2575) accepted ('13.0.0.3', 43367)
2015-03-09 03:44:49.933 2575 INFO neutron.plugins.ml2.managers [req-b244db1b-dfce-42c8-b508-d61ab08e8b5a None] Extended network dict for driver 'cisco_n1kv_ext'
2015-03-09 03:44:49.936 2575 INFO neutron.wsgi [req-b244db1b-dfce-42c8-b508-d61ab08e8b5a None] 13.0.0.3 - - [09/Mar/2015 03:44:49] "GET /v2.0/networks.json?id=714cb0f4-1a8c-40b6-bfd0-195f3b2a639c HTTP/1.1" 200 577 0.015173
2015-03-09 03:44:49.939 2578 INFO neutron.wsgi [-] (2578) accepted ('13.0.0.3', 43368)
2015-03-09 03:44:49.944 2578 INFO urllib3.connectionpool [-] Starting new HTTP connection (1): 13.0.0.25
2015-03-09 03:44:50.209 2578 INFO neutron.wsgi [req-3c1e362c-fd16-403d-8773-1c1af6f46292 None] 13.0.0.3 - - [09/Mar/2015 03:44:50] "GET /v2.0/floatingips.json?fixed_ip_address=14.8.8.2&port_id=58aaa0bd-e090-4481-9069-10964e8cc54c HTTP/1.1" 200 208 0.268450
2015-03-09 03:44:50.211 2565 INFO neutron.wsgi [-] (2565) accepted ('13.0.0.3', 43380)
2015-03-09 03:44:50.337 2565 INFO neutron.plugins.ml2.managers [req-842fcfd3-cfbb-4d19-aaf6-6400a864f2a6 None] Extended subnet dict for driver 'cisco_n1kv_ext'
2015-03-09 03:44:50.338 2565 INFO neutron.wsgi [req-842fcfd3-cfbb-4d19-aaf6-6400a864f2a6 None] 13.0.0.3 - - [09/Mar/2015 03:44:50] "GET /v2.0/subnets.json?id=fe58a952-8477-4386-b9e8-a3cf2a7ac4ce HTTP/1.1" 200 622 0.125906
2015-03-09 03:44:50.341 2563 INFO neutron.wsgi [-] (2563) accepted ('13.0.0.3', 43383)
2015-03-09 03:44:50.344 2563 INFO urllib3.connectionpool [-] Starting new HTTP connection (1): 13.0.0.25
2015-03-09 03:44:50.528 2563 INFO neutron.plugins.ml2.managers [req-9d189eca-2ecd-4835-acef-75b682749b58 None] Extended port dict for driver 'cisco_n1kv_ext'
2015-03-09 03:44:50.530 2563 INFO neutron.wsgi [req-9d189eca-2ecd-4835-acef-75b682749b58 None] 13.0.0.3 - - [09/Mar/2015 03:44:50] "GET /v2.0/ports.json?network_id=714cb0f4-1a8c-40b6-bfd0-195f3b2a639c&device_owner=network%3Adhcp HTTP/1.1" 200 983 0.188178
2015-03-09 22:03:44.242 8250 INFO urllib3.connectionpool [-] Starting new HTTP connection (1): 13.0.0.250
2015-03-10 03:44:00.032 31191 INFO neutron.wsgi [-] (31191) accepted ('13.0.0.3', 35287)
2015-03-10 03:44:00.035 31191 INFO urllib3.connectionpool [-] Starting new HTTP connection (1): 13.0.0.25
2015-03-10 03:44:00.088 31184 INFO urllib3.connectionpool [-] Starting new HTTP connection (1): 13.0.0.30
2015-03-10 03:44:00.106 31184 INFO urllib3.connectionpool [-] Starting new HTTP connection (1): 13.0.0.30
2015-03-10 03:44:00.210 31184 INFO neutron.notifiers.nova [-] Nova event response: {u'status': u'completed', u'tag': u'29df34a7-bc4d-484d-b8dc-c41656eddbe1', u'name': u'network-vif-plugged', u'server_uuid': u'7140c084-bd3c-4a01-8d66-3ce06516d5cd', u'code': 200}
2015-03-10 03:44:00.218 31191 INFO neutron.wsgi [req-8be88935-38ea-48c7-8047-353fc003df45 None] 13.0.0.3 - - [10/Mar/2015 03:44:00] "GET /v2.0/ports.json?device_id=43ae4780-fe67-4531-adad-443701009c4d HTTP/1.1" 200 202 0.185024
2015-03-10 03:44:00.245 31189 INFO neutron.wsgi [-] (31189) accepted ('13.0.0.3', 35323)
2015-03-10 03:44:00.249 31189 INFO urllib3.connectionpool [-] Starting new HTTP connection (1): 13.0.0.25
2015-03-10 03:44:00.273 31184 INFO neutron.notifiers.nova [-] Nova event response: {u'status': u'completed', u'code': 200, u'name': u'network-changed', u'server_uuid': u'7140c084-bd3c-4a01-8d66-3ce06516d5cd'}
2015-03-10 03:44:00.276 31189 INFO neutron.wsgi [-] (31189) accepted ('13.0.0.3', 35334)
2015-03-10 03:44:00.278 31189 INFO urllib3.connectionpool [-] Starting new HTTP connection (2): 13.0.0.25
2015-03-10 03:44:00.307 31195 INFO neutron.wsgi [-] (31195) accepted ('13.0.0.3', 35337)
2015-03-10 03:44:00.373 31195 INFO neutron.plugins.ml2.managers [req-e5b05032-e91c-4030-8219-c40f93730463 None] Extended port dict for driver 'cisco_n1kv_ext'
2015-03-10 03:44:00.375 31195 INFO neutron.wsgi [req-e5b05032-e91c-4030-8219-c40f93730463 None] 13.0.0.3 - - [10/Mar/2015 03:44:00] "GET /v2.0/ports/88bcfe83-74e0-4112-8119-9abdf6913c69.json HTTP/1.1" 200 772 0.066794
2015-03-10 03:44:00.376 31195 INFO neutron.wsgi [-] (31195) accepted ('13.0.0.3', 35338)
2015-03-10 03:44:00.387 31195 INFO neutron.plugins.ml2.managers [req-ed09b18e-8fd0-4481-9ed1-bcce87738c9e None] Extended network dict for driver 'cisco_n1kv_ext'
2015-03-10 03:44:00.389 31195 INFO neutron.wsgi [req-ed09b18e-8fd0-4481-9ed1-bcce87738c9e None] 13.0.0.3 - - [10/Mar/2015 03:44:00] "GET /v2.0/networks.json?id=ee20328b-fc33-4eed-8a9b-3d61bd65c74e HTTP/1.1" 200 462 0.012383
2015-03-10 03:44:00.392 31195 INFO neutron.wsgi [-] (31195) accepted ('13.0.0.3', 35339)
2015-03-10 03:44:00.404 31195 INFO oslo.messaging._drivers.impl_rabbit [req-a0888c46-62d9-416d-bd82-a0ed13ed29bd ] Connecting to AMQP server on 13.0.0.3:5672
2015-03-10 03:44:00.414 31195 INFO oslo.messaging._drivers.impl_rabbit [req-a0888c46-62d9-416d-bd82-a0ed13ed29bd ] Connected to AMQP server on 13.0.0.3:5672
2015-03-10 03:44:00.434 31195 INFO neutron.plugins.ml2.managers [req-a0888c46-62d9-416d-bd82-a0ed13ed29bd None] Extended port dict for driver 'cisco_n1kv_ext'
2015-03-10 03:44:00.446 31195 INFO neutron.plugins.ml2.managers [req-a0888c46-62d9-416d-bd82-a0ed13ed29bd None] Extended port dict for driver 'cisco_n1kv_ext'
2015-03-10 03:44:00.461 31195 INFO neutron.plugins.ml2.managers [req-a0888c46-62d9-416d-bd82-a0ed13ed29bd None] Extended port dict for driver 'cisco_n1kv_ext'
2015-03-10 03:44:00.469 31195 INFO neutron.plugins.ml2.managers [req-a0888c46-62d9-416d-bd82-a0ed13ed29bd None] Extended network dict for driver 'cisco_n1kv_ext'
2015-03-10 03:44:00.473 31189 INFO neutron.plugins.ml2.managers [req-693af169-8914-4d3f-9ea7-e739cb0975eb None] Extended port dict for driver 'cisco_n1kv_ext'
2015-03-10 03:44:00.474 31189 INFO neutron.wsgi [req-693af169-8914-4d3f-9ea7-e739cb0975eb None] 13.0.0.3 - - [10/Mar/2015 03:44:00] "GET /v2.0/ports.json?fields=id&id=7e37298c-f987-489f-9cc5-d22b2a1f990b HTTP/1.1" 200 248 0.228397
2015-03-10 03:44:00.493 31195 INFO neutron.plugins.ml2.managers [req-a0888c46-62d9-416d-bd82-a0ed13ed29bd None] Extended port dict for driver 'cisco_n1kv_ext'
2015-03-10 03:44:00.495 31195 INFO neutron.plugins.ml2.managers [req-a0888c46-62d9-416d-bd82-a0ed13ed29bd None] Extended port dict for driver 'cisco_n1kv_ext'
2015-03-10 03:44:00.502 31195 INFO neutron.plugins.ml2.managers [req-a0888c46-62d9-416d-bd82-a0ed13ed29bd None] Extended network dict for driver 'cisco_n1kv_ext'
2015-03-10 03:44:00.523 31195 INFO neutron.plugins.ml2.managers [req-a0888c46-62d9-416d-bd82-a0ed13ed29bd None] Extended network dict for driver 'cisco_n1kv_ext'
2015-03-10 03:44:00.532 31195 INFO neutron.wsgi [req-a0888c46-62d9-416d-bd82-a0ed13ed29bd None] 13.0.0.3 - - [10/Mar/2015 03:44:00] "PUT /v2.0/ports/88bcfe83-74e0-4112-8119-9abdf6913c69.json HTTP/1.1" 200 993 0.140031
2015-03-10 03:44:00.543 31195 INFO neutron.wsgi [-] (31195) accepted ('13.0.0.3', 35343)
2015-03-10 03:44:00.559 31195 INFO neutron.plugins.ml2.managers [req-841431e8-d5b0-4ad7-8f4e-8c2d50acf148 None] Extended port dict for driver 'cisco_n1kv_ext'
2015-03-10 03:44:00.560 31189 INFO neutron.plugins.ml2.managers [req-68e352b5-0cf6-4e5f-a661-e72980fb8d90 None] Extended port dict for driver 'cisco_n1kv_ext'
2015-03-10 03:44:00.561 31195 INFO neutron.wsgi [req-841431e8-d5b0-4ad7-8f4e-8c2d50acf148 None] 13.0.0.3 - - [10/Mar/2015 03:44:00] "GET /v2.0/ports.json?tenant_id=e04e08f3e4c9446f997947b7390c8f73&device_id=43ae4780-fe67-4531-adad-443701009c4d HTTP/1.1" 200 996 0.017051
2015-03-10 03:44:00.565 31195 INFO neutron.wsgi [-] (31195) accepted ('13.0.0.3', 35344)
2015-03-10 03:44:00.570 31195 INFO neutron.wsgi [req-d432ccbe-7b08-49ce-ac53-775d0aff6285 None] 13.0.0.3 - - [10/Mar/2015 03:44:00] "GET /v2.0/floatingips.json?fixed_ip_address=14.4.0.2&port_id=88bcfe83-74e0-4112-8119-9abdf6913c69 HTTP/1.1" 200 208 0.005195
2015-03-10 03:44:00.573 31195 INFO neutron.wsgi [-] (31195) accepted ('13.0.0.3', 35347)
2015-03-10 03:44:00.575 31189 INFO neutron.wsgi [req-68e352b5-0cf6-4e5f-a661-e72980fb8d90 None] 13.0.0.3 - - [10/Mar/2015 03:44:00] "GET /v2.0/ports.json?tenant_id=f55c6ac5ec2347c89f625e6bace7d003&device_id=7140c084-bd3c-4a01-8d66-3ce06516d5cd HTTP/1.1" 200 997 0.298507
2015-03-10 03:44:00.578 31193 INFO neutron.wsgi [-] (31193) accepted ('13.0.0.3', 35348)
2015-03-10 03:44:00.579 31189 INFO neutron.plugins.ml2.managers [req-26031fdf-58f0-493d-9c6a-c88fb1e70378 None] Extended port dict for driver 'cisco_n1kv_ext'
2015-03-10 03:44:00.580 31189 INFO neutron.wsgi [req-26031fdf-58f0-493d-9c6a-c88fb1e70378 None] 13.0.0.3 - - [10/Mar/2015 03:44:00] "GET /v2.0/ports/7e37298c-f987-489f-9cc5-d22b2a1f990b.json HTTP/1.1" 200 824 0.019131
2015-03-10 03:44:00.583 31195 INFO neutron.plugins.ml2.managers [req-6d869080-162f-4431-8ef2-d11394a6c542 None] Extended subnet dict for driver 'cisco_n1kv_ext'
2015-03-10 03:44:00.583 31195 INFO neutron.wsgi [req-6d869080-162f-4431-8ef2-d11394a6c542 None] 13.0.0.3 - - [10/Mar/2015 03:44:00] "GET /v2.0/subnets.json?id=9d1b72b6-8581-4222-8e6b-f9029da2b06f HTTP/1.1" 200 622 0.010157
2015-03-10 03:44:00.586 31190 INFO neutron.wsgi [-] (31190) accepted ('13.0.0.3', 35349)
2015-03-10 03:44:00.589 31190 INFO urllib3.connectionpool [-] Starting new HTTP connection (1): 13.0.0.25
2015-03-10 03:44:00.601 31193 INFO neutron.plugins.ml2.managers [req-7734b211-c0a4-4416-96c1-511de4ce207a None] Extended network dict for driver 'cisco_n1kv_ext'
2015-03-10 03:44:00.604 31193 INFO neutron.wsgi [req-7734b211-c0a4-4416-96c1-511de4ce207a None] 13.0.0.3 - - [10/Mar/2015 03:44:00] "GET /v2.0/networks.json?id=e59b34b8-f637-44e6-8009-501ff7a3411e HTTP/1.1" 200 577 0.024677
2015-03-10 03:44:00.607 31190 INFO neutron.wsgi [-] (31190) accepted ('13.0.0.3', 35352)
2015-03-10 03:44:00.609 31190 INFO urllib3.connectionpool [-] Starting new HTTP connection (2): 13.0.0.25
2015-03-10 03:44:00.759 31190 INFO neutron.wsgi [req-c5792c20-4e05-4dc7-a661-25589efc583c None] 13.0.0.3 - - [10/Mar/2015 03:44:00] "GET /v2.0/ports.json?network_id=ee20328b-fc33-4eed-8a9b-3d61bd65c74e&device_owner=network%3Adhcp HTTP/1.1" 200 202 0.172457
2015-03-10 03:44:00.787 31190 INFO neutron.wsgi [req-7a90fda3-17d4-4535-a463-cd7d5f542004 None] 13.0.0.3 - - [10/Mar/2015 03:44:00] "GET /v2.0/floatingips.json?fixed_ip_address=14.10.0.2&port_id=29df34a7-bc4d-484d-b8dc-c41656eddbe1 HTTP/1.1" 200 208 0.179426
2015-03-10 03:44:00.790 31190 INFO neutron.wsgi [-] (31190) accepted ('13.0.0.3', 35356)
2015-03-10 03:44:00.864 31190 INFO neutron.plugins.ml2.managers [req-ed72c436-6132-4316-aaaf-9679161a1f44 None] Extended subnet dict for driver 'cisco_n1kv_ext'
2015-03-10 03:44:00.865 31190 INFO neutron.wsgi [req-ed72c436-6132-4316-aaaf-9679161a1f44 None] 13.0.0.3 - - [10/Mar/2015 03:44:00] "GET /v2.0/subnets.json?id=90a1866d-2265-4265-b509-1b7445aa3312 HTTP/1.1" 200 626 0.073640
2015-03-10 03:44:00.867 31189 INFO neutron.wsgi [-] (31189) accepted ('13.0.0.3', 35358)
2015-03-10 03:44:00.898 31189 INFO neutron.plugins.ml2.managers [req-86f614e5-4445-4e89-86c0-ea017c9bb720 None] Extended port dict for driver 'cisco_n1kv_ext'
2015-03-10 03:44:00.899 31189 INFO neutron.wsgi [req-86f614e5-4445-4e89-86c0-ea017c9bb720 None] 13.0.0.3 - - [10/Mar/2015 03:44:00] "GET /v2.0/ports.json?network_id=e59b34b8-f637-44e6-8009-501ff7a3411e&device_owner=network%3Adhcp HTTP/1.1" 200 942 0.031149
2015-03-10 03:44:01.243 31186 INFO neutron.plugins.ml2.drivers.cisco.n1kv.n1kv_client [req-94c730ff-985c-4fbe-b15b-c49ded3a733f None] VSM: Successfully created "vm-network vmn_1b71fdbe-e571-4cf8-98ff-19a9b1bf5009_4d2b078e-1c30-495a-8ddd-8e6133bba05c"
2015-03-10 03:44:01.243 31186 INFO neutron.plugins.ml2.drivers.cisco.n1kv.mech_cisco_n1kv [req-94c730ff-985c-4fbe-b15b-c49ded3a733f None] Create port(postcommit) succeeded for port: 1bb123a5-9f01-476c-b129-c3e4248d24c1 on network: 4d2b078e-1c30-495a-8ddd-8e6133bba05c with policy profile ID: 1b71fdbe-e571-4cf8-98ff-19a9b1bf5009
2015-03-10 03:44:01.245 31186 INFO urllib3.connectionpool [-] Starting new HTTP connection (1): 13.0.0.250
2015-03-10 03:44:01.257 31194 INFO neutron.plugins.ml2.drivers.cisco.n1kv.mech_cisco_n1kv [req-f6b65b7e-60d3-43f2-bde7-62638dc7dfe9 None] Internal VSM Error: %(reason)s.
2015-03-10 03:44:01.258 31194 ERROR neutron.plugins.ml2.managers [req-f6b65b7e-60d3-43f2-bde7-62638dc7dfe9 None] Mechanism driver 'cisco_n1kv' failed in create_port_postcommit
2015-03-10 03:44:01.258 31194 TRACE neutron.plugins.ml2.managers Traceback (most recent call last):
2015-03-10 03:44:01.258 31194 TRACE neutron.plugins.ml2.managers   File "/usr/lib/python2.7/site-packages/neutron/plugins/ml2/managers.py", line 291, in _call_on_drivers
2015-03-10 03:44:01.258 31194 TRACE neutron.plugins.ml2.managers     getattr(driver.obj, method_name)(context)
2015-03-10 03:44:01.258 31194 TRACE neutron.plugins.ml2.managers   File "/usr/lib/python2.7/site-packages/neutron/plugins/ml2/drivers/cisco/n1kv/mech_cisco_n1kv.py", line 258, in create_port_postcommit
2015-03-10 03:44:01.258 31194 TRACE neutron.plugins.ml2.managers     raise ml2_exc.MechanismDriverError()
2015-03-10 03:44:01.258 31194 TRACE neutron.plugins.ml2.managers MechanismDriverError: <unprintable MechanismDriverError object>
2015-03-10 03:44:01.258 31194 TRACE neutron.plugins.ml2.managers 
2015-03-10 03:44:01.259 31194 ERROR neutron.plugins.ml2.plugin [req-f6b65b7e-60d3-43f2-bde7-62638dc7dfe9 None] mechanism_manager.create_port_postcommit failed, deleting port 'db2430e1-111d-4ede-b6ff-df417980a821'
2015-03-10 03:44:01.261 31186 INFO neutron.plugins.ml2.managers [req-94c730ff-985c-4fbe-b15b-c49ded3a733f None] Extended network dict for driver 'cisco_n1kv_ext'
2015-03-10 03:44:01.274 31200 INFO neutron.plugins.ml2.drivers.cisco.n1kv.mech_cisco_n1kv [req-a3cba331-7e7c-442a-a07e-79c6f5c551c9 None] Internal VSM Error: %(reason)s.
2015-03-10 03:44:01.274 31200 ERROR neutron.plugins.ml2.managers [req-a3cba331-7e7c-442a-a07e-79c6f5c551c9 None] Mechanism driver 'cisco_n1kv' failed in create_port_postcommit
2015-03-10 03:44:01.274 31200 TRACE neutron.plugins.ml2.managers Traceback (most recent call last):
2015-03-10 03:44:01.274 31200 TRACE neutron.plugins.ml2.managers   File "/usr/lib/python2.7/site-packages/neutron/plugins/ml2/managers.py", line 291, in _call_on_drivers
2015-03-10 03:44:01.274 31200 TRACE neutron.plugins.ml2.managers     getattr(driver.obj, method_name)(context)
2015-03-10 03:44:01.274 31200 TRACE neutron.plugins.ml2.managers   File "/usr/lib/python2.7/site-packages/neutron/plugins/ml2/drivers/cisco/n1kv/mech_cisco_n1kv.py", line 258, in create_port_postcommit
2015-03-10 03:44:01.274 31200 TRACE neutron.plugins.ml2.managers     raise ml2_exc.MechanismDriverError()
2015-03-10 03:44:01.274 31200 TRACE neutron.plugins.ml2.managers MechanismDriverError: <unprintable MechanismDriverError object>
2015-03-10 03:44:01.274 31200 TRACE neutron.plugins.ml2.managers 
2015-03-10 03:44:01.276 31200 ERROR neutron.plugins.ml2.plugin [req-a3cba331-7e7c-442a-a07e-79c6f5c551c9 None] mechanism_manager.create_port_postcommit failed, deleting port '040296e6-5e40-4909-9b39-8f6a022f8151'
2015-03-10 03:44:01.283 31186 INFO neutron.wsgi [req-94c730ff-985c-4fbe-b15b-c49ded3a733f None] 13.0.0.3 - - [10/Mar/2015 03:44:01] "POST /v2.0/ports.json HTTP/1.1" 201 754 11.353581
2015-03-10 03:44:01.284 31194 INFO neutron.plugins.ml2.managers [req-f6b65b7e-60d3-43f2-bde7-62638dc7dfe9 None] Extended port dict for driver 'cisco_n1kv_ext'
2015-03-10 03:44:01.295 31194 INFO neutron.plugins.ml2.managers [req-f6b65b7e-60d3-43f2-bde7-62638dc7dfe9 None] Extended network dict for driver 'cisco_n1kv_ext'
2015-03-10 03:44:01.307 31200 INFO neutron.plugins.ml2.managers [req-a3cba331-7e7c-442a-a07e-79c6f5c551c9 None] Extended port dict for driver 'cisco_n1kv_ext'
2015-03-10 03:44:01.318 31200 INFO neutron.plugins.ml2.managers [req-a3cba331-7e7c-442a-a07e-79c6f5c551c9 None] Extended network dict for driver 'cisco_n1kv_ext'
2015-03-10 03:44:01.324 31194 INFO urllib3.connectionpool [-] Starting new HTTP connection (1): 13.0.0.250
2015-03-10 03:44:01.342 31200 INFO urllib3.connectionpool [-] Starting new HTTP connection (1): 13.0.0.250
2015-03-10 03:44:02.511 31195 INFO urllib3.connectionpool [-] Starting new HTTP connection (1): 13.0.0.30
2015-03-10 03:44:02.515 31195 INFO urllib3.connectionpool [-] Starting new HTTP connection (1): 13.0.0.23
2015-03-10 03:44:02.534 31195 INFO urllib3.connectionpool [-] Starting new HTTP connection (1): 13.0.0.30
2015-03-10 03:44:02.538 31195 INFO urllib3.connectionpool [-] Starting new HTTP connection (1): 13.0.0.23
2015-03-10 03:44:02.628 31195 INFO urllib3.connectionpool [-] Starting new HTTP connection (1): 13.0.0.30
2015-03-10 03:44:02.628 31212 INFO neutron.plugins.ml2.managers [req-72b5fc6d-7a19-4e63-97a5-396b3e530937 None] Extended port dict for driver 'cisco_n1kv_ext'
2015-03-10 03:44:02.644 31212 INFO oslo.messaging._drivers.impl_rabbit [-] Connecting to AMQP server on 13.0.0.3:5672
2015-03-10 03:44:02.650 31195 INFO urllib3.connectionpool [-] Starting new HTTP connection (1): 13.0.0.30
2015-03-10 03:44:02.653 31212 INFO oslo.messaging._drivers.impl_rabbit [-] Connected to AMQP server on 13.0.0.3:5672
2015-03-10 03:44:02.738 31195 INFO neutron.notifiers.nova [-] Nova event response: {u'status': u'completed', u'tag': u'88bcfe83-74e0-4112-8119-9abdf6913c69', u'name': u'network-vif-plugged', u'server_uuid': u'43ae4780-fe67-4531-adad-443701009c4d', u'code': 200}
2015-03-10 03:44:02.753 31214 INFO oslo.messaging._drivers.impl_rabbit [-] Connecting to AMQP server on 13.0.0.3:5672
2015-03-10 03:44:02.762 31214 INFO oslo.messaging._drivers.impl_rabbit [-] Connected to AMQP server on 13.0.0.3:5672
2015-03-10 03:44:02.775 31195 INFO neutron.notifiers.nova [-] Nova event response: {u'status': u'completed', u'code': 200, u'name': u'network-changed', u'server_uuid': u'43ae4780-fe67-4531-adad-443701009c4d'}
2015-03-10 03:44:02.778 31189 INFO neutron.wsgi [-] (31189) accepted ('13.0.0.3', 35419)
2015-03-10 03:44:02.809 31189 INFO neutron.plugins.ml2.managers [req-226731f4-231c-4cbf-bb9c-d6b4beee8609 None] Extended port dict for driver 'cisco_n1kv_ext'
2015-03-10 03:44:02.810 31189 INFO neutron.wsgi [req-226731f4-231c-4cbf-bb9c-d6b4beee8609 None] 13.0.0.3 - - [10/Mar/2015 03:44:02] "GET /v2.0/ports.json?tenant_id=e04e08f3e4c9446f997947b7390c8f73&device_id=43ae4780-fe67-4531-adad-443701009c4d HTTP/1.1" 200 996 0.031162
2015-03-10 03:44:02.814 31189 INFO neutron.wsgi [-] (31189) accepted ('13.0.0.3', 35420)
2015-03-10 03:44:02.839 31189 INFO neutron.plugins.ml2.managers [req-548e4058-50ab-4f21-812f-f877d5404849 None] Extended network dict for driver 'cisco_n1kv_ext'
2015-03-10 03:44:02.843 31189 INFO neutron.wsgi [req-548e4058-50ab-4f21-812f-f877d5404849 None] 13.0.0.3 - - [10/Mar/2015 03:44:02] "GET /v2.0/networks.json?id=ee20328b-fc33-4eed-8a9b-3d61bd65c74e HTTP/1.1" 200 577 0.028340
2015-03-10 03:44:02.846 31189 INFO neutron.wsgi [-] (31189) accepted ('13.0.0.3', 35421)
2015-03-10 03:44:02.852 31189 INFO neutron.wsgi [req-880b940f-9008-4f7c-b516-5339fe823223 None] 13.0.0.3 - - [10/Mar/2015 03:44:02] "GET /v2.0/floatingips.json?fixed_ip_address=14.4.0.2&port_id=88bcfe83-74e0-4112-8119-9abdf6913c69 HTTP/1.1" 200 208 0.005313
2015-03-10 03:44:02.854 31189 INFO neutron.wsgi [-] (31189) accepted ('13.0.0.3', 35422)
2015-03-10 03:44:02.869 31189 INFO neutron.plugins.ml2.managers [req-526bd24f-7575-4d43-a46b-9912c6cafff7 None] Extended subnet dict for driver 'cisco_n1kv_ext'
2015-03-10 03:44:02.869 31189 INFO neutron.wsgi [req-526bd24f-7575-4d43-a46b-9912c6cafff7 None] 13.0.0.3 - - [10/Mar/2015 03:44:02] "GET /v2.0/subnets.json?id=9d1b72b6-8581-4222-8e6b-f9029da2b06f HTTP/1.1" 200 622 0.014768
2015-03-10 03:44:02.871 31189 INFO neutron.wsgi [-] (31189) accepted ('13.0.0.3', 35423)
2015-03-10 03:44:02.884 31189 INFO neutron.wsgi [req-bbe038ea-3182-45a5-8651-285ecfd17a04 None] 13.0.0.3 - - [10/Mar/2015 03:44:02] "GET /v2.0/ports.json?network_id=ee20328b-fc33-4eed-8a9b-3d61bd65c74e&device_owner=network%3Adhcp HTTP/1.1" 200 202 0.011788
2015-03-10 03:44:03.082 31215 INFO oslo.messaging._drivers.impl_rabbit [-] Connecting to AMQP server on 13.0.0.3:5672
2015-03-10 03:44:03.091 31215 INFO oslo.messaging._drivers.impl_rabbit [-] Connected to AMQP server on 13.0.0.3:5672
2015-03-10 03:44:03.512 31216 INFO neutron.plugins.ml2.managers [req-72b5fc6d-7a19-4e63-97a5-396b3e530937 None] Extended port dict for driver 'cisco_n1kv_ext'
2015-03-10 03:44:03.523 31216 INFO neutron.plugins.ml2.managers [req-72b5fc6d-7a19-4e63-97a5-396b3e530937 None] Extended network dict for driver 'cisco_n1kv_ext'
2015-03-10 03:44:03.541 31216 INFO neutron.plugins.ml2.managers [req-72b5fc6d-7a19-4e63-97a5-396b3e530937 None] Extended port dict for driver 'cisco_n1kv_ext'
2015-03-10 03:44:03.543 31216 INFO neutron.plugins.ml2.managers [req-72b5fc6d-7a19-4e63-97a5-396b3e530937 None] Extended port dict for driver 'cisco_n1kv_ext'
2015-03-10 03:44:03.554 31216 INFO neutron.plugins.ml2.managers [req-72b5fc6d-7a19-4e63-97a5-396b3e530937 None] Extended network dict for driver 'cisco_n1kv_ext'
2015-03-10 03:44:03.559 31216 INFO oslo.messaging._drivers.impl_rabbit [-] Connecting to AMQP server on 13.0.0.3:5672
2015-03-10 03:44:03.568 31216 INFO oslo.messaging._drivers.impl_rabbit [-] Connected to AMQP server on 13.0.0.3:5672
2015-03-10 03:44:03.861 31217 INFO neutron.plugins.ml2.managers [req-72b5fc6d-7a19-4e63-97a5-396b3e530937 None] Extended port dict for driver 'cisco_n1kv_ext'
2015-03-10 03:44:03.863 31217 INFO neutron.plugins.ml2.managers [req-72b5fc6d-7a19-4e63-97a5-396b3e530937 None] Extended port dict for driver 'cisco_n1kv_ext'
2015-03-10 03:44:03.877 31217 INFO neutron.plugins.ml2.managers [req-72b5fc6d-7a19-4e63-97a5-396b3e530937 None] Extended network dict for driver 'cisco_n1kv_ext'
2015-03-10 03:44:03.908 31217 INFO neutron.plugins.ml2.managers [req-72b5fc6d-7a19-4e63-97a5-396b3e530937 None] Extended port dict for driver 'cisco_n1kv_ext'
2015-03-10 03:44:03.911 31217 INFO neutron.plugins.ml2.managers [req-72b5fc6d-7a19-4e63-97a5-396b3e530937 None] Extended port dict for driver 'cisco_n1kv_ext'
2015-03-10 03:44:03.912 31217 INFO oslo.messaging._drivers.impl_rabbit [-] Connecting to AMQP server on 13.0.0.3:5672
2015-03-10 03:44:03.923 31217 INFO oslo.messaging._drivers.impl_rabbit [-] Connected to AMQP server on 13.0.0.3:5672
2015-03-10 03:44:04.762 31202 INFO neutron.plugins.ml2.managers [req-219e570c-5532-4225-90cc-678dbfd70c12 None] Extended port dict for driver 'cisco_n1kv_ext'
2015-03-10 03:44:04.777 31202 INFO oslo.messaging._drivers.impl_rabbit [-] Connecting to AMQP server on 13.0.0.3:5672
2015-03-10 03:44:04.787 31202 INFO oslo.messaging._drivers.impl_rabbit [-] Connected to AMQP server on 13.0.0.3:5672
2015-03-10 03:44:05.133 31200 INFO neutron.wsgi [-] (31200) accepted ('13.0.0.3', 35540)
2015-03-10 03:44:05.193 31200 INFO neutron.plugins.ml2.managers [req-3cfa20ed-184f-43f8-9f94-de4a039351d3 None] Extended port dict for driver 'cisco_n1kv_ext'
2015-03-10 03:44:05.195 31200 INFO neutron.wsgi [req-3cfa20ed-184f-43f8-9f94-de4a039351d3 None] 13.0.0.3 - - [10/Mar/2015 03:44:05] "GET /v2.0/ports.json HTTP/1.1" 200 775 0.061225
2015-03-10 03:44:05.400 31186 INFO neutron.plugins.ml2.drivers.cisco.n1kv.mech_cisco_n1kv [req-086335ef-3f27-4cca-a898-987f4b9c2566 None] Connection to VSM failed: %(reason)s.
2015-03-10 03:44:05.401 31186 ERROR neutron.plugins.ml2.managers [req-086335ef-3f27-4cca-a898-987f4b9c2566 None] Mechanism driver 'cisco_n1kv' failed in create_port_postcommit
2015-03-10 03:44:05.401 31186 TRACE neutron.plugins.ml2.managers Traceback (most recent call last):
2015-03-10 03:44:05.401 31186 TRACE neutron.plugins.ml2.managers   File "/usr/lib/python2.7/site-packages/neutron/plugins/ml2/managers.py", line 291, in _call_on_drivers
2015-03-10 03:44:05.401 31186 TRACE neutron.plugins.ml2.managers     getattr(driver.obj, method_name)(context)
2015-03-10 03:44:05.401 31186 TRACE neutron.plugins.ml2.managers   File "/usr/lib/python2.7/site-packages/neutron/plugins/ml2/drivers/cisco/n1kv/mech_cisco_n1kv.py", line 258, in create_port_postcommit
2015-03-10 03:44:05.401 31186 TRACE neutron.plugins.ml2.managers     raise ml2_exc.MechanismDriverError()
2015-03-10 03:44:05.401 31186 TRACE neutron.plugins.ml2.managers MechanismDriverError: <unprintable MechanismDriverError object>
2015-03-10 03:44:05.401 31186 TRACE neutron.plugins.ml2.managers 
2015-03-10 03:44:05.402 31186 ERROR neutron.plugins.ml2.plugin [req-086335ef-3f27-4cca-a898-987f4b9c2566 None] mechanism_manager.create_port_postcommit failed, deleting port '09d9f316-c38b-449f-8bba-1b09283e52f9'
2015-03-10 03:44:05.413 31203 INFO neutron.plugins.ml2.managers [req-219e570c-5532-4225-90cc-678dbfd70c12 None] Extended port dict for driver 'cisco_n1kv_ext'
2015-03-10 03:44:05.424 31203 INFO neutron.plugins.ml2.managers [req-219e570c-5532-4225-90cc-678dbfd70c12 None] Extended network dict for driver 'cisco_n1kv_ext'
2015-03-10 03:44:05.427 31186 INFO neutron.plugins.ml2.managers [req-086335ef-3f27-4cca-a898-987f4b9c2566 None] Extended port dict for driver 'cisco_n1kv_ext'
2015-03-10 03:44:05.436 31186 INFO neutron.plugins.ml2.managers [req-086335ef-3f27-4cca-a898-987f4b9c2566 None] Extended network dict for driver 'cisco_n1kv_ext'
2015-03-10 03:44:05.443 31203 INFO neutron.plugins.ml2.managers [req-219e570c-5532-4225-90cc-678dbfd70c12 None] Extended port dict for driver 'cisco_n1kv_ext'
2015-03-10 03:44:05.446 31203 INFO neutron.plugins.ml2.managers [req-219e570c-5532-4225-90cc-678dbfd70c12 None] Extended port dict for driver 'cisco_n1kv_ext'
2015-03-10 03:44:05.459 31203 INFO neutron.plugins.ml2.managers [req-219e570c-5532-4225-90cc-678dbfd70c12 None] Extended network dict for driver 'cisco_n1kv_ext'
2015-03-10 03:44:05.463 31186 INFO urllib3.connectionpool [-] Starting new HTTP connection (1): 13.0.0.250
2015-03-10 03:44:05.464 31203 INFO oslo.messaging._drivers.impl_rabbit [-] Connecting to AMQP server on 13.0.0.3:5672
2015-03-10 03:44:05.473 31203 INFO oslo.messaging._drivers.impl_rabbit [-] Connected to AMQP server on 13.0.0.3:5672
2015-03-10 03:44:05.682 31200 INFO neutron.wsgi [-] (31200) accepted ('13.0.0.3', 35551)
2015-03-10 03:44:05.712 31200 INFO neutron.plugins.ml2.managers [req-e9d6a919-bd40-4ece-aa51-afae9ca407dd None] Extended port dict for driver 'cisco_n1kv_ext'
2015-03-10 03:44:05.713 31200 INFO neutron.wsgi [req-e9d6a919-bd40-4ece-aa51-afae9ca407dd None] 13.0.0.3 - - [10/Mar/2015 03:44:05] "GET /v2.0/ports.json?fields=id&id=1bb123a5-9f01-476c-b129-c3e4248d24c1 HTTP/1.1" 200 248 0.030806
2015-03-10 03:44:05.736 31200 INFO neutron.plugins.ml2.managers [req-a6d78b9b-4aad-466e-bf2e-89b39731628a None] Extended port dict for driver 'cisco_n1kv_ext'
2015-03-10 03:44:05.737 31200 INFO neutron.wsgi [req-a6d78b9b-4aad-466e-bf2e-89b39731628a None] 13.0.0.3 - - [10/Mar/2015 03:44:05] "GET /v2.0/ports/1bb123a5-9f01-476c-b129-c3e4248d24c1.json HTTP/1.1" 200 772 0.021937
2015-03-10 03:44:05.763 31204 INFO neutron.plugins.ml2.managers [req-219e570c-5532-4225-90cc-678dbfd70c12 None] Extended port dict for driver 'cisco_n1kv_ext'
2015-03-10 03:44:05.765 31204 INFO neutron.plugins.ml2.managers [req-219e570c-5532-4225-90cc-678dbfd70c12 None] Extended port dict for driver 'cisco_n1kv_ext'
2015-03-10 03:44:05.780 31204 INFO neutron.plugins.ml2.managers [req-219e570c-5532-4225-90cc-678dbfd70c12 None] Extended network dict for driver 'cisco_n1kv_ext'
2015-03-10 03:44:05.807 31204 INFO neutron.plugins.ml2.managers [req-219e570c-5532-4225-90cc-678dbfd70c12 None] Extended port dict for driver 'cisco_n1kv_ext'
2015-03-10 03:44:05.809 31204 INFO oslo.messaging._drivers.impl_rabbit [-] Connecting to AMQP server on 13.0.0.3:5672
2015-03-10 03:44:05.818 31204 INFO oslo.messaging._drivers.impl_rabbit [-] Connected to AMQP server on 13.0.0.3:5672
2015-03-10 03:44:05.884 31217 INFO urllib3.connectionpool [-] Starting new HTTP connection (1): 13.0.0.30
2015-03-10 03:44:05.891 31217 INFO urllib3.connectionpool [-] Starting new HTTP connection (1): 13.0.0.23
2015-03-10 03:44:06.005 31217 INFO urllib3.connectionpool [-] Starting new HTTP connection (1): 13.0.0.30
2015-03-10 03:44:06.066 31217 INFO neutron.notifiers.nova [-] Nova event response: {u'status': u'completed', u'tag': u'29df34a7-bc4d-484d-b8dc-c41656eddbe1', u'name': u'network-vif-plugged', u'server_uuid': u'7140c084-bd3c-4a01-8d66-3ce06516d5cd', u'code': 200}
2015-03-10 03:44:06.073 31209 INFO neutron.plugins.ml2.drivers.cisco.n1kv.n1kv_client [req-4ef5ce7b-b89a-49eb-906b-de9526e267ee None] VSM: Successfully created "vm-network vmn_35825bcb-9ab0-48a8-9e98-b922386e0f04_e59b34b8-f637-44e6-8009-501ff7a3411e"
2015-03-10 03:44:06.074 31209 INFO neutron.plugins.ml2.drivers.cisco.n1kv.mech_cisco_n1kv [req-4ef5ce7b-b89a-49eb-906b-de9526e267ee None] Create port(postcommit) succeeded for port: 7e37298c-f987-489f-9cc5-d22b2a1f990b on network: e59b34b8-f637-44e6-8009-501ff7a3411e with policy profile ID: 35825bcb-9ab0-48a8-9e98-b922386e0f04
2015-03-10 03:44:06.075 31209 INFO oslo.messaging._drivers.impl_rabbit [req-4ef5ce7b-b89a-49eb-906b-de9526e267ee ] Connecting to AMQP server on 13.0.0.3:5672
2015-03-10 03:44:06.084 31209 INFO oslo.messaging._drivers.impl_rabbit [req-4ef5ce7b-b89a-49eb-906b-de9526e267ee ] Connected to AMQP server on 13.0.0.3:5672
2015-03-10 03:44:06.098 31209 INFO neutron.plugins.ml2.managers [req-4ef5ce7b-b89a-49eb-906b-de9526e267ee None] Extended port dict for driver 'cisco_n1kv_ext'
2015-03-10 03:44:06.100 31209 INFO neutron.plugins.ml2.managers [req-4ef5ce7b-b89a-49eb-906b-de9526e267ee None] Extended port dict for driver 'cisco_n1kv_ext'
2015-03-10 03:44:06.108 31209 INFO neutron.plugins.ml2.managers [req-4ef5ce7b-b89a-49eb-906b-de9526e267ee None] Extended network dict for driver 'cisco_n1kv_ext'
2015-03-10 03:44:06.522 31196 INFO neutron.wsgi [-] (31196) accepted ('13.0.0.3', 35603)
2015-03-10 03:44:06.524 31196 INFO urllib3.connectionpool [-] Starting new HTTP connection (1): 13.0.0.25
2015-03-10 03:44:06.626 31205 INFO neutron.plugins.ml2.managers [req-72b5fc6d-7a19-4e63-97a5-396b3e530937 None] Extended port dict for driver 'cisco_n1kv_ext'
2015-03-10 03:44:06.644 31205 INFO oslo.messaging._drivers.impl_rabbit [-] Connecting to AMQP server on 13.0.0.3:5672
2015-03-10 03:44:06.653 31205 INFO oslo.messaging._drivers.impl_rabbit [-] Connected to AMQP server on 13.0.0.3:5672
2015-03-10 03:44:06.702 31196 INFO neutron.plugins.ml2.managers [req-6c1d7af1-6f14-4222-8ff5-a93a4a8b3400 None] Extended port dict for driver 'cisco_n1kv_ext'
2015-03-10 03:44:06.704 31196 INFO neutron.wsgi [req-6c1d7af1-6f14-4222-8ff5-a93a4a8b3400 None] 13.0.0.3 - - [10/Mar/2015 03:44:06] "GET /v2.0/ports/1bb123a5-9f01-476c-b129-c3e4248d24c1.json HTTP/1.1" 200 772 0.180616
2015-03-10 03:44:06.707 31187 INFO neutron.wsgi [-] (31187) accepted ('13.0.0.3', 35608)
2015-03-10 03:44:06.709 31187 INFO urllib3.connectionpool [-] Starting new HTTP connection (1): 13.0.0.25
2015-03-10 03:44:06.761 31206 INFO neutron.plugins.ml2.managers [req-219e570c-5532-4225-90cc-678dbfd70c12 None] Extended port dict for driver 'cisco_n1kv_ext'
2015-03-10 03:44:06.778 31206 INFO oslo.messaging._drivers.impl_rabbit [-] Connecting to AMQP server on 13.0.0.3:5672
2015-03-10 03:44:06.786 31206 INFO oslo.messaging._drivers.impl_rabbit [-] Connected to AMQP server on 13.0.0.3:5672
2015-03-10 03:44:06.863 31187 INFO keystonemiddleware.auth_token [-] Invalid user token - rejecting request
2015-03-10 03:44:06.863 31187 INFO neutron.wsgi [-] 13.0.0.3 - - [10/Mar/2015 03:44:06] "GET /v2.0/ports/1bb123a5-9f01-476c-b129-c3e4248d24c1.json?fields=binding%3Avnic_type&fields=network_id HTTP/1.1" 401 258 0.155960
2015-03-10 03:44:06.874 31207 INFO oslo.messaging._drivers.impl_rabbit [-] Connecting to AMQP server on 13.0.0.3:5672
2015-03-10 03:44:06.883 31207 INFO oslo.messaging._drivers.impl_rabbit [-] Connected to AMQP server on 13.0.0.3:5672
2015-03-10 03:44:06.978 31187 INFO neutron.wsgi [-] (31187) accepted ('13.0.0.3', 35617)
2015-03-10 03:44:07.011 31187 INFO neutron.plugins.ml2.managers [req-7a5cdab9-a8f4-457c-98d6-2f946d85c5ab None] Extended port dict for driver 'cisco_n1kv_ext'
2015-03-10 03:44:07.012 31187 INFO neutron.wsgi [req-7a5cdab9-a8f4-457c-98d6-2f946d85c5ab None] 13.0.0.3 - - [10/Mar/2015 03:44:07] "GET /v2.0/ports/1bb123a5-9f01-476c-b129-c3e4248d24c1.json?fields=binding%3Avnic_type&fields=network_id HTTP/1.1" 200 284 0.033607
2015-03-10 03:44:07.123 31208 INFO neutron.plugins.ml2.managers [req-fd04f235-ec77-4018-bb0a-63aff09b753c None] Extended port dict for driver 'cisco_n1kv_ext'
2015-03-10 03:44:07.126 31186 INFO neutron.wsgi [-] (31186) accepted ('13.0.0.3', 35639)
2015-03-10 03:44:07.134 31208 INFO neutron.plugins.ml2.managers [req-fd04f235-ec77-4018-bb0a-63aff09b753c None] Extended network dict for driver 'cisco_n1kv_ext'
2015-03-10 03:44:07.152 31208 INFO neutron.plugins.ml2.managers [req-fd04f235-ec77-4018-bb0a-63aff09b753c None] Extended port dict for driver 'cisco_n1kv_ext'
2015-03-10 03:44:07.154 31208 INFO neutron.plugins.ml2.managers [req-fd04f235-ec77-4018-bb0a-63aff09b753c None] Extended port dict for driver 'cisco_n1kv_ext'
2015-03-10 03:44:07.166 31208 INFO neutron.plugins.ml2.managers [req-fd04f235-ec77-4018-bb0a-63aff09b753c None] Extended network dict for driver 'cisco_n1kv_ext'
2015-03-10 03:44:07.194 31186 INFO neutron.wsgi [req-2fc8375a-78d8-4e1d-8521-7c4acbbf8eba None] 13.0.0.3 - - [10/Mar/2015 03:44:07] "GET /v2.0/ports.json?device_id=70cd450b-4cdd-4f25-8335-e0cd8150eab7 HTTP/1.1" 200 202 0.066349
2015-03-10 03:44:07.413 31194 INFO neutron.wsgi [-] (31194) accepted ('13.0.0.3', 35655)
2015-03-10 03:44:07.482 31194 INFO neutron.plugins.ml2.managers [req-095e5380-6a0c-4085-9432-856242a76195 None] Extended port dict for driver 'cisco_n1kv_ext'
2015-03-10 03:44:07.484 31194 INFO neutron.wsgi [req-095e5380-6a0c-4085-9432-856242a76195 None] 13.0.0.3 - - [10/Mar/2015 03:44:07] "GET /v2.0/ports/1bb123a5-9f01-476c-b129-c3e4248d24c1.json HTTP/1.1" 200 772 0.069894
2015-03-10 03:44:07.488 31194 INFO neutron.wsgi [-] (31194) accepted ('13.0.0.3', 35656)
2015-03-10 03:44:07.501 31194 INFO neutron.plugins.ml2.managers [req-a2c08425-4456-43b2-8667-9c7ca127fc0e None] Extended network dict for driver 'cisco_n1kv_ext'
2015-03-10 03:44:07.504 31194 INFO neutron.wsgi [req-a2c08425-4456-43b2-8667-9c7ca127fc0e None] 13.0.0.3 - - [10/Mar/2015 03:44:07] "GET /v2.0/networks.json?id=4d2b078e-1c30-495a-8ddd-8e6133bba05c HTTP/1.1" 200 462 0.016063
2015-03-10 03:44:07.507 31194 INFO neutron.wsgi [-] (31194) accepted ('13.0.0.3', 35657)
2015-03-10 03:44:07.533 31209 INFO neutron.plugins.ml2.managers [req-fd04f235-ec77-4018-bb0a-63aff09b753c None] Extended port dict for driver 'cisco_n1kv_ext'
2015-03-10 03:44:07.536 31209 INFO neutron.plugins.ml2.managers [req-fd04f235-ec77-4018-bb0a-63aff09b753c None] Extended port dict for driver 'cisco_n1kv_ext'
2015-03-10 03:44:07.546 31194 INFO neutron.plugins.ml2.managers [req-d315f624-831e-4197-b2a9-523759cb572c None] Extended port dict for driver 'cisco_n1kv_ext'
2015-03-10 03:44:07.551 31211 INFO neutron.plugins.ml2.managers [req-4ef5ce7b-b89a-49eb-906b-de9526e267ee None] Extended network dict for driver 'cisco_n1kv_ext'
2015-03-10 03:44:07.551 31209 INFO neutron.plugins.ml2.managers [req-fd04f235-ec77-4018-bb0a-63aff09b753c None] Extended network dict for driver 'cisco_n1kv_ext'
2015-03-10 03:44:07.555 31194 INFO neutron.plugins.ml2.managers [req-d315f624-831e-4197-b2a9-523759cb572c None] Extended port dict for driver 'cisco_n1kv_ext'
2015-03-10 03:44:07.564 31211 INFO neutron.plugins.ml2.managers [req-4ef5ce7b-b89a-49eb-906b-de9526e267ee None] Extended subnet dict for driver 'cisco_n1kv_ext'
2015-03-10 03:44:07.575 31194 INFO neutron.plugins.ml2.managers [req-d315f624-831e-4197-b2a9-523759cb572c None] Extended port dict for driver 'cisco_n1kv_ext'
2015-03-10 03:44:07.582 31211 INFO neutron.plugins.ml2.managers [req-4ef5ce7b-b89a-49eb-906b-de9526e267ee None] Extended port dict for driver 'cisco_n1kv_ext'
2015-03-10 03:44:07.583 31194 INFO neutron.plugins.ml2.managers [req-d315f624-831e-4197-b2a9-523759cb572c None] Extended network dict for driver 'cisco_n1kv_ext'
2015-03-10 03:44:07.607 31194 INFO neutron.plugins.ml2.managers [req-d315f624-831e-4197-b2a9-523759cb572c None] Extended port dict for driver 'cisco_n1kv_ext'
2015-03-10 03:44:07.610 31194 INFO neutron.plugins.ml2.managers [req-d315f624-831e-4197-b2a9-523759cb572c None] Extended port dict for driver 'cisco_n1kv_ext'
2015-03-10 03:44:07.617 31194 INFO neutron.plugins.ml2.managers [req-d315f624-831e-4197-b2a9-523759cb572c None] Extended network dict for driver 'cisco_n1kv_ext'
2015-03-10 03:44:07.637 31194 INFO neutron.plugins.ml2.managers [req-d315f624-831e-4197-b2a9-523759cb572c None] Extended network dict for driver 'cisco_n1kv_ext'
2015-03-10 03:44:07.648 31213 INFO neutron.plugins.ml2.managers [req-4ef5ce7b-b89a-49eb-906b-de9526e267ee None] Extended network dict for driver 'cisco_n1kv_ext'
2015-03-10 03:44:07.648 31194 INFO neutron.wsgi [req-d315f624-831e-4197-b2a9-523759cb572c None] 13.0.0.3 - - [10/Mar/2015 03:44:07] "PUT /v2.0/ports/1bb123a5-9f01-476c-b129-c3e4248d24c1.json HTTP/1.1" 200 993 0.141206
2015-03-10 03:44:07.653 31194 INFO neutron.wsgi [-] (31194) accepted ('13.0.0.3', 35660)
2015-03-10 03:44:07.668 31194 INFO neutron.plugins.ml2.managers [req-b20efcb3-e07b-4fba-b77a-c4804a4092c1 None] Extended port dict for driver 'cisco_n1kv_ext'
2015-03-10 03:44:07.669 31194 INFO neutron.wsgi [req-b20efcb3-e07b-4fba-b77a-c4804a4092c1 None] 13.0.0.3 - - [10/Mar/2015 03:44:07] "GET /v2.0/ports.json?tenant_id=6edc90f14268442bb98940f1cef1ea39&device_id=70cd450b-4cdd-4f25-8335-e0cd8150eab7 HTTP/1.1" 200 996 0.015990
2015-03-10 03:44:07.673 31194 INFO neutron.wsgi [-] (31194) accepted ('13.0.0.3', 35661)
2015-03-10 03:44:07.674 31213 INFO urllib3.connectionpool [-] Starting new HTTP connection (1): 13.0.0.250
2015-03-10 03:44:07.677 31194 INFO neutron.wsgi [req-2b96e1ca-ae7d-48a2-adbd-547d78584b16 None] 13.0.0.3 - - [10/Mar/2015 03:44:07] "GET /v2.0/floatingips.json?fixed_ip_address=14.8.0.2&port_id=1bb123a5-9f01-476c-b129-c3e4248d24c1 HTTP/1.1" 200 208 0.003816
2015-03-10 03:44:07.680 31195 INFO neutron.wsgi [-] (31195) accepted ('13.0.0.3', 35663)
2015-03-10 03:44:07.704 31195 INFO neutron.plugins.ml2.managers [req-ba60c0ad-cb30-4860-b80b-e8a885ef4991 None] Extended subnet dict for driver 'cisco_n1kv_ext'
2015-03-10 03:44:07.705 31195 INFO neutron.wsgi [req-ba60c0ad-cb30-4860-b80b-e8a885ef4991 None] 13.0.0.3 - - [10/Mar/2015 03:44:07] "GET /v2.0/subnets.json?id=5721e2cc-4100-4233-852d-b01deacbd3da HTTP/1.1" 200 622 0.024836
2015-03-10 03:44:07.708 31195 INFO neutron.wsgi [-] (31195) accepted ('13.0.0.3', 35664)
2015-03-10 03:44:07.722 31195 INFO neutron.wsgi [req-187148e5-dbce-437c-9c8f-909e11dd858a None] 13.0.0.3 - - [10/Mar/2015 03:44:07] "GET /v2.0/ports.json?network_id=4d2b078e-1c30-495a-8ddd-8e6133bba05c&device_owner=network%3Adhcp HTTP/1.1" 200 202 0.013519
2015-03-10 03:44:07.788 31204 INFO urllib3.connectionpool [-] Starting new HTTP connection (1): 13.0.0.30
2015-03-10 03:44:07.793 31204 INFO urllib3.connectionpool [-] Starting new HTTP connection (1): 13.0.0.23
2015-03-10 03:44:07.911 31204 INFO urllib3.connectionpool [-] Starting new HTTP connection (1): 13.0.0.30
2015-03-10 03:44:07.976 31204 INFO neutron.notifiers.nova [-] Nova event response: {u'status': u'completed', u'tag': u'88bcfe83-74e0-4112-8119-9abdf6913c69', u'name': u'network-vif-plugged', u'server_uuid': u'43ae4780-fe67-4531-adad-443701009c4d', u'code': 200}
2015-03-10 03:44:08.791 31186 INFO neutron.plugins.ml2.drivers.cisco.n1kv.n1kv_client [req-454f7d8f-b90e-48d1-852e-82e65f21c3b2 None] VSM: Successfully created "vm-network vmn_1b71fdbe-e571-4cf8-98ff-19a9b1bf5009_d08efe5d-24f7-4f7b-b9a4-8c2593dbdc77"
2015-03-10 03:44:08.791 31186 INFO neutron.plugins.ml2.drivers.cisco.n1kv.mech_cisco_n1kv [req-454f7d8f-b90e-48d1-852e-82e65f21c3b2 None] Create port(postcommit) succeeded for port: 2c7e9f10-1d29-4fa7-ac58-1f5687a6e2e2 on network: d08efe5d-24f7-4f7b-b9a4-8c2593dbdc77 with policy profile ID: 1b71fdbe-e571-4cf8-98ff-19a9b1bf5009
2015-03-10 03:44:08.808 31186 INFO neutron.plugins.ml2.managers [req-454f7d8f-b90e-48d1-852e-82e65f21c3b2 None] Extended network dict for driver 'cisco_n1kv_ext'
2015-03-10 03:44:08.827 31186 INFO neutron.wsgi [req-454f7d8f-b90e-48d1-852e-82e65f21c3b2 None] 13.0.0.3 - - [10/Mar/2015 03:44:08] "POST /v2.0/ports.json HTTP/1.1" 201 755 16.679227
2015-03-10 03:44:08.916 31149 INFO urllib3.connectionpool [-] Starting new HTTP connection (1): 13.0.0.250
2015-03-10 03:44:09.626 31194 INFO urllib3.connectionpool [-] Starting new HTTP connection (1): 13.0.0.30
2015-03-10 03:44:09.629 31194 INFO urllib3.connectionpool [-] Starting new HTTP connection (1): 13.0.0.23
2015-03-10 03:44:09.650 31194 INFO urllib3.connectionpool [-] Starting new HTTP connection (1): 13.0.0.30
2015-03-10 03:44:09.653 31194 INFO urllib3.connectionpool [-] Starting new HTTP connection (1): 13.0.0.23
2015-03-10 03:44:09.743 31194 INFO urllib3.connectionpool [-] Starting new HTTP connection (1): 13.0.0.30
2015-03-10 03:44:09.762 31194 INFO urllib3.connectionpool [-] Starting new HTTP connection (1): 13.0.0.30
2015-03-10 03:44:09.819 31194 INFO neutron.notifiers.nova [-] Nova event response: {u'status': u'completed', u'code': 200, u'name': u'network-changed', u'server_uuid': u'70cd450b-4cdd-4f25-8335-e0cd8150eab7'}
2015-03-10 03:44:09.826 31194 INFO neutron.wsgi [-] (31194) accepted ('13.0.0.3', 35722)
2015-03-10 03:44:09.842 31194 INFO neutron.notifiers.nova [-] Nova event response: {u'status': u'completed', u'tag': u'1bb123a5-9f01-476c-b129-c3e4248d24c1', u'name': u'network-vif-plugged', u'server_uuid': u'70cd450b-4cdd-4f25-8335-e0cd8150eab7', u'code': 200}
2015-03-10 03:44:09.845 31194 INFO neutron.plugins.ml2.managers [req-aea43668-96b3-4498-bd34-3ce77fa93e46 None] Extended port dict for driver 'cisco_n1kv_ext'
2015-03-10 03:44:09.847 31194 INFO neutron.wsgi [req-aea43668-96b3-4498-bd34-3ce77fa93e46 None] 13.0.0.3 - - [10/Mar/2015 03:44:09] "GET /v2.0/ports.json?tenant_id=6edc90f14268442bb98940f1cef1ea39&device_id=70cd450b-4cdd-4f25-8335-e0cd8150eab7 HTTP/1.1" 200 996 0.020116
2015-03-10 03:44:09.850 31200 INFO neutron.wsgi [-] (31200) accepted ('13.0.0.3', 35723)
2015-03-10 03:44:09.875 31200 INFO neutron.plugins.ml2.managers [req-37e83474-6087-4ab9-a0c8-16099f761820 None] Extended network dict for driver 'cisco_n1kv_ext'
2015-03-10 03:44:09.878 31200 INFO neutron.wsgi [req-37e83474-6087-4ab9-a0c8-16099f761820 None] 13.0.0.3 - - [10/Mar/2015 03:44:09] "GET /v2.0/networks.json?id=4d2b078e-1c30-495a-8ddd-8e6133bba05c HTTP/1.1" 200 577 0.028011
2015-03-10 03:44:09.881 31200 INFO neutron.wsgi [-] (31200) accepted ('13.0.0.3', 35724)
2015-03-10 03:44:09.886 31200 INFO neutron.wsgi [req-2119f152-48b9-43f9-acd0-c85b11b75007 None] 13.0.0.3 - - [10/Mar/2015 03:44:09] "GET /v2.0/floatingips.json?fixed_ip_address=14.8.0.2&port_id=1bb123a5-9f01-476c-b129-c3e4248d24c1 HTTP/1.1" 200 208 0.004539
2015-03-10 03:44:09.888 31186 INFO neutron.wsgi [-] (31186) accepted ('13.0.0.3', 35725)
2015-03-10 03:44:09.912 31186 INFO neutron.plugins.ml2.managers [req-28e609c5-4ee4-4dfd-b221-8f79cf0e22ee None] Extended subnet dict for driver 'cisco_n1kv_ext'
2015-03-10 03:44:09.913 31186 INFO neutron.wsgi [req-28e609c5-4ee4-4dfd-b221-8f79cf0e22ee None] 13.0.0.3 - - [10/Mar/2015 03:44:09] "GET /v2.0/subnets.json?id=5721e2cc-4100-4233-852d-b01deacbd3da HTTP/1.1" 200 622 0.024484
2015-03-10 03:44:09.915 31194 INFO neutron.wsgi [-] (31194) accepted ('13.0.0.3', 35726)
2015-03-10 03:44:09.940 31194 INFO neutron.wsgi [req-f5c435b0-4363-4932-a9e1-14cb18d4be3e None] 13.0.0.3 - - [10/Mar/2015 03:44:09] "GET /v2.0/ports.json?network_id=4d2b078e-1c30-495a-8ddd-8e6133bba05c&device_owner=network%3Adhcp HTTP/1.1" 200 202 0.024131
2015-03-10 03:44:10.113 31194 INFO neutron.plugins.ml2.drivers.cisco.n1kv.n1kv_client [req-f6b65b7e-60d3-43f2-bde7-62638dc7dfe9 None] VSM: Successfully deleted "ports db2430e1-111d-4ede-b6ff-df417980a821"
2015-03-10 03:44:10.113 31194 INFO neutron.plugins.ml2.drivers.cisco.n1kv.mech_cisco_n1kv [req-f6b65b7e-60d3-43f2-bde7-62638dc7dfe9 None] Delete port(postcommit) succeeded for port: db2430e1-111d-4ede-b6ff-df417980a821 on network: ca44be01-5f39-4506-af5a-7f811a959e83 with policy profile ID: 1b71fdbe-e571-4cf8-98ff-19a9b1bf5009
2015-03-10 03:44:10.114 31200 INFO neutron.plugins.ml2.drivers.cisco.n1kv.n1kv_client [req-a3cba331-7e7c-442a-a07e-79c6f5c551c9 None] VSM: Successfully deleted "ports 040296e6-5e40-4909-9b39-8f6a022f8151"
2015-03-10 03:44:10.114 31200 INFO neutron.plugins.ml2.drivers.cisco.n1kv.mech_cisco_n1kv [req-a3cba331-7e7c-442a-a07e-79c6f5c551c9 None] Delete port(postcommit) succeeded for port: 040296e6-5e40-4909-9b39-8f6a022f8151 on network: b46d53e9-5a5f-435d-815e-2add407bc757 with policy profile ID: 1b71fdbe-e571-4cf8-98ff-19a9b1bf5009
2015-03-10 03:44:10.116 31194 ERROR neutron.api.v2.resource [req-f6b65b7e-60d3-43f2-bde7-62638dc7dfe9 None] create failed
2015-03-10 03:44:10.116 31194 TRACE neutron.api.v2.resource Traceback (most recent call last):
2015-03-10 03:44:10.116 31194 TRACE neutron.api.v2.resource   File "/usr/lib/python2.7/site-packages/neutron/api/v2/resource.py", line 87, in resource
2015-03-10 03:44:10.116 31194 TRACE neutron.api.v2.resource     result = method(request=request, **args)
2015-03-10 03:44:10.116 31194 TRACE neutron.api.v2.resource   File "/usr/lib/python2.7/site-packages/neutron/api/v2/base.py", line 448, in create
2015-03-10 03:44:10.116 31194 TRACE neutron.api.v2.resource     obj = obj_creator(request.context, **kwargs)
2015-03-10 03:44:10.116 31194 TRACE neutron.api.v2.resource   File "/usr/lib/python2.7/site-packages/neutron/plugins/ml2/plugin.py", line 808, in create_port
2015-03-10 03:44:10.116 31194 TRACE neutron.api.v2.resource     self.delete_port(context, result['id'])
2015-03-10 03:44:10.116 31194 TRACE neutron.api.v2.resource   File "/usr/lib/python2.7/site-packages/neutron/openstack/common/excutils.py", line 82, in __exit__
2015-03-10 03:44:10.116 31194 TRACE neutron.api.v2.resource     six.reraise(self.type_, self.value, self.tb)
2015-03-10 03:44:10.116 31194 TRACE neutron.api.v2.resource   File "/usr/lib/python2.7/site-packages/neutron/plugins/ml2/plugin.py", line 803, in create_port
2015-03-10 03:44:10.116 31194 TRACE neutron.api.v2.resource     self.mechanism_manager.create_port_postcommit(mech_context)
2015-03-10 03:44:10.116 31194 TRACE neutron.api.v2.resource   File "/usr/lib/python2.7/site-packages/neutron/plugins/ml2/managers.py", line 500, in create_port_postcommit
2015-03-10 03:44:10.116 31194 TRACE neutron.api.v2.resource     self._call_on_drivers("create_port_postcommit", context)
2015-03-10 03:44:10.116 31194 TRACE neutron.api.v2.resource   File "/usr/lib/python2.7/site-packages/neutron/plugins/ml2/managers.py", line 302, in _call_on_drivers
