2015-03-10 16:58:32.245 3034 TRACE keystonemiddleware.auth_token     expires = _confirm_token_not_expired(data)
2015-03-10 16:58:32.245 3034 TRACE keystonemiddleware.auth_token   File "/usr/lib/python2.7/site-packages/keystonemiddleware/auth_token.py", line 452, in _confirm_token_not_expired
2015-03-10 16:58:32.245 3034 TRACE keystonemiddleware.auth_token     raise InvalidToken('Token authorization failed')
2015-03-10 16:58:32.245 3034 TRACE keystonemiddleware.auth_token InvalidToken: Token authorization failed
2015-03-10 16:58:32.245 3034 TRACE keystonemiddleware.auth_token 
2015-03-10 16:58:32.246 3034 INFO keystonemiddleware.auth_token [-] Invalid user token - rejecting request
2015-03-10 16:58:32.247 3034 INFO neutron.wsgi [-] 13.0.0.3 - - [10/Mar/2015 16:58:32] "GET /v2.0/ports/6184834b-d1d0-43f3-9155-ac4c4d72f798.json?fields=binding%3Avnic_type&fields=network_id HTTP/1.1" 401 258 0.016201
2015-03-10 16:58:32.249 3038 INFO neutron.plugins.ml2.managers [req-b74eaaf3-790f-4827-8d03-329c75e2ceac None] Extended port dict for driver 'cisco_n1kv_ext'
2015-03-10 16:58:32.251 3038 INFO neutron.wsgi [req-b74eaaf3-790f-4827-8d03-329c75e2ceac None] 13.0.0.3 - - [10/Mar/2015 16:58:32] "GET /v2.0/ports/2e4cc0ff-e2f8-46ae-9918-a90d413b274a.json HTTP/1.1" 200 773 0.035872
2015-03-10 16:58:32.255 3026 INFO neutron.wsgi [-] (3026) accepted ('13.0.0.3', 34955)
2015-03-10 16:58:32.269 3036 INFO neutron.plugins.ml2.managers [req-52d94f68-207e-4e6c-824c-6f9e0d878761 None] Extended port dict for driver 'cisco_n1kv_ext'
2015-03-10 16:58:32.271 3028 INFO neutron.plugins.ml2.managers [req-faeb319f-3de9-41dd-862d-37f58349bd9e None] Extended port dict for driver 'cisco_n1kv_ext'
2015-03-10 16:58:32.272 3036 INFO neutron.wsgi [req-52d94f68-207e-4e6c-824c-6f9e0d878761 None] 13.0.0.3 - - [10/Mar/2015 16:58:32] "GET /v2.0/ports/377bf9c3-c553-4b51-b24e-6d90c5ca89bb.json HTTP/1.1" 200 772 0.079419
2015-03-10 16:58:32.272 3026 TRACE keystonemiddleware.auth_token Traceback (most recent call last):
2015-03-10 16:58:32.272 3026 TRACE keystonemiddleware.auth_token   File "/usr/lib/python2.7/site-packages/keystonemiddleware/auth_token.py", line 874, in _validate_token
2015-03-10 16:58:32.272 3026 TRACE keystonemiddleware.auth_token     expires = _confirm_token_not_expired(data)
2015-03-10 16:58:32.272 3026 TRACE keystonemiddleware.auth_token   File "/usr/lib/python2.7/site-packages/keystonemiddleware/auth_token.py", line 452, in _confirm_token_not_expired
2015-03-10 16:58:32.272 3026 TRACE keystonemiddleware.auth_token     raise InvalidToken('Token authorization failed')
2015-03-10 16:58:32.272 3026 TRACE keystonemiddleware.auth_token InvalidToken: Token authorization failed
2015-03-10 16:58:32.272 3026 TRACE keystonemiddleware.auth_token 
2015-03-10 16:58:32.273 3026 INFO keystonemiddleware.auth_token [-] Invalid user token - rejecting request
2015-03-10 16:58:32.274 3026 INFO neutron.wsgi [-] 13.0.0.3 - - [10/Mar/2015 16:58:32] "GET /v2.0/ports/2e4cc0ff-e2f8-46ae-9918-a90d413b274a.json?fields=binding%3Avnic_type&fields=network_id HTTP/1.1" 401 258 0.015739
2015-03-10 16:58:32.274 3028 INFO neutron.wsgi [req-faeb319f-3de9-41dd-862d-37f58349bd9e None] 13.0.0.3 - - [10/Mar/2015 16:58:32] "GET /v2.0/ports/940f5bf2-4bd5-410d-9382-061e1543d98f.json?fields=binding%3Avnic_type&fields=network_id HTTP/1.1" 200 284 0.040769
2015-03-10 16:58:32.277 3027 INFO neutron.wsgi [-] (3027) accepted ('13.0.0.3', 34960)
2015-03-10 16:58:32.290 3027 TRACE keystonemiddleware.auth_token Traceback (most recent call last):
2015-03-10 16:58:32.290 3027 TRACE keystonemiddleware.auth_token   File "/usr/lib/python2.7/site-packages/keystonemiddleware/auth_token.py", line 874, in _validate_token
2015-03-10 16:58:32.290 3027 TRACE keystonemiddleware.auth_token     expires = _confirm_token_not_expired(data)
2015-03-10 16:58:32.290 3027 TRACE keystonemiddleware.auth_token   File "/usr/lib/python2.7/site-packages/keystonemiddleware/auth_token.py", line 452, in _confirm_token_not_expired
2015-03-10 16:58:32.290 3027 TRACE keystonemiddleware.auth_token     raise InvalidToken('Token authorization failed')
2015-03-10 16:58:32.290 3027 TRACE keystonemiddleware.auth_token InvalidToken: Token authorization failed
2015-03-10 16:58:32.290 3027 TRACE keystonemiddleware.auth_token 
2015-03-10 16:58:32.291 3027 INFO keystonemiddleware.auth_token [-] Invalid user token - rejecting request
2015-03-10 16:58:32.291 3027 INFO neutron.wsgi [-] 13.0.0.3 - - [10/Mar/2015 16:58:32] "GET /v2.0/ports/377bf9c3-c553-4b51-b24e-6d90c5ca89bb.json?fields=binding%3Avnic_type&fields=network_id HTTP/1.1" 401 258 0.013703
2015-03-10 16:58:32.378 3039 INFO neutron.wsgi [-] (3039) accepted ('13.0.0.3', 34982)
2015-03-10 16:58:32.388 3029 INFO neutron.wsgi [-] (3029) accepted ('13.0.0.3', 34984)
2015-03-10 16:58:32.389 3032 INFO neutron.plugins.ml2.managers [req-73b565fe-c2a8-402b-a355-fbad685911b7 None] Extended port dict for driver 'cisco_n1kv_ext'
2015-03-10 16:58:32.403 3032 INFO neutron.wsgi [req-73b565fe-c2a8-402b-a355-fbad685911b7 None] 13.0.0.3 - - [10/Mar/2015 16:58:32] "GET /v2.0/ports/8603f1be-bf5a-4263-8f71-367f01b15f61.json HTTP/1.1" 200 796 0.247343
2015-03-10 16:58:32.414 3039 INFO neutron.plugins.ml2.managers [req-8af5af46-ed3b-4c77-9e3d-a5efe18da1ed None] Extended port dict for driver 'cisco_n1kv_ext'
2015-03-10 16:58:32.416 3026 INFO neutron.wsgi [-] (3026) accepted ('13.0.0.3', 34986)
2015-03-10 16:58:32.416 3039 INFO neutron.wsgi [req-8af5af46-ed3b-4c77-9e3d-a5efe18da1ed None] 13.0.0.3 - - [10/Mar/2015 16:58:32] "GET /v2.0/ports/1d5ae930-42f0-414b-b172-e6bcce5f3fa4.json?fields=binding%3Avnic_type&fields=network_id HTTP/1.1" 200 284 0.037137
2015-03-10 16:58:32.422 3032 TRACE keystonemiddleware.auth_token Traceback (most recent call last):
2015-03-10 16:58:32.422 3032 TRACE keystonemiddleware.auth_token   File "/usr/lib/python2.7/site-packages/keystonemiddleware/auth_token.py", line 874, in _validate_token
2015-03-10 16:58:32.422 3032 TRACE keystonemiddleware.auth_token     expires = _confirm_token_not_expired(data)
2015-03-10 16:58:32.422 3032 TRACE keystonemiddleware.auth_token   File "/usr/lib/python2.7/site-packages/keystonemiddleware/auth_token.py", line 452, in _confirm_token_not_expired
2015-03-10 16:58:32.422 3032 TRACE keystonemiddleware.auth_token     raise InvalidToken('Token authorization failed')
2015-03-10 16:58:32.422 3032 TRACE keystonemiddleware.auth_token InvalidToken: Token authorization failed
2015-03-10 16:58:32.422 3032 TRACE keystonemiddleware.auth_token 
2015-03-10 16:58:32.423 3032 INFO keystonemiddleware.auth_token [-] Invalid user token - rejecting request
2015-03-10 16:58:32.424 3032 INFO neutron.wsgi [-] 13.0.0.3 - - [10/Mar/2015 16:58:32] "GET /v2.0/ports/b8d9a677-2e8f-482f-a240-bdff65977e04.json?fields=binding%3Avnic_type&fields=network_id HTTP/1.1" 401 258 0.233928
2015-03-10 16:58:32.426 3026 INFO neutron.wsgi [-] (3026) accepted ('13.0.0.3', 34988)
2015-03-10 16:58:32.433 3029 INFO neutron.plugins.ml2.managers [req-e991be9b-94c9-40c1-8cbf-e2e989ee662d None] Extended port dict for driver 'cisco_n1kv_ext'
2015-03-10 16:58:32.435 3029 INFO neutron.wsgi [req-e991be9b-94c9-40c1-8cbf-e2e989ee662d None] 13.0.0.3 - - [10/Mar/2015 16:58:32] "GET /v2.0/ports/6184834b-d1d0-43f3-9155-ac4c4d72f798.json?fields=binding%3Avnic_type&fields=network_id HTTP/1.1" 200 284 0.046402
2015-03-10 16:58:32.462 3026 INFO neutron.wsgi [req-de349eee-58e6-47cd-978a-695fec7fa3ae None] 13.0.0.3 - - [10/Mar/2015 16:58:32] "GET /v2.0/ports.json?device_id=a43df455-ba05-4433-a1ce-8b059e8de8dc HTTP/1.1" 200 202 0.045542
2015-03-10 16:58:32.469 3027 INFO neutron.wsgi [-] (3027) accepted ('13.0.0.3', 34993)
2015-03-10 16:58:32.491 3026 INFO neutron.plugins.ml2.managers [req-8e340550-48e4-4111-b0ae-6d8de9e20993 None] Extended port dict for driver 'cisco_n1kv_ext'
2015-03-10 16:58:32.493 3026 INFO neutron.wsgi [req-8e340550-48e4-4111-b0ae-6d8de9e20993 None] 13.0.0.3 - - [10/Mar/2015 16:58:32] "GET /v2.0/ports/377bf9c3-c553-4b51-b24e-6d90c5ca89bb.json?fields=binding%3Avnic_type&fields=network_id HTTP/1.1" 200 284 0.066480
2015-03-10 16:58:32.507 3027 INFO neutron.wsgi [req-5b65fa39-c670-4767-a134-ae41c8a0f5f2 None] 13.0.0.3 - - [10/Mar/2015 16:58:32] "GET /v2.0/ports.json?device_id=b7757d91-acec-4335-b987-20e24671af77 HTTP/1.1" 200 202 0.036569
2015-03-10 16:58:32.583 3036 INFO neutron.wsgi [-] (3036) accepted ('13.0.0.3', 35020)
2015-03-10 16:58:32.612 3036 INFO neutron.wsgi [req-60dd0537-f022-4d1b-a943-4a130e27115f None] 13.0.0.3 - - [10/Mar/2015 16:58:32] "GET /v2.0/ports.json?device_id=1fff8b83-edde-4beb-a0bd-fe3e0caa6a1f HTTP/1.1" 200 202 0.028355
2015-03-10 16:58:32.744 3029 INFO neutron.wsgi [-] (3029) accepted ('13.0.0.3', 35033)
2015-03-10 16:58:32.746 3026 INFO neutron.wsgi [-] (3026) accepted ('13.0.0.3', 35035)
2015-03-10 16:58:32.779 3029 INFO neutron.plugins.ml2.managers [req-6068bcc5-6bb1-40e2-a34e-def60862c5b5 None] Extended port dict for driver 'cisco_n1kv_ext'
2015-03-10 16:58:32.782 3029 INFO neutron.wsgi [req-6068bcc5-6bb1-40e2-a34e-def60862c5b5 None] 13.0.0.3 - - [10/Mar/2015 16:58:32] "GET /v2.0/ports/b8d9a677-2e8f-482f-a240-bdff65977e04.json?fields=binding%3Avnic_type&fields=network_id HTTP/1.1" 200 284 0.037772
2015-03-10 16:58:32.795 3026 INFO neutron.plugins.ml2.managers [req-8ed2d0de-4918-4f73-a551-e3908e3ab378 None] Extended port dict for driver 'cisco_n1kv_ext'
2015-03-10 16:58:32.797 3026 INFO neutron.wsgi [req-8ed2d0de-4918-4f73-a551-e3908e3ab378 None] 13.0.0.3 - - [10/Mar/2015 16:58:32] "GET /v2.0/ports/2e4cc0ff-e2f8-46ae-9918-a90d413b274a.json?fields=binding%3Avnic_type&fields=network_id HTTP/1.1" 200 284 0.050803
2015-03-10 16:58:32.829 3038 INFO neutron.wsgi [-] (3038) accepted ('13.0.0.3', 35046)
2015-03-10 16:58:32.833 3028 INFO neutron.wsgi [-] (3028) accepted ('13.0.0.3', 35048)
2015-03-10 16:58:32.853 3026 INFO neutron.wsgi [-] (3026) accepted ('13.0.0.3', 35049)
2015-03-10 16:58:32.864 3038 INFO neutron.wsgi [req-ea98734a-eaa5-4ff0-a793-dad40ae7c82d None] 13.0.0.3 - - [10/Mar/2015 16:58:32] "GET /v2.0/ports.json?device_id=b24df04a-aa2c-4b02-87b9-791da0f5fb3c HTTP/1.1" 200 202 0.034352
2015-03-10 16:58:32.868 3028 INFO neutron.wsgi [req-1d7f8e98-64da-4898-ab22-943b28407fe3 None] 13.0.0.3 - - [10/Mar/2015 16:58:32] "GET /v2.0/ports.json?device_id=65c1c64d-b2cf-4718-923c-0d5d9f0a0de0 HTTP/1.1" 200 202 0.034326
2015-03-10 16:58:32.897 3026 INFO neutron.plugins.ml2.managers [req-de705dfc-d050-4967-9366-21e0f9416335 None] Extended port dict for driver 'cisco_n1kv_ext'
2015-03-10 16:58:32.900 3026 INFO neutron.wsgi [req-de705dfc-d050-4967-9366-21e0f9416335 None] 13.0.0.3 - - [10/Mar/2015 16:58:32] "GET /v2.0/ports/096a1be6-1bae-4fb0-8718-9dee5f8025bd.json HTTP/1.1" 200 773 0.046194
2015-03-10 16:58:32.905 3025 INFO neutron.wsgi [-] (3025) accepted ('13.0.0.3', 35063)
2015-03-10 16:58:32.939 3025 INFO neutron.plugins.ml2.managers [req-e280400d-215f-452a-a1ae-4109bfab4a5e None] Extended network dict for driver 'cisco_n1kv_ext'
2015-03-10 16:58:32.945 3025 INFO neutron.wsgi [req-e280400d-215f-452a-a1ae-4109bfab4a5e None] 13.0.0.3 - - [10/Mar/2015 16:58:32] "GET /v2.0/networks.json?id=9a63f2dd-a91a-465f-b402-68250c8f3757 HTTP/1.1" 200 463 0.039231
2015-03-10 16:58:32.949 3028 INFO neutron.wsgi [-] (3028) accepted ('13.0.0.3', 35081)
2015-03-10 16:58:32.955 3028 INFO neutron.wsgi [req-2682c7ef-be2c-45c7-9662-00b3ba2a23fc None] 13.0.0.3 - - [10/Mar/2015 16:58:32] "GET /v2.0/extensions.json HTTP/1.1" 200 4821 0.005358
2015-03-10 16:58:32.958 3028 INFO neutron.wsgi [-] (3028) accepted ('13.0.0.3', 35082)
2015-03-10 16:58:32.971 3028 INFO neutron.wsgi [-] (3028) accepted ('13.0.0.3', 35084)
2015-03-10 16:58:32.984 3028 TRACE keystonemiddleware.auth_token Traceback (most recent call last):
2015-03-10 16:58:32.984 3028 TRACE keystonemiddleware.auth_token   File "/usr/lib/python2.7/site-packages/keystonemiddleware/auth_token.py", line 874, in _validate_token
2015-03-10 16:58:32.984 3028 TRACE keystonemiddleware.auth_token     expires = _confirm_token_not_expired(data)
2015-03-10 16:58:32.984 3028 TRACE keystonemiddleware.auth_token   File "/usr/lib/python2.7/site-packages/keystonemiddleware/auth_token.py", line 452, in _confirm_token_not_expired
2015-03-10 16:58:32.984 3028 TRACE keystonemiddleware.auth_token     raise InvalidToken('Token authorization failed')
2015-03-10 16:58:32.984 3028 TRACE keystonemiddleware.auth_token InvalidToken: Token authorization failed
2015-03-10 16:58:32.984 3028 TRACE keystonemiddleware.auth_token 
2015-03-10 16:58:32.985 3028 INFO keystonemiddleware.auth_token [-] Invalid user token - rejecting request
2015-03-10 16:58:32.985 3028 INFO neutron.wsgi [-] 13.0.0.3 - - [10/Mar/2015 16:58:32] "PUT /v2.0/ports/096a1be6-1bae-4fb0-8718-9dee5f8025bd.json HTTP/1.1" 401 258 0.027099
2015-03-10 16:58:33.009 3028 INFO neutron.wsgi [req-dfa27071-8e68-4896-8540-6ba9869fed17 None] 13.0.0.3 - - [10/Mar/2015 16:58:33] "GET /v2.0/ports.json?device_id=4666bc70-62ca-448c-9d40-7510f5949881 HTTP/1.1" 200 202 0.037718
2015-03-10 16:58:33.033 3028 INFO neutron.wsgi [-] (3028) accepted ('13.0.0.3', 35087)
2015-03-10 16:58:33.073 3028 INFO neutron.wsgi [req-f6f7caf7-1d86-44e5-93cd-61f20a4fa6a9 None] 13.0.0.3 - - [10/Mar/2015 16:58:33] "GET /v2.0/ports.json?device_id=9c2797da-1ae3-4c38-8b32-7300a2939ff5 HTTP/1.1" 200 202 0.039406
2015-03-10 16:58:33.138 3026 INFO neutron.wsgi [-] (3026) accepted ('13.0.0.3', 35110)
2015-03-10 16:58:33.161 3026 INFO neutron.wsgi [-] (3026) accepted ('13.0.0.3', 35112)
2015-03-10 16:58:33.193 3026 INFO neutron.plugins.ml2.managers [req-fceef1b5-0e9c-4131-97d0-4f65b5c71ad8 None] Extended port dict for driver 'cisco_n1kv_ext'
2015-03-10 16:58:33.194 3040 INFO neutron.wsgi [-] (3040) accepted ('13.0.0.3', 35113)
2015-03-10 16:58:33.197 3026 INFO neutron.wsgi [req-fceef1b5-0e9c-4131-97d0-4f65b5c71ad8 None] 13.0.0.3 - - [10/Mar/2015 16:58:33] "GET /v2.0/ports/940f5bf2-4bd5-410d-9382-061e1543d98f.json HTTP/1.1" 200 772 0.034922
2015-03-10 16:58:33.199 3029 INFO neutron.wsgi [-] (3029) accepted ('13.0.0.3', 35114)
2015-03-10 16:58:33.214 3026 INFO neutron.plugins.ml2.managers [req-13155d7a-b361-4a66-a0fa-fe457f386ead None] Extended port dict for driver 'cisco_n1kv_ext'
2015-03-10 16:58:33.227 3026 INFO neutron.plugins.ml2.managers [req-13155d7a-b361-4a66-a0fa-fe457f386ead None] Extended port dict for driver 'cisco_n1kv_ext'
2015-03-10 16:58:33.230 3029 INFO neutron.plugins.ml2.managers [req-2252a809-ca63-42e5-8c2c-b42e88460a03 None] Extended network dict for driver 'cisco_n1kv_ext'
2015-03-10 16:58:33.234 3029 INFO neutron.wsgi [req-2252a809-ca63-42e5-8c2c-b42e88460a03 None] 13.0.0.3 - - [10/Mar/2015 16:58:33] "GET /v2.0/networks.json?id=95fe1a55-acbb-496d-95a5-33341e714223 HTTP/1.1" 200 462 0.034025
2015-03-10 16:58:33.236 3029 INFO neutron.wsgi [-] (3029) accepted ('13.0.0.3', 35115)
2015-03-10 16:58:33.237 3040 INFO neutron.plugins.ml2.managers [req-dd626900-83ad-47d9-bbab-d47995be7908 None] Extended port dict for driver 'cisco_n1kv_ext'
2015-03-10 16:58:33.240 3040 INFO neutron.wsgi [req-dd626900-83ad-47d9-bbab-d47995be7908 None] 13.0.0.3 - - [10/Mar/2015 16:58:33] "GET /v2.0/ports/1d5ae930-42f0-414b-b172-e6bcce5f3fa4.json HTTP/1.1" 200 772 0.044944
2015-03-10 16:58:33.240 3029 INFO neutron.wsgi [req-e781053a-1530-418a-aab9-cdcc0d4e6433 None] 13.0.0.3 - - [10/Mar/2015 16:58:33] "GET /v2.0/extensions.json HTTP/1.1" 200 4821 0.003524
2015-03-10 16:58:33.241 3029 INFO neutron.wsgi [-] (3029) accepted ('13.0.0.3', 35116)
2015-03-10 16:58:33.243 3033 INFO neutron.wsgi [-] (3033) accepted ('13.0.0.3', 35117)
2015-03-10 16:58:33.251 3026 INFO neutron.plugins.ml2.managers [req-13155d7a-b361-4a66-a0fa-fe457f386ead None] Extended port dict for driver 'cisco_n1kv_ext'
2015-03-10 16:58:33.258 3033 TRACE keystonemiddleware.auth_token Traceback (most recent call last):
2015-03-10 16:58:33.258 3033 TRACE keystonemiddleware.auth_token   File "/usr/lib/python2.7/site-packages/keystonemiddleware/auth_token.py", line 874, in _validate_token
2015-03-10 16:58:33.258 3033 TRACE keystonemiddleware.auth_token     expires = _confirm_token_not_expired(data)
2015-03-10 16:58:33.258 3033 TRACE keystonemiddleware.auth_token   File "/usr/lib/python2.7/site-packages/keystonemiddleware/auth_token.py", line 452, in _confirm_token_not_expired
2015-03-10 16:58:33.258 3033 TRACE keystonemiddleware.auth_token     raise InvalidToken('Token authorization failed')
2015-03-10 16:58:33.258 3033 TRACE keystonemiddleware.auth_token InvalidToken: Token authorization failed
2015-03-10 16:58:33.258 3033 TRACE keystonemiddleware.auth_token 
2015-03-10 16:58:33.260 3033 INFO keystonemiddleware.auth_token [-] Invalid user token - rejecting request
2015-03-10 16:58:33.260 3033 INFO neutron.wsgi [-] 13.0.0.3 - - [10/Mar/2015 16:58:33] "PUT /v2.0/ports/940f5bf2-4bd5-410d-9382-061e1543d98f.json HTTP/1.1" 401 258 0.016166
2015-03-10 16:58:33.261 3026 INFO neutron.plugins.ml2.managers [req-13155d7a-b361-4a66-a0fa-fe457f386ead None] Extended network dict for driver 'cisco_n1kv_ext'
2015-03-10 16:58:33.277 3029 INFO neutron.plugins.ml2.managers [req-025efa25-faa3-49d6-b3b8-8ed0141b5900 None] Extended network dict for driver 'cisco_n1kv_ext'
2015-03-10 16:58:33.281 3029 INFO neutron.wsgi [req-025efa25-faa3-49d6-b3b8-8ed0141b5900 None] 13.0.0.3 - - [10/Mar/2015 16:58:33] "GET /v2.0/networks.json?id=2fee40eb-14f7-4a16-9e38-ac543bbe7167 HTTP/1.1" 200 462 0.037587
2015-03-10 16:58:33.283 3033 INFO neutron.wsgi [-] (3033) accepted ('13.0.0.3', 35119)
2015-03-10 16:58:33.285 3033 TRACE keystonemiddleware.auth_token Traceback (most recent call last):
2015-03-10 16:58:33.285 3033 TRACE keystonemiddleware.auth_token   File "/usr/lib/python2.7/site-packages/keystonemiddleware/auth_token.py", line 842, in _validate_token
2015-03-10 16:58:33.285 3033 TRACE keystonemiddleware.auth_token     token_ids, cached = self._token_cache.get(token)
2015-03-10 16:58:33.285 3033 TRACE keystonemiddleware.auth_token   File "/usr/lib/python2.7/site-packages/keystonemiddleware/auth_token.py", line 1689, in get
2015-03-10 16:58:33.285 3033 TRACE keystonemiddleware.auth_token     cached = self._cache_get(token_hash)
2015-03-10 16:58:33.285 3033 TRACE keystonemiddleware.auth_token   File "/usr/lib/python2.7/site-packages/keystonemiddleware/auth_token.py", line 1778, in _cache_get
2015-03-10 16:58:33.285 3033 TRACE keystonemiddleware.auth_token     raise InvalidToken('Token authorization failed')
2015-03-10 16:58:33.285 3033 TRACE keystonemiddleware.auth_token InvalidToken: Token authorization failed
2015-03-10 16:58:33.285 3033 TRACE keystonemiddleware.auth_token 
2015-03-10 16:58:33.285 3033 INFO keystonemiddleware.auth_token [-] Invalid user token - rejecting request
2015-03-10 16:58:33.285 3033 INFO neutron.wsgi [-] 13.0.0.3 - - [10/Mar/2015 16:58:33] "PUT /v2.0/ports/1d5ae930-42f0-414b-b172-e6bcce5f3fa4.json HTTP/1.1" 401 258 0.001379
2015-03-10 16:58:33.299 3036 INFO neutron.wsgi [-] (3036) accepted ('13.0.0.3', 35121)
2015-03-10 16:58:33.315 3026 INFO neutron.plugins.ml2.managers [req-13155d7a-b361-4a66-a0fa-fe457f386ead None] Extended port dict for driver 'cisco_n1kv_ext'
2015-03-10 16:58:33.318 3026 INFO neutron.plugins.ml2.managers [req-13155d7a-b361-4a66-a0fa-fe457f386ead None] Extended port dict for driver 'cisco_n1kv_ext'
2015-03-10 16:58:33.319 3036 INFO neutron.plugins.ml2.managers [req-c3bf7118-a74f-44b1-ba93-803ee7eaa739 None] Extended port dict for driver 'cisco_n1kv_ext'
2015-03-10 16:58:33.321 3036 INFO neutron.wsgi [req-c3bf7118-a74f-44b1-ba93-803ee7eaa739 None] 13.0.0.3 - - [10/Mar/2015 16:58:33] "GET /v2.0/ports/377bf9c3-c553-4b51-b24e-6d90c5ca89bb.json HTTP/1.1" 200 772 0.021093
2015-03-10 16:58:33.323 3036 INFO neutron.wsgi [-] (3036) accepted ('13.0.0.3', 35137)
2015-03-10 16:58:33.327 3026 INFO neutron.plugins.ml2.managers [req-13155d7a-b361-4a66-a0fa-fe457f386ead None] Extended network dict for driver 'cisco_n1kv_ext'
2015-03-10 16:58:33.339 3036 INFO neutron.plugins.ml2.managers [req-38597ba5-1b3e-43f3-9f04-f88d8949701b None] Extended network dict for driver 'cisco_n1kv_ext'
2015-03-10 16:58:33.344 3036 INFO neutron.wsgi [req-38597ba5-1b3e-43f3-9f04-f88d8949701b None] 13.0.0.3 - - [10/Mar/2015 16:58:33] "GET /v2.0/networks.json?id=3149049e-c2d0-43ec-bccc-45b4e9dcd6b8 HTTP/1.1" 200 462 0.019731
2015-03-10 16:58:33.346 3036 INFO neutron.wsgi [-] (3036) accepted ('13.0.0.3', 35138)
2015-03-10 16:58:33.355 3026 INFO neutron.plugins.ml2.managers [req-13155d7a-b361-4a66-a0fa-fe457f386ead None] Extended network dict for driver 'cisco_n1kv_ext'
2015-03-10 16:58:33.357 3036 INFO neutron.wsgi [-] (3036) accepted ('13.0.0.3', 35139)
2015-03-10 16:58:33.370 3036 TRACE keystonemiddleware.auth_token Traceback (most recent call last):
2015-03-10 16:58:33.370 3036 TRACE keystonemiddleware.auth_token   File "/usr/lib/python2.7/site-packages/keystonemiddleware/auth_token.py", line 874, in _validate_token
2015-03-10 16:58:33.370 3036 TRACE keystonemiddleware.auth_token     expires = _confirm_token_not_expired(data)
2015-03-10 16:58:33.370 3036 TRACE keystonemiddleware.auth_token   File "/usr/lib/python2.7/site-packages/keystonemiddleware/auth_token.py", line 452, in _confirm_token_not_expired
2015-03-10 16:58:33.370 3036 TRACE keystonemiddleware.auth_token     raise InvalidToken('Token authorization failed')
2015-03-10 16:58:33.370 3036 TRACE keystonemiddleware.auth_token InvalidToken: Token authorization failed
2015-03-10 16:58:33.370 3036 TRACE keystonemiddleware.auth_token 
2015-03-10 16:58:33.372 3036 INFO keystonemiddleware.auth_token [-] Invalid user token - rejecting request
2015-03-10 16:58:33.373 3026 INFO neutron.wsgi [req-13155d7a-b361-4a66-a0fa-fe457f386ead None] 13.0.0.3 - - [10/Mar/2015 16:58:33] "PUT /v2.0/ports/096a1be6-1bae-4fb0-8718-9dee5f8025bd.json HTTP/1.1" 200 994 0.234323
2015-03-10 16:58:33.373 3036 INFO neutron.wsgi [-] 13.0.0.3 - - [10/Mar/2015 16:58:33] "PUT /v2.0/ports/377bf9c3-c553-4b51-b24e-6d90c5ca89bb.json HTTP/1.1" 401 258 0.026294
2015-03-10 16:58:33.378 3038 INFO neutron.wsgi [-] (3038) accepted ('13.0.0.3', 35141)
2015-03-10 16:58:33.397 3036 INFO neutron.plugins.ml2.managers [req-960ae865-6bcc-487d-bf9c-34b49a04b7f5 None] Extended port dict for driver 'cisco_n1kv_ext'
2015-03-10 16:58:33.401 3036 INFO neutron.wsgi [req-960ae865-6bcc-487d-bf9c-34b49a04b7f5 None] 13.0.0.3 - - [10/Mar/2015 16:58:33] "GET /v2.0/ports/6184834b-d1d0-43f3-9155-ac4c4d72f798.json HTTP/1.1" 200 772 0.043096
2015-03-10 16:58:33.404 3040 INFO neutron.wsgi [-] (3040) accepted ('13.0.0.3', 35142)
2015-03-10 16:58:33.409 3033 INFO neutron.wsgi [-] (3033) accepted ('13.0.0.3', 35143)
2015-03-10 16:58:33.427 3038 INFO neutron.plugins.ml2.managers [req-360aaa3f-71f1-4e9e-aaa6-e48f941594e3 None] Extended port dict for driver 'cisco_n1kv_ext'
2015-03-10 16:58:33.430 3038 INFO neutron.wsgi [req-360aaa3f-71f1-4e9e-aaa6-e48f941594e3 None] 13.0.0.3 - - [10/Mar/2015 16:58:33] "GET /v2.0/ports.json?tenant_id=d2d571fc969445638e8064e3f97d08f2&device_id=b7757d91-acec-4335-b987-20e24671af77 HTTP/1.1" 200 997 0.051216
2015-03-10 16:58:33.432 3032 INFO neutron.wsgi [-] (3032) accepted ('13.0.0.3', 35144)
2015-03-10 16:58:33.445 3040 INFO neutron.plugins.ml2.managers [req-6ff48333-ee47-40f2-bc30-b9ccaf816399 None] Extended port dict for driver 'cisco_n1kv_ext'
2015-03-10 16:58:33.446 3033 INFO neutron.plugins.ml2.managers [req-9b4e9108-9384-41cb-9760-855109927a35 None] Extended network dict for driver 'cisco_n1kv_ext'
2015-03-10 16:58:33.447 3034 INFO neutron.wsgi [-] (3034) accepted ('13.0.0.3', 35145)
2015-03-10 16:58:33.448 3040 INFO neutron.wsgi [req-6ff48333-ee47-40f2-bc30-b9ccaf816399 None] 13.0.0.3 - - [10/Mar/2015 16:58:33] "GET /v2.0/ports/b8d9a677-2e8f-482f-a240-bdff65977e04.json HTTP/1.1" 200 772 0.043219
2015-03-10 16:58:33.450 3034 INFO neutron.wsgi [-] (3034) accepted ('13.0.0.3', 35146)
2015-03-10 16:58:33.453 3033 INFO neutron.wsgi [req-9b4e9108-9384-41cb-9760-855109927a35 None] 13.0.0.3 - - [10/Mar/2015 16:58:33] "GET /v2.0/networks.json?id=fc4b9c69-db77-46cd-a0c4-c35aac1f50ef HTTP/1.1" 200 462 0.041619
2015-03-10 16:58:33.454 3029 INFO neutron.wsgi [-] (3029) accepted ('13.0.0.3', 35147)
2015-03-10 16:58:33.457 3037 INFO neutron.wsgi [-] (3037) accepted ('13.0.0.3', 35148)
2015-03-10 16:58:33.459 3032 INFO neutron.wsgi [req-49f548b4-44e9-41e3-8d12-b8a7eb5c8440 None] 13.0.0.3 - - [10/Mar/2015 16:58:33] "GET /v2.0/floatingips.json?fixed_ip_address=14.11.0.2&port_id=096a1be6-1bae-4fb0-8718-9dee5f8025bd HTTP/1.1" 200 208 0.025700
2015-03-10 16:58:33.459 3037 INFO neutron.wsgi [-] (3037) accepted ('13.0.0.3', 35149)
2015-03-10 16:58:33.461 3028 INFO neutron.wsgi [-] (3028) accepted ('13.0.0.3', 35150)
2015-03-10 16:58:33.482 3028 INFO neutron.plugins.ml2.managers [req-57ae32da-f754-4847-90a5-af7b15fc56d1 None] Extended subnet dict for driver 'cisco_n1kv_ext'
2015-03-10 16:58:33.484 3028 INFO neutron.wsgi [req-57ae32da-f754-4847-90a5-af7b15fc56d1 None] 13.0.0.3 - - [10/Mar/2015 16:58:33] "GET /v2.0/subnets.json?id=d1ee28bd-a4ea-4395-8377-b70b6ac9c092 HTTP/1.1" 200 628 0.021486
2015-03-10 16:58:33.484 3037 TRACE keystonemiddleware.auth_token Traceback (most recent call last):
2015-03-10 16:58:33.484 3037 TRACE keystonemiddleware.auth_token   File "/usr/lib/python2.7/site-packages/keystonemiddleware/auth_token.py", line 874, in _validate_token
2015-03-10 16:58:33.484 3037 TRACE keystonemiddleware.auth_token     expires = _confirm_token_not_expired(data)
2015-03-10 16:58:33.484 3037 TRACE keystonemiddleware.auth_token   File "/usr/lib/python2.7/site-packages/keystonemiddleware/auth_token.py", line 452, in _confirm_token_not_expired
2015-03-10 16:58:33.484 3037 TRACE keystonemiddleware.auth_token     raise InvalidToken('Token authorization failed')
2015-03-10 16:58:33.484 3037 TRACE keystonemiddleware.auth_token InvalidToken: Token authorization failed
2015-03-10 16:58:33.484 3037 TRACE keystonemiddleware.auth_token 
2015-03-10 16:58:33.485 3037 INFO keystonemiddleware.auth_token [-] Invalid user token - rejecting request
2015-03-10 16:58:33.485 3037 INFO neutron.wsgi [-] 13.0.0.3 - - [10/Mar/2015 16:58:33] "PUT /v2.0/ports/6184834b-d1d0-43f3-9155-ac4c4d72f798.json HTTP/1.1" 401 258 0.025368
2015-03-10 16:58:33.486 3028 INFO neutron.wsgi [-] (3028) accepted ('13.0.0.3', 35151)
2015-03-10 16:58:33.490 3029 INFO neutron.plugins.ml2.managers [req-a1848f0d-7e4d-4ea4-8930-ecd82ba7733e None] Extended port dict for driver 'cisco_n1kv_ext'
2015-03-10 16:58:33.492 3029 INFO neutron.wsgi [req-a1848f0d-7e4d-4ea4-8930-ecd82ba7733e None] 13.0.0.3 - - [10/Mar/2015 16:58:33] "GET /v2.0/ports/2e4cc0ff-e2f8-46ae-9918-a90d413b274a.json HTTP/1.1" 200 773 0.033942
2015-03-10 16:58:33.492 3037 INFO oslo.messaging._drivers.impl_rabbit [req-02605064-afab-455c-837a-756a296340df ] Connecting to AMQP server on 13.0.0.3:5672
2015-03-10 16:58:33.494 3029 INFO neutron.wsgi [-] (3029) accepted ('13.0.0.3', 35153)
2015-03-10 16:58:33.494 3034 INFO neutron.plugins.ml2.managers [req-a0b49f85-cbe3-4647-b921-414da099e79f None] Extended network dict for driver 'cisco_n1kv_ext'
2015-03-10 16:58:33.498 3034 INFO neutron.wsgi [req-a0b49f85-cbe3-4647-b921-414da099e79f None] 13.0.0.3 - - [10/Mar/2015 16:58:33] "GET /v2.0/networks.json?id=21d85e2d-388a-437f-b60b-ae825d3cd0a2 HTTP/1.1" 200 462 0.047322
2015-03-10 16:58:33.501 3036 INFO neutron.wsgi [-] (3036) accepted ('13.0.0.3', 35154)
2015-03-10 16:58:33.509 3028 INFO neutron.wsgi [req-5f88b1fc-0ecb-4708-ab71-a0b2a547cfd2 None] 13.0.0.3 - - [10/Mar/2015 16:58:33] "GET /v2.0/ports.json?network_id=9a63f2dd-a91a-465f-b402-68250c8f3757&device_owner=network%3Adhcp HTTP/1.1" 200 202 0.022243
2015-03-10 16:58:33.510 3037 INFO oslo.messaging._drivers.impl_rabbit [req-02605064-afab-455c-837a-756a296340df ] Connected to AMQP server on 13.0.0.3:5672
2015-03-10 16:58:33.511 3029 INFO neutron.plugins.ml2.managers [req-ea36a76c-ba9f-4725-8318-6c061f00053b None] Extended network dict for driver 'cisco_n1kv_ext'
2015-03-10 16:58:33.520 3029 INFO neutron.wsgi [req-ea36a76c-ba9f-4725-8318-6c061f00053b None] 13.0.0.3 - - [10/Mar/2015 16:58:33] "GET /v2.0/networks.json?id=a460d016-1885-4682-b1b8-74f026c314ac HTTP/1.1" 200 462 0.025256
2015-03-10 16:58:33.525 3028 INFO neutron.wsgi [-] (3028) accepted ('13.0.0.3', 35156)
2015-03-10 16:58:33.529 3034 INFO neutron.plugins.ml2.managers [req-9000c865-8470-4b6d-8261-cc72cd45baf4 None] Extended port dict for driver 'cisco_n1kv_ext'
2015-03-10 16:58:33.542 3028 TRACE keystonemiddleware.auth_token Traceback (most recent call last):
2015-03-10 16:58:33.542 3028 TRACE keystonemiddleware.auth_token   File "/usr/lib/python2.7/site-packages/keystonemiddleware/auth_token.py", line 874, in _validate_token
2015-03-10 16:58:33.542 3028 TRACE keystonemiddleware.auth_token     expires = _confirm_token_not_expired(data)
2015-03-10 16:58:33.542 3028 TRACE keystonemiddleware.auth_token   File "/usr/lib/python2.7/site-packages/keystonemiddleware/auth_token.py", line 452, in _confirm_token_not_expired
2015-03-10 16:58:33.542 3028 TRACE keystonemiddleware.auth_token     raise InvalidToken('Token authorization failed')
2015-03-10 16:58:33.542 3028 TRACE keystonemiddleware.auth_token InvalidToken: Token authorization failed
2015-03-10 16:58:33.542 3028 TRACE keystonemiddleware.auth_token 
2015-03-10 16:58:33.543 3028 INFO keystonemiddleware.auth_token [-] Invalid user token - rejecting request
2015-03-10 16:58:33.544 3028 INFO neutron.wsgi [-] 13.0.0.3 - - [10/Mar/2015 16:58:33] "PUT /v2.0/ports/2e4cc0ff-e2f8-46ae-9918-a90d413b274a.json HTTP/1.1" 401 258 0.017279
2015-03-10 16:58:33.546 3031 INFO neutron.wsgi [-] (3031) accepted ('13.0.0.3', 35157)
2015-03-10 16:58:33.548 3036 INFO neutron.plugins.ml2.managers [req-8ea06cd5-c958-4882-9aad-c0fe80d4a3bd None] Extended port dict for driver 'cisco_n1kv_ext'
2015-03-10 16:58:33.548 3034 INFO neutron.plugins.ml2.managers [req-9000c865-8470-4b6d-8261-cc72cd45baf4 None] Extended port dict for driver 'cisco_n1kv_ext'
2015-03-10 16:58:33.573 3036 INFO neutron.plugins.ml2.managers [req-8ea06cd5-c958-4882-9aad-c0fe80d4a3bd None] Extended port dict for driver 'cisco_n1kv_ext'
2015-03-10 16:58:33.574 3034 INFO neutron.plugins.ml2.managers [req-9000c865-8470-4b6d-8261-cc72cd45baf4 None] Extended port dict for driver 'cisco_n1kv_ext'
2015-03-10 16:58:33.584 3034 INFO neutron.plugins.ml2.managers [req-9000c865-8470-4b6d-8261-cc72cd45baf4 None] Extended network dict for driver 'cisco_n1kv_ext'
2015-03-10 16:58:33.598 3031 INFO neutron.plugins.ml2.managers [req-8dce3fcc-107e-4c88-a583-bd66c2ae3024 None] Extended port dict for driver 'cisco_n1kv_ext'
2015-03-10 16:58:33.600 3036 INFO neutron.plugins.ml2.managers [req-8ea06cd5-c958-4882-9aad-c0fe80d4a3bd None] Extended port dict for driver 'cisco_n1kv_ext'
2015-03-10 16:58:33.612 3036 INFO neutron.plugins.ml2.managers [req-8ea06cd5-c958-4882-9aad-c0fe80d4a3bd None] Extended network dict for driver 'cisco_n1kv_ext'
2015-03-10 16:58:33.612 3031 INFO neutron.plugins.ml2.managers [req-8dce3fcc-107e-4c88-a583-bd66c2ae3024 None] Extended port dict for driver 'cisco_n1kv_ext'
2015-03-10 16:58:33.627 3034 INFO neutron.plugins.ml2.managers [req-9000c865-8470-4b6d-8261-cc72cd45baf4 None] Extended port dict for driver 'cisco_n1kv_ext'
2015-03-10 16:58:33.630 3034 INFO neutron.plugins.ml2.managers [req-9000c865-8470-4b6d-8261-cc72cd45baf4 None] Extended port dict for driver 'cisco_n1kv_ext'
2015-03-10 16:58:33.631 3031 INFO neutron.plugins.ml2.managers [req-8dce3fcc-107e-4c88-a583-bd66c2ae3024 None] Extended port dict for driver 'cisco_n1kv_ext'
2015-03-10 16:58:33.641 3031 INFO neutron.plugins.ml2.managers [req-8dce3fcc-107e-4c88-a583-bd66c2ae3024 None] Extended network dict for driver 'cisco_n1kv_ext'
2015-03-10 16:58:33.643 3034 INFO neutron.plugins.ml2.managers [req-9000c865-8470-4b6d-8261-cc72cd45baf4 None] Extended network dict for driver 'cisco_n1kv_ext'
2015-03-10 16:58:33.645 3037 INFO neutron.plugins.ml2.managers [req-02605064-afab-455c-837a-756a296340df None] Extended port dict for driver 'cisco_n1kv_ext'
2015-03-10 16:58:33.651 3036 INFO neutron.plugins.ml2.managers [req-8ea06cd5-c958-4882-9aad-c0fe80d4a3bd None] Extended port dict for driver 'cisco_n1kv_ext'
2015-03-10 16:58:33.654 3036 INFO neutron.plugins.ml2.managers [req-8ea06cd5-c958-4882-9aad-c0fe80d4a3bd None] Extended port dict for driver 'cisco_n1kv_ext'
2015-03-10 16:58:33.659 3037 INFO neutron.plugins.ml2.managers [req-02605064-afab-455c-837a-756a296340df None] Extended port dict for driver 'cisco_n1kv_ext'
2015-03-10 16:58:33.663 3032 INFO neutron.wsgi [-] (3032) accepted ('13.0.0.3', 35161)
2015-03-10 16:58:33.666 3036 INFO neutron.plugins.ml2.managers [req-8ea06cd5-c958-4882-9aad-c0fe80d4a3bd None] Extended network dict for driver 'cisco_n1kv_ext'
2015-03-10 16:58:33.669 3034 INFO neutron.plugins.ml2.managers [req-9000c865-8470-4b6d-8261-cc72cd45baf4 None] Extended network dict for driver 'cisco_n1kv_ext'
2015-03-10 16:58:33.675 3031 INFO neutron.plugins.ml2.managers [req-8dce3fcc-107e-4c88-a583-bd66c2ae3024 None] Extended port dict for driver 'cisco_n1kv_ext'
2015-03-10 16:58:33.679 3031 INFO neutron.plugins.ml2.managers [req-8dce3fcc-107e-4c88-a583-bd66c2ae3024 None] Extended port dict for driver 'cisco_n1kv_ext'
2015-03-10 16:58:33.680 3037 INFO neutron.plugins.ml2.managers [req-02605064-afab-455c-837a-756a296340df None] Extended port dict for driver 'cisco_n1kv_ext'
2015-03-10 16:58:33.682 3034 INFO neutron.wsgi [req-9000c865-8470-4b6d-8261-cc72cd45baf4 None] 13.0.0.3 - - [10/Mar/2015 16:58:33] "PUT /v2.0/ports/940f5bf2-4bd5-410d-9382-061e1543d98f.json HTTP/1.1" 200 993 0.218622
2015-03-10 16:58:33.685 3032 INFO neutron.wsgi [-] (3032) accepted ('13.0.0.3', 35162)
2015-03-10 16:58:33.687 3031 INFO neutron.plugins.ml2.managers [req-8dce3fcc-107e-4c88-a583-bd66c2ae3024 None] Extended network dict for driver 'cisco_n1kv_ext'
2015-03-10 16:58:33.694 3037 INFO neutron.plugins.ml2.managers [req-02605064-afab-455c-837a-756a296340df None] Extended network dict for driver 'cisco_n1kv_ext'
2015-03-10 16:58:33.701 3036 INFO neutron.plugins.ml2.managers [req-8ea06cd5-c958-4882-9aad-c0fe80d4a3bd None] Extended network dict for driver 'cisco_n1kv_ext'
2015-03-10 16:58:33.714 3031 INFO neutron.plugins.ml2.managers [req-8dce3fcc-107e-4c88-a583-bd66c2ae3024 None] Extended network dict for driver 'cisco_n1kv_ext'
2015-03-10 16:58:33.716 3036 INFO neutron.wsgi [req-8ea06cd5-c958-4882-9aad-c0fe80d4a3bd None] 13.0.0.3 - - [10/Mar/2015 16:58:33] "PUT /v2.0/ports/b8d9a677-2e8f-482f-a240-bdff65977e04.json HTTP/1.1" 200 993 0.214003
2015-03-10 16:58:33.717 3032 INFO neutron.plugins.ml2.managers [req-bbdba672-3a54-42d3-9ac1-c75efacf2047 None] Extended port dict for driver 'cisco_n1kv_ext'
2015-03-10 16:58:33.719 3036 INFO neutron.wsgi [-] (3036) accepted ('13.0.0.3', 35163)
2015-03-10 16:58:33.724 3031 INFO neutron.wsgi [req-8dce3fcc-107e-4c88-a583-bd66c2ae3024 None] 13.0.0.3 - - [10/Mar/2015 16:58:33] "PUT /v2.0/ports/377bf9c3-c553-4b51-b24e-6d90c5ca89bb.json HTTP/1.1" 200 993 0.176666
2015-03-10 16:58:33.724 3037 INFO neutron.plugins.ml2.managers [req-02605064-afab-455c-837a-756a296340df None] Extended port dict for driver 'cisco_n1kv_ext'
2015-03-10 16:58:33.725 3031 INFO neutron.wsgi [-] (3031) accepted ('13.0.0.3', 35164)
2015-03-10 16:58:33.727 3025 INFO neutron.wsgi [-] (3025) accepted ('13.0.0.3', 35165)
2015-03-10 16:58:33.727 3037 INFO neutron.plugins.ml2.managers [req-02605064-afab-455c-837a-756a296340df None] Extended port dict for driver 'cisco_n1kv_ext'
2015-03-10 16:58:33.729 3032 INFO neutron.plugins.ml2.managers [req-bbdba672-3a54-42d3-9ac1-c75efacf2047 None] Extended port dict for driver 'cisco_n1kv_ext'
2015-03-10 16:58:33.737 3037 INFO neutron.plugins.ml2.managers [req-02605064-afab-455c-837a-756a296340df None] Extended network dict for driver 'cisco_n1kv_ext'
2015-03-10 16:58:33.739 3036 INFO neutron.plugins.ml2.managers [req-010dfe02-7968-4077-8b9c-9fe372445cd2 None] Extended port dict for driver 'cisco_n1kv_ext'
2015-03-10 16:58:33.742 3036 INFO neutron.wsgi [req-010dfe02-7968-4077-8b9c-9fe372445cd2 None] 13.0.0.3 - - [10/Mar/2015 16:58:33] "GET /v2.0/ports.json?tenant_id=e04e08f3e4c9446f997947b7390c8f73&device_id=9c2797da-1ae3-4c38-8b32-7300a2939ff5 HTTP/1.1" 200 996 0.022529
2015-03-10 16:58:33.744 3029 INFO neutron.wsgi [-] (3029) accepted ('13.0.0.3', 35168)
2015-03-10 16:58:33.749 3032 INFO neutron.plugins.ml2.managers [req-bbdba672-3a54-42d3-9ac1-c75efacf2047 None] Extended port dict for driver 'cisco_n1kv_ext'
2015-03-10 16:58:33.760 3031 INFO neutron.plugins.ml2.managers [req-a365c8e5-a424-4483-97db-59d537de1f2b None] Extended port dict for driver 'cisco_n1kv_ext'
2015-03-10 16:58:33.763 3032 INFO neutron.plugins.ml2.managers [req-bbdba672-3a54-42d3-9ac1-c75efacf2047 None] Extended network dict for driver 'cisco_n1kv_ext'
2015-03-10 16:58:33.767 3037 INFO neutron.plugins.ml2.managers [req-02605064-afab-455c-837a-756a296340df None] Extended network dict for driver 'cisco_n1kv_ext'
2015-03-10 16:58:33.768 3025 INFO neutron.plugins.ml2.managers [req-280834d7-decc-4cfe-9ff9-3a0dd72afd8f None] Extended port dict for driver 'cisco_n1kv_ext'
2015-03-10 16:58:33.768 3029 INFO neutron.wsgi [req-ab294ddc-ef7a-49e4-9a36-601a0c1f6f7a None] 13.0.0.3 - - [10/Mar/2015 16:58:33] "GET /v2.0/floatingips.json?fixed_ip_address=14.4.0.2&port_id=b8d9a677-2e8f-482f-a240-bdff65977e04 HTTP/1.1" 200 208 0.023031
2015-03-10 16:58:33.770 3031 INFO neutron.plugins.ml2.managers [req-a365c8e5-a424-4483-97db-59d537de1f2b None] Extended port dict for driver 'cisco_n1kv_ext'
2015-03-10 16:58:33.770 3025 INFO neutron.wsgi [req-280834d7-decc-4cfe-9ff9-3a0dd72afd8f None] 13.0.0.3 - - [10/Mar/2015 16:58:33] "GET /v2.0/ports.json?tenant_id=515e9e6228364df6b3bf5eb9580a2db2&device_id=b24df04a-aa2c-4b02-87b9-791da0f5fb3c HTTP/1.1" 200 996 0.042959
2015-03-10 16:58:33.770 3029 INFO neutron.wsgi [-] (3029) accepted ('13.0.0.3', 35169)
2015-03-10 16:58:33.773 3030 INFO neutron.wsgi [-] (3030) accepted ('13.0.0.3', 35170)
2015-03-10 16:58:33.780 3037 INFO neutron.wsgi [req-02605064-afab-455c-837a-756a296340df None] 13.0.0.3 - - [10/Mar/2015 16:58:33] "PUT /v2.0/ports/1d5ae930-42f0-414b-b172-e6bcce5f3fa4.json HTTP/1.1" 200 993 0.310079
2015-03-10 16:58:33.783 3040 INFO neutron.wsgi [-] (3040) accepted ('13.0.0.3', 35171)
2015-03-10 16:58:33.789 3031 INFO neutron.plugins.ml2.managers [req-a365c8e5-a424-4483-97db-59d537de1f2b None] Extended port dict for driver 'cisco_n1kv_ext'
2015-03-10 16:58:33.797 3031 INFO neutron.plugins.ml2.managers [req-a365c8e5-a424-4483-97db-59d537de1f2b None] Extended network dict for driver 'cisco_n1kv_ext'
2015-03-10 16:58:33.797 3030 INFO neutron.wsgi [req-f719f89f-9309-4268-9e15-7882c5febef7 None] 13.0.0.3 - - [10/Mar/2015 16:58:33] "GET /v2.0/floatingips.json?fixed_ip_address=14.7.0.2&port_id=377bf9c3-c553-4b51-b24e-6d90c5ca89bb HTTP/1.1" 200 208 0.023831
2015-03-10 16:58:33.798 3029 INFO neutron.plugins.ml2.managers [req-f0fe1e2f-714e-4d1d-babf-19afe08954f8 None] Extended subnet dict for driver 'cisco_n1kv_ext'
2015-03-10 16:58:33.800 3029 INFO neutron.wsgi [req-f0fe1e2f-714e-4d1d-babf-19afe08954f8 None] 13.0.0.3 - - [10/Mar/2015 16:58:33] "GET /v2.0/subnets.json?id=5de8896c-b451-400b-a491-36ae3ec81021 HTTP/1.1" 200 623 0.028782
2015-03-10 16:58:33.799 3036 INFO neutron.wsgi [-] (3036) accepted ('13.0.0.3', 35172)
2015-03-10 16:58:33.801 3028 INFO neutron.wsgi [-] (3028) accepted ('13.0.0.3', 35173)
2015-03-10 16:58:33.805 3032 INFO neutron.plugins.ml2.managers [req-18d1ef4e-4cd4-4e92-a7f3-4eb6d7ae5679 None] Extended port dict for driver 'cisco_n1kv_ext'
2015-03-10 16:58:33.811 3036 INFO neutron.plugins.ml2.managers [req-c8329056-f143-43c0-a945-9c6168fa721c None] Extended subnet dict for driver 'cisco_n1kv_ext'
2015-03-10 16:58:33.812 3032 INFO neutron.plugins.ml2.managers [req-bbdba672-3a54-42d3-9ac1-c75efacf2047 None] Extended port dict for driver 'cisco_n1kv_ext'
2015-03-10 16:58:33.812 3036 INFO neutron.wsgi [req-c8329056-f143-43c0-a945-9c6168fa721c None] 13.0.0.3 - - [10/Mar/2015 16:58:33] "GET /v2.0/subnets.json?id=d9735b82-9632-423e-8aa6-748c3ad82cb1 HTTP/1.1" 200 623 0.012152
2015-03-10 16:58:33.814 3036 INFO neutron.wsgi [-] (3036) accepted ('13.0.0.3', 35176)
2015-03-10 16:58:33.815 3032 INFO neutron.wsgi [req-18d1ef4e-4cd4-4e92-a7f3-4eb6d7ae5679 None] 13.0.0.3 - - [10/Mar/2015 16:58:33] "GET /v2.0/ports.json?tenant_id=6edc90f14268442bb98940f1cef1ea39&device_id=a43df455-ba05-4433-a1ce-8b059e8de8dc HTTP/1.1" 200 996 0.128622
2015-03-10 16:58:33.817 3032 INFO neutron.plugins.ml2.managers [req-bbdba672-3a54-42d3-9ac1-c75efacf2047 None] Extended port dict for driver 'cisco_n1kv_ext'
2015-03-10 16:58:33.817 3027 INFO neutron.wsgi [-] (3027) accepted ('13.0.0.3', 35177)
2015-03-10 16:58:33.818 3040 INFO neutron.plugins.ml2.managers [req-5b972b7a-9075-44d9-b0a5-ef225692f029 None] Extended port dict for driver 'cisco_n1kv_ext'
2015-03-10 16:58:33.821 3040 INFO neutron.wsgi [req-5b972b7a-9075-44d9-b0a5-ef225692f029 None] 13.0.0.3 - - [10/Mar/2015 16:58:33] "GET /v2.0/ports.json?tenant_id=24afe42601c347968d6810ee38b6ee21&device_id=1fff8b83-edde-4beb-a0bd-fe3e0caa6a1f HTTP/1.1" 200 996 0.036725
2015-03-10 16:58:33.822 3031 INFO neutron.plugins.ml2.managers [req-a365c8e5-a424-4483-97db-59d537de1f2b None] Extended port dict for driver 'cisco_n1kv_ext'
2015-03-10 16:58:33.823 3026 INFO neutron.wsgi [-] (3026) accepted ('13.0.0.3', 35178)
2015-03-10 16:58:33.825 3031 INFO neutron.plugins.ml2.managers [req-a365c8e5-a424-4483-97db-59d537de1f2b None] Extended port dict for driver 'cisco_n1kv_ext'
2015-03-10 16:58:33.826 3028 INFO neutron.wsgi [req-2d909b80-acc2-4ce8-b5e4-a315c06586fd None] 13.0.0.3 - - [10/Mar/2015 16:58:33] "GET /v2.0/ports.json?network_id=21d85e2d-388a-437f-b60b-ae825d3cd0a2&device_owner=network%3Adhcp HTTP/1.1" 200 202 0.023848
2015-03-10 16:58:33.826 3032 INFO neutron.plugins.ml2.managers [req-bbdba672-3a54-42d3-9ac1-c75efacf2047 None] Extended network dict for driver 'cisco_n1kv_ext'
2015-03-10 16:58:33.830 3036 INFO neutron.wsgi [req-852de3ba-441a-471f-8fbd-aa05d58f86ce None] 13.0.0.3 - - [10/Mar/2015 16:58:33] "GET /v2.0/ports.json?network_id=3149049e-c2d0-43ec-bccc-45b4e9dcd6b8&device_owner=network%3Adhcp HTTP/1.1" 200 202 0.014817
2015-03-10 16:58:33.840 3027 INFO neutron.wsgi [req-3b7f468a-b12f-47d0-b322-9b872e01a166 None] 13.0.0.3 - - [10/Mar/2015 16:58:33] "GET /v2.0/floatingips.json?fixed_ip_address=14.8.0.2&port_id=940f5bf2-4bd5-410d-9382-061e1543d98f HTTP/1.1" 200 208 0.021405
2015-03-10 16:58:33.841 3031 INFO neutron.plugins.ml2.managers [req-a365c8e5-a424-4483-97db-59d537de1f2b None] Extended network dict for driver 'cisco_n1kv_ext'
2015-03-10 16:58:33.842 3027 INFO neutron.wsgi [-] (3027) accepted ('13.0.0.3', 35179)
2015-03-10 16:58:33.846 3026 INFO neutron.wsgi [req-76e56ae3-15d8-4e95-a464-4415a715a987 None] 13.0.0.3 - - [10/Mar/2015 16:58:33] "GET /v2.0/floatingips.json?fixed_ip_address=14.5.1.2&port_id=1d5ae930-42f0-414b-b172-e6bcce5f3fa4 HTTP/1.1" 200 208 0.021983
2015-03-10 16:58:33.848 3037 INFO neutron.wsgi [-] (3037) accepted ('13.0.0.3', 35180)
2015-03-10 16:58:33.855 3032 INFO neutron.plugins.ml2.managers [req-bbdba672-3a54-42d3-9ac1-c75efacf2047 None] Extended network dict for driver 'cisco_n1kv_ext'
2015-03-10 16:58:33.867 3031 INFO neutron.plugins.ml2.managers [req-a365c8e5-a424-4483-97db-59d537de1f2b None] Extended network dict for driver 'cisco_n1kv_ext'
2015-03-10 16:58:33.868 3032 INFO neutron.wsgi [req-bbdba672-3a54-42d3-9ac1-c75efacf2047 None] 13.0.0.3 - - [10/Mar/2015 16:58:33] "PUT /v2.0/ports/6184834b-d1d0-43f3-9155-ac4c4d72f798.json HTTP/1.1" 200 993 0.204166
2015-03-10 16:58:33.871 3034 INFO neutron.wsgi [-] (3034) accepted ('13.0.0.3', 35181)
2015-03-10 16:58:33.878 3027 INFO neutron.plugins.ml2.managers [req-1e88a21a-71ea-4a6b-a49e-ca1ec9442d72 None] Extended subnet dict for driver 'cisco_n1kv_ext'
2015-03-10 16:58:33.879 3037 INFO neutron.plugins.ml2.managers [req-5480390d-3fed-4bd8-95a8-d381261be6ef None] Extended subnet dict for driver 'cisco_n1kv_ext'
2015-03-10 16:58:33.879 3027 INFO neutron.wsgi [req-1e88a21a-71ea-4a6b-a49e-ca1ec9442d72 None] 13.0.0.3 - - [10/Mar/2015 16:58:33] "GET /v2.0/subnets.json?id=c52460f9-a4d0-43f9-8977-f32e7d84f699 HTTP/1.1" 200 623 0.036760
2015-03-10 16:58:33.880 3037 INFO neutron.wsgi [req-5480390d-3fed-4bd8-95a8-d381261be6ef None] 13.0.0.3 - - [10/Mar/2015 16:58:33] "GET /v2.0/subnets.json?id=6a1a6ed1-98f6-4866-9ef3-b6d38e1d358d HTTP/1.1" 200 623 0.031056
2015-03-10 16:58:33.881 3037 INFO neutron.wsgi [-] (3037) accepted ('13.0.0.3', 35182)
2015-03-10 16:58:33.882 3031 INFO neutron.wsgi [req-a365c8e5-a424-4483-97db-59d537de1f2b None] 13.0.0.3 - - [10/Mar/2015 16:58:33] "PUT /v2.0/ports/2e4cc0ff-e2f8-46ae-9918-a90d413b274a.json HTTP/1.1" 200 994 0.156343
2015-03-10 16:58:33.883 3040 INFO neutron.wsgi [-] (3040) accepted ('13.0.0.3', 35183)
2015-03-10 16:58:33.885 3034 INFO neutron.wsgi [-] (3034) accepted ('13.0.0.3', 35184)
2015-03-10 16:58:33.902 3040 INFO neutron.wsgi [req-d01b11cd-af6c-4228-88c2-2223137fa6b5 None] 13.0.0.3 - - [10/Mar/2015 16:58:33] "GET /v2.0/ports.json?network_id=2fee40eb-14f7-4a16-9e38-ac543bbe7167&device_owner=network%3Adhcp HTTP/1.1" 200 202 0.019091
2015-03-10 16:58:33.909 3037 INFO neutron.wsgi [req-199c8b54-5044-4291-9df5-02174ffdc94c None] 13.0.0.3 - - [10/Mar/2015 16:58:33] "GET /v2.0/ports.json?network_id=95fe1a55-acbb-496d-95a5-33341e714223&device_owner=network%3Adhcp HTTP/1.1" 200 202 0.025952
2015-03-10 16:58:33.915 3034 INFO neutron.plugins.ml2.managers [req-843e9158-7e8b-401d-acf7-094dc733685c None] Extended port dict for driver 'cisco_n1kv_ext'
2015-03-10 16:58:33.917 3034 INFO neutron.wsgi [req-843e9158-7e8b-401d-acf7-094dc733685c None] 13.0.0.3 - - [10/Mar/2015 16:58:33] "GET /v2.0/ports.json?tenant_id=f80d64c35ee547899d0ebb34f2c104fd&device_id=65c1c64d-b2cf-4718-923c-0d5d9f0a0de0 HTTP/1.1" 200 996 0.045263
2015-03-10 16:58:33.920 3039 INFO neutron.wsgi [-] (3039) accepted ('13.0.0.3', 35185)
2015-03-10 16:58:33.937 3034 INFO neutron.plugins.ml2.managers [req-d816bee7-d0d0-4d5e-96d6-6402b221095e None] Extended port dict for driver 'cisco_n1kv_ext'
2015-03-10 16:58:33.939 3034 INFO neutron.wsgi [req-d816bee7-d0d0-4d5e-96d6-6402b221095e None] 13.0.0.3 - - [10/Mar/2015 16:58:33] "GET /v2.0/ports.json?tenant_id=f55c6ac5ec2347c89f625e6bace7d003&device_id=4666bc70-62ca-448c-9d40-7510f5949881 HTTP/1.1" 200 997 0.053003
2015-03-10 16:58:33.942 3034 INFO neutron.wsgi [-] (3034) accepted ('13.0.0.3', 35186)
2015-03-10 16:58:33.944 3039 INFO neutron.wsgi [req-32fed664-5c5d-4a4a-9355-73e56f63a99e None] 13.0.0.3 - - [10/Mar/2015 16:58:33] "GET /v2.0/floatingips.json?fixed_ip_address=14.2.0.2&port_id=6184834b-d1d0-43f3-9155-ac4c4d72f798 HTTP/1.1" 200 208 0.023001
2015-03-10 16:58:33.946 3038 INFO neutron.wsgi [-] (3038) accepted ('13.0.0.3', 35187)
2015-03-10 16:58:33.949 3034 INFO neutron.wsgi [req-49b3a9ed-6f1e-4ceb-84c2-a7ca0c4de6c5 None] 13.0.0.3 - - [10/Mar/2015 16:58:33] "GET /v2.0/floatingips.json?fixed_ip_address=14.10.0.2&port_id=2e4cc0ff-e2f8-46ae-9918-a90d413b274a HTTP/1.1" 200 208 0.006433
2015-03-10 16:58:33.952 3029 INFO neutron.wsgi [-] (3029) accepted ('13.0.0.3', 35188)
2015-03-10 16:58:33.966 3029 INFO neutron.plugins.ml2.managers [req-f02ac0ec-ac84-42e1-af6b-5da335d63734 None] Extended subnet dict for driver 'cisco_n1kv_ext'
2015-03-10 16:58:33.967 3029 INFO neutron.wsgi [req-f02ac0ec-ac84-42e1-af6b-5da335d63734 None] 13.0.0.3 - - [10/Mar/2015 16:58:33] "GET /v2.0/subnets.json?id=9fbe8b55-4012-4070-b005-3a8f61723d30 HTTP/1.1" 200 627 0.014966
2015-03-10 16:58:33.969 3029 INFO neutron.wsgi [-] (3029) accepted ('13.0.0.3', 35189)
2015-03-10 16:58:33.972 3038 INFO neutron.plugins.ml2.managers [req-206f46f3-1487-439c-a40c-c38cedb8cb92 None] Extended subnet dict for driver 'cisco_n1kv_ext'
2015-03-10 16:58:33.973 3038 INFO neutron.wsgi [req-206f46f3-1487-439c-a40c-c38cedb8cb92 None] 13.0.0.3 - - [10/Mar/2015 16:58:33] "GET /v2.0/subnets.json?id=80e3fa4d-8bc8-4efb-9f0a-b2c592a1eb6d HTTP/1.1" 200 623 0.026669
2015-03-10 16:58:33.975 3038 INFO neutron.wsgi [-] (3038) accepted ('13.0.0.3', 35190)
2015-03-10 16:58:33.984 3029 INFO neutron.wsgi [req-365f0569-07db-40b3-8c42-8134788929d6 None] 13.0.0.3 - - [10/Mar/2015 16:58:33] "GET /v2.0/ports.json?network_id=a460d016-1885-4682-b1b8-74f026c314ac&device_owner=network%3Adhcp HTTP/1.1" 200 202 0.014511
2015-03-10 16:58:33.997 3038 INFO neutron.wsgi [req-0f4bfdaa-2ce7-4d05-a687-5661f212f854 None] 13.0.0.3 - - [10/Mar/2015 16:58:33] "GET /v2.0/ports.json?network_id=fc4b9c69-db77-46cd-a0c4-c35aac1f50ef&device_owner=network%3Adhcp HTTP/1.1" 200 202 0.021552
2015-03-10 16:58:35.074 3039 INFO neutron.wsgi [-] (3039) accepted ('13.0.0.3', 35213)
2015-03-10 16:58:35.108 3039 INFO neutron.plugins.ml2.managers [req-fbd156c4-cbfc-462d-9d8f-5172c73e68a3 None] Extended port dict for driver 'cisco_n1kv_ext'
2015-03-10 16:58:35.109 3039 INFO neutron.wsgi [req-fbd156c4-cbfc-462d-9d8f-5172c73e68a3 None] 13.0.0.3 - - [10/Mar/2015 16:58:35] "GET /v2.0/ports.json?fields=id&id=2c5d2b43-b184-4c83-b6f2-e193b4c03800 HTTP/1.1" 200 248 0.034757
2015-03-10 16:58:35.128 3039 INFO neutron.plugins.ml2.managers [req-03b9c38a-d221-4167-a5ea-b2674109a879 None] Extended port dict for driver 'cisco_n1kv_ext'
2015-03-10 16:58:35.130 3039 INFO neutron.wsgi [req-03b9c38a-d221-4167-a5ea-b2674109a879 None] 13.0.0.3 - - [10/Mar/2015 16:58:35] "GET /v2.0/ports/2c5d2b43-b184-4c83-b6f2-e193b4c03800.json HTTP/1.1" 200 797 0.018226
2015-03-10 16:58:35.174 3030 INFO neutron.wsgi [-] (3030) accepted ('13.0.0.3', 35215)
2015-03-10 16:58:35.208 3030 INFO neutron.plugins.ml2.managers [req-007060ab-5091-4ac6-8171-55ffa85ec3ec None] Extended port dict for driver 'cisco_n1kv_ext'
2015-03-10 16:58:35.209 3030 INFO neutron.wsgi [req-007060ab-5091-4ac6-8171-55ffa85ec3ec None] 13.0.0.3 - - [10/Mar/2015 16:58:35] "GET /v2.0/ports.json?fields=id&id=20ac51f4-f2e1-4072-8a06-7578ce21138d HTTP/1.1" 200 248 0.034313
