2015-03-10 16:41:00.351 14622 INFO neutron.wsgi [req-dedf8ee6-ea44-45f1-b85c-5b031126471c None] 13.0.0.3 - - [10/Mar/2015 16:41:00] "GET /v2.0/networks.json HTTP/1.1" 200 978 0.078109
2015-03-10 16:41:00.353 14623 INFO neutron.wsgi [-] (14623) accepted ('13.0.0.3', 43762)
2015-03-10 16:41:00.355 14623 INFO urllib3.connectionpool [-] Resetting dropped connection: 13.0.0.25
2015-03-10 16:41:00.356 14623 INFO neutron.wsgi [-] (14623) accepted ('13.0.0.3', 43766)
2015-03-10 16:41:00.357 14615 INFO neutron.wsgi [-] (14615) accepted ('13.0.0.3', 43768)
2015-03-10 16:41:00.358 14623 INFO urllib3.connectionpool [-] Starting new HTTP connection (3): 13.0.0.25
2015-03-10 16:41:00.358 14610 INFO neutron.wsgi [-] (14610) accepted ('13.0.0.3', 43770)
2015-03-10 16:41:00.359 14615 INFO urllib3.connectionpool [-] Resetting dropped connection: 13.0.0.25
2015-03-10 16:41:00.360 14610 INFO urllib3.connectionpool [-] Resetting dropped connection: 13.0.0.25
2015-03-10 16:41:00.371 14622 INFO neutron.plugins.ml2.managers [req-8501e549-ac53-4596-a6af-2bc834823c04 None] Extended subnet dict for driver 'cisco_n1kv_ext'
2015-03-10 16:41:00.375 14622 INFO neutron.plugins.ml2.managers [req-8501e549-ac53-4596-a6af-2bc834823c04 None] Extended subnet dict for driver 'cisco_n1kv_ext'
2015-03-10 16:41:00.376 14622 INFO neutron.wsgi [req-8501e549-ac53-4596-a6af-2bc834823c04 None] 13.0.0.3 - - [10/Mar/2015 16:41:00] "GET /v2.0/subnets.json?fields=id&fields=cidr&id=cd789c3d-b5e4-4bc5-82f1-e33e49955c37&id=b84af1eb-c374-4c11-8a40-e8cd9db45a75&id=80e3fa4d-8bc8-4efb-9f0a-b2c592a1eb6d HTTP/1.1" 200 345 0.021505
2015-03-10 16:41:00.431 14610 INFO neutron.plugins.ml2.managers [req-8284bd3c-51a2-489f-8877-db2c18cbfe2a None] Extended network dict for driver 'cisco_n1kv_ext'
2015-03-10 16:41:00.431 14615 INFO neutron.plugins.ml2.managers [req-3a7d09fd-cfea-4be3-8eff-1d226cf5b24c None] Extended network dict for driver 'cisco_n1kv_ext'
2015-03-10 16:41:00.432 14610 INFO neutron.plugins.ml2.managers [req-8284bd3c-51a2-489f-8877-db2c18cbfe2a None] Extended network dict for driver 'cisco_n1kv_ext'
2015-03-10 16:41:00.432 14615 INFO neutron.plugins.ml2.managers [req-3a7d09fd-cfea-4be3-8eff-1d226cf5b24c None] Extended network dict for driver 'cisco_n1kv_ext'
2015-03-10 16:41:00.432 14610 INFO neutron.plugins.ml2.managers [req-8284bd3c-51a2-489f-8877-db2c18cbfe2a None] Extended network dict for driver 'cisco_n1kv_ext'
2015-03-10 16:41:00.432 14615 INFO neutron.plugins.ml2.managers [req-3a7d09fd-cfea-4be3-8eff-1d226cf5b24c None] Extended network dict for driver 'cisco_n1kv_ext'
2015-03-10 16:41:00.438 14615 INFO neutron.wsgi [req-3a7d09fd-cfea-4be3-8eff-1d226cf5b24c None] 13.0.0.3 - - [10/Mar/2015 16:41:00] "GET /v2.0/networks.json HTTP/1.1" 200 978 0.080281
2015-03-10 16:41:00.438 14610 INFO neutron.wsgi [req-8284bd3c-51a2-489f-8877-db2c18cbfe2a None] 13.0.0.3 - - [10/Mar/2015 16:41:00] "GET /v2.0/networks.json HTTP/1.1" 200 978 0.079691
2015-03-10 16:41:00.440 14610 INFO neutron.wsgi [-] (14610) accepted ('13.0.0.3', 43794)
2015-03-10 16:41:00.447 14616 INFO neutron.wsgi [-] (14616) accepted ('13.0.0.3', 43796)
2015-03-10 16:41:00.450 14616 INFO urllib3.connectionpool [-] Resetting dropped connection: 13.0.0.25
2015-03-10 16:41:00.456 14615 INFO neutron.plugins.ml2.managers [req-e5a56cac-1ddd-4084-9d7a-5c1a1f966f64 None] Extended subnet dict for driver 'cisco_n1kv_ext'
2015-03-10 16:41:00.457 14623 INFO neutron.plugins.ml2.managers [req-4e1a6a7e-f147-4dc2-8e58-5a40832cba3b None] Extended network dict for driver 'cisco_n1kv_ext'
2015-03-10 16:41:00.457 14623 INFO neutron.plugins.ml2.managers [req-4e1a6a7e-f147-4dc2-8e58-5a40832cba3b None] Extended network dict for driver 'cisco_n1kv_ext'
2015-03-10 16:41:00.458 14623 INFO neutron.plugins.ml2.managers [req-4e1a6a7e-f147-4dc2-8e58-5a40832cba3b None] Extended network dict for driver 'cisco_n1kv_ext'
2015-03-10 16:41:00.459 14615 INFO neutron.plugins.ml2.managers [req-e5a56cac-1ddd-4084-9d7a-5c1a1f966f64 None] Extended subnet dict for driver 'cisco_n1kv_ext'
2015-03-10 16:41:00.460 14615 INFO neutron.wsgi [req-e5a56cac-1ddd-4084-9d7a-5c1a1f966f64 None] 13.0.0.3 - - [10/Mar/2015 16:41:00] "GET /v2.0/subnets.json?fields=id&fields=cidr&id=d9735b82-9632-423e-8aa6-748c3ad82cb1&id=be8dc9bc-381e-4eb9-a205-2616992347ff&id=cd789c3d-b5e4-4bc5-82f1-e33e49955c37 HTTP/1.1" 200 345 0.018698
2015-03-10 16:41:00.462 14610 INFO neutron.plugins.ml2.managers [req-66de2be8-ad05-4067-ba3d-e7c24189d563 None] Extended subnet dict for driver 'cisco_n1kv_ext'
2015-03-10 16:41:00.463 14623 INFO neutron.wsgi [req-4e1a6a7e-f147-4dc2-8e58-5a40832cba3b None] 13.0.0.3 - - [10/Mar/2015 16:41:00] "GET /v2.0/networks.json HTTP/1.1" 200 978 0.109209
2015-03-10 16:41:00.467 14610 INFO neutron.plugins.ml2.managers [req-66de2be8-ad05-4067-ba3d-e7c24189d563 None] Extended subnet dict for driver 'cisco_n1kv_ext'
2015-03-10 16:41:00.468 14610 INFO neutron.wsgi [req-66de2be8-ad05-4067-ba3d-e7c24189d563 None] 13.0.0.3 - - [10/Mar/2015 16:41:00] "GET /v2.0/subnets.json?fields=id&fields=cidr&id=6a1a6ed1-98f6-4866-9ef3-b6d38e1d358d&id=cd789c3d-b5e4-4bc5-82f1-e33e49955c37&id=fc9705f4-8578-420f-8b2c-6d37813be09a HTTP/1.1" 200 345 0.017689
2015-03-10 16:41:00.471 14616 INFO neutron.wsgi [-] (14616) accepted ('13.0.0.3', 43800)
2015-03-10 16:41:00.473 14616 INFO urllib3.connectionpool [-] Resetting dropped connection: 13.0.0.25
2015-03-10 16:41:00.475 14623 INFO neutron.plugins.ml2.managers [req-3b955a08-62d3-4365-83e9-4fae03c3d3dd None] Extended network dict for driver 'cisco_n1kv_ext'
2015-03-10 16:41:00.477 14617 INFO neutron.wsgi [-] (14617) accepted ('13.0.0.3', 43804)
2015-03-10 16:41:00.479 14623 INFO neutron.wsgi [req-3b955a08-62d3-4365-83e9-4fae03c3d3dd None] 13.0.0.3 - - [10/Mar/2015 16:41:00] "GET /v2.0/networks.json HTTP/1.1" 200 462 0.200380
2015-03-10 16:41:00.480 14617 INFO urllib3.connectionpool [-] Resetting dropped connection: 13.0.0.25
2015-03-10 16:41:00.484 14610 INFO neutron.plugins.ml2.managers [req-216be521-a73b-47cd-881d-6cf9c42c52f2 None] Extended network dict for driver 'cisco_n1kv_ext'
2015-03-10 16:41:00.484 14610 INFO neutron.plugins.ml2.managers [req-216be521-a73b-47cd-881d-6cf9c42c52f2 None] Extended network dict for driver 'cisco_n1kv_ext'
2015-03-10 16:41:00.485 14610 INFO neutron.plugins.ml2.managers [req-216be521-a73b-47cd-881d-6cf9c42c52f2 None] Extended network dict for driver 'cisco_n1kv_ext'
2015-03-10 16:41:00.491 14610 INFO neutron.wsgi [req-216be521-a73b-47cd-881d-6cf9c42c52f2 None] 13.0.0.3 - - [10/Mar/2015 16:41:00] "GET /v2.0/networks.json HTTP/1.1" 200 978 0.050385
2015-03-10 16:41:00.507 14610 INFO neutron.plugins.ml2.managers [req-a4492555-5909-43b5-93bf-b7d7f571c17c None] Extended subnet dict for driver 'cisco_n1kv_ext'
2015-03-10 16:41:00.512 14610 INFO neutron.plugins.ml2.managers [req-a4492555-5909-43b5-93bf-b7d7f571c17c None] Extended subnet dict for driver 'cisco_n1kv_ext'
2015-03-10 16:41:00.513 14610 INFO neutron.wsgi [req-a4492555-5909-43b5-93bf-b7d7f571c17c None] 13.0.0.3 - - [10/Mar/2015 16:41:00] "GET /v2.0/subnets.json?fields=id&fields=cidr&id=cd789c3d-b5e4-4bc5-82f1-e33e49955c37&id=8521041d-c835-4a0a-ac7e-4b906e90b8e6&id=9fbe8b55-4012-4070-b005-3a8f61723d30 HTTP/1.1" 200 347 0.018515
2015-03-10 16:41:00.517 14623 INFO neutron.plugins.ml2.managers [req-d6ca4d5e-ad2a-409f-8998-1451152bec71 None] Extended network dict for driver 'cisco_n1kv_ext'
2015-03-10 16:41:00.518 14623 INFO neutron.plugins.ml2.managers [req-d6ca4d5e-ad2a-409f-8998-1451152bec71 None] Extended network dict for driver 'cisco_n1kv_ext'
2015-03-10 16:41:00.518 14623 INFO neutron.plugins.ml2.managers [req-d6ca4d5e-ad2a-409f-8998-1451152bec71 None] Extended network dict for driver 'cisco_n1kv_ext'
2015-03-10 16:41:00.523 14616 INFO neutron.plugins.ml2.managers [req-df69be01-df2b-4342-80ec-995aaa776bef None] Extended network dict for driver 'cisco_n1kv_ext'
2015-03-10 16:41:00.524 14616 INFO neutron.plugins.ml2.managers [req-df69be01-df2b-4342-80ec-995aaa776bef None] Extended network dict for driver 'cisco_n1kv_ext'
2015-03-10 16:41:00.524 14616 INFO neutron.plugins.ml2.managers [req-df69be01-df2b-4342-80ec-995aaa776bef None] Extended network dict for driver 'cisco_n1kv_ext'
2015-03-10 16:41:00.526 14623 INFO neutron.wsgi [req-13be5498-4ed2-45aa-b260-3928d1c3e468 None] 13.0.0.3 - - [10/Mar/2015 16:41:00] "GET /v2.0/subnets.json?fields=id&fields=cidr&id=cd789c3d-b5e4-4bc5-82f1-e33e49955c37 HTTP/1.1" 200 204 0.035032
2015-03-10 16:41:00.527 14623 INFO neutron.wsgi [req-d6ca4d5e-ad2a-409f-8998-1451152bec71 None] 13.0.0.3 - - [10/Mar/2015 16:41:00] "GET /v2.0/networks.json HTTP/1.1" 200 978 0.170164
2015-03-10 16:41:00.527 14623 INFO neutron.plugins.ml2.managers [req-fb327ec7-fa9d-40a6-9b2e-3fc9ad3f9f88 None] Extended subnet dict for driver 'cisco_n1kv_ext'
2015-03-10 16:41:00.535 14616 INFO neutron.wsgi [req-df69be01-df2b-4342-80ec-995aaa776bef None] 13.0.0.3 - - [10/Mar/2015 16:41:00] "GET /v2.0/networks.json HTTP/1.1" 200 978 0.086711
2015-03-10 16:41:00.547 14623 INFO neutron.plugins.ml2.managers [req-fb327ec7-fa9d-40a6-9b2e-3fc9ad3f9f88 None] Extended subnet dict for driver 'cisco_n1kv_ext'
2015-03-10 16:41:00.548 14623 INFO neutron.wsgi [req-fb327ec7-fa9d-40a6-9b2e-3fc9ad3f9f88 None] 13.0.0.3 - - [10/Mar/2015 16:41:00] "GET /v2.0/subnets.json?fields=id&fields=cidr&id=cd789c3d-b5e4-4bc5-82f1-e33e49955c37&id=c5f97eaf-2e32-4935-ba4a-23e4a13e93a2&id=611ea700-0a70-41fd-b7a5-696fb159b72b HTTP/1.1" 200 345 0.068776
2015-03-10 16:41:00.550 14617 INFO neutron.plugins.ml2.managers [req-92791593-22cd-4a19-914e-195a41454221 None] Extended network dict for driver 'cisco_n1kv_ext'
2015-03-10 16:41:00.551 14617 INFO neutron.plugins.ml2.managers [req-92791593-22cd-4a19-914e-195a41454221 None] Extended network dict for driver 'cisco_n1kv_ext'
2015-03-10 16:41:00.551 14617 INFO neutron.plugins.ml2.managers [req-92791593-22cd-4a19-914e-195a41454221 None] Extended network dict for driver 'cisco_n1kv_ext'
2015-03-10 16:41:00.553 14623 INFO neutron.plugins.ml2.managers [req-228ef03d-28b4-470c-b251-801927a78854 None] Extended subnet dict for driver 'cisco_n1kv_ext'
2015-03-10 16:41:00.558 14617 INFO neutron.wsgi [req-92791593-22cd-4a19-914e-195a41454221 None] 13.0.0.3 - - [10/Mar/2015 16:41:00] "GET /v2.0/networks.json HTTP/1.1" 200 978 0.079029
2015-03-10 16:41:00.560 14616 INFO neutron.plugins.ml2.managers [req-77d55030-a9d9-462b-bf5a-34db21f8f670 None] Extended subnet dict for driver 'cisco_n1kv_ext'
2015-03-10 16:41:00.560 14623 INFO neutron.plugins.ml2.managers [req-228ef03d-28b4-470c-b251-801927a78854 None] Extended subnet dict for driver 'cisco_n1kv_ext'
2015-03-10 16:41:00.561 14623 INFO neutron.wsgi [req-228ef03d-28b4-470c-b251-801927a78854 None] 13.0.0.3 - - [10/Mar/2015 16:41:00] "GET /v2.0/subnets.json?fields=id&fields=cidr&id=cd789c3d-b5e4-4bc5-82f1-e33e49955c37&id=1e4c4ed5-d161-40fe-a725-ebd6a77f2f5b&id=d345e910-f07d-4192-abc1-a8bb2064b535 HTTP/1.1" 200 345 0.029543
2015-03-10 16:41:00.576 14616 INFO neutron.plugins.ml2.managers [req-77d55030-a9d9-462b-bf5a-34db21f8f670 None] Extended subnet dict for driver 'cisco_n1kv_ext'
2015-03-10 16:41:00.577 14616 INFO neutron.wsgi [req-77d55030-a9d9-462b-bf5a-34db21f8f670 None] 13.0.0.3 - - [10/Mar/2015 16:41:00] "GET /v2.0/subnets.json?fields=id&fields=cidr&id=cd789c3d-b5e4-4bc5-82f1-e33e49955c37&id=aed6f17e-97a9-40a2-983d-a08cc67e0946&id=c52460f9-a4d0-43f9-8977-f32e7d84f699 HTTP/1.1" 200 345 0.032186
2015-03-10 16:41:00.579 14617 INFO neutron.plugins.ml2.managers [req-b899034e-60c1-474b-a1d7-a31fcaeecac9 None] Extended subnet dict for driver 'cisco_n1kv_ext'
2015-03-10 16:41:00.584 14617 INFO neutron.plugins.ml2.managers [req-b899034e-60c1-474b-a1d7-a31fcaeecac9 None] Extended subnet dict for driver 'cisco_n1kv_ext'
2015-03-10 16:41:00.586 14617 INFO neutron.wsgi [req-b899034e-60c1-474b-a1d7-a31fcaeecac9 None] 13.0.0.3 - - [10/Mar/2015 16:41:00] "GET /v2.0/subnets.json?fields=id&fields=cidr&id=5de8896c-b451-400b-a491-36ae3ec81021&id=cd789c3d-b5e4-4bc5-82f1-e33e49955c37&id=87935c19-3456-4ea2-bb5e-a3412460ac3d HTTP/1.1" 200 345 0.023206
2015-03-10 16:41:00.594 14616 INFO neutron.plugins.ml2.managers [req-54a13417-8c7d-4ec2-915d-7b085664844e None] Extended network dict for driver 'cisco_n1kv_ext'
2015-03-10 16:41:00.594 14616 INFO neutron.plugins.ml2.managers [req-54a13417-8c7d-4ec2-915d-7b085664844e None] Extended network dict for driver 'cisco_n1kv_ext'
2015-03-10 16:41:00.595 14616 INFO neutron.plugins.ml2.managers [req-54a13417-8c7d-4ec2-915d-7b085664844e None] Extended network dict for driver 'cisco_n1kv_ext'
2015-03-10 16:41:00.602 14616 INFO neutron.wsgi [req-54a13417-8c7d-4ec2-915d-7b085664844e None] 13.0.0.3 - - [10/Mar/2015 16:41:00] "GET /v2.0/networks.json HTTP/1.1" 200 980 0.130080
2015-03-10 16:41:00.620 14616 INFO neutron.plugins.ml2.managers [req-8178cd2f-6577-4ac0-8477-3df1d6eb50af None] Extended subnet dict for driver 'cisco_n1kv_ext'
2015-03-10 16:41:00.624 14616 INFO neutron.plugins.ml2.managers [req-8178cd2f-6577-4ac0-8477-3df1d6eb50af None] Extended subnet dict for driver 'cisco_n1kv_ext'
2015-03-10 16:41:00.625 14616 INFO neutron.wsgi [req-8178cd2f-6577-4ac0-8477-3df1d6eb50af None] 13.0.0.3 - - [10/Mar/2015 16:41:00] "GET /v2.0/subnets.json?fields=id&fields=cidr&id=cd789c3d-b5e4-4bc5-82f1-e33e49955c37&id=f471f66c-a766-4b5e-a767-ac62c67d2903&id=d1ee28bd-a4ea-4395-8377-b70b6ac9c092 HTTP/1.1" 200 347 0.019361
2015-03-10 16:41:00.953 14617 INFO neutron.wsgi [-] (14617) accepted ('13.0.0.3', 43821)
2015-03-10 16:41:00.994 14617 INFO neutron.wsgi [req-25b60bbe-cc07-4cb7-a0ed-c2d67abd5a9c None] 13.0.0.3 - - [10/Mar/2015 16:41:00] "GET /v2.0/policy_profiles.json HTTP/1.1" 200 486 0.040646
2015-03-10 16:41:01.113 14617 INFO neutron.wsgi [-] (14617) accepted ('13.0.0.3', 43852)
2015-03-10 16:41:01.131 14625 INFO neutron.wsgi [-] (14625) accepted ('13.0.0.3', 43856)
2015-03-10 16:41:01.134 14625 INFO urllib3.connectionpool [-] Resetting dropped connection: 13.0.0.25
2015-03-10 16:41:01.156 14617 INFO neutron.wsgi [req-33280757-eaeb-47d6-9233-210ed4bde717 None] 13.0.0.3 - - [10/Mar/2015 16:41:01] "GET /v2.0/policy_profiles.json HTTP/1.1" 200 486 0.041464
2015-03-10 16:41:01.160 14623 INFO neutron.wsgi [-] (14623) accepted ('13.0.0.3', 43860)
2015-03-10 16:41:01.169 14615 INFO neutron.wsgi [-] (14615) accepted ('13.0.0.3', 43862)
2015-03-10 16:41:01.205 14623 INFO neutron.wsgi [req-7d7100ce-6c73-4b25-b35a-415a33e8774b None] 13.0.0.3 - - [10/Mar/2015 16:41:01] "GET /v2.0/policy_profiles.json HTTP/1.1" 200 486 0.044626
2015-03-10 16:41:01.214 14615 INFO neutron.wsgi [req-c57d3cd4-5f6e-44fd-8ac3-6da7dcb298bf None] 13.0.0.3 - - [10/Mar/2015 16:41:01] "GET /v2.0/policy_profiles.json HTTP/1.1" 200 486 0.043296
2015-03-10 16:41:01.216 14625 INFO neutron.wsgi [req-d4c1db31-10c9-497e-b346-66f4c1e24b7e None] 13.0.0.3 - - [10/Mar/2015 16:41:01] "GET /v2.0/policy_profiles.json HTTP/1.1" 200 486 0.083355
2015-03-10 16:41:01.253 14615 INFO neutron.wsgi [-] (14615) accepted ('13.0.0.3', 43864)
2015-03-10 16:41:01.276 14610 INFO neutron.wsgi [-] (14610) accepted ('13.0.0.3', 43866)
2015-03-10 16:41:01.285 14617 INFO neutron.wsgi [-] (14617) accepted ('13.0.0.3', 43868)
2015-03-10 16:41:01.296 14615 INFO neutron.wsgi [req-6d8b23f3-c2de-4c7d-8a22-a48f64789177 None] 13.0.0.3 - - [10/Mar/2015 16:41:01] "GET /v2.0/policy_profiles.json HTTP/1.1" 200 486 0.042948
2015-03-10 16:41:01.326 14610 INFO neutron.wsgi [req-68b17f01-cad1-4ea2-853a-5d0df3d95f91 None] 13.0.0.3 - - [10/Mar/2015 16:41:01] "GET /v2.0/policy_profiles.json HTTP/1.1" 200 486 0.048817
2015-03-10 16:41:01.336 14617 INFO neutron.wsgi [req-7264ef1c-b6f2-4f3b-93dc-7f36c8101a62 None] 13.0.0.3 - - [10/Mar/2015 16:41:01] "GET /v2.0/policy_profiles.json HTTP/1.1" 200 486 0.050053
2015-03-10 16:41:01.347 14619 INFO neutron.wsgi [-] (14619) accepted ('13.0.0.3', 43870)
2015-03-10 16:41:01.349 14619 INFO urllib3.connectionpool [-] Resetting dropped connection: 13.0.0.25
2015-03-10 16:41:01.354 14619 INFO neutron.wsgi [-] (14619) accepted ('13.0.0.3', 43874)
2015-03-10 16:41:01.356 14619 INFO urllib3.connectionpool [-] Resetting dropped connection: 13.0.0.25
2015-03-10 16:41:01.475 14619 INFO neutron.wsgi [req-be5086a3-3d1c-47b1-b4c8-0f6821c5d40d None] 13.0.0.3 - - [10/Mar/2015 16:41:01] "GET /v2.0/policy_profiles.json HTTP/1.1" 200 486 0.127554
2015-03-10 16:41:01.492 14619 INFO neutron.wsgi [req-4b6fa613-8841-4f23-a8ff-45c281e3c48e None] 13.0.0.3 - - [10/Mar/2015 16:41:01] "GET /v2.0/policy_profiles.json HTTP/1.1" 200 486 0.137183
2015-03-10 16:41:01.566 14619 INFO neutron.wsgi [-] (14619) accepted ('13.0.0.3', 43880)
2015-03-10 16:41:01.609 14619 INFO neutron.plugins.ml2.managers [req-75b66739-05b4-47d4-8729-29265076f8e7 None] Extended network dict for driver 'cisco_n1kv_ext'
2015-03-10 16:41:01.613 14619 INFO neutron.wsgi [req-75b66739-05b4-47d4-8729-29265076f8e7 None] 13.0.0.3 - - [10/Mar/2015 16:41:01] "GET /v2.0/networks.json?fields=id&id=f6792989-3c7f-4578-a77f-21c3f783c1de HTTP/1.1" 200 251 0.046305
2015-03-10 16:41:01.633 14619 INFO neutron.plugins.ml2.managers [req-1da0c951-4f4a-47da-a9a3-f4571932adb3 None] Extended network dict for driver 'cisco_n1kv_ext'
2015-03-10 16:41:01.681 14619 INFO neutron.plugins.ml2.managers [req-1da0c951-4f4a-47da-a9a3-f4571932adb3 None] Extended subnet dict for driver 'cisco_n1kv_ext'
2015-03-10 16:41:01.700 14619 INFO neutron.plugins.ml2.managers [req-1da0c951-4f4a-47da-a9a3-f4571932adb3 None] Extended network dict for driver 'cisco_n1kv_ext'
2015-03-10 16:41:01.712 14619 INFO urllib3.connectionpool [-] Starting new HTTP connection (1): 13.0.0.250
2015-03-10 16:41:01.796 14614 INFO neutron.wsgi [-] (14614) accepted ('13.0.0.3', 43897)
2015-03-10 16:41:01.798 14614 INFO urllib3.connectionpool [-] Resetting dropped connection: 13.0.0.25
2015-03-10 16:41:01.853 14614 INFO neutron.plugins.ml2.managers [req-0696ab9c-cf83-4207-aa95-a140f320f388 None] Extended network dict for driver 'cisco_n1kv_ext'
2015-03-10 16:41:01.856 14614 INFO neutron.wsgi [req-0696ab9c-cf83-4207-aa95-a140f320f388 None] 13.0.0.3 - - [10/Mar/2015 16:41:01] "GET /v2.0/networks.json?fields=id&id=85f1f905-4756-4b3a-866c-3b947607135e HTTP/1.1" 200 251 0.059472
2015-03-10 16:41:01.862 14611 INFO neutron.wsgi [-] (14611) accepted ('13.0.0.3', 43903)
2015-03-10 16:41:01.863 14611 INFO urllib3.connectionpool [-] Resetting dropped connection: 13.0.0.25
2015-03-10 16:41:01.875 14614 INFO neutron.plugins.ml2.managers [req-1735992f-e32b-4e4f-b782-5ac6c62aa57a None] Extended network dict for driver 'cisco_n1kv_ext'
2015-03-10 16:41:01.921 14614 INFO neutron.plugins.ml2.managers [req-1735992f-e32b-4e4f-b782-5ac6c62aa57a None] Extended subnet dict for driver 'cisco_n1kv_ext'
2015-03-10 16:41:01.929 14623 INFO neutron.wsgi [-] (14623) accepted ('13.0.0.3', 43910)
2015-03-10 16:41:01.937 14610 INFO neutron.wsgi [-] (14610) accepted ('13.0.0.3', 43912)
2015-03-10 16:41:01.943 14614 INFO neutron.plugins.ml2.managers [req-1735992f-e32b-4e4f-b782-5ac6c62aa57a None] Extended network dict for driver 'cisco_n1kv_ext'
2015-03-10 16:41:01.956 14614 INFO urllib3.connectionpool [-] Starting new HTTP connection (1): 13.0.0.250
2015-03-10 16:41:01.957 14623 INFO neutron.plugins.ml2.managers [req-1753df8e-fb69-4e2d-b897-03e9b0fb061a None] Extended network dict for driver 'cisco_n1kv_ext'
2015-03-10 16:41:01.960 14623 INFO neutron.wsgi [req-1753df8e-fb69-4e2d-b897-03e9b0fb061a None] 13.0.0.3 - - [10/Mar/2015 16:41:01] "GET /v2.0/networks.json?fields=id&id=2fee40eb-14f7-4a16-9e38-ac543bbe7167 HTTP/1.1" 200 251 0.029756
2015-03-10 16:41:01.963 14610 INFO neutron.plugins.ml2.managers [req-8a7624ac-28c8-48c7-8d17-670927678afc None] Extended network dict for driver 'cisco_n1kv_ext'
2015-03-10 16:41:01.966 14610 INFO neutron.wsgi [req-8a7624ac-28c8-48c7-8d17-670927678afc None] 13.0.0.3 - - [10/Mar/2015 16:41:01] "GET /v2.0/networks.json?fields=id&id=3149049e-c2d0-43ec-bccc-45b4e9dcd6b8 HTTP/1.1" 200 251 0.028155
2015-03-10 16:41:01.983 14610 INFO neutron.plugins.ml2.managers [req-dbf3f0d6-ca05-4565-926b-c0e1d8843ec8 None] Extended network dict for driver 'cisco_n1kv_ext'
2015-03-10 16:41:01.985 14623 INFO neutron.plugins.ml2.managers [req-fc512d65-b894-4582-bd40-398b764c8b5e None] Extended network dict for driver 'cisco_n1kv_ext'
2015-03-10 16:41:02.003 14611 INFO neutron.plugins.ml2.managers [req-a18fb567-b226-4058-b2eb-b3b4aeb42734 None] Extended network dict for driver 'cisco_n1kv_ext'
2015-03-10 16:41:02.004 14613 INFO neutron.wsgi [-] (14613) accepted ('13.0.0.3', 43930)
2015-03-10 16:41:02.006 14613 INFO urllib3.connectionpool [-] Resetting dropped connection: 13.0.0.25
2015-03-10 16:41:02.006 14619 INFO neutron.wsgi [-] (14619) accepted ('13.0.0.3', 43932)
2015-03-10 16:41:02.007 14611 INFO neutron.wsgi [req-a18fb567-b226-4058-b2eb-b3b4aeb42734 None] 13.0.0.3 - - [10/Mar/2015 16:41:02] "GET /v2.0/networks.json?fields=id&id=798c6540-3c5f-4756-8bb6-a9c268397f77 HTTP/1.1" 200 251 0.144472
2015-03-10 16:41:02.015 14613 INFO neutron.wsgi [-] (14613) accepted ('13.0.0.3', 43936)
2015-03-10 16:41:02.017 14613 INFO urllib3.connectionpool [-] Starting new HTTP connection (2): 13.0.0.25
2015-03-10 16:41:02.029 14611 INFO neutron.plugins.ml2.managers [req-563c944e-928e-4d52-af6c-55ac226d3e64 None] Extended network dict for driver 'cisco_n1kv_ext'
2015-03-10 16:41:02.032 14619 INFO neutron.plugins.ml2.managers [req-c778e9a5-911c-49b2-9ff6-31abc1cfd704 None] Extended network dict for driver 'cisco_n1kv_ext'
2015-03-10 16:41:02.036 14619 INFO neutron.wsgi [req-c778e9a5-911c-49b2-9ff6-31abc1cfd704 None] 13.0.0.3 - - [10/Mar/2015 16:41:02] "GET /v2.0/networks.json?fields=id&id=6dfb3281-b9cd-4b22-81d7-8c3b0b7944f6 HTTP/1.1" 200 251 0.028758
2015-03-10 16:41:02.038 14610 INFO neutron.plugins.ml2.managers [req-dbf3f0d6-ca05-4565-926b-c0e1d8843ec8 None] Extended subnet dict for driver 'cisco_n1kv_ext'
2015-03-10 16:41:02.040 14623 INFO neutron.plugins.ml2.managers [req-fc512d65-b894-4582-bd40-398b764c8b5e None] Extended subnet dict for driver 'cisco_n1kv_ext'
2015-03-10 16:41:02.059 14623 INFO neutron.plugins.ml2.managers [req-fc512d65-b894-4582-bd40-398b764c8b5e None] Extended network dict for driver 'cisco_n1kv_ext'
2015-03-10 16:41:02.059 14610 INFO neutron.plugins.ml2.managers [req-dbf3f0d6-ca05-4565-926b-c0e1d8843ec8 None] Extended network dict for driver 'cisco_n1kv_ext'
2015-03-10 16:41:02.060 14619 INFO neutron.plugins.ml2.managers [req-d4cd638f-b3c0-43a1-bb62-d843c81c2854 None] Extended network dict for driver 'cisco_n1kv_ext'
2015-03-10 16:41:02.065 14618 INFO neutron.wsgi [-] (14618) accepted ('13.0.0.3', 43941)
2015-03-10 16:41:02.067 14618 INFO urllib3.connectionpool [-] Resetting dropped connection: 13.0.0.25
2015-03-10 16:41:02.069 14610 INFO urllib3.connectionpool [-] Starting new HTTP connection (1): 13.0.0.250
2015-03-10 16:41:02.070 14623 INFO urllib3.connectionpool [-] Starting new HTTP connection (1): 13.0.0.250
2015-03-10 16:41:02.083 14611 INFO neutron.plugins.ml2.managers [req-563c944e-928e-4d52-af6c-55ac226d3e64 None] Extended subnet dict for driver 'cisco_n1kv_ext'
2015-03-10 16:41:02.084 14613 INFO neutron.plugins.ml2.managers [req-fd29f4f5-3df5-45c1-87ad-63450e1a9c7b None] Extended network dict for driver 'cisco_n1kv_ext'
2015-03-10 16:41:02.087 14613 INFO neutron.wsgi [req-fd29f4f5-3df5-45c1-87ad-63450e1a9c7b None] 13.0.0.3 - - [10/Mar/2015 16:41:02] "GET /v2.0/networks.json?fields=id&id=d13d28c5-6b41-4869-83ef-fa433c98fa36 HTTP/1.1" 200 251 0.082522
2015-03-10 16:41:02.099 14611 INFO neutron.plugins.ml2.managers [req-563c944e-928e-4d52-af6c-55ac226d3e64 None] Extended network dict for driver 'cisco_n1kv_ext'
2015-03-10 16:41:02.105 14619 INFO neutron.plugins.ml2.managers [req-d4cd638f-b3c0-43a1-bb62-d843c81c2854 None] Extended subnet dict for driver 'cisco_n1kv_ext'
2015-03-10 16:41:02.110 14611 INFO urllib3.connectionpool [-] Starting new HTTP connection (1): 13.0.0.250
2015-03-10 16:41:02.113 14613 INFO neutron.plugins.ml2.managers [req-5f4f7d6d-8748-4c8f-9926-ba880ec14057 None] Extended network dict for driver 'cisco_n1kv_ext'
2015-03-10 16:41:02.115 14613 INFO neutron.wsgi [req-5f4f7d6d-8748-4c8f-9926-ba880ec14057 None] 13.0.0.3 - - [10/Mar/2015 16:41:02] "GET /v2.0/networks.json?fields=id&id=21d85e2d-388a-437f-b60b-ae825d3cd0a2 HTTP/1.1" 200 251 0.099541
2015-03-10 16:41:02.119 14619 INFO neutron.plugins.ml2.managers [req-d4cd638f-b3c0-43a1-bb62-d843c81c2854 None] Extended network dict for driver 'cisco_n1kv_ext'
2015-03-10 16:41:02.124 14613 INFO neutron.plugins.ml2.managers [req-229e94ec-5c01-449a-aefb-0d3658a6a5ed None] Extended network dict for driver 'cisco_n1kv_ext'
2015-03-10 16:41:02.126 14618 INFO neutron.plugins.ml2.managers [req-284fc440-3ae1-4e58-84c5-57608c575c6c None] Extended network dict for driver 'cisco_n1kv_ext'
2015-03-10 16:41:02.128 14619 INFO urllib3.connectionpool [-] Starting new HTTP connection (1): 13.0.0.250
2015-03-10 16:41:02.128 14618 INFO neutron.wsgi [req-284fc440-3ae1-4e58-84c5-57608c575c6c None] 13.0.0.3 - - [10/Mar/2015 16:41:02] "GET /v2.0/networks.json?fields=id&id=cd2be57a-8869-4077-860c-47ee98f55e64 HTTP/1.1" 200 251 0.062336
2015-03-10 16:41:02.149 14618 INFO neutron.plugins.ml2.managers [req-2ba98e60-ff82-4a93-a82b-e2626f06ddc3 None] Extended network dict for driver 'cisco_n1kv_ext'
2015-03-10 16:41:02.171 14613 INFO neutron.plugins.ml2.managers [req-229e94ec-5c01-449a-aefb-0d3658a6a5ed None] Extended subnet dict for driver 'cisco_n1kv_ext'
2015-03-10 16:41:02.184 14613 INFO neutron.plugins.ml2.managers [req-229e94ec-5c01-449a-aefb-0d3658a6a5ed None] Extended network dict for driver 'cisco_n1kv_ext'
2015-03-10 16:41:02.190 14618 INFO neutron.plugins.ml2.managers [req-2ba98e60-ff82-4a93-a82b-e2626f06ddc3 None] Extended subnet dict for driver 'cisco_n1kv_ext'
2015-03-10 16:41:02.194 14613 INFO urllib3.connectionpool [-] Starting new HTTP connection (1): 13.0.0.250
2015-03-10 16:41:02.203 14613 INFO neutron.plugins.ml2.managers [req-2a25561e-bbb3-44e8-8420-725698a22efe None] Extended network dict for driver 'cisco_n1kv_ext'
2015-03-10 16:41:02.204 14618 INFO neutron.plugins.ml2.managers [req-2ba98e60-ff82-4a93-a82b-e2626f06ddc3 None] Extended network dict for driver 'cisco_n1kv_ext'
2015-03-10 16:41:02.213 14618 INFO urllib3.connectionpool [-] Starting new HTTP connection (1): 13.0.0.250
2015-03-10 16:41:02.243 14613 INFO neutron.plugins.ml2.managers [req-2a25561e-bbb3-44e8-8420-725698a22efe None] Extended subnet dict for driver 'cisco_n1kv_ext'
2015-03-10 16:41:02.255 14613 INFO neutron.plugins.ml2.managers [req-2a25561e-bbb3-44e8-8420-725698a22efe None] Extended network dict for driver 'cisco_n1kv_ext'
2015-03-10 16:41:02.263 14613 INFO urllib3.connectionpool [-] Starting new HTTP connection (1): 13.0.0.250
2015-03-10 16:41:02.761 14619 INFO neutron.plugins.ml2.drivers.cisco.n1kv.n1kv_client [req-1da0c951-4f4a-47da-a9a3-f4571932adb3 None] VSM: Successfully created "vm-network vmn_1b71fdbe-e571-4cf8-98ff-19a9b1bf5009_f6792989-3c7f-4578-a77f-21c3f783c1de"
2015-03-10 16:41:02.761 14619 INFO neutron.plugins.ml2.drivers.cisco.n1kv.mech_cisco_n1kv [req-1da0c951-4f4a-47da-a9a3-f4571932adb3 None] Create port(postcommit) succeeded for port: f9e0d22c-15b7-447b-9eae-5b9a61673c47 on network: f6792989-3c7f-4578-a77f-21c3f783c1de with policy profile ID: 1b71fdbe-e571-4cf8-98ff-19a9b1bf5009
2015-03-10 16:41:02.776 14619 INFO neutron.plugins.ml2.managers [req-1da0c951-4f4a-47da-a9a3-f4571932adb3 None] Extended network dict for driver 'cisco_n1kv_ext'
2015-03-10 16:41:02.795 14619 INFO neutron.wsgi [req-1da0c951-4f4a-47da-a9a3-f4571932adb3 None] 13.0.0.3 - - [10/Mar/2015 16:41:02] "POST /v2.0/ports.json HTTP/1.1" 201 754 1.177707
2015-03-10 16:41:02.851 14631 INFO neutron.plugins.ml2.managers [req-bc553870-878e-443b-a46a-48dbd610ed30 None] Extended network dict for driver 'cisco_n1kv_ext'
2015-03-10 16:41:02.861 14631 INFO neutron.plugins.ml2.managers [req-bc553870-878e-443b-a46a-48dbd610ed30 None] Extended subnet dict for driver 'cisco_n1kv_ext'
2015-03-10 16:41:02.873 14631 INFO neutron.plugins.ml2.managers [req-bc553870-878e-443b-a46a-48dbd610ed30 None] Extended port dict for driver 'cisco_n1kv_ext'
2015-03-10 16:41:03.797 14614 INFO neutron.plugins.ml2.drivers.cisco.n1kv.n1kv_client [req-1735992f-e32b-4e4f-b782-5ac6c62aa57a None] VSM: Successfully created "vm-network vmn_1b71fdbe-e571-4cf8-98ff-19a9b1bf5009_85f1f905-4756-4b3a-866c-3b947607135e"
2015-03-10 16:41:03.797 14614 INFO neutron.plugins.ml2.drivers.cisco.n1kv.mech_cisco_n1kv [req-1735992f-e32b-4e4f-b782-5ac6c62aa57a None] Create port(postcommit) succeeded for port: c5a341df-6fa9-4973-b372-81f6c7ff7bd4 on network: 85f1f905-4756-4b3a-866c-3b947607135e with policy profile ID: 1b71fdbe-e571-4cf8-98ff-19a9b1bf5009
2015-03-10 16:41:03.812 14614 INFO neutron.plugins.ml2.managers [req-1735992f-e32b-4e4f-b782-5ac6c62aa57a None] Extended network dict for driver 'cisco_n1kv_ext'
2015-03-10 16:41:03.832 14614 INFO neutron.wsgi [req-1735992f-e32b-4e4f-b782-5ac6c62aa57a None] 13.0.0.3 - - [10/Mar/2015 16:41:03] "POST /v2.0/ports.json HTTP/1.1" 201 755 1.972355
2015-03-10 16:41:03.847 14635 INFO neutron.plugins.ml2.managers [req-bc553870-878e-443b-a46a-48dbd610ed30 None] Extended network dict for driver 'cisco_n1kv_ext'
2015-03-10 16:41:03.859 14635 INFO neutron.plugins.ml2.managers [req-bc553870-878e-443b-a46a-48dbd610ed30 None] Extended subnet dict for driver 'cisco_n1kv_ext'
2015-03-10 16:41:03.872 14635 INFO neutron.plugins.ml2.managers [req-bc553870-878e-443b-a46a-48dbd610ed30 None] Extended port dict for driver 'cisco_n1kv_ext'
2015-03-10 16:41:04.838 14610 INFO neutron.plugins.ml2.drivers.cisco.n1kv.n1kv_client [req-dbf3f0d6-ca05-4565-926b-c0e1d8843ec8 None] VSM: Successfully created "vm-network vmn_1b71fdbe-e571-4cf8-98ff-19a9b1bf5009_3149049e-c2d0-43ec-bccc-45b4e9dcd6b8"
2015-03-10 16:41:04.838 14610 INFO neutron.plugins.ml2.drivers.cisco.n1kv.mech_cisco_n1kv [req-dbf3f0d6-ca05-4565-926b-c0e1d8843ec8 None] Create port(postcommit) succeeded for port: 377bf9c3-c553-4b51-b24e-6d90c5ca89bb on network: 3149049e-c2d0-43ec-bccc-45b4e9dcd6b8 with policy profile ID: 1b71fdbe-e571-4cf8-98ff-19a9b1bf5009
2015-03-10 16:41:04.854 14610 INFO neutron.plugins.ml2.managers [req-dbf3f0d6-ca05-4565-926b-c0e1d8843ec8 None] Extended network dict for driver 'cisco_n1kv_ext'
2015-03-10 16:41:04.877 14610 INFO neutron.wsgi [req-dbf3f0d6-ca05-4565-926b-c0e1d8843ec8 None] 13.0.0.3 - - [10/Mar/2015 16:41:04] "POST /v2.0/ports.json HTTP/1.1" 201 754 2.908563
2015-03-10 16:41:04.893 14634 INFO neutron.plugins.ml2.managers [req-bc553870-878e-443b-a46a-48dbd610ed30 None] Extended network dict for driver 'cisco_n1kv_ext'
2015-03-10 16:41:04.905 14634 INFO neutron.plugins.ml2.managers [req-bc553870-878e-443b-a46a-48dbd610ed30 None] Extended subnet dict for driver 'cisco_n1kv_ext'
2015-03-10 16:41:04.918 14634 INFO neutron.plugins.ml2.managers [req-bc553870-878e-443b-a46a-48dbd610ed30 None] Extended port dict for driver 'cisco_n1kv_ext'
2015-03-10 16:41:05.277 14622 INFO neutron.wsgi [-] (14622) accepted ('13.0.0.3', 44003)
2015-03-10 16:41:05.298 14622 INFO neutron.plugins.ml2.managers [req-3c40c164-aa80-4809-acab-15a44ef10360 None] Extended network dict for driver 'cisco_n1kv_ext'
2015-03-10 16:41:05.301 14622 INFO neutron.wsgi [req-3c40c164-aa80-4809-acab-15a44ef10360 None] 13.0.0.3 - - [10/Mar/2015 16:41:05] "GET /v2.0/networks.json?fields=id&id=fc4b9c69-db77-46cd-a0c4-c35aac1f50ef HTTP/1.1" 200 251 0.023506
2015-03-10 16:41:05.317 14622 INFO neutron.plugins.ml2.managers [req-a736d4db-5384-4664-9bf5-18af66229ad8 None] Extended network dict for driver 'cisco_n1kv_ext'
2015-03-10 16:41:05.359 14622 INFO neutron.plugins.ml2.managers [req-a736d4db-5384-4664-9bf5-18af66229ad8 None] Extended subnet dict for driver 'cisco_n1kv_ext'
2015-03-10 16:41:05.371 14622 INFO neutron.plugins.ml2.managers [req-a736d4db-5384-4664-9bf5-18af66229ad8 None] Extended network dict for driver 'cisco_n1kv_ext'
2015-03-10 16:41:05.379 14622 INFO urllib3.connectionpool [-] Starting new HTTP connection (1): 13.0.0.250
2015-03-10 16:41:06.305 14625 INFO neutron.wsgi [-] (14625) accepted ('13.0.0.3', 44025)
2015-03-10 16:41:06.331 14625 INFO neutron.plugins.ml2.managers [req-5511c22d-59b1-4430-be49-e167e6810253 None] Extended network dict for driver 'cisco_n1kv_ext'
2015-03-10 16:41:06.334 14625 INFO neutron.wsgi [req-5511c22d-59b1-4430-be49-e167e6810253 None] 13.0.0.3 - - [10/Mar/2015 16:41:06] "GET /v2.0/networks.json?fields=id&id=a460d016-1885-4682-b1b8-74f026c314ac HTTP/1.1" 200 251 0.028118
2015-03-10 16:41:06.351 14625 INFO neutron.plugins.ml2.managers [req-9df08cff-4162-49c2-b55b-a1850bf516be None] Extended network dict for driver 'cisco_n1kv_ext'
2015-03-10 16:41:06.395 14625 INFO neutron.plugins.ml2.managers [req-9df08cff-4162-49c2-b55b-a1850bf516be None] Extended subnet dict for driver 'cisco_n1kv_ext'
2015-03-10 16:41:06.490 14625 INFO neutron.plugins.ml2.managers [req-9df08cff-4162-49c2-b55b-a1850bf516be None] Extended network dict for driver 'cisco_n1kv_ext'
2015-03-10 16:41:06.500 14625 INFO urllib3.connectionpool [-] Starting new HTTP connection (1): 13.0.0.250
2015-03-10 16:41:06.867 14623 INFO neutron.plugins.ml2.drivers.cisco.n1kv.n1kv_client [req-fc512d65-b894-4582-bd40-398b764c8b5e None] VSM: Successfully created "vm-network vmn_1b71fdbe-e571-4cf8-98ff-19a9b1bf5009_2fee40eb-14f7-4a16-9e38-ac543bbe7167"
2015-03-10 16:41:06.867 14623 INFO neutron.plugins.ml2.drivers.cisco.n1kv.mech_cisco_n1kv [req-fc512d65-b894-4582-bd40-398b764c8b5e None] Create port(postcommit) succeeded for port: 1d5ae930-42f0-414b-b172-e6bcce5f3fa4 on network: 2fee40eb-14f7-4a16-9e38-ac543bbe7167 with policy profile ID: 1b71fdbe-e571-4cf8-98ff-19a9b1bf5009
2015-03-10 16:41:06.882 14623 INFO neutron.plugins.ml2.managers [req-fc512d65-b894-4582-bd40-398b764c8b5e None] Extended network dict for driver 'cisco_n1kv_ext'
2015-03-10 16:41:06.901 14623 INFO neutron.wsgi [req-fc512d65-b894-4582-bd40-398b764c8b5e None] 13.0.0.3 - - [10/Mar/2015 16:41:06] "POST /v2.0/ports.json HTTP/1.1" 201 754 4.937517
2015-03-10 16:41:06.914 14638 INFO neutron.plugins.ml2.managers [req-bc553870-878e-443b-a46a-48dbd610ed30 None] Extended network dict for driver 'cisco_n1kv_ext'
2015-03-10 16:41:06.925 14638 INFO neutron.plugins.ml2.managers [req-bc553870-878e-443b-a46a-48dbd610ed30 None] Extended subnet dict for driver 'cisco_n1kv_ext'
2015-03-10 16:41:06.939 14638 INFO neutron.plugins.ml2.managers [req-bc553870-878e-443b-a46a-48dbd610ed30 None] Extended port dict for driver 'cisco_n1kv_ext'
2015-03-10 16:41:07.356 14610 INFO neutron.wsgi [-] (14610) accepted ('13.0.0.3', 44046)
2015-03-10 16:41:07.378 14610 INFO neutron.plugins.ml2.managers [req-9f0e137e-06b2-4122-8191-fa4bfab02e0e None] Extended network dict for driver 'cisco_n1kv_ext'
2015-03-10 16:41:07.381 14610 INFO neutron.wsgi [req-9f0e137e-06b2-4122-8191-fa4bfab02e0e None] 13.0.0.3 - - [10/Mar/2015 16:41:07] "GET /v2.0/networks.json?fields=id&id=36b0756a-7658-4cc0-a83d-edefbd52ffc8 HTTP/1.1" 200 251 0.023890
2015-03-10 16:41:07.397 14610 INFO neutron.plugins.ml2.managers [req-7d7b7405-0771-497f-802e-f9150d8a6ace None] Extended network dict for driver 'cisco_n1kv_ext'
2015-03-10 16:41:07.436 14610 INFO neutron.plugins.ml2.managers [req-7d7b7405-0771-497f-802e-f9150d8a6ace None] Extended subnet dict for driver 'cisco_n1kv_ext'
2015-03-10 16:41:07.449 14610 INFO neutron.plugins.ml2.managers [req-7d7b7405-0771-497f-802e-f9150d8a6ace None] Extended network dict for driver 'cisco_n1kv_ext'
2015-03-10 16:41:07.457 14610 INFO urllib3.connectionpool [-] Starting new HTTP connection (1): 13.0.0.250
2015-03-10 16:41:09.371 14613 INFO neutron.wsgi [-] (14613) accepted ('13.0.0.3', 44084)
2015-03-10 16:41:09.393 14613 INFO neutron.plugins.ml2.managers [req-9f9f0440-e85e-4c2c-8c9d-397492ad7a8d None] Extended network dict for driver 'cisco_n1kv_ext'
2015-03-10 16:41:09.396 14613 INFO neutron.wsgi [req-9f9f0440-e85e-4c2c-8c9d-397492ad7a8d None] 13.0.0.3 - - [10/Mar/2015 16:41:09] "GET /v2.0/networks.json?fields=id&id=a6c06cf5-2cbf-4586-8ea2-619372c8f1c7 HTTP/1.1" 200 251 0.023616
2015-03-10 16:41:09.412 14613 INFO neutron.plugins.ml2.managers [req-341c9d2d-1b74-4f19-9e54-02d1bfa33754 None] Extended network dict for driver 'cisco_n1kv_ext'
2015-03-10 16:41:09.451 14613 INFO neutron.plugins.ml2.managers [req-341c9d2d-1b74-4f19-9e54-02d1bfa33754 None] Extended subnet dict for driver 'cisco_n1kv_ext'
2015-03-10 16:41:09.466 14613 INFO neutron.plugins.ml2.managers [req-341c9d2d-1b74-4f19-9e54-02d1bfa33754 None] Extended network dict for driver 'cisco_n1kv_ext'
2015-03-10 16:41:09.754 14611 INFO neutron.plugins.ml2.drivers.cisco.n1kv.n1kv_client [req-563c944e-928e-4d52-af6c-55ac226d3e64 None] VSM: Successfully created "vm-network vmn_1b71fdbe-e571-4cf8-98ff-19a9b1bf5009_798c6540-3c5f-4756-8bb6-a9c268397f77"
2015-03-10 16:41:09.755 14611 INFO neutron.plugins.ml2.drivers.cisco.n1kv.mech_cisco_n1kv [req-563c944e-928e-4d52-af6c-55ac226d3e64 None] Create port(postcommit) succeeded for port: c0256d62-62de-48e9-a8ef-33090e552cd4 on network: 798c6540-3c5f-4756-8bb6-a9c268397f77 with policy profile ID: 1b71fdbe-e571-4cf8-98ff-19a9b1bf5009
2015-03-10 16:41:09.758 14619 INFO neutron.plugins.ml2.drivers.cisco.n1kv.n1kv_client [req-d4cd638f-b3c0-43a1-bb62-d843c81c2854 None] VSM: Successfully created "vm-network vmn_1b71fdbe-e571-4cf8-98ff-19a9b1bf5009_6dfb3281-b9cd-4b22-81d7-8c3b0b7944f6"
2015-03-10 16:41:09.758 14619 INFO neutron.plugins.ml2.drivers.cisco.n1kv.mech_cisco_n1kv [req-d4cd638f-b3c0-43a1-bb62-d843c81c2854 None] Create port(postcommit) succeeded for port: a2c12b96-a69f-4fb0-bdbd-1cbc3432a70a on network: 6dfb3281-b9cd-4b22-81d7-8c3b0b7944f6 with policy profile ID: 1b71fdbe-e571-4cf8-98ff-19a9b1bf5009
2015-03-10 16:41:09.763 14618 INFO neutron.plugins.ml2.drivers.cisco.n1kv.n1kv_client [req-2ba98e60-ff82-4a93-a82b-e2626f06ddc3 None] VSM: Successfully created "vm-network vmn_1b71fdbe-e571-4cf8-98ff-19a9b1bf5009_cd2be57a-8869-4077-860c-47ee98f55e64"
2015-03-10 16:41:09.764 14618 INFO neutron.plugins.ml2.drivers.cisco.n1kv.mech_cisco_n1kv [req-2ba98e60-ff82-4a93-a82b-e2626f06ddc3 None] Create port(postcommit) succeeded for port: cab0476e-68a6-4381-857d-eb8ad4109901 on network: cd2be57a-8869-4077-860c-47ee98f55e64 with policy profile ID: 1b71fdbe-e571-4cf8-98ff-19a9b1bf5009
2015-03-10 16:41:09.770 14611 INFO neutron.plugins.ml2.managers [req-563c944e-928e-4d52-af6c-55ac226d3e64 None] Extended network dict for driver 'cisco_n1kv_ext'
2015-03-10 16:41:09.773 14619 INFO neutron.plugins.ml2.managers [req-d4cd638f-b3c0-43a1-bb62-d843c81c2854 None] Extended network dict for driver 'cisco_n1kv_ext'
2015-03-10 16:41:09.778 14618 INFO neutron.plugins.ml2.managers [req-2ba98e60-ff82-4a93-a82b-e2626f06ddc3 None] Extended network dict for driver 'cisco_n1kv_ext'
2015-03-10 16:41:09.791 14611 INFO neutron.wsgi [req-563c944e-928e-4d52-af6c-55ac226d3e64 None] 13.0.0.3 - - [10/Mar/2015 16:41:09] "POST /v2.0/ports.json HTTP/1.1" 201 754 7.780506
2015-03-10 16:41:09.796 14619 INFO neutron.wsgi [req-d4cd638f-b3c0-43a1-bb62-d843c81c2854 None] 13.0.0.3 - - [10/Mar/2015 16:41:09] "POST /v2.0/ports.json HTTP/1.1" 201 755 7.756688
2015-03-10 16:41:09.796 14618 INFO neutron.wsgi [req-2ba98e60-ff82-4a93-a82b-e2626f06ddc3 None] 13.0.0.3 - - [10/Mar/2015 16:41:09] "POST /v2.0/ports.json HTTP/1.1" 201 754 7.665615
2015-03-10 16:41:09.799 14613 INFO neutron.plugins.ml2.drivers.cisco.n1kv.n1kv_client [req-229e94ec-5c01-449a-aefb-0d3658a6a5ed None] VSM: Successfully created "vm-network vmn_1b71fdbe-e571-4cf8-98ff-19a9b1bf5009_d13d28c5-6b41-4869-83ef-fa433c98fa36"
2015-03-10 16:41:09.800 14613 INFO neutron.plugins.ml2.drivers.cisco.n1kv.mech_cisco_n1kv [req-229e94ec-5c01-449a-aefb-0d3658a6a5ed None] Create port(postcommit) succeeded for port: aac1c8e8-518d-4cf0-8aa0-d7d1db37f930 on network: d13d28c5-6b41-4869-83ef-fa433c98fa36 with policy profile ID: 1b71fdbe-e571-4cf8-98ff-19a9b1bf5009
2015-03-10 16:41:09.803 14613 INFO urllib3.connectionpool [-] Starting new HTTP connection (1): 13.0.0.250
2015-03-10 16:41:09.807 14641 INFO neutron.plugins.ml2.managers [req-bc553870-878e-443b-a46a-48dbd610ed30 None] Extended network dict for driver 'cisco_n1kv_ext'
2015-03-10 16:41:09.818 14613 INFO neutron.plugins.ml2.managers [req-229e94ec-5c01-449a-aefb-0d3658a6a5ed None] Extended network dict for driver 'cisco_n1kv_ext'
2015-03-10 16:41:09.819 14641 INFO neutron.plugins.ml2.managers [req-bc553870-878e-443b-a46a-48dbd610ed30 None] Extended subnet dict for driver 'cisco_n1kv_ext'
2015-03-10 16:41:09.835 14641 INFO neutron.plugins.ml2.managers [req-bc553870-878e-443b-a46a-48dbd610ed30 None] Extended port dict for driver 'cisco_n1kv_ext'
2015-03-10 16:41:09.843 14613 INFO neutron.wsgi [req-229e94ec-5c01-449a-aefb-0d3658a6a5ed None] 13.0.0.3 - - [10/Mar/2015 16:41:09] "POST /v2.0/ports.json HTTP/1.1" 201 754 7.748091
2015-03-10 16:41:09.855 14626 INFO neutron.plugins.ml2.managers [req-bc553870-878e-443b-a46a-48dbd610ed30 None] Extended network dict for driver 'cisco_n1kv_ext'
2015-03-10 16:41:09.865 14626 INFO neutron.plugins.ml2.managers [req-bc553870-878e-443b-a46a-48dbd610ed30 None] Extended subnet dict for driver 'cisco_n1kv_ext'
2015-03-10 16:41:09.878 14626 INFO neutron.plugins.ml2.managers [req-bc553870-878e-443b-a46a-48dbd610ed30 None] Extended port dict for driver 'cisco_n1kv_ext'
2015-03-10 16:41:09.894 14627 INFO neutron.plugins.ml2.managers [req-bc553870-878e-443b-a46a-48dbd610ed30 None] Extended network dict for driver 'cisco_n1kv_ext'
2015-03-10 16:41:09.903 14627 INFO neutron.plugins.ml2.managers [req-bc553870-878e-443b-a46a-48dbd610ed30 None] Extended subnet dict for driver 'cisco_n1kv_ext'
2015-03-10 16:41:09.920 14627 INFO neutron.plugins.ml2.managers [req-bc553870-878e-443b-a46a-48dbd610ed30 None] Extended port dict for driver 'cisco_n1kv_ext'
2015-03-10 16:41:09.935 14628 INFO neutron.plugins.ml2.managers [req-bc553870-878e-443b-a46a-48dbd610ed30 None] Extended network dict for driver 'cisco_n1kv_ext'
2015-03-10 16:41:09.945 14628 INFO neutron.plugins.ml2.managers [req-bc553870-878e-443b-a46a-48dbd610ed30 None] Extended subnet dict for driver 'cisco_n1kv_ext'
2015-03-10 16:41:09.961 14628 INFO neutron.plugins.ml2.managers [req-bc553870-878e-443b-a46a-48dbd610ed30 None] Extended port dict for driver 'cisco_n1kv_ext'
2015-03-10 16:41:11.796 14613 INFO neutron.plugins.ml2.drivers.cisco.n1kv.n1kv_client [req-2a25561e-bbb3-44e8-8420-725698a22efe None] VSM: Successfully created "vm-network vmn_1b71fdbe-e571-4cf8-98ff-19a9b1bf5009_21d85e2d-388a-437f-b60b-ae825d3cd0a2"
2015-03-10 16:41:11.797 14613 INFO neutron.plugins.ml2.drivers.cisco.n1kv.mech_cisco_n1kv [req-2a25561e-bbb3-44e8-8420-725698a22efe None] Create port(postcommit) succeeded for port: b8d9a677-2e8f-482f-a240-bdff65977e04 on network: 21d85e2d-388a-437f-b60b-ae825d3cd0a2 with policy profile ID: 1b71fdbe-e571-4cf8-98ff-19a9b1bf5009
2015-03-10 16:41:11.812 14613 INFO neutron.plugins.ml2.managers [req-2a25561e-bbb3-44e8-8420-725698a22efe None] Extended network dict for driver 'cisco_n1kv_ext'
2015-03-10 16:41:11.821 14622 INFO neutron.plugins.ml2.drivers.cisco.n1kv.n1kv_client [req-a736d4db-5384-4664-9bf5-18af66229ad8 None] VSM: Successfully created "vm-network vmn_1b71fdbe-e571-4cf8-98ff-19a9b1bf5009_fc4b9c69-db77-46cd-a0c4-c35aac1f50ef"
2015-03-10 16:41:11.821 14622 INFO neutron.plugins.ml2.drivers.cisco.n1kv.mech_cisco_n1kv [req-a736d4db-5384-4664-9bf5-18af66229ad8 None] Create port(postcommit) succeeded for port: 6184834b-d1d0-43f3-9155-ac4c4d72f798 on network: fc4b9c69-db77-46cd-a0c4-c35aac1f50ef with policy profile ID: 1b71fdbe-e571-4cf8-98ff-19a9b1bf5009
2015-03-10 16:41:11.830 14613 INFO neutron.wsgi [req-2a25561e-bbb3-44e8-8420-725698a22efe None] 13.0.0.3 - - [10/Mar/2015 16:41:11] "POST /v2.0/ports.json HTTP/1.1" 201 754 9.698516
2015-03-10 16:41:11.836 14622 INFO neutron.plugins.ml2.managers [req-a736d4db-5384-4664-9bf5-18af66229ad8 None] Extended network dict for driver 'cisco_n1kv_ext'
2015-03-10 16:41:11.848 14631 INFO neutron.plugins.ml2.managers [req-bc553870-878e-443b-a46a-48dbd610ed30 None] Extended network dict for driver 'cisco_n1kv_ext'
2015-03-10 16:41:11.859 14622 INFO neutron.wsgi [req-a736d4db-5384-4664-9bf5-18af66229ad8 None] 13.0.0.3 - - [10/Mar/2015 16:41:11] "POST /v2.0/ports.json HTTP/1.1" 201 754 6.556050
2015-03-10 16:41:11.860 14631 INFO neutron.plugins.ml2.managers [req-bc553870-878e-443b-a46a-48dbd610ed30 None] Extended subnet dict for driver 'cisco_n1kv_ext'
2015-03-10 16:41:11.877 14631 INFO neutron.plugins.ml2.managers [req-bc553870-878e-443b-a46a-48dbd610ed30 None] Extended port dict for driver 'cisco_n1kv_ext'
2015-03-10 16:41:11.892 14632 INFO neutron.plugins.ml2.managers [req-bc553870-878e-443b-a46a-48dbd610ed30 None] Extended network dict for driver 'cisco_n1kv_ext'
2015-03-10 16:41:11.903 14632 INFO neutron.plugins.ml2.managers [req-bc553870-878e-443b-a46a-48dbd610ed30 None] Extended subnet dict for driver 'cisco_n1kv_ext'
2015-03-10 16:41:11.916 14632 INFO neutron.plugins.ml2.managers [req-bc553870-878e-443b-a46a-48dbd610ed30 None] Extended port dict for driver 'cisco_n1kv_ext'
2015-03-10 16:41:12.296 14613 INFO neutron.wsgi [-] (14613) accepted ('13.0.0.3', 44145)
2015-03-10 16:41:12.326 14613 INFO neutron.wsgi [-] (14613) accepted ('13.0.0.3', 44147)
2015-03-10 16:41:12.404 14613 INFO neutron.plugins.ml2.managers [req-3684202b-d328-40a8-a068-63a69659c3f4 None] Extended network dict for driver 'cisco_n1kv_ext'
2015-03-10 16:41:12.407 14613 INFO neutron.wsgi [req-3684202b-d328-40a8-a068-63a69659c3f4 None] 13.0.0.3 - - [10/Mar/2015 16:41:12] "GET /v2.0/networks.json?fields=id&id=95fe1a55-acbb-496d-95a5-33341e714223 HTTP/1.1" 200 251 0.109961
2015-03-10 16:41:12.417 14611 INFO neutron.wsgi [-] (14611) accepted ('13.0.0.3', 44149)
2015-03-10 16:41:12.418 14613 INFO neutron.plugins.ml2.managers [req-dac97bc1-90c8-461a-9a23-e68d946b9e80 None] Extended network dict for driver 'cisco_n1kv_ext'
2015-03-10 16:41:12.421 14613 INFO neutron.wsgi [req-dac97bc1-90c8-461a-9a23-e68d946b9e80 None] 13.0.0.3 - - [10/Mar/2015 16:41:12] "GET /v2.0/networks.json?fields=id&id=ffc06c1c-3a0a-4d94-8c7f-ab091e72df32 HTTP/1.1" 200 251 0.094611
2015-03-10 16:41:12.423 14611 INFO neutron.wsgi [-] (14611) accepted ('13.0.0.3', 44151)
2015-03-10 16:41:12.424 14611 INFO urllib3.connectionpool [-] Starting new HTTP connection (2): 13.0.0.25
2015-03-10 16:41:12.426 14613 INFO oslo.messaging._drivers.impl_rabbit [req-10b5b855-31ad-4909-86cb-938160c8aa04 ] Connecting to AMQP server on 13.0.0.3:5672
2015-03-10 16:41:12.446 14613 INFO neutron.plugins.ml2.managers [req-58d33137-0a0e-4cd0-8c6f-4ebf788425e1 None] Extended network dict for driver 'cisco_n1kv_ext'
2015-03-10 16:41:12.454 14613 INFO oslo.messaging._drivers.impl_rabbit [req-10b5b855-31ad-4909-86cb-938160c8aa04 ] Connected to AMQP server on 13.0.0.3:5672
2015-03-10 16:41:12.492 14611 INFO neutron.plugins.ml2.managers [req-80da7f1c-3863-4e3b-a7a6-1e10d449338a None] Extended network dict for driver 'cisco_n1kv_ext'
2015-03-10 16:41:12.495 14611 INFO neutron.wsgi [req-80da7f1c-3863-4e3b-a7a6-1e10d449338a None] 13.0.0.3 - - [10/Mar/2015 16:41:12] "GET /v2.0/networks.json?fields=id&id=9a63f2dd-a91a-465f-b402-68250c8f3757 HTTP/1.1" 200 251 0.077048
2015-03-10 16:41:12.498 14613 INFO neutron.plugins.ml2.managers [req-58d33137-0a0e-4cd0-8c6f-4ebf788425e1 None] Extended subnet dict for driver 'cisco_n1kv_ext'
2015-03-10 16:41:12.506 14611 INFO neutron.plugins.ml2.managers [req-631cfd4c-e7d9-493b-a2dd-f1e33347ed57 None] Extended network dict for driver 'cisco_n1kv_ext'
2015-03-10 16:41:12.509 14611 INFO neutron.wsgi [req-631cfd4c-e7d9-493b-a2dd-f1e33347ed57 None] 13.0.0.3 - - [10/Mar/2015 16:41:12] "GET /v2.0/networks.json?fields=id&id=dbd01a09-e83d-42f9-8c83-01d40f1764ca HTTP/1.1" 200 251 0.085523
2015-03-10 16:41:12.513 14611 INFO oslo.messaging._drivers.impl_rabbit [req-c4df42e4-ed6d-4cd5-961e-555b30f8a971 ] Connecting to AMQP server on 13.0.0.3:5672
2015-03-10 16:41:12.514 14613 INFO neutron.plugins.ml2.managers [req-58d33137-0a0e-4cd0-8c6f-4ebf788425e1 None] Extended network dict for driver 'cisco_n1kv_ext'
2015-03-10 16:41:12.526 14613 INFO urllib3.connectionpool [-] Starting new HTTP connection (1): 13.0.0.250
2015-03-10 16:41:12.534 14611 INFO neutron.plugins.ml2.managers [req-93a010b9-d920-4850-b085-230b79c026de None] Extended network dict for driver 'cisco_n1kv_ext'
2015-03-10 16:41:12.536 14613 INFO neutron.plugins.ml2.managers [req-10b5b855-31ad-4909-86cb-938160c8aa04 None] Extended network dict for driver 'cisco_n1kv_ext'
2015-03-10 16:41:12.540 14611 INFO oslo.messaging._drivers.impl_rabbit [req-c4df42e4-ed6d-4cd5-961e-555b30f8a971 ] Connected to AMQP server on 13.0.0.3:5672
2015-03-10 16:41:12.575 14611 INFO neutron.plugins.ml2.managers [req-93a010b9-d920-4850-b085-230b79c026de None] Extended subnet dict for driver 'cisco_n1kv_ext'
2015-03-10 16:41:12.579 14613 INFO neutron.plugins.ml2.managers [req-10b5b855-31ad-4909-86cb-938160c8aa04 None] Extended subnet dict for driver 'cisco_n1kv_ext'
2015-03-10 16:41:12.592 14611 INFO neutron.plugins.ml2.managers [req-93a010b9-d920-4850-b085-230b79c026de None] Extended network dict for driver 'cisco_n1kv_ext'
2015-03-10 16:41:12.592 14613 INFO neutron.plugins.ml2.managers [req-10b5b855-31ad-4909-86cb-938160c8aa04 None] Extended network dict for driver 'cisco_n1kv_ext'
2015-03-10 16:41:12.603 14611 INFO urllib3.connectionpool [-] Starting new HTTP connection (1): 13.0.0.250
2015-03-10 16:41:12.613 14611 INFO neutron.plugins.ml2.managers [req-c4df42e4-ed6d-4cd5-961e-555b30f8a971 None] Extended network dict for driver 'cisco_n1kv_ext'
2015-03-10 16:41:12.655 14611 INFO neutron.plugins.ml2.managers [req-c4df42e4-ed6d-4cd5-961e-555b30f8a971 None] Extended subnet dict for driver 'cisco_n1kv_ext'
2015-03-10 16:41:12.668 14611 INFO neutron.plugins.ml2.managers [req-c4df42e4-ed6d-4cd5-961e-555b30f8a971 None] Extended network dict for driver 'cisco_n1kv_ext'
