2015-03-10 14:17:33.870 1547 INFO neutron.quota [req-3078123f-8b3d-45e2-927a-5a7de38514a3 None] Loaded quota_driver: <neutron.db.quota_db.DbQuotaDriver object at 0x5594110>.
2015-03-10 14:17:33.880 1555 INFO neutron.plugins.ml2.managers [req-44fd3265-02cb-471d-8f8d-4ef5d98f8f00 None] Extended subnet dict for driver 'cisco_n1kv_ext'
2015-03-10 14:17:33.895 1555 INFO neutron.plugins.ml2.managers [req-44fd3265-02cb-471d-8f8d-4ef5d98f8f00 None] Extended network dict for driver 'cisco_n1kv_ext'
2015-03-10 14:17:33.904 1555 INFO urllib3.connectionpool [-] Starting new HTTP connection (1): 13.0.0.250
2015-03-10 14:17:33.957 1547 INFO neutron.plugins.ml2.managers [req-3078123f-8b3d-45e2-927a-5a7de38514a3 None] Extended subnet dict for driver 'cisco_n1kv_ext'
2015-03-10 14:17:33.972 1547 INFO neutron.plugins.ml2.managers [req-3078123f-8b3d-45e2-927a-5a7de38514a3 None] Extended network dict for driver 'cisco_n1kv_ext'
2015-03-10 14:17:33.981 1547 INFO urllib3.connectionpool [-] Starting new HTTP connection (1): 13.0.0.250
2015-03-10 14:17:34.521 1582 INFO neutron.plugins.ml2.managers [req-bc553870-878e-443b-a46a-48dbd610ed30 None] Extended network dict for driver 'cisco_n1kv_ext'
2015-03-10 14:17:34.533 1582 INFO neutron.plugins.ml2.managers [req-bc553870-878e-443b-a46a-48dbd610ed30 None] Extended subnet dict for driver 'cisco_n1kv_ext'
2015-03-10 14:17:34.550 1582 INFO neutron.plugins.ml2.managers [req-bc553870-878e-443b-a46a-48dbd610ed30 None] Extended port dict for driver 'cisco_n1kv_ext'
2015-03-10 14:17:34.551 1582 INFO oslo.messaging._drivers.impl_rabbit [-] Connecting to AMQP server on 13.0.0.3:5672
2015-03-10 14:17:34.560 1582 INFO oslo.messaging._drivers.impl_rabbit [-] Connected to AMQP server on 13.0.0.3:5672
2015-03-10 14:17:34.621 1580 INFO neutron.plugins.ml2.managers [req-bc553870-878e-443b-a46a-48dbd610ed30 None] Extended network dict for driver 'cisco_n1kv_ext'
2015-03-10 14:17:34.644 1580 INFO urllib3.connectionpool [-] Starting new HTTP connection (1): 13.0.0.250
2015-03-10 14:17:34.726 1562 INFO oslo.messaging._drivers.impl_rabbit [-] Connecting to AMQP server on 13.0.0.3:5672
2015-03-10 14:17:34.736 1562 INFO oslo.messaging._drivers.impl_rabbit [-] Connected to AMQP server on 13.0.0.3:5672
2015-03-10 14:17:35.056 1563 INFO oslo.messaging._drivers.impl_rabbit [-] Connecting to AMQP server on 13.0.0.3:5672
2015-03-10 14:17:35.065 1563 INFO oslo.messaging._drivers.impl_rabbit [-] Connected to AMQP server on 13.0.0.3:5672
2015-03-10 14:17:35.354 1556 INFO neutron.plugins.ml2.drivers.cisco.n1kv.mech_cisco_n1kv [req-0e4c19e7-2d43-41b2-8022-486f415a67d3 None] Internal VSM Error: %(reason)s.
2015-03-10 14:17:35.355 1546 INFO neutron.plugins.ml2.drivers.cisco.n1kv.n1kv_client [req-e01c0de5-db9d-47c6-a70b-7dc775e753a8 None] VSM: Successfully created "vm-network vmn_1b71fdbe-e571-4cf8-98ff-19a9b1bf5009_549adf72-355a-4de8-8a64-dc3d62b1b9e5"
2015-03-10 14:17:35.355 1546 INFO neutron.plugins.ml2.drivers.cisco.n1kv.mech_cisco_n1kv [req-e01c0de5-db9d-47c6-a70b-7dc775e753a8 None] Create port(postcommit) succeeded for port: 64290483-fd72-471b-8611-74ff794c1e11 on network: 549adf72-355a-4de8-8a64-dc3d62b1b9e5 with policy profile ID: 1b71fdbe-e571-4cf8-98ff-19a9b1bf5009
2015-03-10 14:17:35.355 1556 ERROR neutron.plugins.ml2.managers [req-0e4c19e7-2d43-41b2-8022-486f415a67d3 None] Mechanism driver 'cisco_n1kv' failed in create_port_postcommit
2015-03-10 14:17:35.355 1556 TRACE neutron.plugins.ml2.managers Traceback (most recent call last):
2015-03-10 14:17:35.355 1556 TRACE neutron.plugins.ml2.managers   File "/usr/lib/python2.7/site-packages/neutron/plugins/ml2/managers.py", line 291, in _call_on_drivers
2015-03-10 14:17:35.355 1556 TRACE neutron.plugins.ml2.managers     getattr(driver.obj, method_name)(context)
2015-03-10 14:17:35.355 1556 TRACE neutron.plugins.ml2.managers   File "/usr/lib/python2.7/site-packages/neutron/plugins/ml2/drivers/cisco/n1kv/mech_cisco_n1kv.py", line 258, in create_port_postcommit
2015-03-10 14:17:35.355 1556 TRACE neutron.plugins.ml2.managers     raise ml2_exc.MechanismDriverError()
2015-03-10 14:17:35.355 1556 TRACE neutron.plugins.ml2.managers MechanismDriverError: <unprintable MechanismDriverError object>
2015-03-10 14:17:35.355 1556 TRACE neutron.plugins.ml2.managers 
2015-03-10 14:17:35.356 1556 ERROR neutron.plugins.ml2.plugin [req-0e4c19e7-2d43-41b2-8022-486f415a67d3 None] mechanism_manager.create_port_postcommit failed, deleting port '241a1365-38e3-4482-bda0-dba2970ad7b6'
2015-03-10 14:17:35.369 1546 INFO neutron.plugins.ml2.managers [req-e01c0de5-db9d-47c6-a70b-7dc775e753a8 None] Extended network dict for driver 'cisco_n1kv_ext'
2015-03-10 14:17:35.379 1556 INFO neutron.plugins.ml2.managers [req-0e4c19e7-2d43-41b2-8022-486f415a67d3 None] Extended port dict for driver 'cisco_n1kv_ext'
2015-03-10 14:17:35.387 1556 INFO neutron.plugins.ml2.managers [req-0e4c19e7-2d43-41b2-8022-486f415a67d3 None] Extended network dict for driver 'cisco_n1kv_ext'
2015-03-10 14:17:35.390 1546 INFO neutron.wsgi [req-e01c0de5-db9d-47c6-a70b-7dc775e753a8 None] 13.0.0.3 - - [10/Mar/2015 14:17:35] "POST /v2.0/ports.json HTTP/1.1" 201 754 6.725348
2015-03-10 14:17:35.412 1556 INFO urllib3.connectionpool [-] Starting new HTTP connection (1): 13.0.0.250
2015-03-10 14:17:35.471 1564 INFO oslo.messaging._drivers.impl_rabbit [-] Connecting to AMQP server on 13.0.0.3:5672
2015-03-10 14:17:35.480 1564 INFO oslo.messaging._drivers.impl_rabbit [-] Connected to AMQP server on 13.0.0.3:5672
2015-03-10 14:17:35.718 1565 INFO neutron.plugins.ml2.managers [req-fd04f235-ec77-4018-bb0a-63aff09b753c None] Extended port dict for driver 'cisco_n1kv_ext'
2015-03-10 14:17:35.729 1565 INFO neutron.plugins.ml2.managers [req-fd04f235-ec77-4018-bb0a-63aff09b753c None] Extended network dict for driver 'cisco_n1kv_ext'
2015-03-10 14:17:35.741 1550 INFO neutron.wsgi [-] (1550) accepted ('13.0.0.3', 37686)
2015-03-10 14:17:35.743 1550 INFO urllib3.connectionpool [-] Starting new HTTP connection (1): 13.0.0.25
2015-03-10 14:17:35.747 1565 INFO neutron.plugins.ml2.managers [req-fd04f235-ec77-4018-bb0a-63aff09b753c None] Extended port dict for driver 'cisco_n1kv_ext'
2015-03-10 14:17:35.749 1565 INFO neutron.plugins.ml2.managers [req-fd04f235-ec77-4018-bb0a-63aff09b753c None] Extended port dict for driver 'cisco_n1kv_ext'
2015-03-10 14:17:35.760 1565 INFO neutron.plugins.ml2.managers [req-fd04f235-ec77-4018-bb0a-63aff09b753c None] Extended network dict for driver 'cisco_n1kv_ext'
2015-03-10 14:17:35.764 1565 INFO oslo.messaging._drivers.impl_rabbit [-] Connecting to AMQP server on 13.0.0.3:5672
2015-03-10 14:17:35.774 1565 INFO oslo.messaging._drivers.impl_rabbit [-] Connected to AMQP server on 13.0.0.3:5672
2015-03-10 14:17:35.906 1550 INFO neutron.plugins.ml2.managers [req-eb9bfd50-e9a8-4df9-a11b-2e12b73735e1 None] Extended network dict for driver 'cisco_n1kv_ext'
2015-03-10 14:17:35.908 1550 INFO neutron.wsgi [req-eb9bfd50-e9a8-4df9-a11b-2e12b73735e1 None] 13.0.0.3 - - [10/Mar/2015 14:17:35] "GET /v2.0/networks.json?fields=id&id=fab88c6d-3c3b-4bed-b059-e7652ec5f563 HTTP/1.1" 200 251 0.166722
2015-03-10 14:17:35.923 1550 INFO neutron.plugins.ml2.managers [req-655ca727-1b64-4929-a7d9-2e92f7de210a None] Extended network dict for driver 'cisco_n1kv_ext'
2015-03-10 14:17:35.960 1550 INFO neutron.plugins.ml2.managers [req-655ca727-1b64-4929-a7d9-2e92f7de210a None] Extended subnet dict for driver 'cisco_n1kv_ext'
2015-03-10 14:17:35.972 1550 INFO neutron.plugins.ml2.managers [req-655ca727-1b64-4929-a7d9-2e92f7de210a None] Extended network dict for driver 'cisco_n1kv_ext'
2015-03-10 14:17:35.980 1550 INFO urllib3.connectionpool [-] Starting new HTTP connection (1): 13.0.0.250
2015-03-10 14:17:36.096 1566 INFO neutron.plugins.ml2.managers [req-fd04f235-ec77-4018-bb0a-63aff09b753c None] Extended port dict for driver 'cisco_n1kv_ext'
2015-03-10 14:17:36.099 1566 INFO neutron.plugins.ml2.managers [req-fd04f235-ec77-4018-bb0a-63aff09b753c None] Extended port dict for driver 'cisco_n1kv_ext'
2015-03-10 14:17:36.112 1566 INFO neutron.plugins.ml2.managers [req-fd04f235-ec77-4018-bb0a-63aff09b753c None] Extended network dict for driver 'cisco_n1kv_ext'
2015-03-10 14:17:36.128 1566 INFO oslo.messaging._drivers.impl_rabbit [-] Connecting to AMQP server on 13.0.0.3:5672
2015-03-10 14:17:36.137 1566 INFO oslo.messaging._drivers.impl_rabbit [-] Connected to AMQP server on 13.0.0.3:5672
2015-03-10 14:17:36.294 1518 INFO urllib3.connectionpool [-] Starting new HTTP connection (1): 13.0.0.250
2015-03-10 14:17:37.258 1551 INFO neutron.plugins.ml2.drivers.cisco.n1kv.n1kv_client [req-2ae82fc3-c4a6-43d9-9c93-ef3677956faf None] VSM: Successfully created "vm-network vmn_1b71fdbe-e571-4cf8-98ff-19a9b1bf5009_ca109244-d112-4060-bbeb-a6fc0175c28c"
2015-03-10 14:17:37.258 1557 INFO neutron.plugins.ml2.drivers.cisco.n1kv.n1kv_client [req-b5d9d32e-3379-4f27-9e87-7dd18ae3a4cd None] VSM: Successfully created "vm-network vmn_1b71fdbe-e571-4cf8-98ff-19a9b1bf5009_88dbe8c5-0242-45a1-92b3-5e45c62c9ca9"
2015-03-10 14:17:37.258 1551 INFO neutron.plugins.ml2.drivers.cisco.n1kv.mech_cisco_n1kv [req-2ae82fc3-c4a6-43d9-9c93-ef3677956faf None] Create port(postcommit) succeeded for port: e0a32f39-8dc4-4244-a5f6-20546e7fcc20 on network: ca109244-d112-4060-bbeb-a6fc0175c28c with policy profile ID: 1b71fdbe-e571-4cf8-98ff-19a9b1bf5009
2015-03-10 14:17:37.259 1557 INFO neutron.plugins.ml2.drivers.cisco.n1kv.mech_cisco_n1kv [req-b5d9d32e-3379-4f27-9e87-7dd18ae3a4cd None] Create port(postcommit) succeeded for port: b9da9e62-48c4-4ec4-ba9c-7789457a2901 on network: 88dbe8c5-0242-45a1-92b3-5e45c62c9ca9 with policy profile ID: 1b71fdbe-e571-4cf8-98ff-19a9b1bf5009
2015-03-10 14:17:37.274 1557 INFO neutron.plugins.ml2.managers [req-b5d9d32e-3379-4f27-9e87-7dd18ae3a4cd None] Extended network dict for driver 'cisco_n1kv_ext'
2015-03-10 14:17:37.274 1551 INFO neutron.plugins.ml2.managers [req-2ae82fc3-c4a6-43d9-9c93-ef3677956faf None] Extended network dict for driver 'cisco_n1kv_ext'
2015-03-10 14:17:37.294 1551 INFO neutron.wsgi [req-2ae82fc3-c4a6-43d9-9c93-ef3677956faf None] 13.0.0.3 - - [10/Mar/2015 14:17:37] "POST /v2.0/ports.json HTTP/1.1" 201 754 7.612561
2015-03-10 14:17:37.295 1557 INFO neutron.wsgi [req-b5d9d32e-3379-4f27-9e87-7dd18ae3a4cd None] 13.0.0.3 - - [10/Mar/2015 14:17:37] "POST /v2.0/ports.json HTTP/1.1" 201 755 6.598556
2015-03-10 14:17:38.727 1567 INFO oslo.messaging._drivers.impl_rabbit [-] Connecting to AMQP server on 13.0.0.3:5672
2015-03-10 14:17:38.737 1567 INFO oslo.messaging._drivers.impl_rabbit [-] Connected to AMQP server on 13.0.0.3:5672
2015-03-10 14:17:39.056 1569 INFO oslo.messaging._drivers.impl_rabbit [-] Connecting to AMQP server on 13.0.0.3:5672
2015-03-10 14:17:39.066 1569 INFO oslo.messaging._drivers.impl_rabbit [-] Connected to AMQP server on 13.0.0.3:5672
2015-03-10 14:17:39.221 1555 INFO neutron.plugins.ml2.drivers.cisco.n1kv.n1kv_client [req-44fd3265-02cb-471d-8f8d-4ef5d98f8f00 None] VSM: Successfully created "vm-network vmn_1b71fdbe-e571-4cf8-98ff-19a9b1bf5009_f21fca57-7225-4210-b1f7-1bd034ee0e81"
2015-03-10 14:17:39.221 1555 INFO neutron.plugins.ml2.drivers.cisco.n1kv.mech_cisco_n1kv [req-44fd3265-02cb-471d-8f8d-4ef5d98f8f00 None] Create port(postcommit) succeeded for port: c8b3e7e4-1232-4774-86fc-84c1f1e9af80 on network: f21fca57-7225-4210-b1f7-1bd034ee0e81 with policy profile ID: 1b71fdbe-e571-4cf8-98ff-19a9b1bf5009
2015-03-10 14:17:39.237 1555 INFO neutron.plugins.ml2.managers [req-44fd3265-02cb-471d-8f8d-4ef5d98f8f00 None] Extended network dict for driver 'cisco_n1kv_ext'
2015-03-10 14:17:39.261 1555 INFO neutron.wsgi [req-44fd3265-02cb-471d-8f8d-4ef5d98f8f00 None] 13.0.0.3 - - [10/Mar/2015 14:17:39] "POST /v2.0/ports.json HTTP/1.1" 201 754 5.500377
2015-03-10 14:17:40.274 1580 INFO neutron.plugins.ml2.drivers.cisco.n1kv.n1kv_client [req-bc553870-878e-443b-a46a-48dbd610ed30 None] VSM: Successfully created "vm-network vmn_35825bcb-9ab0-48a8-9e98-b922386e0f04_69ff5502-89eb-4b2f-94aa-b4d8c1b1a76b"
2015-03-10 14:17:40.274 1547 INFO neutron.plugins.ml2.drivers.cisco.n1kv.n1kv_client [req-3078123f-8b3d-45e2-927a-5a7de38514a3 None] VSM: Successfully created "vm-network vmn_1b71fdbe-e571-4cf8-98ff-19a9b1bf5009_f3ca28b3-a240-4f10-b8b9-2d561673efd6"
2015-03-10 14:17:40.275 1580 INFO neutron.plugins.ml2.drivers.cisco.n1kv.mech_cisco_n1kv [req-bc553870-878e-443b-a46a-48dbd610ed30 None] Create port(postcommit) succeeded for port: cfb7687f-e095-409c-9a74-6d51dc0a7321 on network: 69ff5502-89eb-4b2f-94aa-b4d8c1b1a76b with policy profile ID: 35825bcb-9ab0-48a8-9e98-b922386e0f04
2015-03-10 14:17:40.275 1547 INFO neutron.plugins.ml2.drivers.cisco.n1kv.mech_cisco_n1kv [req-3078123f-8b3d-45e2-927a-5a7de38514a3 None] Create port(postcommit) succeeded for port: 9a0514f7-5788-4880-89b5-6de62e4366a5 on network: f3ca28b3-a240-4f10-b8b9-2d561673efd6 with policy profile ID: 1b71fdbe-e571-4cf8-98ff-19a9b1bf5009
2015-03-10 14:17:40.276 1580 INFO oslo.messaging._drivers.impl_rabbit [req-bc553870-878e-443b-a46a-48dbd610ed30 ] Connecting to AMQP server on 13.0.0.3:5672
2015-03-10 14:17:40.285 1580 INFO oslo.messaging._drivers.impl_rabbit [req-bc553870-878e-443b-a46a-48dbd610ed30 ] Connected to AMQP server on 13.0.0.3:5672
2015-03-10 14:17:40.292 1547 INFO neutron.plugins.ml2.managers [req-3078123f-8b3d-45e2-927a-5a7de38514a3 None] Extended network dict for driver 'cisco_n1kv_ext'
2015-03-10 14:17:40.299 1580 INFO neutron.plugins.ml2.managers [req-bc553870-878e-443b-a46a-48dbd610ed30 None] Extended port dict for driver 'cisco_n1kv_ext'
2015-03-10 14:17:40.301 1580 INFO neutron.plugins.ml2.managers [req-bc553870-878e-443b-a46a-48dbd610ed30 None] Extended port dict for driver 'cisco_n1kv_ext'
2015-03-10 14:17:40.309 1580 INFO neutron.plugins.ml2.managers [req-bc553870-878e-443b-a46a-48dbd610ed30 None] Extended network dict for driver 'cisco_n1kv_ext'
2015-03-10 14:17:40.312 1547 INFO neutron.wsgi [req-3078123f-8b3d-45e2-927a-5a7de38514a3 None] 13.0.0.3 - - [10/Mar/2015 14:17:40] "POST /v2.0/ports.json HTTP/1.1" 201 754 6.474317
2015-03-10 14:17:40.697 1556 INFO neutron.plugins.ml2.drivers.cisco.n1kv.n1kv_client [req-0e4c19e7-2d43-41b2-8022-486f415a67d3 None] VSM: Successfully deleted "ports 241a1365-38e3-4482-bda0-dba2970ad7b6"
2015-03-10 14:17:40.697 1556 INFO neutron.plugins.ml2.drivers.cisco.n1kv.mech_cisco_n1kv [req-0e4c19e7-2d43-41b2-8022-486f415a67d3 None] Delete port(postcommit) succeeded for port: 241a1365-38e3-4482-bda0-dba2970ad7b6 on network: b2b02bf6-a271-407c-b430-80efe9b1e914 with policy profile ID: 1b71fdbe-e571-4cf8-98ff-19a9b1bf5009
2015-03-10 14:17:40.700 1556 ERROR neutron.api.v2.resource [req-0e4c19e7-2d43-41b2-8022-486f415a67d3 None] create failed
2015-03-10 14:17:40.700 1556 TRACE neutron.api.v2.resource Traceback (most recent call last):
2015-03-10 14:17:40.700 1556 TRACE neutron.api.v2.resource   File "/usr/lib/python2.7/site-packages/neutron/api/v2/resource.py", line 87, in resource
2015-03-10 14:17:40.700 1556 TRACE neutron.api.v2.resource     result = method(request=request, **args)
2015-03-10 14:17:40.700 1556 TRACE neutron.api.v2.resource   File "/usr/lib/python2.7/site-packages/neutron/api/v2/base.py", line 448, in create
2015-03-10 14:17:40.700 1556 TRACE neutron.api.v2.resource     obj = obj_creator(request.context, **kwargs)
2015-03-10 14:17:40.700 1556 TRACE neutron.api.v2.resource   File "/usr/lib/python2.7/site-packages/neutron/plugins/ml2/plugin.py", line 808, in create_port
2015-03-10 14:17:40.700 1556 TRACE neutron.api.v2.resource     self.delete_port(context, result['id'])
2015-03-10 14:17:40.700 1556 TRACE neutron.api.v2.resource   File "/usr/lib/python2.7/site-packages/neutron/openstack/common/excutils.py", line 82, in __exit__
2015-03-10 14:17:40.700 1556 TRACE neutron.api.v2.resource     six.reraise(self.type_, self.value, self.tb)
2015-03-10 14:17:40.700 1556 TRACE neutron.api.v2.resource   File "/usr/lib/python2.7/site-packages/neutron/plugins/ml2/plugin.py", line 803, in create_port
2015-03-10 14:17:40.700 1556 TRACE neutron.api.v2.resource     self.mechanism_manager.create_port_postcommit(mech_context)
2015-03-10 14:17:40.700 1556 TRACE neutron.api.v2.resource   File "/usr/lib/python2.7/site-packages/neutron/plugins/ml2/managers.py", line 500, in create_port_postcommit
2015-03-10 14:17:40.700 1556 TRACE neutron.api.v2.resource     self._call_on_drivers("create_port_postcommit", context)
2015-03-10 14:17:40.700 1556 TRACE neutron.api.v2.resource   File "/usr/lib/python2.7/site-packages/neutron/plugins/ml2/managers.py", line 302, in _call_on_drivers
2015-03-10 14:17:40.700 1556 TRACE neutron.api.v2.resource     method=method_name
2015-03-10 14:17:40.700 1556 TRACE neutron.api.v2.resource MechanismDriverError: create_port_postcommit failed.
2015-03-10 14:17:40.700 1556 TRACE neutron.api.v2.resource 
2015-03-10 14:17:40.701 1556 INFO neutron.wsgi [req-0e4c19e7-2d43-41b2-8022-486f415a67d3 None] 13.0.0.3 - - [10/Mar/2015 14:17:40] "POST /v2.0/ports.json HTTP/1.1" 500 318 8.970105
2015-03-10 14:17:40.707 1550 INFO neutron.plugins.ml2.drivers.cisco.n1kv.n1kv_client [req-655ca727-1b64-4929-a7d9-2e92f7de210a None] VSM: Successfully created "vm-network vmn_1b71fdbe-e571-4cf8-98ff-19a9b1bf5009_fab88c6d-3c3b-4bed-b059-e7652ec5f563"
2015-03-10 14:17:40.707 1550 INFO neutron.plugins.ml2.drivers.cisco.n1kv.mech_cisco_n1kv [req-655ca727-1b64-4929-a7d9-2e92f7de210a None] Create port(postcommit) succeeded for port: 37b1af23-73bb-4b4a-af94-f1716bdd5d34 on network: fab88c6d-3c3b-4bed-b059-e7652ec5f563 with policy profile ID: 1b71fdbe-e571-4cf8-98ff-19a9b1bf5009
2015-03-10 14:17:40.724 1550 INFO neutron.plugins.ml2.managers [req-655ca727-1b64-4929-a7d9-2e92f7de210a None] Extended network dict for driver 'cisco_n1kv_ext'
2015-03-10 14:17:40.744 1550 INFO neutron.wsgi [req-655ca727-1b64-4929-a7d9-2e92f7de210a None] 13.0.0.3 - - [10/Mar/2015 14:17:40] "POST /v2.0/ports.json HTTP/1.1" 201 755 4.833736
