2015-03-10 17:02:08.282 3038 INFO neutron.plugins.ml2.managers [req-efe18609-2994-48a2-9764-594b1960d45e None] Extended port dict for driver 'cisco_n1kv_ext'
2015-03-10 17:02:08.284 3038 INFO neutron.wsgi [req-efe18609-2994-48a2-9764-594b1960d45e None] 13.0.0.3 - - [10/Mar/2015 17:02:08] "GET /v2.0/ports.json?fields=id&id=5983fbc6-8a53-4a42-ba25-cbed8379c144 HTTP/1.1" 200 248 0.035732
2015-03-10 17:02:08.309 3038 INFO neutron.plugins.ml2.managers [req-f3a870a8-141c-4a64-85e4-294e74bee2d8 None] Extended port dict for driver 'cisco_n1kv_ext'
2015-03-10 17:02:08.343 3033 INFO neutron.plugins.ml2.managers [req-64813537-0507-496b-a9d1-4893f69574e1 None] Extended port dict for driver 'cisco_n1kv_ext'
2015-03-10 17:02:08.345 3033 INFO neutron.wsgi [req-64813537-0507-496b-a9d1-4893f69574e1 None] 13.0.0.3 - - [10/Mar/2015 17:02:08] "GET /v2.0/ports.json?fields=id&id=c0256d62-62de-48e9-a8ef-33090e552cd4 HTTP/1.1" 200 248 0.091166
2015-03-10 17:02:08.350 3038 INFO neutron.plugins.ml2.managers [req-f3a870a8-141c-4a64-85e4-294e74bee2d8 None] Extended port dict for driver 'cisco_n1kv_ext'
2015-03-10 17:02:08.358 3038 INFO neutron.plugins.ml2.managers [req-f3a870a8-141c-4a64-85e4-294e74bee2d8 None] Extended network dict for driver 'cisco_n1kv_ext'
2015-03-10 17:02:08.367 3033 INFO neutron.plugins.ml2.managers [req-69975454-bc44-41d7-a0e2-fd56370cd01e None] Extended port dict for driver 'cisco_n1kv_ext'
2015-03-10 17:02:08.369 3033 INFO neutron.wsgi [req-69975454-bc44-41d7-a0e2-fd56370cd01e None] 13.0.0.3 - - [10/Mar/2015 17:02:08] "GET /v2.0/ports/c0256d62-62de-48e9-a8ef-33090e552cd4.json HTTP/1.1" 200 822 0.019474
2015-03-10 17:02:08.375 3038 INFO neutron.plugins.ml2.managers [req-f3a870a8-141c-4a64-85e4-294e74bee2d8 None] Extended port dict for driver 'cisco_n1kv_ext'
2015-03-10 17:02:08.405 3051 INFO neutron.plugins.ml2.managers [req-219e570c-5532-4225-90cc-678dbfd70c12 None] Extended port dict for driver 'cisco_n1kv_ext'
2015-03-10 17:02:08.418 3028 INFO neutron.wsgi [-] (3028) accepted ('13.0.0.3', 40688)
2015-03-10 17:02:08.424 3038 INFO neutron.plugins.ml2.managers [req-f3a870a8-141c-4a64-85e4-294e74bee2d8 None] Extended port dict for driver 'cisco_n1kv_ext'
2015-03-10 17:02:08.428 3038 INFO urllib3.connectionpool [-] Starting new HTTP connection (1): 13.0.0.250
2015-03-10 17:02:08.453 3028 INFO neutron.plugins.ml2.managers [req-375dbe01-b5b7-49cd-a220-d353896a930c None] Extended port dict for driver 'cisco_n1kv_ext'
2015-03-10 17:02:08.455 3028 INFO neutron.wsgi [req-375dbe01-b5b7-49cd-a220-d353896a930c None] 13.0.0.3 - - [10/Mar/2015 17:02:08] "GET /v2.0/ports.json?fields=id&id=c5a341df-6fa9-4973-b372-81f6c7ff7bd4 HTTP/1.1" 200 248 0.036356
2015-03-10 17:02:08.464 3036 INFO neutron.wsgi [-] (3036) accepted ('13.0.0.3', 40691)
2015-03-10 17:02:08.476 3036 INFO neutron.wsgi [-] (3036) accepted ('13.0.0.3', 40694)
2015-03-10 17:02:08.482 3028 INFO neutron.plugins.ml2.managers [req-fd96b104-da66-47a0-8d71-98cf64a6e8e1 None] Extended port dict for driver 'cisco_n1kv_ext'
2015-03-10 17:02:08.505 3036 INFO neutron.plugins.ml2.managers [req-81870175-a69f-476e-bfed-b7d1e5414e27 None] Extended port dict for driver 'cisco_n1kv_ext'
2015-03-10 17:02:08.506 3028 INFO neutron.plugins.ml2.managers [req-fd96b104-da66-47a0-8d71-98cf64a6e8e1 None] Extended port dict for driver 'cisco_n1kv_ext'
2015-03-10 17:02:08.507 3036 INFO neutron.wsgi [req-81870175-a69f-476e-bfed-b7d1e5414e27 None] 13.0.0.3 - - [10/Mar/2015 17:02:08] "GET /v2.0/ports.json?fields=id&id=d7029ed7-6344-48b1-80c4-65b16587e915 HTTP/1.1" 200 248 0.041806
2015-03-10 17:02:08.515 3028 INFO neutron.plugins.ml2.managers [req-fd96b104-da66-47a0-8d71-98cf64a6e8e1 None] Extended network dict for driver 'cisco_n1kv_ext'
2015-03-10 17:02:08.521 3036 INFO neutron.plugins.ml2.managers [req-089b45ae-9d76-472f-8d97-8ff5816d7833 None] Extended network dict for driver 'cisco_n1kv_ext'
2015-03-10 17:02:08.521 3036 INFO neutron.plugins.ml2.managers [req-089b45ae-9d76-472f-8d97-8ff5816d7833 None] Extended network dict for driver 'cisco_n1kv_ext'
2015-03-10 17:02:08.522 3036 INFO neutron.plugins.ml2.managers [req-089b45ae-9d76-472f-8d97-8ff5816d7833 None] Extended network dict for driver 'cisco_n1kv_ext'
2015-03-10 17:02:08.528 3036 INFO neutron.wsgi [req-089b45ae-9d76-472f-8d97-8ff5816d7833 None] 13.0.0.3 - - [10/Mar/2015 17:02:08] "GET /v2.0/networks.json HTTP/1.1" 200 978 0.050450
2015-03-10 17:02:08.535 3028 INFO neutron.plugins.ml2.managers [req-fd96b104-da66-47a0-8d71-98cf64a6e8e1 None] Extended port dict for driver 'cisco_n1kv_ext'
2015-03-10 17:02:08.545 3036 INFO neutron.plugins.ml2.managers [req-72d9327c-3752-46a4-81d6-9021422b9da1 None] Extended port dict for driver 'cisco_n1kv_ext'
2015-03-10 17:02:08.559 3036 INFO neutron.wsgi [req-72d9327c-3752-46a4-81d6-9021422b9da1 None] 13.0.0.3 - - [10/Mar/2015 17:02:08] "GET /v2.0/ports/d7029ed7-6344-48b1-80c4-65b16587e915.json HTTP/1.1" 200 822 0.031242
2015-03-10 17:02:08.564 3036 INFO neutron.plugins.ml2.managers [req-edb90743-b1db-4888-8952-eb8d1aa33020 None] Extended subnet dict for driver 'cisco_n1kv_ext'
2015-03-10 17:02:08.567 3036 INFO neutron.plugins.ml2.managers [req-edb90743-b1db-4888-8952-eb8d1aa33020 None] Extended subnet dict for driver 'cisco_n1kv_ext'
2015-03-10 17:02:08.569 3036 INFO neutron.wsgi [req-edb90743-b1db-4888-8952-eb8d1aa33020 None] 13.0.0.3 - - [10/Mar/2015 17:02:08] "GET /v2.0/subnets.json?fields=id&fields=cidr&id=5de8896c-b451-400b-a491-36ae3ec81021&id=cd789c3d-b5e4-4bc5-82f1-e33e49955c37&id=87935c19-3456-4ea2-bb5e-a3412460ac3d HTTP/1.1" 200 345 0.022485
2015-03-10 17:02:08.580 3028 INFO neutron.plugins.ml2.managers [req-fd96b104-da66-47a0-8d71-98cf64a6e8e1 None] Extended port dict for driver 'cisco_n1kv_ext'
2015-03-10 17:02:08.587 3028 INFO urllib3.connectionpool [-] Starting new HTTP connection (1): 13.0.0.250
2015-03-10 17:02:08.649 3038 INFO neutron.plugins.ml2.drivers.cisco.n1kv.n1kv_client [req-f3a870a8-141c-4a64-85e4-294e74bee2d8 None] VSM: Successfully deleted "ports 5983fbc6-8a53-4a42-ba25-cbed8379c144"
2015-03-10 17:02:08.650 3038 INFO neutron.plugins.ml2.drivers.cisco.n1kv.mech_cisco_n1kv [req-f3a870a8-141c-4a64-85e4-294e74bee2d8 None] Delete port(postcommit) succeeded for port: 5983fbc6-8a53-4a42-ba25-cbed8379c144 on network: 36b0756a-7658-4cc0-a83d-edefbd52ffc8 with policy profile ID: 1b71fdbe-e571-4cf8-98ff-19a9b1bf5009
2015-03-10 17:02:08.673 3038 INFO neutron.plugins.ml2.managers [req-f3a870a8-141c-4a64-85e4-294e74bee2d8 None] Extended network dict for driver 'cisco_n1kv_ext'
2015-03-10 17:02:08.683 3038 INFO neutron.wsgi [req-f3a870a8-141c-4a64-85e4-294e74bee2d8 None] 13.0.0.3 - - [10/Mar/2015 17:02:08] "DELETE /v2.0/ports/5983fbc6-8a53-4a42-ba25-cbed8379c144.json HTTP/1.1" 204 149 0.396785
2015-03-10 17:02:08.720 3038 INFO neutron.wsgi [-] (3038) accepted ('13.0.0.3', 40718)
2015-03-10 17:02:08.750 3038 INFO neutron.plugins.ml2.managers [req-2d1aeef7-e725-4724-b875-0fbbb7817928 None] Extended port dict for driver 'cisco_n1kv_ext'
2015-03-10 17:02:08.751 3038 INFO neutron.wsgi [req-2d1aeef7-e725-4724-b875-0fbbb7817928 None] 13.0.0.3 - - [10/Mar/2015 17:02:08] "GET /v2.0/ports.json?fields=id&id=a2c12b96-a69f-4fb0-bdbd-1cbc3432a70a HTTP/1.1" 200 248 0.030626
2015-03-10 17:02:08.769 3038 INFO neutron.plugins.ml2.managers [req-0e44f0b0-8619-4013-bddc-118f746a3771 None] Extended port dict for driver 'cisco_n1kv_ext'
2015-03-10 17:02:08.771 3038 INFO neutron.wsgi [req-0e44f0b0-8619-4013-bddc-118f746a3771 None] 13.0.0.3 - - [10/Mar/2015 17:02:08] "GET /v2.0/ports/a2c12b96-a69f-4fb0-bdbd-1cbc3432a70a.json HTTP/1.1" 200 773 0.017791
2015-03-10 17:02:08.873 3039 INFO neutron.wsgi [-] (3039) accepted ('13.0.0.3', 40723)
2015-03-10 17:02:08.891 3028 INFO neutron.plugins.ml2.drivers.cisco.n1kv.n1kv_client [req-fd96b104-da66-47a0-8d71-98cf64a6e8e1 None] VSM: Successfully deleted "ports c5a341df-6fa9-4973-b372-81f6c7ff7bd4"
2015-03-10 17:02:08.891 3028 INFO neutron.plugins.ml2.drivers.cisco.n1kv.mech_cisco_n1kv [req-fd96b104-da66-47a0-8d71-98cf64a6e8e1 None] Delete port(postcommit) succeeded for port: c5a341df-6fa9-4973-b372-81f6c7ff7bd4 on network: 85f1f905-4756-4b3a-866c-3b947607135e with policy profile ID: 1b71fdbe-e571-4cf8-98ff-19a9b1bf5009
2015-03-10 17:02:08.903 3039 INFO neutron.plugins.ml2.managers [req-2969b8cf-466c-41b1-9d64-5fe078f60c0f None] Extended port dict for driver 'cisco_n1kv_ext'
2015-03-10 17:02:08.904 3039 INFO neutron.wsgi [req-2969b8cf-466c-41b1-9d64-5fe078f60c0f None] 13.0.0.3 - - [10/Mar/2015 17:02:08] "GET /v2.0/ports.json?fields=id&id=c0256d62-62de-48e9-a8ef-33090e552cd4 HTTP/1.1" 200 248 0.030771
2015-03-10 17:02:08.914 3028 INFO neutron.plugins.ml2.managers [req-fd96b104-da66-47a0-8d71-98cf64a6e8e1 None] Extended network dict for driver 'cisco_n1kv_ext'
2015-03-10 17:02:08.927 3039 INFO neutron.plugins.ml2.managers [req-aee2f563-f518-4eb2-82d4-2960984301c9 None] Extended port dict for driver 'cisco_n1kv_ext'
2015-03-10 17:02:08.929 3028 INFO neutron.wsgi [req-fd96b104-da66-47a0-8d71-98cf64a6e8e1 None] 13.0.0.3 - - [10/Mar/2015 17:02:08] "DELETE /v2.0/ports/c5a341df-6fa9-4973-b372-81f6c7ff7bd4.json HTTP/1.1" 204 149 0.471160
2015-03-10 17:02:08.951 3039 INFO neutron.plugins.ml2.managers [req-aee2f563-f518-4eb2-82d4-2960984301c9 None] Extended port dict for driver 'cisco_n1kv_ext'
2015-03-10 17:02:08.965 3039 INFO neutron.plugins.ml2.managers [req-aee2f563-f518-4eb2-82d4-2960984301c9 None] Extended network dict for driver 'cisco_n1kv_ext'
2015-03-10 17:02:08.982 3039 INFO neutron.plugins.ml2.managers [req-aee2f563-f518-4eb2-82d4-2960984301c9 None] Extended port dict for driver 'cisco_n1kv_ext'
2015-03-10 17:02:09.021 3039 INFO neutron.plugins.ml2.managers [req-aee2f563-f518-4eb2-82d4-2960984301c9 None] Extended port dict for driver 'cisco_n1kv_ext'
2015-03-10 17:02:09.023 3039 INFO neutron.plugins.ml2.managers [req-aee2f563-f518-4eb2-82d4-2960984301c9 None] Extended port dict for driver 'cisco_n1kv_ext'
2015-03-10 17:02:09.027 3039 INFO urllib3.connectionpool [-] Starting new HTTP connection (1): 13.0.0.250
2015-03-10 17:02:09.055 3030 INFO neutron.wsgi [-] (3030) accepted ('13.0.0.3', 40732)
2015-03-10 17:02:09.058 3030 INFO urllib3.connectionpool [-] Resetting dropped connection: 13.0.0.25
2015-03-10 17:02:09.128 3030 INFO neutron.plugins.ml2.managers [req-c78bf58c-8953-4ac8-afcd-0bb7e092feb6 None] Extended port dict for driver 'cisco_n1kv_ext'
2015-03-10 17:02:09.129 3030 INFO neutron.wsgi [req-c78bf58c-8953-4ac8-afcd-0bb7e092feb6 None] 13.0.0.3 - - [10/Mar/2015 17:02:09] "GET /v2.0/ports.json?fields=id&id=e716d64a-f5b5-49d2-b415-22f954d66126 HTTP/1.1" 200 248 0.073642
2015-03-10 17:02:09.149 3030 INFO neutron.plugins.ml2.managers [req-83c8a329-792b-4397-8c6b-718cd4db82a5 None] Extended port dict for driver 'cisco_n1kv_ext'
2015-03-10 17:02:09.151 3030 INFO neutron.wsgi [req-83c8a329-792b-4397-8c6b-718cd4db82a5 None] 13.0.0.3 - - [10/Mar/2015 17:02:09] "GET /v2.0/ports/e716d64a-f5b5-49d2-b415-22f954d66126.json HTTP/1.1" 200 822 0.019237
2015-03-10 17:02:09.181 3030 INFO neutron.wsgi [-] (3030) accepted ('13.0.0.3', 40740)
2015-03-10 17:02:09.191 3026 INFO neutron.wsgi [-] (3026) accepted ('13.0.0.3', 40742)
2015-03-10 17:02:09.217 3030 INFO neutron.wsgi [req-3912c1b3-8b18-4535-a3eb-86c4f4521724 None] 13.0.0.3 - - [10/Mar/2015 17:02:09] "GET /v2.0/policy_profiles.json HTTP/1.1" 200 486 0.035857
2015-03-10 17:02:09.223 3026 INFO neutron.plugins.ml2.managers [req-d824716e-da53-4da2-9c64-ed31e6ffd652 None] Extended port dict for driver 'cisco_n1kv_ext'
2015-03-10 17:02:09.225 3026 INFO neutron.wsgi [req-d824716e-da53-4da2-9c64-ed31e6ffd652 None] 13.0.0.3 - - [10/Mar/2015 17:02:09] "GET /v2.0/ports.json?fields=id&id=d7029ed7-6344-48b1-80c4-65b16587e915 HTTP/1.1" 200 248 0.032569
2015-03-10 17:02:09.229 3039 INFO neutron.plugins.ml2.drivers.cisco.n1kv.n1kv_client [req-aee2f563-f518-4eb2-82d4-2960984301c9 None] VSM: Successfully deleted "ports c0256d62-62de-48e9-a8ef-33090e552cd4"
2015-03-10 17:02:09.229 3039 INFO neutron.plugins.ml2.drivers.cisco.n1kv.mech_cisco_n1kv [req-aee2f563-f518-4eb2-82d4-2960984301c9 None] Delete port(postcommit) succeeded for port: c0256d62-62de-48e9-a8ef-33090e552cd4 on network: 798c6540-3c5f-4756-8bb6-a9c268397f77 with policy profile ID: 1b71fdbe-e571-4cf8-98ff-19a9b1bf5009
2015-03-10 17:02:09.245 3039 INFO neutron.plugins.ml2.managers [req-aee2f563-f518-4eb2-82d4-2960984301c9 None] Extended network dict for driver 'cisco_n1kv_ext'
2015-03-10 17:02:09.251 3026 INFO neutron.plugins.ml2.managers [req-97bd17ed-8312-4a30-b328-597e70f6a198 None] Extended port dict for driver 'cisco_n1kv_ext'
2015-03-10 17:02:09.256 3039 INFO neutron.wsgi [-] (3039) accepted ('13.0.0.3', 40744)
2015-03-10 17:02:09.269 3039 INFO neutron.wsgi [req-aee2f563-f518-4eb2-82d4-2960984301c9 None] 13.0.0.3 - - [10/Mar/2015 17:02:09] "DELETE /v2.0/ports/c0256d62-62de-48e9-a8ef-33090e552cd4.json HTTP/1.1" 204 149 0.361648
2015-03-10 17:02:09.274 3026 INFO neutron.plugins.ml2.managers [req-97bd17ed-8312-4a30-b328-597e70f6a198 None] Extended port dict for driver 'cisco_n1kv_ext'
2015-03-10 17:02:09.283 3026 INFO neutron.plugins.ml2.managers [req-97bd17ed-8312-4a30-b328-597e70f6a198 None] Extended network dict for driver 'cisco_n1kv_ext'
2015-03-10 17:02:09.292 3039 INFO neutron.plugins.ml2.managers [req-286f3bce-b9ae-4e10-aaec-bfcd2655558f None] Extended port dict for driver 'cisco_n1kv_ext'
2015-03-10 17:02:09.294 3039 INFO neutron.wsgi [req-286f3bce-b9ae-4e10-aaec-bfcd2655558f None] 13.0.0.3 - - [10/Mar/2015 17:02:09] "GET /v2.0/ports.json?fields=id&id=a2c12b96-a69f-4fb0-bdbd-1cbc3432a70a HTTP/1.1" 200 248 0.035949
2015-03-10 17:02:09.298 3026 INFO neutron.plugins.ml2.managers [req-97bd17ed-8312-4a30-b328-597e70f6a198 None] Extended port dict for driver 'cisco_n1kv_ext'
2015-03-10 17:02:09.310 3037 INFO neutron.wsgi [-] (3037) accepted ('13.0.0.3', 40746)
2015-03-10 17:02:09.320 3039 INFO neutron.plugins.ml2.managers [req-4d7e6fdb-2dda-42ca-99fb-b1e36ee7434e None] Extended port dict for driver 'cisco_n1kv_ext'
2015-03-10 17:02:09.341 3037 INFO neutron.plugins.ml2.managers [req-9e9e56d6-6588-4076-8417-d22e6f981f93 None] Extended port dict for driver 'cisco_n1kv_ext'
2015-03-10 17:02:09.342 3037 INFO neutron.wsgi [req-9e9e56d6-6588-4076-8417-d22e6f981f93 None] 13.0.0.3 - - [10/Mar/2015 17:02:09] "GET /v2.0/ports.json?fields=id&id=f9e0d22c-15b7-447b-9eae-5b9a61673c47 HTTP/1.1" 200 248 0.031492
2015-03-10 17:02:09.345 3039 INFO neutron.plugins.ml2.managers [req-4d7e6fdb-2dda-42ca-99fb-b1e36ee7434e None] Extended port dict for driver 'cisco_n1kv_ext'
2015-03-10 17:02:09.348 3026 INFO neutron.plugins.ml2.managers [req-97bd17ed-8312-4a30-b328-597e70f6a198 None] Extended port dict for driver 'cisco_n1kv_ext'
2015-03-10 17:02:09.354 3026 INFO urllib3.connectionpool [-] Starting new HTTP connection (1): 13.0.0.250
2015-03-10 17:02:09.355 3039 INFO neutron.plugins.ml2.managers [req-4d7e6fdb-2dda-42ca-99fb-b1e36ee7434e None] Extended network dict for driver 'cisco_n1kv_ext'
2015-03-10 17:02:09.369 3037 INFO neutron.plugins.ml2.managers [req-278c986e-99c2-4915-b8f0-1da5210e7d3b None] Extended port dict for driver 'cisco_n1kv_ext'
2015-03-10 17:02:09.372 3037 INFO neutron.wsgi [req-278c986e-99c2-4915-b8f0-1da5210e7d3b None] 13.0.0.3 - - [10/Mar/2015 17:02:09] "GET /v2.0/ports/f9e0d22c-15b7-447b-9eae-5b9a61673c47.json HTTP/1.1" 200 772 0.027101
2015-03-10 17:02:09.378 3039 INFO urllib3.connectionpool [-] Starting new HTTP connection (1): 13.0.0.250
2015-03-10 17:02:09.559 3026 INFO neutron.plugins.ml2.drivers.cisco.n1kv.n1kv_client [req-97bd17ed-8312-4a30-b328-597e70f6a198 None] VSM: Successfully deleted "ports d7029ed7-6344-48b1-80c4-65b16587e915"
2015-03-10 17:02:09.560 3026 INFO neutron.plugins.ml2.drivers.cisco.n1kv.mech_cisco_n1kv [req-97bd17ed-8312-4a30-b328-597e70f6a198 None] Delete port(postcommit) succeeded for port: d7029ed7-6344-48b1-80c4-65b16587e915 on network: dbd01a09-e83d-42f9-8c83-01d40f1764ca with policy profile ID: 1b71fdbe-e571-4cf8-98ff-19a9b1bf5009
2015-03-10 17:02:09.575 3026 INFO neutron.plugins.ml2.managers [req-97bd17ed-8312-4a30-b328-597e70f6a198 None] Extended network dict for driver 'cisco_n1kv_ext'
2015-03-10 17:02:09.584 3026 INFO neutron.wsgi [req-97bd17ed-8312-4a30-b328-597e70f6a198 None] 13.0.0.3 - - [10/Mar/2015 17:02:09] "DELETE /v2.0/ports/d7029ed7-6344-48b1-80c4-65b16587e915.json HTTP/1.1" 204 149 0.356649
2015-03-10 17:02:09.648 3038 INFO neutron.wsgi [-] (3038) accepted ('13.0.0.3', 40770)
2015-03-10 17:02:09.676 3038 INFO neutron.plugins.ml2.managers [req-25b59d96-b9b7-440b-8a41-35da945d3a2c None] Extended port dict for driver 'cisco_n1kv_ext'
2015-03-10 17:02:09.677 3038 INFO neutron.wsgi [req-25b59d96-b9b7-440b-8a41-35da945d3a2c None] 13.0.0.3 - - [10/Mar/2015 17:02:09] "GET /v2.0/ports.json?fields=id&id=e716d64a-f5b5-49d2-b415-22f954d66126 HTTP/1.1" 200 248 0.028572
2015-03-10 17:02:09.703 3038 INFO neutron.plugins.ml2.managers [req-5916a714-ba69-45f8-ba67-ad2d148b2004 None] Extended port dict for driver 'cisco_n1kv_ext'
2015-03-10 17:02:09.709 3036 INFO neutron.wsgi [-] (3036) accepted ('13.0.0.3', 40772)
2015-03-10 17:02:09.725 3038 INFO neutron.plugins.ml2.managers [req-5916a714-ba69-45f8-ba67-ad2d148b2004 None] Extended port dict for driver 'cisco_n1kv_ext'
2015-03-10 17:02:09.733 3038 INFO neutron.plugins.ml2.managers [req-5916a714-ba69-45f8-ba67-ad2d148b2004 None] Extended network dict for driver 'cisco_n1kv_ext'
2015-03-10 17:02:09.734 3036 INFO neutron.plugins.ml2.managers [req-410661bb-da62-4749-9df6-71a3e20c55d4 None] Extended network dict for driver 'cisco_n1kv_ext'
2015-03-10 17:02:09.737 3036 INFO neutron.wsgi [req-410661bb-da62-4749-9df6-71a3e20c55d4 None] 13.0.0.3 - - [10/Mar/2015 17:02:09] "GET /v2.0/networks.json?fields=id&id=21d85e2d-388a-437f-b60b-ae825d3cd0a2 HTTP/1.1" 200 251 0.026781
2015-03-10 17:02:09.748 3038 INFO neutron.plugins.ml2.managers [req-5916a714-ba69-45f8-ba67-ad2d148b2004 None] Extended port dict for driver 'cisco_n1kv_ext'
2015-03-10 17:02:09.756 3036 INFO neutron.plugins.ml2.managers [req-47e8b475-6208-4941-a917-bec0aa27cf0b None] Extended network dict for driver 'cisco_n1kv_ext'
2015-03-10 17:02:09.763 3036 INFO neutron.quota [req-47e8b475-6208-4941-a917-bec0aa27cf0b None] Loaded quota_driver: <neutron.db.quota_db.DbQuotaDriver object at 0x3e4c250>.
2015-03-10 17:02:09.789 3039 INFO neutron.plugins.ml2.drivers.cisco.n1kv.n1kv_client [req-4d7e6fdb-2dda-42ca-99fb-b1e36ee7434e None] VSM: Successfully deleted "ports a2c12b96-a69f-4fb0-bdbd-1cbc3432a70a"
2015-03-10 17:02:09.790 3039 INFO neutron.plugins.ml2.drivers.cisco.n1kv.mech_cisco_n1kv [req-4d7e6fdb-2dda-42ca-99fb-b1e36ee7434e None] Delete port(postcommit) succeeded for port: a2c12b96-a69f-4fb0-bdbd-1cbc3432a70a on network: 6dfb3281-b9cd-4b22-81d7-8c3b0b7944f6 with policy profile ID: 1b71fdbe-e571-4cf8-98ff-19a9b1bf5009
2015-03-10 17:02:09.790 3038 INFO neutron.plugins.ml2.managers [req-5916a714-ba69-45f8-ba67-ad2d148b2004 None] Extended port dict for driver 'cisco_n1kv_ext'
2015-03-10 17:02:09.794 3038 INFO urllib3.connectionpool [-] Starting new HTTP connection (1): 13.0.0.250
2015-03-10 17:02:09.802 3036 INFO neutron.plugins.ml2.managers [req-47e8b475-6208-4941-a917-bec0aa27cf0b None] Extended subnet dict for driver 'cisco_n1kv_ext'
2015-03-10 17:02:09.809 3039 INFO neutron.plugins.ml2.managers [req-4d7e6fdb-2dda-42ca-99fb-b1e36ee7434e None] Extended network dict for driver 'cisco_n1kv_ext'
2015-03-10 17:02:09.817 3036 INFO neutron.plugins.ml2.managers [req-47e8b475-6208-4941-a917-bec0aa27cf0b None] Extended network dict for driver 'cisco_n1kv_ext'
2015-03-10 17:02:09.818 3039 INFO neutron.wsgi [req-4d7e6fdb-2dda-42ca-99fb-b1e36ee7434e None] 13.0.0.3 - - [10/Mar/2015 17:02:09] "DELETE /v2.0/ports/a2c12b96-a69f-4fb0-bdbd-1cbc3432a70a.json HTTP/1.1" 204 149 0.521438
2015-03-10 17:02:09.826 3036 INFO urllib3.connectionpool [-] Starting new HTTP connection (1): 13.0.0.250
2015-03-10 17:02:09.862 3039 INFO neutron.wsgi [-] (3039) accepted ('13.0.0.3', 40778)
2015-03-10 17:02:09.893 3039 INFO neutron.plugins.ml2.managers [req-211a29e8-850a-46b2-8d60-0e54b21794ac None] Extended port dict for driver 'cisco_n1kv_ext'
2015-03-10 17:02:09.895 3039 INFO neutron.wsgi [req-211a29e8-850a-46b2-8d60-0e54b21794ac None] 13.0.0.3 - - [10/Mar/2015 17:02:09] "GET /v2.0/ports.json?fields=id&id=f9e0d22c-15b7-447b-9eae-5b9a61673c47 HTTP/1.1" 200 248 0.031960
2015-03-10 17:02:09.917 3039 INFO neutron.plugins.ml2.managers [req-eec519ab-ed41-48e4-98b9-c0fc3e53817d None] Extended port dict for driver 'cisco_n1kv_ext'
2015-03-10 17:02:09.937 3039 INFO neutron.plugins.ml2.managers [req-eec519ab-ed41-48e4-98b9-c0fc3e53817d None] Extended port dict for driver 'cisco_n1kv_ext'
2015-03-10 17:02:09.945 3039 INFO neutron.plugins.ml2.managers [req-eec519ab-ed41-48e4-98b9-c0fc3e53817d None] Extended network dict for driver 'cisco_n1kv_ext'
2015-03-10 17:02:09.968 3039 INFO urllib3.connectionpool [-] Starting new HTTP connection (1): 13.0.0.250
2015-03-10 17:02:10.124 3038 INFO neutron.plugins.ml2.drivers.cisco.n1kv.n1kv_client [req-5916a714-ba69-45f8-ba67-ad2d148b2004 None] VSM: Successfully deleted "ports e716d64a-f5b5-49d2-b415-22f954d66126"
2015-03-10 17:02:10.124 3038 INFO neutron.plugins.ml2.drivers.cisco.n1kv.mech_cisco_n1kv [req-5916a714-ba69-45f8-ba67-ad2d148b2004 None] Delete port(postcommit) succeeded for port: e716d64a-f5b5-49d2-b415-22f954d66126 on network: ffc06c1c-3a0a-4d94-8c7f-ab091e72df32 with policy profile ID: 1b71fdbe-e571-4cf8-98ff-19a9b1bf5009
2015-03-10 17:02:10.140 3038 INFO neutron.plugins.ml2.managers [req-5916a714-ba69-45f8-ba67-ad2d148b2004 None] Extended network dict for driver 'cisco_n1kv_ext'
2015-03-10 17:02:10.149 3038 INFO neutron.wsgi [req-5916a714-ba69-45f8-ba67-ad2d148b2004 None] 13.0.0.3 - - [10/Mar/2015 17:02:10] "DELETE /v2.0/ports/e716d64a-f5b5-49d2-b415-22f954d66126.json HTTP/1.1" 204 149 0.469591
2015-03-10 17:02:10.285 3029 INFO neutron.wsgi [-] (3029) accepted ('13.0.0.3', 40783)
2015-03-10 17:02:10.364 3029 INFO neutron.plugins.ml2.managers [req-2b7feed3-0e0d-4bb9-8428-f5d646a3f60a None] Extended network dict for driver 'cisco_n1kv_ext'
2015-03-10 17:02:10.365 3029 INFO neutron.plugins.ml2.managers [req-2b7feed3-0e0d-4bb9-8428-f5d646a3f60a None] Extended network dict for driver 'cisco_n1kv_ext'
2015-03-10 17:02:10.365 3029 INFO neutron.plugins.ml2.managers [req-2b7feed3-0e0d-4bb9-8428-f5d646a3f60a None] Extended network dict for driver 'cisco_n1kv_ext'
2015-03-10 17:02:10.371 3029 INFO neutron.wsgi [req-2b7feed3-0e0d-4bb9-8428-f5d646a3f60a None] 13.0.0.3 - - [10/Mar/2015 17:02:10] "GET /v2.0/networks.json HTTP/1.1" 200 978 0.084949
2015-03-10 17:02:10.385 3029 INFO neutron.plugins.ml2.managers [req-5fc8f195-718a-46ac-adf4-25297895659b None] Extended subnet dict for driver 'cisco_n1kv_ext'
2015-03-10 17:02:10.389 3029 INFO neutron.plugins.ml2.managers [req-5fc8f195-718a-46ac-adf4-25297895659b None] Extended subnet dict for driver 'cisco_n1kv_ext'
2015-03-10 17:02:10.390 3029 INFO neutron.wsgi [req-5fc8f195-718a-46ac-adf4-25297895659b None] 13.0.0.3 - - [10/Mar/2015 17:02:10] "GET /v2.0/subnets.json?fields=id&fields=cidr&id=6a1a6ed1-98f6-4866-9ef3-b6d38e1d358d&id=cd789c3d-b5e4-4bc5-82f1-e33e49955c37&id=fc9705f4-8578-420f-8b2c-6d37813be09a HTTP/1.1" 200 345 0.016251
2015-03-10 17:02:10.857 3039 INFO neutron.wsgi [-] (3039) accepted ('13.0.0.3', 40803)
2015-03-10 17:02:10.892 3039 INFO neutron.wsgi [req-54776518-fbda-4b14-a4d2-94f0cfed1e1b None] 13.0.0.3 - - [10/Mar/2015 17:02:10] "GET /v2.0/policy_profiles.json HTTP/1.1" 200 486 0.033536
2015-03-10 17:02:11.157 3030 INFO neutron.wsgi [-] (3030) accepted ('13.0.0.3', 40808)
2015-03-10 17:02:11.182 3030 INFO neutron.plugins.ml2.managers [req-86ff6ef8-5a03-4e75-b8cb-f76d1f4b66a3 None] Extended network dict for driver 'cisco_n1kv_ext'
2015-03-10 17:02:11.182 3030 INFO neutron.plugins.ml2.managers [req-86ff6ef8-5a03-4e75-b8cb-f76d1f4b66a3 None] Extended network dict for driver 'cisco_n1kv_ext'
2015-03-10 17:02:11.183 3030 INFO neutron.plugins.ml2.managers [req-86ff6ef8-5a03-4e75-b8cb-f76d1f4b66a3 None] Extended network dict for driver 'cisco_n1kv_ext'
2015-03-10 17:02:11.189 3030 INFO neutron.wsgi [req-86ff6ef8-5a03-4e75-b8cb-f76d1f4b66a3 None] 13.0.0.3 - - [10/Mar/2015 17:02:11] "GET /v2.0/networks.json HTTP/1.1" 200 978 0.030736
2015-03-10 17:02:11.202 3030 INFO neutron.plugins.ml2.managers [req-0697fee6-df05-459e-aeba-f463b404971f None] Extended subnet dict for driver 'cisco_n1kv_ext'
2015-03-10 17:02:11.205 3030 INFO neutron.plugins.ml2.managers [req-0697fee6-df05-459e-aeba-f463b404971f None] Extended subnet dict for driver 'cisco_n1kv_ext'
2015-03-10 17:02:11.206 3030 INFO neutron.wsgi [req-0697fee6-df05-459e-aeba-f463b404971f None] 13.0.0.3 - - [10/Mar/2015 17:02:11] "GET /v2.0/subnets.json?fields=id&fields=cidr&id=d9735b82-9632-423e-8aa6-748c3ad82cb1&id=be8dc9bc-381e-4eb9-a205-2616992347ff&id=cd789c3d-b5e4-4bc5-82f1-e33e49955c37 HTTP/1.1" 200 345 0.015024
2015-03-10 17:02:11.270 3036 INFO neutron.plugins.ml2.drivers.cisco.n1kv.n1kv_client [req-47e8b475-6208-4941-a917-bec0aa27cf0b None] VSM: Successfully created "vm-network vmn_1b71fdbe-e571-4cf8-98ff-19a9b1bf5009_21d85e2d-388a-437f-b60b-ae825d3cd0a2"
2015-03-10 17:02:11.271 3036 INFO neutron.plugins.ml2.drivers.cisco.n1kv.mech_cisco_n1kv [req-47e8b475-6208-4941-a917-bec0aa27cf0b None] Create port(postcommit) succeeded for port: c02a4efa-fa73-4861-bc97-ff20db813ea5 on network: 21d85e2d-388a-437f-b60b-ae825d3cd0a2 with policy profile ID: 1b71fdbe-e571-4cf8-98ff-19a9b1bf5009
2015-03-10 17:02:11.289 3036 INFO neutron.plugins.ml2.managers [req-47e8b475-6208-4941-a917-bec0aa27cf0b None] Extended network dict for driver 'cisco_n1kv_ext'
2015-03-10 17:02:11.304 3036 INFO neutron.wsgi [req-47e8b475-6208-4941-a917-bec0aa27cf0b None] 13.0.0.3 - - [10/Mar/2015 17:02:11] "POST /v2.0/ports.json HTTP/1.1" 201 754 1.564430
2015-03-10 17:02:11.363 3030 INFO neutron.wsgi [-] (3030) accepted ('13.0.0.3', 40814)
2015-03-10 17:02:11.390 3030 INFO neutron.plugins.ml2.managers [req-4d51cfa2-8263-4bde-8d44-ca2638daa364 None] Extended network dict for driver 'cisco_n1kv_ext'
2015-03-10 17:02:11.394 3030 INFO neutron.wsgi [req-4d51cfa2-8263-4bde-8d44-ca2638daa364 None] 13.0.0.3 - - [10/Mar/2015 17:02:11] "GET /v2.0/networks.json?fields=id&id=2fee40eb-14f7-4a16-9e38-ac543bbe7167 HTTP/1.1" 200 251 0.030541
2015-03-10 17:02:11.415 3030 INFO neutron.plugins.ml2.managers [req-b911dd62-7172-4f7b-b03c-716ccfd92b63 None] Extended network dict for driver 'cisco_n1kv_ext'
2015-03-10 17:02:11.419 3039 INFO neutron.plugins.ml2.drivers.cisco.n1kv.n1kv_client [req-eec519ab-ed41-48e4-98b9-c0fc3e53817d None] VSM: Successfully deleted "ports f9e0d22c-15b7-447b-9eae-5b9a61673c47"
2015-03-10 17:02:11.419 3039 INFO neutron.plugins.ml2.drivers.cisco.n1kv.mech_cisco_n1kv [req-eec519ab-ed41-48e4-98b9-c0fc3e53817d None] Delete port(postcommit) succeeded for port: f9e0d22c-15b7-447b-9eae-5b9a61673c47 on network: f6792989-3c7f-4578-a77f-21c3f783c1de with policy profile ID: 1b71fdbe-e571-4cf8-98ff-19a9b1bf5009
2015-03-10 17:02:11.425 3030 INFO neutron.quota [req-b911dd62-7172-4f7b-b03c-716ccfd92b63 None] Loaded quota_driver: <neutron.db.quota_db.DbQuotaDriver object at 0x3fc9ed0>.
2015-03-10 17:02:11.427 3033 INFO neutron.wsgi [-] (3033) accepted ('13.0.0.3', 40816)
2015-03-10 17:02:11.436 3039 INFO neutron.plugins.ml2.managers [req-eec519ab-ed41-48e4-98b9-c0fc3e53817d None] Extended network dict for driver 'cisco_n1kv_ext'
2015-03-10 17:02:11.445 3039 INFO neutron.wsgi [req-eec519ab-ed41-48e4-98b9-c0fc3e53817d None] 13.0.0.3 - - [10/Mar/2015 17:02:11] "DELETE /v2.0/ports/f9e0d22c-15b7-447b-9eae-5b9a61673c47.json HTTP/1.1" 204 149 1.547526
2015-03-10 17:02:11.461 3033 INFO neutron.plugins.ml2.managers [req-9cec966e-4957-4abd-8af1-0d75578a0216 None] Extended network dict for driver 'cisco_n1kv_ext'
2015-03-10 17:02:11.461 3033 INFO neutron.plugins.ml2.managers [req-9cec966e-4957-4abd-8af1-0d75578a0216 None] Extended network dict for driver 'cisco_n1kv_ext'
2015-03-10 17:02:11.462 3033 INFO neutron.plugins.ml2.managers [req-9cec966e-4957-4abd-8af1-0d75578a0216 None] Extended network dict for driver 'cisco_n1kv_ext'
2015-03-10 17:02:11.469 3030 INFO neutron.plugins.ml2.managers [req-b911dd62-7172-4f7b-b03c-716ccfd92b63 None] Extended subnet dict for driver 'cisco_n1kv_ext'
2015-03-10 17:02:11.469 3033 INFO neutron.wsgi [req-9cec966e-4957-4abd-8af1-0d75578a0216 None] 13.0.0.3 - - [10/Mar/2015 17:02:11] "GET /v2.0/networks.json HTTP/1.1" 200 978 0.040272
2015-03-10 17:02:11.486 3030 INFO neutron.plugins.ml2.managers [req-b911dd62-7172-4f7b-b03c-716ccfd92b63 None] Extended network dict for driver 'cisco_n1kv_ext'
2015-03-10 17:02:11.492 3033 INFO neutron.plugins.ml2.managers [req-b1f223fb-2e5c-4870-a165-9d180b550cef None] Extended subnet dict for driver 'cisco_n1kv_ext'
2015-03-10 17:02:11.495 3033 INFO neutron.plugins.ml2.managers [req-b1f223fb-2e5c-4870-a165-9d180b550cef None] Extended subnet dict for driver 'cisco_n1kv_ext'
2015-03-10 17:02:11.496 3030 INFO urllib3.connectionpool [-] Starting new HTTP connection (1): 13.0.0.250
2015-03-10 17:02:11.497 3033 INFO neutron.wsgi [req-b1f223fb-2e5c-4870-a165-9d180b550cef None] 13.0.0.3 - - [10/Mar/2015 17:02:11] "GET /v2.0/subnets.json?fields=id&fields=cidr&id=cd789c3d-b5e4-4bc5-82f1-e33e49955c37&id=8521041d-c835-4a0a-ac7e-4b906e90b8e6&id=9fbe8b55-4012-4070-b005-3a8f61723d30 HTTP/1.1" 200 347 0.022967
2015-03-10 17:02:11.701 3035 INFO neutron.wsgi [-] (3035) accepted ('13.0.0.3', 40839)
2015-03-10 17:02:11.738 3035 INFO neutron.wsgi [req-8da4c1df-40f6-4ad0-94d2-ef0b0cf12b77 None] 13.0.0.3 - - [10/Mar/2015 17:02:11] "GET /v2.0/policy_profiles.json HTTP/1.1" 200 486 0.036912
2015-03-10 17:02:11.782 3033 INFO neutron.wsgi [-] (3033) accepted ('13.0.0.3', 40841)
2015-03-10 17:02:11.811 3033 INFO neutron.plugins.ml2.managers [req-73a4473f-a6a6-403d-8cc5-44b786215585 None] Extended port dict for driver 'cisco_n1kv_ext'
2015-03-10 17:02:11.812 3033 INFO neutron.wsgi [req-73a4473f-a6a6-403d-8cc5-44b786215585 None] 13.0.0.3 - - [10/Mar/2015 17:02:11] "GET /v2.0/ports.json?fields=id&id=db7b6caf-74ec-469c-b793-e72741ac6919 HTTP/1.1" 200 248 0.030132
2015-03-10 17:02:11.832 3033 INFO neutron.plugins.ml2.managers [req-e434eaa6-aaea-4319-8782-9471eb9cc8d8 None] Extended port dict for driver 'cisco_n1kv_ext'
2015-03-10 17:02:11.834 3033 INFO neutron.wsgi [req-e434eaa6-aaea-4319-8782-9471eb9cc8d8 None] 13.0.0.3 - - [10/Mar/2015 17:02:11] "GET /v2.0/ports/db7b6caf-74ec-469c-b793-e72741ac6919.json HTTP/1.1" 200 794 0.018644
2015-03-10 17:02:11.976 3035 INFO neutron.wsgi [-] (3035) accepted ('13.0.0.3', 40847)
2015-03-10 17:02:12.011 3035 INFO neutron.wsgi [req-14ef6fe0-da9e-4ca0-bfc7-80f3b533477e None] 13.0.0.3 - - [10/Mar/2015 17:02:12] "GET /v2.0/policy_profiles.json HTTP/1.1" 200 486 0.034235
2015-03-10 17:02:12.073 3039 INFO neutron.wsgi [-] (3039) accepted ('13.0.0.3', 40849)
2015-03-10 17:02:12.097 3039 INFO neutron.plugins.ml2.managers [req-783f488e-18d0-494b-a886-6e333be38a41 None] Extended network dict for driver 'cisco_n1kv_ext'
2015-03-10 17:02:12.098 3039 INFO neutron.plugins.ml2.managers [req-783f488e-18d0-494b-a886-6e333be38a41 None] Extended network dict for driver 'cisco_n1kv_ext'
2015-03-10 17:02:12.098 3039 INFO neutron.plugins.ml2.managers [req-783f488e-18d0-494b-a886-6e333be38a41 None] Extended network dict for driver 'cisco_n1kv_ext'
2015-03-10 17:02:12.104 3039 INFO neutron.wsgi [req-783f488e-18d0-494b-a886-6e333be38a41 None] 13.0.0.3 - - [10/Mar/2015 17:02:12] "GET /v2.0/networks.json HTTP/1.1" 200 978 0.030700
2015-03-10 17:02:12.120 3039 INFO neutron.plugins.ml2.managers [req-2a49eb52-b9a7-4974-aa55-53c7c79a250f None] Extended subnet dict for driver 'cisco_n1kv_ext'
2015-03-10 17:02:12.123 3039 INFO neutron.plugins.ml2.managers [req-2a49eb52-b9a7-4974-aa55-53c7c79a250f None] Extended subnet dict for driver 'cisco_n1kv_ext'
2015-03-10 17:02:12.124 3039 INFO neutron.wsgi [req-2a49eb52-b9a7-4974-aa55-53c7c79a250f None] 13.0.0.3 - - [10/Mar/2015 17:02:12] "GET /v2.0/subnets.json?fields=id&fields=cidr&id=cd789c3d-b5e4-4bc5-82f1-e33e49955c37&id=c5f97eaf-2e32-4935-ba4a-23e4a13e93a2&id=611ea700-0a70-41fd-b7a5-696fb159b72b HTTP/1.1" 200 345 0.017175
2015-03-10 17:02:12.234 3039 INFO neutron.wsgi [-] (3039) accepted ('13.0.0.3', 40857)
2015-03-10 17:02:12.262 3039 INFO neutron.plugins.ml2.managers [req-cdfa9838-4afd-46e8-b977-a72dba331065 None] Extended network dict for driver 'cisco_n1kv_ext'
2015-03-10 17:02:12.265 3039 INFO neutron.wsgi [req-cdfa9838-4afd-46e8-b977-a72dba331065 None] 13.0.0.3 - - [10/Mar/2015 17:02:12] "GET /v2.0/networks.json?fields=id&id=3149049e-c2d0-43ec-bccc-45b4e9dcd6b8 HTTP/1.1" 200 251 0.030584
2015-03-10 17:02:12.284 3039 INFO neutron.plugins.ml2.managers [req-d188fd22-c7d0-4701-a0f7-56d89fbd3557 None] Extended network dict for driver 'cisco_n1kv_ext'
2015-03-10 17:02:12.293 3039 INFO neutron.quota [req-d188fd22-c7d0-4701-a0f7-56d89fbd3557 None] Loaded quota_driver: <neutron.db.quota_db.DbQuotaDriver object at 0x415c610>.
2015-03-10 17:02:12.326 3040 INFO neutron.wsgi [-] (3040) accepted ('13.0.0.3', 40859)
2015-03-10 17:02:12.342 3027 INFO neutron.wsgi [-] (3027) accepted ('13.0.0.3', 40861)
2015-03-10 17:02:12.342 3039 INFO neutron.plugins.ml2.managers [req-d188fd22-c7d0-4701-a0f7-56d89fbd3557 None] Extended subnet dict for driver 'cisco_n1kv_ext'
2015-03-10 17:02:12.354 3040 INFO neutron.plugins.ml2.managers [req-e871e990-7f23-4912-9b79-52e6c4492726 None] Extended network dict for driver 'cisco_n1kv_ext'
2015-03-10 17:02:12.355 3040 INFO neutron.plugins.ml2.managers [req-e871e990-7f23-4912-9b79-52e6c4492726 None] Extended network dict for driver 'cisco_n1kv_ext'
2015-03-10 17:02:12.355 3040 INFO neutron.plugins.ml2.managers [req-e871e990-7f23-4912-9b79-52e6c4492726 None] Extended network dict for driver 'cisco_n1kv_ext'
2015-03-10 17:02:12.359 3039 INFO neutron.plugins.ml2.managers [req-d188fd22-c7d0-4701-a0f7-56d89fbd3557 None] Extended network dict for driver 'cisco_n1kv_ext'
2015-03-10 17:02:12.362 3040 INFO neutron.wsgi [req-e871e990-7f23-4912-9b79-52e6c4492726 None] 13.0.0.3 - - [10/Mar/2015 17:02:12] "GET /v2.0/networks.json HTTP/1.1" 200 980 0.034488
2015-03-10 17:02:12.368 3039 INFO urllib3.connectionpool [-] Starting new HTTP connection (1): 13.0.0.250
2015-03-10 17:02:12.376 3027 INFO neutron.plugins.ml2.managers [req-3017cf24-0046-4f88-949b-1b895703c2f4 None] Extended port dict for driver 'cisco_n1kv_ext'
2015-03-10 17:02:12.378 3027 INFO neutron.wsgi [req-3017cf24-0046-4f88-949b-1b895703c2f4 None] 13.0.0.3 - - [10/Mar/2015 17:02:12] "GET /v2.0/ports.json?fields=id&id=db7b6caf-74ec-469c-b793-e72741ac6919 HTTP/1.1" 200 248 0.035203
2015-03-10 17:02:12.380 3040 INFO neutron.plugins.ml2.managers [req-3986bea7-0230-4387-b9e4-1ab2806135b5 None] Extended subnet dict for driver 'cisco_n1kv_ext'
2015-03-10 17:02:12.383 3040 INFO neutron.plugins.ml2.managers [req-3986bea7-0230-4387-b9e4-1ab2806135b5 None] Extended subnet dict for driver 'cisco_n1kv_ext'
2015-03-10 17:02:12.385 3040 INFO neutron.wsgi [req-3986bea7-0230-4387-b9e4-1ab2806135b5 None] 13.0.0.3 - - [10/Mar/2015 17:02:12] "GET /v2.0/subnets.json?fields=id&fields=cidr&id=cd789c3d-b5e4-4bc5-82f1-e33e49955c37&id=f471f66c-a766-4b5e-a767-ac62c67d2903&id=d1ee28bd-a4ea-4395-8377-b70b6ac9c092 HTTP/1.1" 200 347 0.020183
2015-03-10 17:02:12.407 3027 INFO neutron.plugins.ml2.managers [req-6b1e4223-e389-4008-8bd0-d11eb048522f None] Extended port dict for driver 'cisco_n1kv_ext'
2015-03-10 17:02:12.426 3027 INFO neutron.api.v2.resource [req-6b1e4223-e389-4008-8bd0-d11eb048522f None] delete failed (client error): Port db7b6caf-74ec-469c-b793-e72741ac6919 has owner network:router_interface and therefore cannot be deleted directly via the port API.
2015-03-10 17:02:12.427 3027 INFO neutron.wsgi [req-6b1e4223-e389-4008-8bd0-d11eb048522f None] 13.0.0.3 - - [10/Mar/2015 17:02:12] "DELETE /v2.0/ports/db7b6caf-74ec-469c-b793-e72741ac6919.json HTTP/1.1" 409 401 0.046254
2015-03-10 17:02:12.495 3027 INFO neutron.wsgi [-] (3027) accepted ('13.0.0.3', 40866)
