2015-03-10 03:39:22.247 27047 INFO neutron.wsgi [-] (27047) accepted ('13.0.0.3', 56846)
2015-03-10 03:39:22.307 27047 INFO neutron.wsgi [req-b9a7fc80-28b1-4a76-907d-f394f12fbd68 None] 13.0.0.3 - - [10/Mar/2015 03:39:22] "GET /v2.0/policy_profiles.json HTTP/1.1" 200 486 0.059701
2015-03-10 03:39:22.520 27054 INFO neutron.wsgi [-] (27054) accepted ('13.0.0.3', 56850)
2015-03-10 03:39:22.543 27054 INFO neutron.plugins.ml2.managers [req-588f3429-c60d-4d78-99f2-fc741124a78a None] Extended network dict for driver 'cisco_n1kv_ext'
2015-03-10 03:39:22.544 27054 INFO neutron.plugins.ml2.managers [req-588f3429-c60d-4d78-99f2-fc741124a78a None] Extended network dict for driver 'cisco_n1kv_ext'
2015-03-10 03:39:22.547 27054 INFO neutron.wsgi [req-588f3429-c60d-4d78-99f2-fc741124a78a None] 13.0.0.3 - - [10/Mar/2015 03:39:22] "GET /v2.0/networks.json HTTP/1.1" 200 720 0.026813
2015-03-10 03:39:22.560 27054 INFO neutron.plugins.ml2.managers [req-bdfdfe39-3e6e-40f8-b158-feb28cf7ce89 None] Extended subnet dict for driver 'cisco_n1kv_ext'
2015-03-10 03:39:22.561 27054 INFO neutron.wsgi [req-bdfdfe39-3e6e-40f8-b158-feb28cf7ce89 None] 13.0.0.3 - - [10/Mar/2015 03:39:22] "GET /v2.0/subnets.json?fields=id&fields=cidr&id=cd789c3d-b5e4-4bc5-82f1-e33e49955c37&id=de72d799-2fba-44a8-9407-3384bb6cc5ae HTTP/1.1" 200 273 0.010640
2015-03-10 03:39:22.664 27054 INFO neutron.wsgi [-] (27054) accepted ('13.0.0.3', 56855)
2015-03-10 03:39:22.703 27054 INFO neutron.wsgi [req-33759074-f304-4524-8070-3169731e35d5 None] 13.0.0.3 - - [10/Mar/2015 03:39:22] "GET /v2.0/policy_profiles.json HTTP/1.1" 200 486 0.037970
2015-03-10 03:39:22.786 27047 INFO neutron.wsgi [-] (27047) accepted ('13.0.0.3', 56874)
2015-03-10 03:39:22.807 27047 INFO neutron.plugins.ml2.managers [req-d9e934f2-8cac-4336-a1ab-4f702b662665 None] Extended network dict for driver 'cisco_n1kv_ext'
2015-03-10 03:39:22.810 27047 INFO neutron.wsgi [req-d9e934f2-8cac-4336-a1ab-4f702b662665 None] 13.0.0.3 - - [10/Mar/2015 03:39:22] "GET /v2.0/networks.json?fields=id&id=fd982938-5b84-487d-97c7-f5d4d3f9a362 HTTP/1.1" 200 251 0.023905
2015-03-10 03:39:22.826 27047 INFO neutron.plugins.ml2.managers [req-24ee2bcd-126b-4065-ac14-3c9ae1dcf571 None] Extended network dict for driver 'cisco_n1kv_ext'
2015-03-10 03:39:22.868 27047 INFO neutron.plugins.ml2.managers [req-24ee2bcd-126b-4065-ac14-3c9ae1dcf571 None] Extended subnet dict for driver 'cisco_n1kv_ext'
2015-03-10 03:39:22.882 27047 INFO neutron.plugins.ml2.managers [req-24ee2bcd-126b-4065-ac14-3c9ae1dcf571 None] Extended network dict for driver 'cisco_n1kv_ext'
2015-03-10 03:39:22.890 27047 INFO urllib3.connectionpool [-] Starting new HTTP connection (1): 13.0.0.250
2015-03-10 03:39:23.026 27051 INFO neutron.wsgi [-] (27051) accepted ('13.0.0.3', 56879)
2015-03-10 03:39:23.056 27051 INFO neutron.wsgi [req-e909d577-f704-4e7a-8104-87ce3ce9608f None] 13.0.0.3 - - [10/Mar/2015 03:39:23] "GET /v2.0/policy_profiles.json HTTP/1.1" 200 486 0.029714
2015-03-10 03:39:23.176 27048 INFO neutron.wsgi [-] (27048) accepted ('13.0.0.3', 56883)
2015-03-10 03:39:23.178 27048 INFO urllib3.connectionpool [-] Resetting dropped connection: 13.0.0.25
2015-03-10 03:39:23.227 27048 INFO neutron.plugins.ml2.managers [req-9578c2a6-ae1d-4c04-bcfc-3894c0b895aa None] Extended network dict for driver 'cisco_n1kv_ext'
2015-03-10 03:39:23.229 27048 INFO neutron.wsgi [req-9578c2a6-ae1d-4c04-bcfc-3894c0b895aa None] 13.0.0.3 - - [10/Mar/2015 03:39:23] "GET /v2.0/networks.json?fields=id&id=2eccd943-7d00-40c1-9505-4da61742deec HTTP/1.1" 200 251 0.052257
2015-03-10 03:39:23.245 27048 INFO neutron.plugins.ml2.managers [req-857fcf90-2dd6-443b-bc01-dc7037d2f86c None] Extended network dict for driver 'cisco_n1kv_ext'
2015-03-10 03:39:23.284 27048 INFO neutron.plugins.ml2.managers [req-857fcf90-2dd6-443b-bc01-dc7037d2f86c None] Extended subnet dict for driver 'cisco_n1kv_ext'
2015-03-10 03:39:23.300 27048 INFO neutron.plugins.ml2.managers [req-857fcf90-2dd6-443b-bc01-dc7037d2f86c None] Extended network dict for driver 'cisco_n1kv_ext'
2015-03-10 03:39:23.309 27048 INFO urllib3.connectionpool [-] Starting new HTTP connection (1): 13.0.0.250
2015-03-10 03:39:23.367 27053 INFO neutron.plugins.ml2.drivers.cisco.n1kv.n1kv_client [req-0ecbd9eb-f95e-4f34-9f00-8d29e9d268dd None] VSM: Successfully created "vm-network vmn_1b71fdbe-e571-4cf8-98ff-19a9b1bf5009_a9c9d4c7-3749-4002-b30b-ba5cdf1d8ec0"
2015-03-10 03:39:23.368 27053 INFO neutron.plugins.ml2.drivers.cisco.n1kv.mech_cisco_n1kv [req-0ecbd9eb-f95e-4f34-9f00-8d29e9d268dd None] Create port(postcommit) succeeded for port: 2b9008ce-f7d1-4e61-a329-49b5b6aec3f8 on network: a9c9d4c7-3749-4002-b30b-ba5cdf1d8ec0 with policy profile ID: 1b71fdbe-e571-4cf8-98ff-19a9b1bf5009
2015-03-10 03:39:23.385 27053 INFO neutron.plugins.ml2.managers [req-0ecbd9eb-f95e-4f34-9f00-8d29e9d268dd None] Extended network dict for driver 'cisco_n1kv_ext'
2015-03-10 03:39:23.404 27053 INFO neutron.wsgi [req-0ecbd9eb-f95e-4f34-9f00-8d29e9d268dd None] 13.0.0.3 - - [10/Mar/2015 03:39:23] "POST /v2.0/ports.json HTTP/1.1" 201 754 2.513662
2015-03-10 03:39:23.418 27064 INFO neutron.plugins.ml2.managers [req-4ef5ce7b-b89a-49eb-906b-de9526e267ee None] Extended network dict for driver 'cisco_n1kv_ext'
2015-03-10 03:39:23.429 27064 INFO neutron.plugins.ml2.managers [req-4ef5ce7b-b89a-49eb-906b-de9526e267ee None] Extended subnet dict for driver 'cisco_n1kv_ext'
2015-03-10 03:39:23.443 27064 INFO neutron.plugins.ml2.managers [req-4ef5ce7b-b89a-49eb-906b-de9526e267ee None] Extended port dict for driver 'cisco_n1kv_ext'
2015-03-10 03:39:23.493 27065 INFO neutron.plugins.ml2.managers [req-4ef5ce7b-b89a-49eb-906b-de9526e267ee None] Extended network dict for driver 'cisco_n1kv_ext'
2015-03-10 03:39:23.513 27065 INFO urllib3.connectionpool [-] Starting new HTTP connection (1): 13.0.0.250
2015-03-10 03:39:23.532 27057 INFO neutron.wsgi [-] (27057) accepted ('13.0.0.3', 56892)
2015-03-10 03:39:23.587 27057 INFO neutron.plugins.ml2.managers [req-9402519e-5a10-46f8-838b-2a6192f6ca02 None] Extended network dict for driver 'cisco_n1kv_ext'
2015-03-10 03:39:23.590 27057 INFO neutron.wsgi [req-9402519e-5a10-46f8-838b-2a6192f6ca02 None] 13.0.0.3 - - [10/Mar/2015 03:39:23] "GET /v2.0/networks.json?fields=id&id=0cfee667-2855-4c42-967c-270bc74698e1 HTTP/1.1" 200 251 0.056668
2015-03-10 03:39:23.605 27057 INFO neutron.plugins.ml2.managers [req-967e56c2-3adb-4eed-8b85-27e45baf0294 None] Extended network dict for driver 'cisco_n1kv_ext'
2015-03-10 03:39:23.647 27057 INFO neutron.plugins.ml2.managers [req-967e56c2-3adb-4eed-8b85-27e45baf0294 None] Extended subnet dict for driver 'cisco_n1kv_ext'
2015-03-10 03:39:23.659 27057 INFO neutron.plugins.ml2.managers [req-967e56c2-3adb-4eed-8b85-27e45baf0294 None] Extended network dict for driver 'cisco_n1kv_ext'
2015-03-10 03:39:23.667 27057 INFO urllib3.connectionpool [-] Starting new HTTP connection (1): 13.0.0.250
2015-03-10 03:39:25.663 27051 INFO neutron.plugins.ml2.drivers.cisco.n1kv.n1kv_client [req-0c3e36c8-1b33-4efc-b28f-ed1dce3e914d None] VSM: Successfully created "vm-network vmn_1b71fdbe-e571-4cf8-98ff-19a9b1bf5009_94de049e-ec4e-4b8b-9c26-ec2606431d6c"
2015-03-10 03:39:25.663 27051 INFO neutron.plugins.ml2.drivers.cisco.n1kv.mech_cisco_n1kv [req-0c3e36c8-1b33-4efc-b28f-ed1dce3e914d None] Create port(postcommit) succeeded for port: a2930cc1-8ee3-4744-8b30-9555a64dd190 on network: 94de049e-ec4e-4b8b-9c26-ec2606431d6c with policy profile ID: 1b71fdbe-e571-4cf8-98ff-19a9b1bf5009
2015-03-10 03:39:25.680 27051 INFO neutron.plugins.ml2.managers [req-0c3e36c8-1b33-4efc-b28f-ed1dce3e914d None] Extended network dict for driver 'cisco_n1kv_ext'
2015-03-10 03:39:25.701 27051 INFO neutron.wsgi [req-0c3e36c8-1b33-4efc-b28f-ed1dce3e914d None] 13.0.0.3 - - [10/Mar/2015 03:39:25] "POST /v2.0/ports.json HTTP/1.1" 201 754 4.153490
2015-03-10 03:39:27.232 27060 INFO neutron.wsgi [-] (27060) accepted ('13.0.0.3', 56984)
2015-03-10 03:39:27.295 27060 INFO neutron.plugins.ml2.managers [req-54f32994-014d-48b1-bb35-85d492c75ce5 None] Extended port dict for driver 'cisco_n1kv_ext'
2015-03-10 03:39:27.297 27060 INFO neutron.plugins.ml2.managers [req-54f32994-014d-48b1-bb35-85d492c75ce5 None] Extended port dict for driver 'cisco_n1kv_ext'
2015-03-10 03:39:27.298 27060 INFO neutron.wsgi [req-54f32994-014d-48b1-bb35-85d492c75ce5 None] 13.0.0.3 - - [10/Mar/2015 03:39:27] "GET /v2.0/ports.json HTTP/1.1" 200 1401 0.066248
2015-03-10 03:39:27.778 27060 INFO neutron.wsgi [-] (27060) accepted ('13.0.0.3', 57004)
2015-03-10 03:39:27.809 27060 INFO neutron.plugins.ml2.managers [req-54770a9e-16a6-436f-9b12-1b42e91e64fb None] Extended port dict for driver 'cisco_n1kv_ext'
2015-03-10 03:39:27.811 27060 INFO neutron.wsgi [req-54770a9e-16a6-436f-9b12-1b42e91e64fb None] 13.0.0.3 - - [10/Mar/2015 03:39:27] "GET /v2.0/ports.json?fields=id&id=2b9008ce-f7d1-4e61-a329-49b5b6aec3f8 HTTP/1.1" 200 248 0.031679
2015-03-10 03:39:27.828 27060 INFO neutron.plugins.ml2.managers [req-37729f32-e5a9-4157-90ed-be251b9a3e1d None] Extended port dict for driver 'cisco_n1kv_ext'
2015-03-10 03:39:27.829 27060 INFO neutron.wsgi [req-37729f32-e5a9-4157-90ed-be251b9a3e1d None] 13.0.0.3 - - [10/Mar/2015 03:39:27] "GET /v2.0/ports/2b9008ce-f7d1-4e61-a329-49b5b6aec3f8.json HTTP/1.1" 200 772 0.015972
2015-03-10 03:39:27.844 27047 INFO neutron.plugins.ml2.drivers.cisco.n1kv.n1kv_client [req-24ee2bcd-126b-4065-ac14-3c9ae1dcf571 None] VSM: Successfully created "vm-network vmn_1b71fdbe-e571-4cf8-98ff-19a9b1bf5009_fd982938-5b84-487d-97c7-f5d4d3f9a362"
2015-03-10 03:39:27.845 27047 INFO neutron.plugins.ml2.drivers.cisco.n1kv.mech_cisco_n1kv [req-24ee2bcd-126b-4065-ac14-3c9ae1dcf571 None] Create port(postcommit) succeeded for port: 37ff6798-bf81-4f22-8c72-20d82f42659a on network: fd982938-5b84-487d-97c7-f5d4d3f9a362 with policy profile ID: 1b71fdbe-e571-4cf8-98ff-19a9b1bf5009
2015-03-10 03:39:27.860 27047 INFO neutron.plugins.ml2.managers [req-24ee2bcd-126b-4065-ac14-3c9ae1dcf571 None] Extended network dict for driver 'cisco_n1kv_ext'
2015-03-10 03:39:27.880 27047 INFO neutron.wsgi [req-24ee2bcd-126b-4065-ac14-3c9ae1dcf571 None] 13.0.0.3 - - [10/Mar/2015 03:39:27] "POST /v2.0/ports.json HTTP/1.1" 201 754 5.067221
2015-03-10 03:39:27.898 27055 INFO neutron.plugins.ml2.drivers.cisco.n1kv.n1kv_client [req-a49ca907-08d0-4bb7-9f76-73970da66dea None] VSM: Successfully created "vm-network vmn_1b71fdbe-e571-4cf8-98ff-19a9b1bf5009_259a1c5f-bcdb-4989-8f54-70caac96f9bb"
2015-03-10 03:39:27.898 27055 INFO neutron.plugins.ml2.drivers.cisco.n1kv.mech_cisco_n1kv [req-a49ca907-08d0-4bb7-9f76-73970da66dea None] Create port(postcommit) succeeded for port: 741c2c71-4955-43de-b636-552407cdc2c6 on network: 259a1c5f-bcdb-4989-8f54-70caac96f9bb with policy profile ID: 1b71fdbe-e571-4cf8-98ff-19a9b1bf5009
2015-03-10 03:39:27.916 27055 INFO neutron.plugins.ml2.managers [req-a49ca907-08d0-4bb7-9f76-73970da66dea None] Extended network dict for driver 'cisco_n1kv_ext'
2015-03-10 03:39:27.941 27055 INFO neutron.wsgi [req-a49ca907-08d0-4bb7-9f76-73970da66dea None] 13.0.0.3 - - [10/Mar/2015 03:39:27] "POST /v2.0/ports.json HTTP/1.1" 201 754 6.119828
2015-03-10 03:39:28.799 27055 INFO neutron.wsgi [-] (27055) accepted ('13.0.0.3', 57060)
2015-03-10 03:39:28.828 27055 INFO neutron.plugins.ml2.managers [req-845615b0-f471-46b6-8066-c9fe6717e8e9 None] Extended port dict for driver 'cisco_n1kv_ext'
2015-03-10 03:39:28.830 27055 INFO neutron.wsgi [req-845615b0-f471-46b6-8066-c9fe6717e8e9 None] 13.0.0.3 - - [10/Mar/2015 03:39:28] "GET /v2.0/ports/2b9008ce-f7d1-4e61-a329-49b5b6aec3f8.json HTTP/1.1" 200 772 0.029886
2015-03-10 03:39:28.833 27055 INFO neutron.wsgi [-] (27055) accepted ('13.0.0.3', 57062)
2015-03-10 03:39:28.865 27055 INFO neutron.plugins.ml2.managers [req-d53880b8-de59-4c91-ba3c-83debd0f6437 None] Extended port dict for driver 'cisco_n1kv_ext'
2015-03-10 03:39:28.866 27055 INFO neutron.wsgi [req-d53880b8-de59-4c91-ba3c-83debd0f6437 None] 13.0.0.3 - - [10/Mar/2015 03:39:28] "GET /v2.0/ports/2b9008ce-f7d1-4e61-a329-49b5b6aec3f8.json?fields=binding%3Avnic_type&fields=network_id HTTP/1.1" 200 284 0.032730
2015-03-10 03:39:28.970 27054 INFO neutron.wsgi [-] (27054) accepted ('13.0.0.3', 57067)
2015-03-10 03:39:29.034 27054 INFO neutron.wsgi [req-018a6de5-05cc-4280-aeae-046932c6ea49 None] 13.0.0.3 - - [10/Mar/2015 03:39:29] "GET /v2.0/ports.json?device_id=db19c87a-e0c8-41bc-b387-03a91e62190d HTTP/1.1" 200 202 0.063550
2015-03-10 03:39:29.264 27054 INFO neutron.wsgi [-] (27054) accepted ('13.0.0.3', 57087)
2015-03-10 03:39:29.282 27054 INFO neutron.plugins.ml2.managers [req-6593005c-8362-4d17-a6d9-392a026e6262 None] Extended port dict for driver 'cisco_n1kv_ext'
2015-03-10 03:39:29.283 27054 INFO neutron.wsgi [req-6593005c-8362-4d17-a6d9-392a026e6262 None] 13.0.0.3 - - [10/Mar/2015 03:39:29] "GET /v2.0/ports/2b9008ce-f7d1-4e61-a329-49b5b6aec3f8.json HTTP/1.1" 200 772 0.018757
2015-03-10 03:39:29.285 27054 INFO neutron.wsgi [-] (27054) accepted ('13.0.0.3', 57089)
2015-03-10 03:39:29.298 27054 INFO neutron.plugins.ml2.managers [req-b1157aea-2ff8-4037-ab34-9f6d0a561e8f None] Extended network dict for driver 'cisco_n1kv_ext'
2015-03-10 03:39:29.300 27054 INFO neutron.wsgi [req-b1157aea-2ff8-4037-ab34-9f6d0a561e8f None] 13.0.0.3 - - [10/Mar/2015 03:39:29] "GET /v2.0/networks.json?id=a9c9d4c7-3749-4002-b30b-ba5cdf1d8ec0 HTTP/1.1" 200 462 0.014428
2015-03-10 03:39:29.302 27054 INFO neutron.wsgi [-] (27054) accepted ('13.0.0.3', 57090)
2015-03-10 03:39:29.341 27054 INFO neutron.plugins.ml2.managers [req-3548fc93-005e-480e-837d-9d12c9c51584 None] Extended port dict for driver 'cisco_n1kv_ext'
2015-03-10 03:39:29.351 27054 INFO neutron.plugins.ml2.managers [req-3548fc93-005e-480e-837d-9d12c9c51584 None] Extended port dict for driver 'cisco_n1kv_ext'
2015-03-10 03:39:29.370 27054 INFO neutron.plugins.ml2.managers [req-3548fc93-005e-480e-837d-9d12c9c51584 None] Extended port dict for driver 'cisco_n1kv_ext'
2015-03-10 03:39:29.378 27054 INFO neutron.plugins.ml2.managers [req-3548fc93-005e-480e-837d-9d12c9c51584 None] Extended network dict for driver 'cisco_n1kv_ext'
2015-03-10 03:39:29.402 27054 INFO neutron.plugins.ml2.managers [req-3548fc93-005e-480e-837d-9d12c9c51584 None] Extended port dict for driver 'cisco_n1kv_ext'
2015-03-10 03:39:29.405 27054 INFO neutron.plugins.ml2.managers [req-3548fc93-005e-480e-837d-9d12c9c51584 None] Extended port dict for driver 'cisco_n1kv_ext'
2015-03-10 03:39:29.413 27054 INFO neutron.plugins.ml2.managers [req-3548fc93-005e-480e-837d-9d12c9c51584 None] Extended network dict for driver 'cisco_n1kv_ext'
2015-03-10 03:39:29.434 27054 INFO neutron.plugins.ml2.managers [req-3548fc93-005e-480e-837d-9d12c9c51584 None] Extended network dict for driver 'cisco_n1kv_ext'
2015-03-10 03:39:29.443 27054 INFO neutron.wsgi [req-3548fc93-005e-480e-837d-9d12c9c51584 None] 13.0.0.3 - - [10/Mar/2015 03:39:29] "PUT /v2.0/ports/2b9008ce-f7d1-4e61-a329-49b5b6aec3f8.json HTTP/1.1" 200 993 0.140149
2015-03-10 03:39:29.456 27054 INFO neutron.wsgi [-] (27054) accepted ('13.0.0.3', 57091)
2015-03-10 03:39:29.472 27054 INFO neutron.plugins.ml2.managers [req-7eba4f31-2a60-44af-aa69-7a3b0da22869 None] Extended port dict for driver 'cisco_n1kv_ext'
2015-03-10 03:39:29.473 27054 INFO neutron.wsgi [req-7eba4f31-2a60-44af-aa69-7a3b0da22869 None] 13.0.0.3 - - [10/Mar/2015 03:39:29] "GET /v2.0/ports.json?tenant_id=e04e08f3e4c9446f997947b7390c8f73&device_id=db19c87a-e0c8-41bc-b387-03a91e62190d HTTP/1.1" 200 996 0.016763
2015-03-10 03:39:29.480 27054 INFO neutron.wsgi [-] (27054) accepted ('13.0.0.3', 57092)
2015-03-10 03:39:29.486 27054 INFO neutron.wsgi [req-5368b045-a66f-443d-ba9b-ef4b47e73aa9 None] 13.0.0.3 - - [10/Mar/2015 03:39:29] "GET /v2.0/floatingips.json?fixed_ip_address=14.4.0.2&port_id=2b9008ce-f7d1-4e61-a329-49b5b6aec3f8 HTTP/1.1" 200 208 0.005257
2015-03-10 03:39:29.492 27054 INFO neutron.wsgi [-] (27054) accepted ('13.0.0.3', 57093)
2015-03-10 03:39:29.504 27054 INFO neutron.plugins.ml2.managers [req-a54daa04-1eb2-48ae-a7f3-234e20c75691 None] Extended subnet dict for driver 'cisco_n1kv_ext'
2015-03-10 03:39:29.505 27054 INFO neutron.wsgi [req-a54daa04-1eb2-48ae-a7f3-234e20c75691 None] 13.0.0.3 - - [10/Mar/2015 03:39:29] "GET /v2.0/subnets.json?id=34856750-9cac-4e56-b6d2-6595520668de HTTP/1.1" 200 622 0.011885
2015-03-10 03:39:29.508 27054 INFO neutron.wsgi [-] (27054) accepted ('13.0.0.3', 57094)
2015-03-10 03:39:29.526 27054 INFO neutron.plugins.ml2.managers [req-a606947f-8a43-49b6-8e04-b3bbff1746e9 None] Extended port dict for driver 'cisco_n1kv_ext'
2015-03-10 03:39:29.528 27054 INFO neutron.wsgi [req-a606947f-8a43-49b6-8e04-b3bbff1746e9 None] 13.0.0.3 - - [10/Mar/2015 03:39:29] "GET /v2.0/ports.json?network_id=a9c9d4c7-3749-4002-b30b-ba5cdf1d8ec0&device_owner=network%3Adhcp HTTP/1.1" 200 826 0.019302
2015-03-10 03:39:29.674 27054 INFO neutron.wsgi [-] (27054) accepted ('13.0.0.3', 57098)
2015-03-10 03:39:29.700 27054 INFO neutron.plugins.ml2.managers [req-75931a0d-a445-444f-a2df-54754c320964 None] Extended port dict for driver 'cisco_n1kv_ext'
2015-03-10 03:39:29.702 27054 INFO neutron.wsgi [req-75931a0d-a445-444f-a2df-54754c320964 None] 13.0.0.3 - - [10/Mar/2015 03:39:29] "GET /v2.0/ports.json HTTP/1.1" 200 775 0.027744
2015-03-10 03:39:30.169 27060 INFO neutron.wsgi [-] (27060) accepted ('13.0.0.3', 57117)
2015-03-10 03:39:30.195 27060 INFO neutron.plugins.ml2.managers [req-6e6df026-16c2-44a8-ab63-6d51a21c032b None] Extended port dict for driver 'cisco_n1kv_ext'
2015-03-10 03:39:30.196 27060 INFO neutron.wsgi [req-6e6df026-16c2-44a8-ab63-6d51a21c032b None] 13.0.0.3 - - [10/Mar/2015 03:39:30] "GET /v2.0/ports.json?fields=id&id=a2930cc1-8ee3-4744-8b30-9555a64dd190 HTTP/1.1" 200 248 0.027188
2015-03-10 03:39:30.213 27060 INFO neutron.plugins.ml2.managers [req-f6fc8a88-cf75-4616-a252-6d0c65dfdb4e None] Extended port dict for driver 'cisco_n1kv_ext'
2015-03-10 03:39:30.214 27060 INFO neutron.wsgi [req-f6fc8a88-cf75-4616-a252-6d0c65dfdb4e None] 13.0.0.3 - - [10/Mar/2015 03:39:30] "GET /v2.0/ports/a2930cc1-8ee3-4744-8b30-9555a64dd190.json HTTP/1.1" 200 772 0.014809
2015-03-10 03:39:31.010 27060 INFO neutron.wsgi [-] (27060) accepted ('13.0.0.3', 57189)
2015-03-10 03:39:31.040 27060 INFO neutron.plugins.ml2.managers [req-6327aeef-6421-4dfb-8351-b237961b6e57 None] Extended port dict for driver 'cisco_n1kv_ext'
2015-03-10 03:39:31.041 27060 INFO neutron.wsgi [req-6327aeef-6421-4dfb-8351-b237961b6e57 None] 13.0.0.3 - - [10/Mar/2015 03:39:31] "GET /v2.0/ports/a2930cc1-8ee3-4744-8b30-9555a64dd190.json HTTP/1.1" 200 772 0.030674
2015-03-10 03:39:31.044 27060 INFO neutron.wsgi [-] (27060) accepted ('13.0.0.3', 57191)
2015-03-10 03:39:31.054 27060 INFO keystonemiddleware.auth_token [-] Invalid user token - rejecting request
2015-03-10 03:39:31.055 27060 INFO neutron.wsgi [-] 13.0.0.3 - - [10/Mar/2015 03:39:31] "GET /v2.0/ports/a2930cc1-8ee3-4744-8b30-9555a64dd190.json?fields=binding%3Avnic_type&fields=network_id HTTP/1.1" 401 258 0.010552
2015-03-10 03:39:31.168 27048 INFO neutron.wsgi [-] (27048) accepted ('13.0.0.3', 57201)
2015-03-10 03:39:31.197 27048 INFO neutron.plugins.ml2.managers [req-41383c61-989a-49f0-8f39-2198cff21fe8 None] Extended port dict for driver 'cisco_n1kv_ext'
2015-03-10 03:39:31.198 27048 INFO neutron.wsgi [req-41383c61-989a-49f0-8f39-2198cff21fe8 None] 13.0.0.3 - - [10/Mar/2015 03:39:31] "GET /v2.0/ports/a2930cc1-8ee3-4744-8b30-9555a64dd190.json?fields=binding%3Avnic_type&fields=network_id HTTP/1.1" 200 284 0.029415
2015-03-10 03:39:31.305 27048 INFO neutron.wsgi [-] (27048) accepted ('13.0.0.3', 57217)
2015-03-10 03:39:31.335 27048 INFO neutron.wsgi [req-3876d86c-b190-4181-9dc9-e005a127d9c6 None] 13.0.0.3 - - [10/Mar/2015 03:39:31] "GET /v2.0/ports.json?device_id=122f06be-24cd-4321-ab7f-74369afef06e HTTP/1.1" 200 202 0.028979
2015-03-10 03:39:31.422 27054 INFO urllib3.connectionpool [-] Starting new HTTP connection (1): 13.0.0.30
2015-03-10 03:39:31.445 27054 INFO urllib3.connectionpool [-] Starting new HTTP connection (1): 13.0.0.30
2015-03-10 03:39:31.510 27054 INFO neutron.notifiers.nova [-] Nova event response: {u'status': u'completed', u'code': 200, u'name': u'network-changed', u'server_uuid': u'db19c87a-e0c8-41bc-b387-03a91e62190d'}
2015-03-10 03:39:31.515 27054 INFO neutron.wsgi [-] (27054) accepted ('13.0.0.3', 57236)
2015-03-10 03:39:31.532 27054 INFO neutron.notifiers.nova [-] Nova event response: {u'status': u'completed', u'tag': u'2b9008ce-f7d1-4e61-a329-49b5b6aec3f8', u'name': u'network-vif-plugged', u'server_uuid': u'db19c87a-e0c8-41bc-b387-03a91e62190d', u'code': 200}
2015-03-10 03:39:31.537 27054 INFO neutron.plugins.ml2.managers [req-89d51cd1-8a70-46d5-94d1-0bf806b64389 None] Extended port dict for driver 'cisco_n1kv_ext'
2015-03-10 03:39:31.538 27054 INFO neutron.wsgi [req-89d51cd1-8a70-46d5-94d1-0bf806b64389 None] 13.0.0.3 - - [10/Mar/2015 03:39:31] "GET /v2.0/ports.json?tenant_id=e04e08f3e4c9446f997947b7390c8f73&device_id=db19c87a-e0c8-41bc-b387-03a91e62190d HTTP/1.1" 200 996 0.022781
2015-03-10 03:39:31.541 27054 INFO neutron.wsgi [-] (27054) accepted ('13.0.0.3', 57237)
2015-03-10 03:39:31.564 27054 INFO neutron.plugins.ml2.managers [req-5404e2fc-b6f4-4037-80a3-96778d381fab None] Extended network dict for driver 'cisco_n1kv_ext'
2015-03-10 03:39:31.567 27054 INFO neutron.wsgi [req-5404e2fc-b6f4-4037-80a3-96778d381fab None] 13.0.0.3 - - [10/Mar/2015 03:39:31] "GET /v2.0/networks.json?id=a9c9d4c7-3749-4002-b30b-ba5cdf1d8ec0 HTTP/1.1" 200 577 0.025644
2015-03-10 03:39:31.569 27054 INFO neutron.wsgi [-] (27054) accepted ('13.0.0.3', 57238)
2015-03-10 03:39:31.574 27054 INFO neutron.wsgi [req-33447a8f-2e69-440a-8dc7-de152b18ccfa None] 13.0.0.3 - - [10/Mar/2015 03:39:31] "GET /v2.0/floatingips.json?fixed_ip_address=14.4.0.2&port_id=2b9008ce-f7d1-4e61-a329-49b5b6aec3f8 HTTP/1.1" 200 208 0.004743
2015-03-10 03:39:31.576 27061 INFO neutron.wsgi [-] (27061) accepted ('13.0.0.3', 57239)
2015-03-10 03:39:31.578 27061 INFO urllib3.connectionpool [-] Resetting dropped connection: 13.0.0.25
2015-03-10 03:39:31.601 27047 INFO neutron.wsgi [-] (27047) accepted ('13.0.0.3', 57244)
2015-03-10 03:39:31.633 27047 INFO neutron.plugins.ml2.managers [req-352c8283-9c98-4408-900d-fa7070344079 None] Extended port dict for driver 'cisco_n1kv_ext'
2015-03-10 03:39:31.634 27047 INFO neutron.wsgi [req-352c8283-9c98-4408-900d-fa7070344079 None] 13.0.0.3 - - [10/Mar/2015 03:39:31] "GET /v2.0/ports/a2930cc1-8ee3-4744-8b30-9555a64dd190.json HTTP/1.1" 200 772 0.032097
2015-03-10 03:39:31.635 27061 INFO neutron.plugins.ml2.managers [req-6ae2f4e6-9fd3-446b-a593-9bf89f043507 None] Extended subnet dict for driver 'cisco_n1kv_ext'
2015-03-10 03:39:31.636 27047 INFO neutron.wsgi [-] (27047) accepted ('13.0.0.3', 57245)
2015-03-10 03:39:31.637 27061 INFO neutron.wsgi [req-6ae2f4e6-9fd3-446b-a593-9bf89f043507 None] 13.0.0.3 - - [10/Mar/2015 03:39:31] "GET /v2.0/subnets.json?id=34856750-9cac-4e56-b6d2-6595520668de HTTP/1.1" 200 622 0.059833
2015-03-10 03:39:31.639 27055 INFO neutron.wsgi [-] (27055) accepted ('13.0.0.3', 57246)
2015-03-10 03:39:31.652 27047 INFO neutron.plugins.ml2.managers [req-1bc19f07-9c05-49d3-911b-187119dc7808 None] Extended network dict for driver 'cisco_n1kv_ext'
2015-03-10 03:39:31.655 27047 INFO neutron.wsgi [req-1bc19f07-9c05-49d3-911b-187119dc7808 None] 13.0.0.3 - - [10/Mar/2015 03:39:31] "GET /v2.0/networks.json?id=94de049e-ec4e-4b8b-9c26-ec2606431d6c HTTP/1.1" 200 462 0.018561
2015-03-10 03:39:31.657 27055 INFO neutron.wsgi [-] (27055) accepted ('13.0.0.3', 57247)
2015-03-10 03:39:31.659 27055 INFO urllib3.connectionpool [-] Resetting dropped connection: 13.0.0.25
2015-03-10 03:39:31.720 27055 INFO neutron.plugins.ml2.managers [req-10102ac3-ffce-4b64-84cf-8db2ca0b55ee None] Extended port dict for driver 'cisco_n1kv_ext'
2015-03-10 03:39:31.722 27055 INFO neutron.wsgi [req-10102ac3-ffce-4b64-84cf-8db2ca0b55ee None] 13.0.0.3 - - [10/Mar/2015 03:39:31] "GET /v2.0/ports.json?network_id=a9c9d4c7-3749-4002-b30b-ba5cdf1d8ec0&device_owner=network%3Adhcp HTTP/1.1" 200 941 0.082159
2015-03-10 03:39:31.735 27046 INFO neutron.wsgi [-] (27046) accepted ('13.0.0.3', 57251)
2015-03-10 03:39:31.736 27055 INFO neutron.wsgi [req-d9f755ac-5c19-4526-9913-d1f41d91a9d2 None] 13.0.0.3 - - [10/Mar/2015 03:39:31] "GET /v2.0/extensions.json HTTP/1.1" 200 4821 0.078656
2015-03-10 03:39:31.739 27046 INFO neutron.wsgi [-] (27046) accepted ('13.0.0.3', 57252)
2015-03-10 03:39:31.740 27046 INFO urllib3.connectionpool [-] Resetting dropped connection: 13.0.0.25
2015-03-10 03:39:31.816 27046 INFO neutron.plugins.ml2.managers [req-fde8521b-9c5b-45c8-80db-0998e14ba8f5 None] Extended port dict for driver 'cisco_n1kv_ext'
2015-03-10 03:39:31.817 27046 INFO neutron.wsgi [req-fde8521b-9c5b-45c8-80db-0998e14ba8f5 None] 13.0.0.3 - - [10/Mar/2015 03:39:31] "GET /v2.0/ports.json?fields=id&id=3f657b15-7d8e-4a35-abc8-31c50f5fb4e8 HTTP/1.1" 200 248 0.081580
2015-03-10 03:39:31.837 27046 INFO neutron.plugins.ml2.managers [req-30181a83-f04b-4e7c-9eb6-b4a6fe6862e1 None] Extended port dict for driver 'cisco_n1kv_ext'
2015-03-10 03:39:31.839 27046 INFO neutron.wsgi [req-30181a83-f04b-4e7c-9eb6-b4a6fe6862e1 None] 13.0.0.3 - - [10/Mar/2015 03:39:31] "GET /v2.0/ports/3f657b15-7d8e-4a35-abc8-31c50f5fb4e8.json HTTP/1.1" 200 823 0.018924
2015-03-10 03:39:31.857 27046 INFO neutron.plugins.ml2.managers [req-7d1ddb75-eacb-4e0d-b375-2a999dd5e02e None] Extended port dict for driver 'cisco_n1kv_ext'
2015-03-10 03:39:31.868 27046 INFO neutron.plugins.ml2.managers [req-7d1ddb75-eacb-4e0d-b375-2a999dd5e02e None] Extended port dict for driver 'cisco_n1kv_ext'
2015-03-10 03:39:31.883 27046 INFO neutron.plugins.ml2.managers [req-7d1ddb75-eacb-4e0d-b375-2a999dd5e02e None] Extended port dict for driver 'cisco_n1kv_ext'
2015-03-10 03:39:31.891 27046 INFO neutron.plugins.ml2.managers [req-7d1ddb75-eacb-4e0d-b375-2a999dd5e02e None] Extended network dict for driver 'cisco_n1kv_ext'
2015-03-10 03:39:31.915 27046 INFO neutron.plugins.ml2.managers [req-7d1ddb75-eacb-4e0d-b375-2a999dd5e02e None] Extended port dict for driver 'cisco_n1kv_ext'
2015-03-10 03:39:31.917 27060 INFO neutron.wsgi [-] (27060) accepted ('13.0.0.3', 57275)
2015-03-10 03:39:31.917 27046 INFO neutron.plugins.ml2.managers [req-7d1ddb75-eacb-4e0d-b375-2a999dd5e02e None] Extended port dict for driver 'cisco_n1kv_ext'
2015-03-10 03:39:31.921 27057 INFO neutron.wsgi [-] (27057) accepted ('13.0.0.3', 57277)
2015-03-10 03:39:31.927 27046 INFO neutron.plugins.ml2.managers [req-7d1ddb75-eacb-4e0d-b375-2a999dd5e02e None] Extended network dict for driver 'cisco_n1kv_ext'
2015-03-10 03:39:31.949 27046 INFO neutron.plugins.ml2.managers [req-7d1ddb75-eacb-4e0d-b375-2a999dd5e02e None] Extended network dict for driver 'cisco_n1kv_ext'
2015-03-10 03:39:31.949 27060 INFO neutron.plugins.ml2.managers [req-789a1bc6-bdc5-435d-a65e-97d9f314cfc9 None] Extended port dict for driver 'cisco_n1kv_ext'
2015-03-10 03:39:31.949 27057 INFO neutron.plugins.ml2.managers [req-a0d3e801-e5bc-4c73-a774-e57843f8251b None] Extended port dict for driver 'cisco_n1kv_ext'
2015-03-10 03:39:31.951 27060 INFO neutron.wsgi [req-789a1bc6-bdc5-435d-a65e-97d9f314cfc9 None] 13.0.0.3 - - [10/Mar/2015 03:39:31] "GET /v2.0/ports.json HTTP/1.1" 200 775 0.033024
2015-03-10 03:39:31.951 27057 INFO neutron.wsgi [req-a0d3e801-e5bc-4c73-a774-e57843f8251b None] 13.0.0.3 - - [10/Mar/2015 03:39:31] "GET /v2.0/ports.json HTTP/1.1" 200 775 0.029084
2015-03-10 03:39:31.958 27046 INFO neutron.wsgi [req-7d1ddb75-eacb-4e0d-b375-2a999dd5e02e None] 13.0.0.3 - - [10/Mar/2015 03:39:31] "PUT /v2.0/ports/a2930cc1-8ee3-4744-8b30-9555a64dd190.json HTTP/1.1" 200 993 0.218545
2015-03-10 03:39:31.967 27048 INFO neutron.wsgi [-] (27048) accepted ('13.0.0.3', 57278)
2015-03-10 03:39:31.994 27048 INFO neutron.plugins.ml2.managers [req-017b5675-e882-48ab-a371-460e5038329e None] Extended port dict for driver 'cisco_n1kv_ext'
2015-03-10 03:39:31.996 27048 INFO neutron.wsgi [req-017b5675-e882-48ab-a371-460e5038329e None] 13.0.0.3 - - [10/Mar/2015 03:39:31] "GET /v2.0/ports.json?tenant_id=515e9e6228364df6b3bf5eb9580a2db2&device_id=122f06be-24cd-4321-ab7f-74369afef06e HTTP/1.1" 200 996 0.027885
2015-03-10 03:39:31.999 27055 INFO neutron.wsgi [-] (27055) accepted ('13.0.0.3', 57279)
2015-03-10 03:39:32.017 27055 INFO neutron.wsgi [req-97bf4d45-d3ab-49fd-8f53-6563c378dfd9 None] 13.0.0.3 - - [10/Mar/2015 03:39:32] "GET /v2.0/floatingips.json?fixed_ip_address=14.7.0.2&port_id=a2930cc1-8ee3-4744-8b30-9555a64dd190 HTTP/1.1" 200 208 0.017636
2015-03-10 03:39:32.020 27061 INFO neutron.wsgi [-] (27061) accepted ('13.0.0.3', 57280)
2015-03-10 03:39:32.044 27061 INFO neutron.plugins.ml2.managers [req-a561c69a-0598-46c5-8400-bff1ecd802ec None] Extended subnet dict for driver 'cisco_n1kv_ext'
2015-03-10 03:39:32.045 27061 INFO neutron.wsgi [req-a561c69a-0598-46c5-8400-bff1ecd802ec None] 13.0.0.3 - - [10/Mar/2015 03:39:32] "GET /v2.0/subnets.json?id=d5096c7b-e2da-4a1f-9f26-e197d2a31e02 HTTP/1.1" 200 622 0.024606
2015-03-10 03:39:32.047 27061 INFO neutron.wsgi [-] (27061) accepted ('13.0.0.3', 57281)
2015-03-10 03:39:32.060 27061 INFO neutron.wsgi [req-468563af-a4d2-485f-8fad-344d84a50a44 None] 13.0.0.3 - - [10/Mar/2015 03:39:32] "GET /v2.0/ports.json?network_id=94de049e-ec4e-4b8b-9c26-ec2606431d6c&device_owner=network%3Adhcp HTTP/1.1" 200 202 0.012679
2015-03-10 03:39:32.444 27052 INFO neutron.wsgi [-] (27052) accepted ('13.0.0.3', 57289)
2015-03-10 03:39:32.444 27056 INFO neutron.wsgi [-] (27056) accepted ('13.0.0.3', 57290)
2015-03-10 03:39:32.447 27056 INFO urllib3.connectionpool [-] Resetting dropped connection: 13.0.0.25
2015-03-10 03:39:32.508 27052 INFO neutron.plugins.ml2.managers [req-4b343107-9095-495b-ad78-9ee0941275c9 None] Extended port dict for driver 'cisco_n1kv_ext'
2015-03-10 03:39:32.509 27052 INFO neutron.wsgi [req-4b343107-9095-495b-ad78-9ee0941275c9 None] 13.0.0.3 - - [10/Mar/2015 03:39:32] "GET /v2.0/ports.json?fields=id&id=37ff6798-bf81-4f22-8c72-20d82f42659a HTTP/1.1" 200 248 0.064075
2015-03-10 03:39:32.514 27056 INFO neutron.plugins.ml2.managers [req-69e439ef-147c-44be-9176-86573203f70e None] Extended port dict for driver 'cisco_n1kv_ext'
2015-03-10 03:39:32.516 27056 INFO neutron.wsgi [req-69e439ef-147c-44be-9176-86573203f70e None] 13.0.0.3 - - [10/Mar/2015 03:39:32] "GET /v2.0/ports.json?fields=id&id=741c2c71-4955-43de-b636-552407cdc2c6 HTTP/1.1" 200 248 0.070369
2015-03-10 03:39:32.528 27052 INFO neutron.plugins.ml2.managers [req-f8ce3f2b-45f0-4e56-9e0a-a46f069af7c4 None] Extended port dict for driver 'cisco_n1kv_ext'
2015-03-10 03:39:32.529 27052 INFO neutron.wsgi [req-f8ce3f2b-45f0-4e56-9e0a-a46f069af7c4 None] 13.0.0.3 - - [10/Mar/2015 03:39:32] "GET /v2.0/ports/37ff6798-bf81-4f22-8c72-20d82f42659a.json HTTP/1.1" 200 772 0.016111
2015-03-10 03:39:32.537 27056 INFO neutron.plugins.ml2.managers [req-cc3073af-3963-476a-a849-96e60a8a367e None] Extended port dict for driver 'cisco_n1kv_ext'
2015-03-10 03:39:32.538 27056 INFO neutron.wsgi [req-cc3073af-3963-476a-a849-96e60a8a367e None] 13.0.0.3 - - [10/Mar/2015 03:39:32] "GET /v2.0/ports/741c2c71-4955-43de-b636-552407cdc2c6.json HTTP/1.1" 200 772 0.019879
2015-03-10 03:39:32.763 27048 INFO neutron.plugins.ml2.drivers.cisco.n1kv.n1kv_client [req-857fcf90-2dd6-443b-bc01-dc7037d2f86c None] VSM: Successfully created "vm-network vmn_1b71fdbe-e571-4cf8-98ff-19a9b1bf5009_2eccd943-7d00-40c1-9505-4da61742deec"
2015-03-10 03:39:32.763 27048 INFO neutron.plugins.ml2.drivers.cisco.n1kv.mech_cisco_n1kv [req-857fcf90-2dd6-443b-bc01-dc7037d2f86c None] Create port(postcommit) succeeded for port: b0f2f1d5-9567-4e4c-8568-215bb9a4bce9 on network: 2eccd943-7d00-40c1-9505-4da61742deec with policy profile ID: 1b71fdbe-e571-4cf8-98ff-19a9b1bf5009
2015-03-10 03:39:32.763 27055 INFO neutron.plugins.ml2.drivers.cisco.n1kv.mech_cisco_n1kv [req-4910210e-5034-47c4-b112-cb7d7ec0b956 None] Internal VSM Error: %(reason)s.
2015-03-10 03:39:32.764 27055 ERROR neutron.plugins.ml2.managers [req-4910210e-5034-47c4-b112-cb7d7ec0b956 None] Mechanism driver 'cisco_n1kv' failed in create_port_postcommit
2015-03-10 03:39:32.764 27055 TRACE neutron.plugins.ml2.managers Traceback (most recent call last):
2015-03-10 03:39:32.764 27055 TRACE neutron.plugins.ml2.managers   File "/usr/lib/python2.7/site-packages/neutron/plugins/ml2/managers.py", line 291, in _call_on_drivers
2015-03-10 03:39:32.764 27055 TRACE neutron.plugins.ml2.managers     getattr(driver.obj, method_name)(context)
2015-03-10 03:39:32.764 27055 TRACE neutron.plugins.ml2.managers   File "/usr/lib/python2.7/site-packages/neutron/plugins/ml2/drivers/cisco/n1kv/mech_cisco_n1kv.py", line 258, in create_port_postcommit
2015-03-10 03:39:32.764 27055 TRACE neutron.plugins.ml2.managers     raise ml2_exc.MechanismDriverError()
2015-03-10 03:39:32.764 27055 TRACE neutron.plugins.ml2.managers MechanismDriverError: <unprintable MechanismDriverError object>
2015-03-10 03:39:32.764 27055 TRACE neutron.plugins.ml2.managers 
2015-03-10 03:39:32.765 27055 ERROR neutron.plugins.ml2.plugin [req-4910210e-5034-47c4-b112-cb7d7ec0b956 None] mechanism_manager.create_port_postcommit failed, deleting port 'd8c7984b-e00d-407f-a6b8-8109ad2c44b9'
2015-03-10 03:39:32.765 27057 INFO neutron.plugins.ml2.drivers.cisco.n1kv.n1kv_client [req-967e56c2-3adb-4eed-8b85-27e45baf0294 None] VSM: Successfully created "vm-network vmn_1b71fdbe-e571-4cf8-98ff-19a9b1bf5009_0cfee667-2855-4c42-967c-270bc74698e1"
2015-03-10 03:39:32.765 27057 INFO neutron.plugins.ml2.drivers.cisco.n1kv.mech_cisco_n1kv [req-967e56c2-3adb-4eed-8b85-27e45baf0294 None] Create port(postcommit) succeeded for port: 517e6ecb-1a44-439a-ac54-52b477eb413c on network: 0cfee667-2855-4c42-967c-270bc74698e1 with policy profile ID: 1b71fdbe-e571-4cf8-98ff-19a9b1bf5009
2015-03-10 03:39:32.781 27048 INFO neutron.plugins.ml2.managers [req-857fcf90-2dd6-443b-bc01-dc7037d2f86c None] Extended network dict for driver 'cisco_n1kv_ext'
2015-03-10 03:39:32.782 27057 INFO neutron.plugins.ml2.managers [req-967e56c2-3adb-4eed-8b85-27e45baf0294 None] Extended network dict for driver 'cisco_n1kv_ext'
2015-03-10 03:39:32.786 27055 INFO neutron.plugins.ml2.managers [req-4910210e-5034-47c4-b112-cb7d7ec0b956 None] Extended port dict for driver 'cisco_n1kv_ext'
2015-03-10 03:39:32.805 27055 INFO neutron.plugins.ml2.managers [req-4910210e-5034-47c4-b112-cb7d7ec0b956 None] Extended network dict for driver 'cisco_n1kv_ext'
2015-03-10 03:39:32.811 27048 INFO neutron.wsgi [req-857fcf90-2dd6-443b-bc01-dc7037d2f86c None] 13.0.0.3 - - [10/Mar/2015 03:39:32] "POST /v2.0/ports.json HTTP/1.1" 201 755 9.578917
2015-03-10 03:39:32.812 27057 INFO neutron.wsgi [req-967e56c2-3adb-4eed-8b85-27e45baf0294 None] 13.0.0.3 - - [10/Mar/2015 03:39:32] "POST /v2.0/ports.json HTTP/1.1" 201 754 9.219773
2015-03-10 03:39:32.831 27055 INFO urllib3.connectionpool [-] Starting new HTTP connection (1): 13.0.0.250
2015-03-10 03:39:33.419 27052 INFO neutron.wsgi [-] (27052) accepted ('13.0.0.3', 57361)
2015-03-10 03:39:33.452 27052 INFO neutron.plugins.ml2.managers [req-5471e4fb-6b2a-4735-88a3-35620f5abe19 None] Extended port dict for driver 'cisco_n1kv_ext'
2015-03-10 03:39:33.453 27052 INFO neutron.wsgi [req-5471e4fb-6b2a-4735-88a3-35620f5abe19 None] 13.0.0.3 - - [10/Mar/2015 03:39:33] "GET /v2.0/ports/37ff6798-bf81-4f22-8c72-20d82f42659a.json HTTP/1.1" 200 772 0.033079
2015-03-10 03:39:33.456 27052 INFO neutron.wsgi [-] (27052) accepted ('13.0.0.3', 57363)
2015-03-10 03:39:33.466 27052 INFO keystonemiddleware.auth_token [-] Invalid user token - rejecting request
2015-03-10 03:39:33.467 27052 INFO neutron.wsgi [-] 13.0.0.3 - - [10/Mar/2015 03:39:33] "GET /v2.0/ports/37ff6798-bf81-4f22-8c72-20d82f42659a.json?fields=binding%3Avnic_type&fields=network_id HTTP/1.1" 401 258 0.010335
2015-03-10 03:39:33.556 27055 INFO neutron.wsgi [-] (27055) accepted ('13.0.0.3', 57370)
2015-03-10 03:39:33.578 27052 INFO neutron.wsgi [-] (27052) accepted ('13.0.0.3', 57372)
2015-03-10 03:39:33.585 27055 INFO neutron.plugins.ml2.managers [req-6c3e35ce-f66c-4059-9fa3-4b3e5194af98 None] Extended port dict for driver 'cisco_n1kv_ext'
2015-03-10 03:39:33.587 27055 INFO neutron.wsgi [req-6c3e35ce-f66c-4059-9fa3-4b3e5194af98 None] 13.0.0.3 - - [10/Mar/2015 03:39:33] "GET /v2.0/ports/741c2c71-4955-43de-b636-552407cdc2c6.json HTTP/1.1" 200 772 0.029655
2015-03-10 03:39:33.589 27055 INFO neutron.wsgi [-] (27055) accepted ('13.0.0.3', 57374)
2015-03-10 03:39:33.599 27055 INFO keystonemiddleware.auth_token [-] Invalid user token - rejecting request
2015-03-10 03:39:33.600 27055 INFO neutron.wsgi [-] 13.0.0.3 - - [10/Mar/2015 03:39:33] "GET /v2.0/ports/741c2c71-4955-43de-b636-552407cdc2c6.json?fields=binding%3Avnic_type&fields=network_id HTTP/1.1" 401 258 0.010306
2015-03-10 03:39:33.609 27052 INFO neutron.plugins.ml2.managers [req-1b6817c1-10d2-4e33-9333-01264fdcaf6a None] Extended port dict for driver 'cisco_n1kv_ext'
2015-03-10 03:39:33.610 27052 INFO neutron.wsgi [req-1b6817c1-10d2-4e33-9333-01264fdcaf6a None] 13.0.0.3 - - [10/Mar/2015 03:39:33] "GET /v2.0/ports/37ff6798-bf81-4f22-8c72-20d82f42659a.json?fields=binding%3Avnic_type&fields=network_id HTTP/1.1" 200 284 0.031570
2015-03-10 03:39:33.708 27051 INFO neutron.wsgi [-] (27051) accepted ('13.0.0.3', 57381)
2015-03-10 03:39:33.712 27058 INFO neutron.wsgi [-] (27058) accepted ('13.0.0.3', 57383)
2015-03-10 03:39:33.777 27051 INFO neutron.wsgi [req-3483af4c-1ae7-4856-b975-88937befaa8b None] 13.0.0.3 - - [10/Mar/2015 03:39:33] "GET /v2.0/ports.json?device_id=a470bbd7-f81e-4c68-8bba-ea32197b921a HTTP/1.1" 200 202 0.068595
2015-03-10 03:39:33.787 27058 INFO neutron.plugins.ml2.managers [req-3c36a1be-b341-40f7-abb5-86f56daa30d6 None] Extended port dict for driver 'cisco_n1kv_ext'
2015-03-10 03:39:33.788 27058 INFO neutron.wsgi [req-3c36a1be-b341-40f7-abb5-86f56daa30d6 None] 13.0.0.3 - - [10/Mar/2015 03:39:33] "GET /v2.0/ports/741c2c71-4955-43de-b636-552407cdc2c6.json?fields=binding%3Avnic_type&fields=network_id HTTP/1.1" 200 284 0.075779
2015-03-10 03:39:33.890 27052 INFO neutron.wsgi [-] (27052) accepted ('13.0.0.3', 57415)
2015-03-10 03:39:33.918 27052 INFO neutron.wsgi [req-75c4a125-7357-4224-8bdd-08380c8b7e8e None] 13.0.0.3 - - [10/Mar/2015 03:39:33] "GET /v2.0/ports.json?device_id=b574c82d-2805-4b37-80c8-fb03e8c709c5 HTTP/1.1" 200 202 0.025368
2015-03-10 03:39:33.934 27046 INFO urllib3.connectionpool [-] Starting new HTTP connection (1): 13.0.0.30
2015-03-10 03:39:33.960 27046 INFO urllib3.connectionpool [-] Starting new HTTP connection (1): 13.0.0.30
2015-03-10 03:39:33.986 27056 INFO neutron.wsgi [-] (27056) accepted ('13.0.0.3', 57436)
2015-03-10 03:39:34.029 27046 INFO neutron.notifiers.nova [-] Nova event response: {u'status': u'completed', u'tag': u'a2930cc1-8ee3-4744-8b30-9555a64dd190', u'name': u'network-vif-plugged', u'server_uuid': u'122f06be-24cd-4321-ab7f-74369afef06e', u'code': 200}
2015-03-10 03:39:34.034 27056 INFO neutron.plugins.ml2.managers [req-a146d4cb-5dff-42c2-acf9-c86dfad0e354 None] Extended port dict for driver 'cisco_n1kv_ext'
2015-03-10 03:39:34.035 27056 INFO neutron.wsgi [req-a146d4cb-5dff-42c2-acf9-c86dfad0e354 None] 13.0.0.3 - - [10/Mar/2015 03:39:34] "GET /v2.0/ports/37ff6798-bf81-4f22-8c72-20d82f42659a.json HTTP/1.1" 200 772 0.048024
2015-03-10 03:39:34.037 27056 INFO neutron.wsgi [-] (27056) accepted ('13.0.0.3', 57437)
2015-03-10 03:39:34.050 27056 INFO neutron.plugins.ml2.managers [req-7e3208ee-ef1e-4a38-8ba6-7d975bb17649 None] Extended network dict for driver 'cisco_n1kv_ext'
2015-03-10 03:39:34.053 27056 INFO neutron.wsgi [req-7e3208ee-ef1e-4a38-8ba6-7d975bb17649 None] 13.0.0.3 - - [10/Mar/2015 03:39:34] "GET /v2.0/networks.json?id=fd982938-5b84-487d-97c7-f5d4d3f9a362 HTTP/1.1" 200 462 0.015506
2015-03-10 03:39:34.056 27059 INFO neutron.wsgi [-] (27059) accepted ('13.0.0.3', 57438)
2015-03-10 03:39:34.058 27059 INFO urllib3.connectionpool [-] Resetting dropped connection: 13.0.0.25
2015-03-10 03:39:34.062 27046 INFO neutron.notifiers.nova [-] Nova event response: {u'status': u'completed', u'code': 200, u'name': u'network-changed', u'server_uuid': u'122f06be-24cd-4321-ab7f-74369afef06e'}
2015-03-10 03:39:34.065 27046 INFO neutron.wsgi [-] (27046) accepted ('13.0.0.3', 57441)
2015-03-10 03:39:34.082 27046 INFO neutron.plugins.ml2.managers [req-62c2ede5-8b7a-4255-bf63-bb35fa5c1e19 None] Extended port dict for driver 'cisco_n1kv_ext'
2015-03-10 03:39:34.084 27046 INFO neutron.wsgi [req-62c2ede5-8b7a-4255-bf63-bb35fa5c1e19 None] 13.0.0.3 - - [10/Mar/2015 03:39:34] "GET /v2.0/ports.json?tenant_id=515e9e6228364df6b3bf5eb9580a2db2&device_id=122f06be-24cd-4321-ab7f-74369afef06e HTTP/1.1" 200 996 0.017752
2015-03-10 03:39:34.086 27046 INFO neutron.wsgi [-] (27046) accepted ('13.0.0.3', 57442)
2015-03-10 03:39:34.107 27046 INFO neutron.plugins.ml2.managers [req-fa8660fd-e322-4d42-9c7e-2416006e7779 None] Extended network dict for driver 'cisco_n1kv_ext'
2015-03-10 03:39:34.110 27046 INFO neutron.wsgi [req-fa8660fd-e322-4d42-9c7e-2416006e7779 None] 13.0.0.3 - - [10/Mar/2015 03:39:34] "GET /v2.0/networks.json?id=94de049e-ec4e-4b8b-9c26-ec2606431d6c HTTP/1.1" 200 577 0.023827
2015-03-10 03:39:34.112 27046 INFO neutron.wsgi [-] (27046) accepted ('13.0.0.3', 57443)
2015-03-10 03:39:34.117 27046 INFO neutron.wsgi [req-2568af92-78dc-451d-bbef-bb2ce877fafd None] 13.0.0.3 - - [10/Mar/2015 03:39:34] "GET /v2.0/floatingips.json?fixed_ip_address=14.7.0.2&port_id=a2930cc1-8ee3-4744-8b30-9555a64dd190 HTTP/1.1" 200 208 0.004281
2015-03-10 03:39:34.119 27046 INFO neutron.wsgi [-] (27046) accepted ('13.0.0.3', 57444)
2015-03-10 03:39:34.124 27059 INFO neutron.plugins.ml2.managers [req-482d9ac2-7562-4ab0-96e5-32b1a76d2e5a None] Extended port dict for driver 'cisco_n1kv_ext'
2015-03-10 03:39:34.129 27046 INFO neutron.plugins.ml2.managers [req-9302f4fc-75db-42af-a945-8a986b73d853 None] Extended subnet dict for driver 'cisco_n1kv_ext'
2015-03-10 03:39:34.130 27046 INFO neutron.wsgi [req-9302f4fc-75db-42af-a945-8a986b73d853 None] 13.0.0.3 - - [10/Mar/2015 03:39:34] "GET /v2.0/subnets.json?id=d5096c7b-e2da-4a1f-9f26-e197d2a31e02 HTTP/1.1" 200 622 0.010652
2015-03-10 03:39:34.132 27046 INFO neutron.wsgi [-] (27046) accepted ('13.0.0.3', 57445)
2015-03-10 03:39:34.133 27059 INFO neutron.plugins.ml2.managers [req-482d9ac2-7562-4ab0-96e5-32b1a76d2e5a None] Extended port dict for driver 'cisco_n1kv_ext'
2015-03-10 03:39:34.145 27046 INFO neutron.wsgi [req-d114b9d3-036c-442f-a810-f30135fd5956 None] 13.0.0.3 - - [10/Mar/2015 03:39:34] "GET /v2.0/ports.json?network_id=94de049e-ec4e-4b8b-9c26-ec2606431d6c&device_owner=network%3Adhcp HTTP/1.1" 200 202 0.012308
2015-03-10 03:39:34.151 27059 INFO neutron.plugins.ml2.managers [req-482d9ac2-7562-4ab0-96e5-32b1a76d2e5a None] Extended port dict for driver 'cisco_n1kv_ext'
2015-03-10 03:39:34.162 27059 INFO neutron.plugins.ml2.managers [req-482d9ac2-7562-4ab0-96e5-32b1a76d2e5a None] Extended network dict for driver 'cisco_n1kv_ext'
2015-03-10 03:39:34.185 27061 INFO neutron.wsgi [-] (27061) accepted ('13.0.0.3', 57446)
2015-03-10 03:39:34.189 27059 INFO neutron.plugins.ml2.managers [req-482d9ac2-7562-4ab0-96e5-32b1a76d2e5a None] Extended port dict for driver 'cisco_n1kv_ext'
2015-03-10 03:39:34.192 27059 INFO neutron.plugins.ml2.managers [req-482d9ac2-7562-4ab0-96e5-32b1a76d2e5a None] Extended port dict for driver 'cisco_n1kv_ext'
2015-03-10 03:39:34.200 27059 INFO neutron.plugins.ml2.managers [req-482d9ac2-7562-4ab0-96e5-32b1a76d2e5a None] Extended network dict for driver 'cisco_n1kv_ext'
2015-03-10 03:39:34.213 27061 INFO neutron.plugins.ml2.managers [req-6227577f-2ac7-4a40-b7c8-00acbdc26b4f None] Extended port dict for driver 'cisco_n1kv_ext'
2015-03-10 03:39:34.215 27061 INFO neutron.wsgi [req-6227577f-2ac7-4a40-b7c8-00acbdc26b4f None] 13.0.0.3 - - [10/Mar/2015 03:39:34] "GET /v2.0/ports/741c2c71-4955-43de-b636-552407cdc2c6.json HTTP/1.1" 200 772 0.029208
2015-03-10 03:39:34.217 27061 INFO neutron.wsgi [-] (27061) accepted ('13.0.0.3', 57447)
2015-03-10 03:39:34.223 27059 INFO neutron.plugins.ml2.managers [req-482d9ac2-7562-4ab0-96e5-32b1a76d2e5a None] Extended network dict for driver 'cisco_n1kv_ext'
2015-03-10 03:39:34.233 27059 INFO neutron.wsgi [req-482d9ac2-7562-4ab0-96e5-32b1a76d2e5a None] 13.0.0.3 - - [10/Mar/2015 03:39:34] "PUT /v2.0/ports/37ff6798-bf81-4f22-8c72-20d82f42659a.json HTTP/1.1" 200 993 0.176450
2015-03-10 03:39:34.234 27061 INFO neutron.plugins.ml2.managers [req-bf02e45f-e2e9-45d6-a2ee-47c0301e0c62 None] Extended network dict for driver 'cisco_n1kv_ext'
2015-03-10 03:39:34.237 27047 INFO neutron.wsgi [-] (27047) accepted ('13.0.0.3', 57448)
2015-03-10 03:39:34.237 27061 INFO neutron.wsgi [req-bf02e45f-e2e9-45d6-a2ee-47c0301e0c62 None] 13.0.0.3 - - [10/Mar/2015 03:39:34] "GET /v2.0/networks.json?id=259a1c5f-bcdb-4989-8f54-70caac96f9bb HTTP/1.1" 200 462 0.019579
2015-03-10 03:39:34.242 27058 INFO neutron.wsgi [-] (27058) accepted ('13.0.0.3', 57449)
2015-03-10 03:39:34.280 27058 INFO neutron.plugins.ml2.managers [req-55fcebfb-dbbf-4521-95f4-fbf725c898b5 None] Extended port dict for driver 'cisco_n1kv_ext'
2015-03-10 03:39:34.290 27058 INFO neutron.plugins.ml2.managers [req-55fcebfb-dbbf-4521-95f4-fbf725c898b5 None] Extended port dict for driver 'cisco_n1kv_ext'
2015-03-10 03:39:34.302 27047 INFO neutron.plugins.ml2.managers [req-8030aef5-68ca-4465-9538-24070047bac0 None] Extended port dict for driver 'cisco_n1kv_ext'
2015-03-10 03:39:34.304 27047 INFO neutron.wsgi [req-8030aef5-68ca-4465-9538-24070047bac0 None] 13.0.0.3 - - [10/Mar/2015 03:39:34] "GET /v2.0/ports.json?tenant_id=38ca9a3a2b9a429c8d5931e035d0e642&device_id=a470bbd7-f81e-4c68-8bba-ea32197b921a HTTP/1.1" 200 996 0.066430
2015-03-10 03:39:34.306 27058 INFO neutron.plugins.ml2.managers [req-55fcebfb-dbbf-4521-95f4-fbf725c898b5 None] Extended port dict for driver 'cisco_n1kv_ext'
2015-03-10 03:39:34.308 27047 INFO neutron.wsgi [-] (27047) accepted ('13.0.0.3', 57450)
2015-03-10 03:39:34.313 27047 INFO neutron.wsgi [req-9b3ee68d-2537-4f40-8330-6e237fef38e8 None] 13.0.0.3 - - [10/Mar/2015 03:39:34] "GET /v2.0/floatingips.json?fixed_ip_address=14.3.0.2&port_id=37ff6798-bf81-4f22-8c72-20d82f42659a HTTP/1.1" 200 208 0.004728
2015-03-10 03:39:34.315 27058 INFO neutron.plugins.ml2.managers [req-55fcebfb-dbbf-4521-95f4-fbf725c898b5 None] Extended network dict for driver 'cisco_n1kv_ext'
2015-03-10 03:39:34.320 27051 INFO neutron.wsgi [-] (27051) accepted ('13.0.0.3', 57451)
2015-03-10 03:39:34.334 27051 INFO neutron.plugins.ml2.managers [req-cb163658-0601-4400-80d8-0ed9e9793249 None] Extended subnet dict for driver 'cisco_n1kv_ext'
2015-03-10 03:39:34.335 27051 INFO neutron.wsgi [req-cb163658-0601-4400-80d8-0ed9e9793249 None] 13.0.0.3 - - [10/Mar/2015 03:39:34] "GET /v2.0/subnets.json?id=c01c2522-472b-405c-9320-4b267e0fcdd0 HTTP/1.1" 200 622 0.014121
2015-03-10 03:39:34.340 27058 INFO neutron.plugins.ml2.managers [req-55fcebfb-dbbf-4521-95f4-fbf725c898b5 None] Extended port dict for driver 'cisco_n1kv_ext'
2015-03-10 03:39:34.342 27058 INFO neutron.plugins.ml2.managers [req-55fcebfb-dbbf-4521-95f4-fbf725c898b5 None] Extended port dict for driver 'cisco_n1kv_ext'
2015-03-10 03:39:34.343 27049 INFO neutron.wsgi [-] (27049) accepted ('13.0.0.3', 57453)
2015-03-10 03:39:34.350 27058 INFO neutron.plugins.ml2.managers [req-55fcebfb-dbbf-4521-95f4-fbf725c898b5 None] Extended network dict for driver 'cisco_n1kv_ext'
2015-03-10 03:39:34.372 27058 INFO neutron.plugins.ml2.managers [req-55fcebfb-dbbf-4521-95f4-fbf725c898b5 None] Extended network dict for driver 'cisco_n1kv_ext'
2015-03-10 03:39:34.382 27058 INFO neutron.wsgi [req-55fcebfb-dbbf-4521-95f4-fbf725c898b5 None] 13.0.0.3 - - [10/Mar/2015 03:39:34] "PUT /v2.0/ports/741c2c71-4955-43de-b636-552407cdc2c6.json HTTP/1.1" 200 993 0.140129
2015-03-10 03:39:34.395 27046 INFO neutron.wsgi [-] (27046) accepted ('13.0.0.3', 57454)
2015-03-10 03:39:34.398 27049 INFO neutron.wsgi [req-688a63b6-89bb-471b-ad4d-ba5180d07f2d None] 13.0.0.3 - - [10/Mar/2015 03:39:34] "GET /v2.0/ports.json?network_id=fd982938-5b84-487d-97c7-f5d4d3f9a362&device_owner=network%3Adhcp HTTP/1.1" 200 202 0.054274
2015-03-10 03:39:34.413 27046 INFO neutron.plugins.ml2.managers [req-42ff9606-cdce-4372-b39d-6e0ced4d60a3 None] Extended port dict for driver 'cisco_n1kv_ext'
2015-03-10 03:39:34.414 27046 INFO neutron.wsgi [req-42ff9606-cdce-4372-b39d-6e0ced4d60a3 None] 13.0.0.3 - - [10/Mar/2015 03:39:34] "GET /v2.0/ports.json?tenant_id=cd8e05c53c6f4db79368f04564dcb4d3&device_id=b574c82d-2805-4b37-80c8-fb03e8c709c5 HTTP/1.1" 200 996 0.018661
2015-03-10 03:39:34.418 27059 INFO neutron.wsgi [-] (27059) accepted ('13.0.0.3', 57455)
2015-03-10 03:39:34.436 27059 INFO neutron.wsgi [req-cc3dff62-b493-4db0-b2db-b96120ab891e None] 13.0.0.3 - - [10/Mar/2015 03:39:34] "GET /v2.0/floatingips.json?fixed_ip_address=14.6.0.2&port_id=741c2c71-4955-43de-b636-552407cdc2c6 HTTP/1.1" 200 208 0.016943
2015-03-10 03:39:34.441 27056 INFO neutron.wsgi [-] (27056) accepted ('13.0.0.3', 57456)
2015-03-10 03:39:34.464 27056 INFO neutron.plugins.ml2.managers [req-342542b1-945e-4ad7-b9b6-484c9f48b0e0 None] Extended subnet dict for driver 'cisco_n1kv_ext'
2015-03-10 03:39:34.465 27056 INFO neutron.wsgi [req-342542b1-945e-4ad7-b9b6-484c9f48b0e0 None] 13.0.0.3 - - [10/Mar/2015 03:39:34] "GET /v2.0/subnets.json?id=531cb58f-d0c8-4894-ad12-a08c200d40c4 HTTP/1.1" 200 622 0.023424
2015-03-10 03:39:34.469 27056 INFO neutron.wsgi [-] (27056) accepted ('13.0.0.3', 57457)
2015-03-10 03:39:34.485 27056 INFO neutron.wsgi [req-0566793b-5c39-4543-94f6-5a099b8c34d6 None] 13.0.0.3 - - [10/Mar/2015 03:39:34] "GET /v2.0/ports.json?network_id=259a1c5f-bcdb-4989-8f54-70caac96f9bb&device_owner=network%3Adhcp HTTP/1.1" 200 202 0.015844
2015-03-10 03:39:34.591 27070 INFO neutron.plugins.ml2.managers [req-219e570c-5532-4225-90cc-678dbfd70c12 None] Extended port dict for driver 'cisco_n1kv_ext'
2015-03-10 03:39:35.630 27072 INFO neutron.plugins.ml2.managers [req-219e570c-5532-4225-90cc-678dbfd70c12 None] Extended port dict for driver 'cisco_n1kv_ext'
