2015-03-10 17:02:15.175 3034 INFO neutron.plugins.ml2.managers [req-395e1ec0-60e0-4011-b5e4-32998f5c6544 None] Extended network dict for driver 'cisco_n1kv_ext'
2015-03-10 17:02:15.215 3034 INFO neutron.plugins.ml2.managers [req-395e1ec0-60e0-4011-b5e4-32998f5c6544 None] Extended subnet dict for driver 'cisco_n1kv_ext'
2015-03-10 17:02:15.228 3034 INFO neutron.plugins.ml2.managers [req-395e1ec0-60e0-4011-b5e4-32998f5c6544 None] Extended network dict for driver 'cisco_n1kv_ext'
2015-03-10 17:02:15.237 3034 INFO urllib3.connectionpool [-] Starting new HTTP connection (1): 13.0.0.250
2015-03-10 17:02:15.677 3040 INFO neutron.plugins.ml2.drivers.cisco.n1kv.n1kv_client [req-3b58f0e4-e86f-47b5-a5b6-6c51338ade87 None] VSM: Successfully created "vm-network vmn_1b71fdbe-e571-4cf8-98ff-19a9b1bf5009_cd2be57a-8869-4077-860c-47ee98f55e64"
2015-03-10 17:02:15.677 3040 INFO neutron.plugins.ml2.drivers.cisco.n1kv.mech_cisco_n1kv [req-3b58f0e4-e86f-47b5-a5b6-6c51338ade87 None] Create port(postcommit) succeeded for port: 2b25341f-5794-4446-8cc4-6cf900abc484 on network: cd2be57a-8869-4077-860c-47ee98f55e64 with policy profile ID: 1b71fdbe-e571-4cf8-98ff-19a9b1bf5009
2015-03-10 17:02:15.694 3040 INFO neutron.plugins.ml2.managers [req-3b58f0e4-e86f-47b5-a5b6-6c51338ade87 None] Extended network dict for driver 'cisco_n1kv_ext'
2015-03-10 17:02:15.707 3040 INFO neutron.wsgi [req-3b58f0e4-e86f-47b5-a5b6-6c51338ade87 None] 13.0.0.3 - - [10/Mar/2015 17:02:15] "POST /v2.0/ports.json HTTP/1.1" 201 754 2.480969
2015-03-10 17:02:16.091 3037 INFO neutron.wsgi [-] (3037) accepted ('13.0.0.3', 40993)
2015-03-10 17:02:16.154 3037 INFO neutron.plugins.ml2.managers [req-61957e89-b5c5-43dc-8b3a-89e5c87fdc09 None] Extended network dict for driver 'cisco_n1kv_ext'
2015-03-10 17:02:16.157 3037 INFO neutron.wsgi [req-61957e89-b5c5-43dc-8b3a-89e5c87fdc09 None] 13.0.0.3 - - [10/Mar/2015 17:02:16] "GET /v2.0/networks.json?fields=id&id=36b0756a-7658-4cc0-a83d-edefbd52ffc8 HTTP/1.1" 200 251 0.065641
2015-03-10 17:02:16.175 3037 INFO neutron.plugins.ml2.managers [req-6708dc07-ef20-42b0-ae32-1569212c1d2a None] Extended network dict for driver 'cisco_n1kv_ext'
2015-03-10 17:02:16.182 3037 INFO neutron.quota [req-6708dc07-ef20-42b0-ae32-1569212c1d2a None] Loaded quota_driver: <neutron.db.quota_db.DbQuotaDriver object at 0x3909650>.
2015-03-10 17:02:16.217 3037 INFO neutron.plugins.ml2.managers [req-6708dc07-ef20-42b0-ae32-1569212c1d2a None] Extended subnet dict for driver 'cisco_n1kv_ext'
2015-03-10 17:02:16.232 3037 INFO neutron.plugins.ml2.managers [req-6708dc07-ef20-42b0-ae32-1569212c1d2a None] Extended network dict for driver 'cisco_n1kv_ext'
2015-03-10 17:02:16.241 3037 INFO urllib3.connectionpool [-] Starting new HTTP connection (1): 13.0.0.250
2015-03-10 17:02:16.711 3036 INFO neutron.plugins.ml2.drivers.cisco.n1kv.n1kv_client [req-14534fb3-8ff5-4235-83df-e69cc9071eba None] VSM: Successfully created "vm-network vmn_1b71fdbe-e571-4cf8-98ff-19a9b1bf5009_6dfb3281-b9cd-4b22-81d7-8c3b0b7944f6"
2015-03-10 17:02:16.711 3036 INFO neutron.plugins.ml2.drivers.cisco.n1kv.mech_cisco_n1kv [req-14534fb3-8ff5-4235-83df-e69cc9071eba None] Create port(postcommit) succeeded for port: 11e3235e-16c8-4014-92b7-d595a1646cd3 on network: 6dfb3281-b9cd-4b22-81d7-8c3b0b7944f6 with policy profile ID: 1b71fdbe-e571-4cf8-98ff-19a9b1bf5009
2015-03-10 17:02:16.733 3036 INFO neutron.plugins.ml2.managers [req-14534fb3-8ff5-4235-83df-e69cc9071eba None] Extended network dict for driver 'cisco_n1kv_ext'
2015-03-10 17:02:16.748 3036 INFO neutron.wsgi [req-14534fb3-8ff5-4235-83df-e69cc9071eba None] 13.0.0.3 - - [10/Mar/2015 17:02:16] "POST /v2.0/ports.json HTTP/1.1" 201 755 3.185006
2015-03-10 17:02:17.141 3040 INFO neutron.wsgi [-] (3040) accepted ('13.0.0.3', 41015)
2015-03-10 17:02:17.165 3040 INFO neutron.plugins.ml2.managers [req-9dcad40d-2597-4d35-8461-6fc847ffeba8 None] Extended network dict for driver 'cisco_n1kv_ext'
2015-03-10 17:02:17.168 3040 INFO neutron.wsgi [req-9dcad40d-2597-4d35-8461-6fc847ffeba8 None] 13.0.0.3 - - [10/Mar/2015 17:02:17] "GET /v2.0/networks.json?fields=id&id=a460d016-1885-4682-b1b8-74f026c314ac HTTP/1.1" 200 251 0.026225
2015-03-10 17:02:17.189 3040 INFO neutron.plugins.ml2.managers [req-c2c50544-26f8-4c01-91f1-445e6d7aa2a9 None] Extended network dict for driver 'cisco_n1kv_ext'
2015-03-10 17:02:17.228 3040 INFO neutron.plugins.ml2.managers [req-c2c50544-26f8-4c01-91f1-445e6d7aa2a9 None] Extended subnet dict for driver 'cisco_n1kv_ext'
2015-03-10 17:02:17.241 3040 INFO neutron.plugins.ml2.managers [req-c2c50544-26f8-4c01-91f1-445e6d7aa2a9 None] Extended network dict for driver 'cisco_n1kv_ext'
2015-03-10 17:02:17.249 3040 INFO urllib3.connectionpool [-] Starting new HTTP connection (1): 13.0.0.250
2015-03-10 17:02:18.179 3036 INFO neutron.wsgi [-] (3036) accepted ('13.0.0.3', 41036)
2015-03-10 17:02:18.235 3036 INFO neutron.plugins.ml2.managers [req-c377f54f-b532-44c5-8e98-d616dd258fbc None] Extended network dict for driver 'cisco_n1kv_ext'
2015-03-10 17:02:18.238 3036 INFO neutron.wsgi [req-c377f54f-b532-44c5-8e98-d616dd258fbc None] 13.0.0.3 - - [10/Mar/2015 17:02:18] "GET /v2.0/networks.json?fields=id&id=dbd01a09-e83d-42f9-8c83-01d40f1764ca HTTP/1.1" 200 251 0.058063
2015-03-10 17:02:18.256 3036 INFO neutron.plugins.ml2.managers [req-e51530e2-596f-4c0c-b0fb-49d617a73da4 None] Extended network dict for driver 'cisco_n1kv_ext'
2015-03-10 17:02:18.295 3036 INFO neutron.plugins.ml2.managers [req-e51530e2-596f-4c0c-b0fb-49d617a73da4 None] Extended subnet dict for driver 'cisco_n1kv_ext'
2015-03-10 17:02:18.310 3036 INFO neutron.plugins.ml2.managers [req-e51530e2-596f-4c0c-b0fb-49d617a73da4 None] Extended network dict for driver 'cisco_n1kv_ext'
2015-03-10 17:02:18.320 3036 INFO urllib3.connectionpool [-] Starting new HTTP connection (1): 13.0.0.250
2015-03-10 17:02:18.702 3029 INFO neutron.plugins.ml2.drivers.cisco.n1kv.n1kv_client [req-94da03bb-7b92-4b70-9423-cf72a82d57b5 None] VSM: Successfully created "vm-network vmn_1b71fdbe-e571-4cf8-98ff-19a9b1bf5009_d13d28c5-6b41-4869-83ef-fa433c98fa36"
2015-03-10 17:02:18.702 3029 INFO neutron.plugins.ml2.drivers.cisco.n1kv.mech_cisco_n1kv [req-94da03bb-7b92-4b70-9423-cf72a82d57b5 None] Create port(postcommit) succeeded for port: addadca3-96ab-4116-8d1d-412cee14d524 on network: d13d28c5-6b41-4869-83ef-fa433c98fa36 with policy profile ID: 1b71fdbe-e571-4cf8-98ff-19a9b1bf5009
2015-03-10 17:02:18.719 3029 INFO neutron.plugins.ml2.managers [req-94da03bb-7b92-4b70-9423-cf72a82d57b5 None] Extended network dict for driver 'cisco_n1kv_ext'
2015-03-10 17:02:18.733 3029 INFO neutron.wsgi [req-94da03bb-7b92-4b70-9423-cf72a82d57b5 None] 13.0.0.3 - - [10/Mar/2015 17:02:18] "POST /v2.0/ports.json HTTP/1.1" 201 754 4.923594
2015-03-10 17:02:18.794 3030 INFO neutron.plugins.ml2.drivers.cisco.n1kv.n1kv_client [req-f8a5e327-8166-4f00-9796-daece2dad50a None] VSM: Successfully created "vm-network vmn_1b71fdbe-e571-4cf8-98ff-19a9b1bf5009_ab53ab97-3fc2-45dc-9c87-9d61a7ad5485"
2015-03-10 17:02:18.794 3030 INFO neutron.plugins.ml2.drivers.cisco.n1kv.mech_cisco_n1kv [req-f8a5e327-8166-4f00-9796-daece2dad50a None] Create port(postcommit) succeeded for port: becbb1fb-f02a-4919-957d-63fa9c36341e on network: ab53ab97-3fc2-45dc-9c87-9d61a7ad5485 with policy profile ID: 1b71fdbe-e571-4cf8-98ff-19a9b1bf5009
2015-03-10 17:02:18.812 3030 INFO neutron.plugins.ml2.managers [req-f8a5e327-8166-4f00-9796-daece2dad50a None] Extended network dict for driver 'cisco_n1kv_ext'
2015-03-10 17:02:18.836 3030 INFO neutron.wsgi [req-f8a5e327-8166-4f00-9796-daece2dad50a None] 13.0.0.3 - - [10/Mar/2015 17:02:18] "POST /v2.0/ports.json HTTP/1.1" 201 754 4.981467
2015-03-10 17:02:18.850 3050 INFO neutron.plugins.ml2.managers [req-bc553870-878e-443b-a46a-48dbd610ed30 None] Extended network dict for driver 'cisco_n1kv_ext'
2015-03-10 17:02:18.861 3050 INFO neutron.plugins.ml2.managers [req-bc553870-878e-443b-a46a-48dbd610ed30 None] Extended subnet dict for driver 'cisco_n1kv_ext'
2015-03-10 17:02:18.874 3050 INFO neutron.plugins.ml2.managers [req-bc553870-878e-443b-a46a-48dbd610ed30 None] Extended port dict for driver 'cisco_n1kv_ext'
2015-03-10 17:02:19.220 3040 INFO neutron.wsgi [-] (3040) accepted ('13.0.0.3', 41058)
2015-03-10 17:02:19.243 3040 INFO neutron.plugins.ml2.managers [req-18f36f5c-5977-4790-aff1-9d0fbd355de9 None] Extended network dict for driver 'cisco_n1kv_ext'
2015-03-10 17:02:19.246 3040 INFO neutron.wsgi [req-18f36f5c-5977-4790-aff1-9d0fbd355de9 None] 13.0.0.3 - - [10/Mar/2015 17:02:19] "GET /v2.0/networks.json?fields=id&id=9a63f2dd-a91a-465f-b402-68250c8f3757 HTTP/1.1" 200 251 0.025335
2015-03-10 17:02:19.264 3040 INFO neutron.plugins.ml2.managers [req-1b28aff5-d0c7-4639-8cfc-54a4ad1e63c7 None] Extended network dict for driver 'cisco_n1kv_ext'
2015-03-10 17:02:19.305 3040 INFO neutron.plugins.ml2.managers [req-1b28aff5-d0c7-4639-8cfc-54a4ad1e63c7 None] Extended subnet dict for driver 'cisco_n1kv_ext'
2015-03-10 17:02:19.318 3040 INFO neutron.plugins.ml2.managers [req-1b28aff5-d0c7-4639-8cfc-54a4ad1e63c7 None] Extended network dict for driver 'cisco_n1kv_ext'
2015-03-10 17:02:19.326 3040 INFO urllib3.connectionpool [-] Starting new HTTP connection (1): 13.0.0.250
2015-03-10 17:02:20.922 3034 INFO neutron.plugins.ml2.drivers.cisco.n1kv.n1kv_client [req-395e1ec0-60e0-4011-b5e4-32998f5c6544 None] VSM: Successfully created "vm-network vmn_1b71fdbe-e571-4cf8-98ff-19a9b1bf5009_a6c06cf5-2cbf-4586-8ea2-619372c8f1c7"
2015-03-10 17:02:20.922 3034 INFO neutron.plugins.ml2.drivers.cisco.n1kv.mech_cisco_n1kv [req-395e1ec0-60e0-4011-b5e4-32998f5c6544 None] Create port(postcommit) succeeded for port: 01a85c2b-c2df-4110-a917-bb17d8887d24 on network: a6c06cf5-2cbf-4586-8ea2-619372c8f1c7 with policy profile ID: 1b71fdbe-e571-4cf8-98ff-19a9b1bf5009
2015-03-10 17:02:20.923 3039 INFO neutron.plugins.ml2.drivers.cisco.n1kv.mech_cisco_n1kv [req-1f370a70-5b5d-4ecf-9ba3-2551324c93dc None] Internal VSM Error: %(reason)s.
2015-03-10 17:02:20.924 3039 ERROR neutron.plugins.ml2.managers [req-1f370a70-5b5d-4ecf-9ba3-2551324c93dc None] Mechanism driver 'cisco_n1kv' failed in create_port_postcommit
2015-03-10 17:02:20.924 3039 TRACE neutron.plugins.ml2.managers Traceback (most recent call last):
2015-03-10 17:02:20.924 3039 TRACE neutron.plugins.ml2.managers   File "/usr/lib/python2.7/site-packages/neutron/plugins/ml2/managers.py", line 291, in _call_on_drivers
2015-03-10 17:02:20.924 3039 TRACE neutron.plugins.ml2.managers     getattr(driver.obj, method_name)(context)
2015-03-10 17:02:20.924 3039 TRACE neutron.plugins.ml2.managers   File "/usr/lib/python2.7/site-packages/neutron/plugins/ml2/drivers/cisco/n1kv/mech_cisco_n1kv.py", line 258, in create_port_postcommit
2015-03-10 17:02:20.924 3039 TRACE neutron.plugins.ml2.managers     raise ml2_exc.MechanismDriverError()
2015-03-10 17:02:20.924 3039 TRACE neutron.plugins.ml2.managers MechanismDriverError: <unprintable MechanismDriverError object>
2015-03-10 17:02:20.924 3039 TRACE neutron.plugins.ml2.managers 
2015-03-10 17:02:20.925 3039 ERROR neutron.plugins.ml2.plugin [req-1f370a70-5b5d-4ecf-9ba3-2551324c93dc None] mechanism_manager.create_port_postcommit failed, deleting port 'ddc19253-97c6-4f0c-a437-cb69ea32abff'
2015-03-10 17:02:20.935 3040 INFO neutron.plugins.ml2.drivers.cisco.n1kv.mech_cisco_n1kv [req-c2c50544-26f8-4c01-91f1-445e6d7aa2a9 None] Internal VSM Error: %(reason)s.
2015-03-10 17:02:20.936 3040 ERROR neutron.plugins.ml2.managers [req-c2c50544-26f8-4c01-91f1-445e6d7aa2a9 None] Mechanism driver 'cisco_n1kv' failed in create_port_postcommit
2015-03-10 17:02:20.936 3040 TRACE neutron.plugins.ml2.managers Traceback (most recent call last):
2015-03-10 17:02:20.936 3040 TRACE neutron.plugins.ml2.managers   File "/usr/lib/python2.7/site-packages/neutron/plugins/ml2/managers.py", line 291, in _call_on_drivers
2015-03-10 17:02:20.936 3040 TRACE neutron.plugins.ml2.managers     getattr(driver.obj, method_name)(context)
2015-03-10 17:02:20.936 3040 TRACE neutron.plugins.ml2.managers   File "/usr/lib/python2.7/site-packages/neutron/plugins/ml2/drivers/cisco/n1kv/mech_cisco_n1kv.py", line 258, in create_port_postcommit
2015-03-10 17:02:20.936 3040 TRACE neutron.plugins.ml2.managers     raise ml2_exc.MechanismDriverError()
2015-03-10 17:02:20.936 3040 TRACE neutron.plugins.ml2.managers MechanismDriverError: <unprintable MechanismDriverError object>
2015-03-10 17:02:20.936 3040 TRACE neutron.plugins.ml2.managers 
2015-03-10 17:02:20.936 3040 ERROR neutron.plugins.ml2.plugin [req-c2c50544-26f8-4c01-91f1-445e6d7aa2a9 None] mechanism_manager.create_port_postcommit failed, deleting port 'a841af15-44ef-4129-aca3-9b2832548e42'
2015-03-10 17:02:20.942 3034 INFO neutron.plugins.ml2.managers [req-395e1ec0-60e0-4011-b5e4-32998f5c6544 None] Extended network dict for driver 'cisco_n1kv_ext'
2015-03-10 17:02:20.942 3036 INFO neutron.plugins.ml2.drivers.cisco.n1kv.n1kv_client [req-e51530e2-596f-4c0c-b0fb-49d617a73da4 None] VSM: Successfully created "vm-network vmn_1b71fdbe-e571-4cf8-98ff-19a9b1bf5009_dbd01a09-e83d-42f9-8c83-01d40f1764ca"
2015-03-10 17:02:20.943 3036 INFO neutron.plugins.ml2.drivers.cisco.n1kv.mech_cisco_n1kv [req-e51530e2-596f-4c0c-b0fb-49d617a73da4 None] Create port(postcommit) succeeded for port: d5e451f8-c69f-48c9-8329-992f9d6ae4f7 on network: dbd01a09-e83d-42f9-8c83-01d40f1764ca with policy profile ID: 1b71fdbe-e571-4cf8-98ff-19a9b1bf5009
2015-03-10 17:02:20.951 3039 INFO neutron.plugins.ml2.managers [req-1f370a70-5b5d-4ecf-9ba3-2551324c93dc None] Extended port dict for driver 'cisco_n1kv_ext'
2015-03-10 17:02:20.960 3036 INFO neutron.plugins.ml2.managers [req-e51530e2-596f-4c0c-b0fb-49d617a73da4 None] Extended network dict for driver 'cisco_n1kv_ext'
2015-03-10 17:02:20.961 3039 INFO neutron.plugins.ml2.managers [req-1f370a70-5b5d-4ecf-9ba3-2551324c93dc None] Extended network dict for driver 'cisco_n1kv_ext'
2015-03-10 17:02:20.964 3034 INFO neutron.wsgi [req-395e1ec0-60e0-4011-b5e4-32998f5c6544 None] 13.0.0.3 - - [10/Mar/2015 17:02:20] "POST /v2.0/ports.json HTTP/1.1" 201 754 5.803526
2015-03-10 17:02:20.966 3040 INFO neutron.plugins.ml2.managers [req-c2c50544-26f8-4c01-91f1-445e6d7aa2a9 None] Extended port dict for driver 'cisco_n1kv_ext'
2015-03-10 17:02:20.979 3040 INFO neutron.plugins.ml2.managers [req-c2c50544-26f8-4c01-91f1-445e6d7aa2a9 None] Extended network dict for driver 'cisco_n1kv_ext'
2015-03-10 17:02:20.982 3036 INFO neutron.wsgi [req-e51530e2-596f-4c0c-b0fb-49d617a73da4 None] 13.0.0.3 - - [10/Mar/2015 17:02:20] "POST /v2.0/ports.json HTTP/1.1" 201 754 2.740869
2015-03-10 17:02:20.996 3039 INFO urllib3.connectionpool [-] Starting new HTTP connection (1): 13.0.0.250
2015-03-10 17:02:21.011 3040 INFO urllib3.connectionpool [-] Starting new HTTP connection (1): 13.0.0.250
2015-03-10 17:02:21.209 3036 INFO neutron.wsgi [-] (3036) accepted ('13.0.0.3', 41098)
2015-03-10 17:02:21.237 3036 INFO neutron.plugins.ml2.managers [req-65f206fb-fd90-469f-95a9-0db04c77ae3e None] Extended network dict for driver 'cisco_n1kv_ext'
2015-03-10 17:02:21.240 3036 INFO neutron.wsgi [req-65f206fb-fd90-469f-95a9-0db04c77ae3e None] 13.0.0.3 - - [10/Mar/2015 17:02:21] "GET /v2.0/networks.json?fields=id&id=ffc06c1c-3a0a-4d94-8c7f-ab091e72df32 HTTP/1.1" 200 251 0.029992
2015-03-10 17:02:21.257 3036 INFO neutron.plugins.ml2.managers [req-4e3ece7f-eca4-4e37-8cae-ac892c270d06 None] Extended network dict for driver 'cisco_n1kv_ext'
2015-03-10 17:02:21.299 3036 INFO neutron.plugins.ml2.managers [req-4e3ece7f-eca4-4e37-8cae-ac892c270d06 None] Extended subnet dict for driver 'cisco_n1kv_ext'
2015-03-10 17:02:21.316 3036 INFO neutron.plugins.ml2.managers [req-4e3ece7f-eca4-4e37-8cae-ac892c270d06 None] Extended network dict for driver 'cisco_n1kv_ext'
2015-03-10 17:02:21.325 3036 INFO urllib3.connectionpool [-] Starting new HTTP connection (1): 13.0.0.250
2015-03-10 17:02:21.409 2859 INFO urllib3.connectionpool [-] Starting new HTTP connection (1): 13.0.0.250
2015-03-10 17:02:23.693 3037 INFO neutron.plugins.ml2.drivers.cisco.n1kv.n1kv_client [req-6708dc07-ef20-42b0-ae32-1569212c1d2a None] VSM: Successfully created "vm-network vmn_1b71fdbe-e571-4cf8-98ff-19a9b1bf5009_36b0756a-7658-4cc0-a83d-edefbd52ffc8"
2015-03-10 17:02:23.693 3037 INFO neutron.plugins.ml2.drivers.cisco.n1kv.mech_cisco_n1kv [req-6708dc07-ef20-42b0-ae32-1569212c1d2a None] Create port(postcommit) succeeded for port: 45d3f692-55de-44f7-81e1-091b9ab67864 on network: 36b0756a-7658-4cc0-a83d-edefbd52ffc8 with policy profile ID: 1b71fdbe-e571-4cf8-98ff-19a9b1bf5009
2015-03-10 17:02:23.715 3037 INFO neutron.plugins.ml2.managers [req-6708dc07-ef20-42b0-ae32-1569212c1d2a None] Extended network dict for driver 'cisco_n1kv_ext'
2015-03-10 17:02:23.730 3037 INFO neutron.wsgi [req-6708dc07-ef20-42b0-ae32-1569212c1d2a None] 13.0.0.3 - - [10/Mar/2015 17:02:23] "POST /v2.0/ports.json HTTP/1.1" 201 754 7.570493
2015-03-10 17:02:23.933 3032 INFO neutron.wsgi [-] (3032) accepted ('13.0.0.3', 41150)
2015-03-10 17:02:23.949 3032 INFO neutron.wsgi [req-83637a07-1fe0-4b57-9741-93480822ab2f None] 13.0.0.3 - - [10/Mar/2015 17:02:23] "GET /v2.0/ports.json?tenant_id=f55c6ac5ec2347c89f625e6bace7d003&device_id=4666bc70-62ca-448c-9d40-7510f5949881 HTTP/1.1" 200 202 0.014592
2015-03-10 17:02:23.951 3032 INFO neutron.wsgi [-] (3032) accepted ('13.0.0.3', 41151)
2015-03-10 17:02:23.963 3032 INFO neutron.plugins.ml2.managers [req-27f80d8f-8783-487a-9c95-6c32e10839ac None] Extended network dict for driver 'cisco_n1kv_ext'
2015-03-10 17:02:23.966 3032 INFO neutron.wsgi [req-27f80d8f-8783-487a-9c95-6c32e10839ac None] 13.0.0.3 - - [10/Mar/2015 17:02:23] "GET /v2.0/networks.json?id=a460d016-1885-4682-b1b8-74f026c314ac HTTP/1.1" 200 577 0.013941
2015-03-10 17:02:24.734 3040 INFO neutron.plugins.ml2.drivers.cisco.n1kv.n1kv_client [req-1b28aff5-d0c7-4639-8cfc-54a4ad1e63c7 None] VSM: Successfully created "vm-network vmn_1b71fdbe-e571-4cf8-98ff-19a9b1bf5009_9a63f2dd-a91a-465f-b402-68250c8f3757"
2015-03-10 17:02:24.735 3040 INFO neutron.plugins.ml2.drivers.cisco.n1kv.mech_cisco_n1kv [req-1b28aff5-d0c7-4639-8cfc-54a4ad1e63c7 None] Create port(postcommit) succeeded for port: 1f8eb682-b4ef-4fd9-8c3e-36fac0309609 on network: 9a63f2dd-a91a-465f-b402-68250c8f3757 with policy profile ID: 1b71fdbe-e571-4cf8-98ff-19a9b1bf5009
2015-03-10 17:02:24.751 3040 INFO neutron.plugins.ml2.managers [req-1b28aff5-d0c7-4639-8cfc-54a4ad1e63c7 None] Extended network dict for driver 'cisco_n1kv_ext'
2015-03-10 17:02:24.767 3040 INFO neutron.wsgi [req-1b28aff5-d0c7-4639-8cfc-54a4ad1e63c7 None] 13.0.0.3 - - [10/Mar/2015 17:02:24] "POST /v2.0/ports.json HTTP/1.1" 201 755 5.518623
2015-03-10 17:02:25.138 3040 INFO neutron.plugins.ml2.drivers.cisco.n1kv.n1kv_client [req-c2c50544-26f8-4c01-91f1-445e6d7aa2a9 None] VSM: Successfully deleted "ports a841af15-44ef-4129-aca3-9b2832548e42"
2015-03-10 17:02:25.138 3040 INFO neutron.plugins.ml2.drivers.cisco.n1kv.mech_cisco_n1kv [req-c2c50544-26f8-4c01-91f1-445e6d7aa2a9 None] Delete port(postcommit) succeeded for port: a841af15-44ef-4129-aca3-9b2832548e42 on network: a460d016-1885-4682-b1b8-74f026c314ac with policy profile ID: 1b71fdbe-e571-4cf8-98ff-19a9b1bf5009
2015-03-10 17:02:25.138 3039 INFO neutron.plugins.ml2.drivers.cisco.n1kv.n1kv_client [req-1f370a70-5b5d-4ecf-9ba3-2551324c93dc None] VSM: Successfully deleted "ports ddc19253-97c6-4f0c-a437-cb69ea32abff"
2015-03-10 17:02:25.139 3039 INFO neutron.plugins.ml2.drivers.cisco.n1kv.mech_cisco_n1kv [req-1f370a70-5b5d-4ecf-9ba3-2551324c93dc None] Delete port(postcommit) succeeded for port: ddc19253-97c6-4f0c-a437-cb69ea32abff on network: f6792989-3c7f-4578-a77f-21c3f783c1de with policy profile ID: 1b71fdbe-e571-4cf8-98ff-19a9b1bf5009
2015-03-10 17:02:25.141 3040 ERROR neutron.api.v2.resource [req-c2c50544-26f8-4c01-91f1-445e6d7aa2a9 None] create failed
2015-03-10 17:02:25.141 3040 TRACE neutron.api.v2.resource Traceback (most recent call last):
2015-03-10 17:02:25.141 3040 TRACE neutron.api.v2.resource   File "/usr/lib/python2.7/site-packages/neutron/api/v2/resource.py", line 87, in resource
2015-03-10 17:02:25.141 3040 TRACE neutron.api.v2.resource     result = method(request=request, **args)
2015-03-10 17:02:25.141 3040 TRACE neutron.api.v2.resource   File "/usr/lib/python2.7/site-packages/neutron/api/v2/base.py", line 448, in create
2015-03-10 17:02:25.141 3040 TRACE neutron.api.v2.resource     obj = obj_creator(request.context, **kwargs)
2015-03-10 17:02:25.141 3040 TRACE neutron.api.v2.resource   File "/usr/lib/python2.7/site-packages/neutron/plugins/ml2/plugin.py", line 808, in create_port
2015-03-10 17:02:25.141 3040 TRACE neutron.api.v2.resource     self.delete_port(context, result['id'])
2015-03-10 17:02:25.141 3040 TRACE neutron.api.v2.resource   File "/usr/lib/python2.7/site-packages/neutron/openstack/common/excutils.py", line 82, in __exit__
2015-03-10 17:02:25.141 3040 TRACE neutron.api.v2.resource     six.reraise(self.type_, self.value, self.tb)
2015-03-10 17:02:25.141 3040 TRACE neutron.api.v2.resource   File "/usr/lib/python2.7/site-packages/neutron/plugins/ml2/plugin.py", line 803, in create_port
2015-03-10 17:02:25.141 3040 TRACE neutron.api.v2.resource     self.mechanism_manager.create_port_postcommit(mech_context)
2015-03-10 17:02:25.141 3040 TRACE neutron.api.v2.resource   File "/usr/lib/python2.7/site-packages/neutron/plugins/ml2/managers.py", line 500, in create_port_postcommit
2015-03-10 17:02:25.141 3040 TRACE neutron.api.v2.resource     self._call_on_drivers("create_port_postcommit", context)
2015-03-10 17:02:25.141 3040 TRACE neutron.api.v2.resource   File "/usr/lib/python2.7/site-packages/neutron/plugins/ml2/managers.py", line 302, in _call_on_drivers
2015-03-10 17:02:25.141 3040 TRACE neutron.api.v2.resource     method=method_name
2015-03-10 17:02:25.141 3040 TRACE neutron.api.v2.resource MechanismDriverError: create_port_postcommit failed.
2015-03-10 17:02:25.141 3040 TRACE neutron.api.v2.resource 
2015-03-10 17:02:25.143 3040 INFO neutron.wsgi [req-c2c50544-26f8-4c01-91f1-445e6d7aa2a9 None] 13.0.0.3 - - [10/Mar/2015 17:02:25] "POST /v2.0/ports.json HTTP/1.1" 500 318 7.972523
2015-03-10 17:02:25.142 3039 ERROR neutron.api.v2.resource [req-1f370a70-5b5d-4ecf-9ba3-2551324c93dc None] create failed
2015-03-10 17:02:25.142 3039 TRACE neutron.api.v2.resource Traceback (most recent call last):
2015-03-10 17:02:25.142 3039 TRACE neutron.api.v2.resource   File "/usr/lib/python2.7/site-packages/neutron/api/v2/resource.py", line 87, in resource
2015-03-10 17:02:25.142 3039 TRACE neutron.api.v2.resource     result = method(request=request, **args)
2015-03-10 17:02:25.142 3039 TRACE neutron.api.v2.resource   File "/usr/lib/python2.7/site-packages/neutron/api/v2/base.py", line 448, in create
2015-03-10 17:02:25.142 3039 TRACE neutron.api.v2.resource     obj = obj_creator(request.context, **kwargs)
2015-03-10 17:02:25.142 3039 TRACE neutron.api.v2.resource   File "/usr/lib/python2.7/site-packages/neutron/plugins/ml2/plugin.py", line 808, in create_port
2015-03-10 17:02:25.142 3039 TRACE neutron.api.v2.resource     self.delete_port(context, result['id'])
2015-03-10 17:02:25.142 3039 TRACE neutron.api.v2.resource   File "/usr/lib/python2.7/site-packages/neutron/openstack/common/excutils.py", line 82, in __exit__
2015-03-10 17:02:25.142 3039 TRACE neutron.api.v2.resource     six.reraise(self.type_, self.value, self.tb)
2015-03-10 17:02:25.142 3039 TRACE neutron.api.v2.resource   File "/usr/lib/python2.7/site-packages/neutron/plugins/ml2/plugin.py", line 803, in create_port
2015-03-10 17:02:25.142 3039 TRACE neutron.api.v2.resource     self.mechanism_manager.create_port_postcommit(mech_context)
2015-03-10 17:02:25.142 3039 TRACE neutron.api.v2.resource   File "/usr/lib/python2.7/site-packages/neutron/plugins/ml2/managers.py", line 500, in create_port_postcommit
2015-03-10 17:02:25.142 3039 TRACE neutron.api.v2.resource     self._call_on_drivers("create_port_postcommit", context)
2015-03-10 17:02:25.142 3039 TRACE neutron.api.v2.resource   File "/usr/lib/python2.7/site-packages/neutron/plugins/ml2/managers.py", line 302, in _call_on_drivers
2015-03-10 17:02:25.142 3039 TRACE neutron.api.v2.resource     method=method_name
2015-03-10 17:02:25.142 3039 TRACE neutron.api.v2.resource MechanismDriverError: create_port_postcommit failed.
2015-03-10 17:02:25.142 3039 TRACE neutron.api.v2.resource 
2015-03-10 17:02:25.144 3039 INFO neutron.wsgi [req-1f370a70-5b5d-4ecf-9ba3-2551324c93dc None] 13.0.0.3 - - [10/Mar/2015 17:02:25] "POST /v2.0/ports.json HTTP/1.1" 500 318 10.073853
2015-03-10 17:02:26.340 3036 INFO neutron.plugins.ml2.drivers.cisco.n1kv.n1kv_client [req-4e3ece7f-eca4-4e37-8cae-ac892c270d06 None] VSM: Successfully created "vm-network vmn_1b71fdbe-e571-4cf8-98ff-19a9b1bf5009_ffc06c1c-3a0a-4d94-8c7f-ab091e72df32"
2015-03-10 17:02:26.341 3036 INFO neutron.plugins.ml2.drivers.cisco.n1kv.mech_cisco_n1kv [req-4e3ece7f-eca4-4e37-8cae-ac892c270d06 None] Create port(postcommit) succeeded for port: 258fd3da-8e1a-489c-9a97-ddeab2cb2a20 on network: ffc06c1c-3a0a-4d94-8c7f-ab091e72df32 with policy profile ID: 1b71fdbe-e571-4cf8-98ff-19a9b1bf5009
2015-03-10 17:02:26.357 3036 INFO neutron.plugins.ml2.managers [req-4e3ece7f-eca4-4e37-8cae-ac892c270d06 None] Extended network dict for driver 'cisco_n1kv_ext'
2015-03-10 17:02:26.376 3036 INFO neutron.wsgi [req-4e3ece7f-eca4-4e37-8cae-ac892c270d06 None] 13.0.0.3 - - [10/Mar/2015 17:02:26] "POST /v2.0/ports.json HTTP/1.1" 201 754 5.134243
2015-03-10 17:02:46.147 3032 INFO neutron.wsgi [-] (3032) accepted ('13.0.0.3', 41517)
2015-03-10 17:02:46.163 3032 INFO neutron.wsgi [req-cd3e322a-7cdd-4df5-acff-c68f75087394 None] 13.0.0.3 - - [10/Mar/2015 17:02:46] "GET /v2.0/ports.json?tenant_id=515e9e6228364df6b3bf5eb9580a2db2&device_id=b24df04a-aa2c-4b02-87b9-791da0f5fb3c HTTP/1.1" 200 202 0.014852
2015-03-10 17:02:46.165 3032 INFO neutron.wsgi [-] (3032) accepted ('13.0.0.3', 41518)
2015-03-10 17:02:46.180 3032 INFO neutron.plugins.ml2.managers [req-774bce07-6b0e-4211-a7e8-4216779ec12b None] Extended network dict for driver 'cisco_n1kv_ext'
2015-03-10 17:02:46.184 3032 INFO neutron.wsgi [req-774bce07-6b0e-4211-a7e8-4216779ec12b None] 13.0.0.3 - - [10/Mar/2015 17:02:46] "GET /v2.0/networks.json?id=3149049e-c2d0-43ec-bccc-45b4e9dcd6b8 HTTP/1.1" 200 577 0.018012
2015-03-10 17:02:51.169 3025 INFO neutron.wsgi [-] (3025) accepted ('13.0.0.3', 41801)
2015-03-10 17:02:51.172 3025 INFO urllib3.connectionpool [-] Resetting dropped connection: 13.0.0.25
2015-03-10 17:02:51.242 3032 INFO neutron.wsgi [-] (3032) accepted ('13.0.0.3', 41813)
2015-03-10 17:02:51.244 3032 INFO urllib3.connectionpool [-] Resetting dropped connection: 13.0.0.25
2015-03-10 17:02:51.260 3025 INFO neutron.plugins.ml2.managers [req-b63d9d8d-d5ce-4e77-b7ce-0c41b27705c2 None] Extended port dict for driver 'cisco_n1kv_ext'
2015-03-10 17:02:51.263 3025 INFO neutron.plugins.ml2.managers [req-b63d9d8d-d5ce-4e77-b7ce-0c41b27705c2 None] Extended port dict for driver 'cisco_n1kv_ext'
2015-03-10 17:02:51.267 3025 INFO neutron.wsgi [req-b63d9d8d-d5ce-4e77-b7ce-0c41b27705c2 None] 13.0.0.3 - - [10/Mar/2015 17:02:51] "GET /v2.0/ports.json HTTP/1.1" 200 1350 0.097039
2015-03-10 17:02:51.276 3026 INFO neutron.wsgi [-] (3026) accepted ('13.0.0.3', 41819)
2015-03-10 17:02:51.279 3026 INFO urllib3.connectionpool [-] Resetting dropped connection: 13.0.0.25
2015-03-10 17:02:51.353 3029 INFO neutron.wsgi [-] (3029) accepted ('13.0.0.3', 41827)
2015-03-10 17:02:51.355 3029 INFO urllib3.connectionpool [-] Resetting dropped connection: 13.0.0.25
2015-03-10 17:02:51.361 3026 INFO neutron.plugins.ml2.managers [req-8db5bfa3-bf19-4129-86c7-49d668224a8d None] Extended port dict for driver 'cisco_n1kv_ext'
2015-03-10 17:02:51.364 3026 INFO neutron.plugins.ml2.managers [req-8db5bfa3-bf19-4129-86c7-49d668224a8d None] Extended port dict for driver 'cisco_n1kv_ext'
2015-03-10 17:02:51.367 3026 INFO neutron.wsgi [req-8db5bfa3-bf19-4129-86c7-49d668224a8d None] 13.0.0.3 - - [10/Mar/2015 17:02:51] "GET /v2.0/ports.json HTTP/1.1" 200 1350 0.089566
2015-03-10 17:02:51.373 3029 INFO neutron.wsgi [-] (3029) accepted ('13.0.0.3', 41831)
2015-03-10 17:02:51.377 3029 INFO urllib3.connectionpool [-] Resetting dropped connection: 13.0.0.25
2015-03-10 17:02:51.403 3032 INFO neutron.plugins.ml2.managers [req-fca95c90-e76f-483a-b409-f5e62a9b43b2 None] Extended port dict for driver 'cisco_n1kv_ext'
2015-03-10 17:02:51.407 3032 INFO neutron.plugins.ml2.managers [req-fca95c90-e76f-483a-b409-f5e62a9b43b2 None] Extended port dict for driver 'cisco_n1kv_ext'
2015-03-10 17:02:51.411 3032 INFO neutron.wsgi [req-fca95c90-e76f-483a-b409-f5e62a9b43b2 None] 13.0.0.3 - - [10/Mar/2015 17:02:51] "GET /v2.0/ports.json HTTP/1.1" 200 1396 0.167833
2015-03-10 17:02:51.421 3038 INFO neutron.wsgi [-] (3038) accepted ('13.0.0.3', 41835)
2015-03-10 17:02:51.424 3038 INFO urllib3.connectionpool [-] Resetting dropped connection: 13.0.0.25
2015-03-10 17:02:51.449 3029 INFO neutron.plugins.ml2.managers [req-34bd6664-09a4-49e4-9744-748d7b697b43 None] Extended port dict for driver 'cisco_n1kv_ext'
2015-03-10 17:02:51.452 3035 INFO neutron.wsgi [-] (3035) accepted ('13.0.0.3', 41839)
2015-03-10 17:02:51.454 3029 INFO neutron.plugins.ml2.managers [req-34bd6664-09a4-49e4-9744-748d7b697b43 None] Extended port dict for driver 'cisco_n1kv_ext'
2015-03-10 17:02:51.455 3035 INFO urllib3.connectionpool [-] Resetting dropped connection: 13.0.0.25
2015-03-10 17:02:51.468 3029 INFO neutron.wsgi [req-34bd6664-09a4-49e4-9744-748d7b697b43 None] 13.0.0.3 - - [10/Mar/2015 17:02:51] "GET /v2.0/ports.json HTTP/1.1" 200 1350 0.114280
2015-03-10 17:02:51.468 3035 INFO neutron.wsgi [-] (3035) accepted ('13.0.0.3', 41843)
2015-03-10 17:02:51.470 3035 INFO urllib3.connectionpool [-] Resetting dropped connection: 13.0.0.25
2015-03-10 17:02:51.496 3029 INFO neutron.plugins.ml2.managers [req-ff450923-8e8c-4b05-8115-4032eb2e78b1 None] Extended port dict for driver 'cisco_n1kv_ext'
2015-03-10 17:02:51.499 3029 INFO neutron.plugins.ml2.managers [req-ff450923-8e8c-4b05-8115-4032eb2e78b1 None] Extended port dict for driver 'cisco_n1kv_ext'
2015-03-10 17:02:51.502 3029 INFO neutron.wsgi [req-ff450923-8e8c-4b05-8115-4032eb2e78b1 None] 13.0.0.3 - - [10/Mar/2015 17:02:51] "GET /v2.0/ports.json HTTP/1.1" 200 1352 0.127908
2015-03-10 17:02:51.509 3038 INFO neutron.plugins.ml2.managers [req-87eea215-bb7b-4682-8a5d-83c887ecbb8a None] Extended port dict for driver 'cisco_n1kv_ext'
2015-03-10 17:02:51.510 3031 INFO neutron.wsgi [-] (3031) accepted ('13.0.0.3', 41847)
2015-03-10 17:02:51.512 3038 INFO neutron.plugins.ml2.managers [req-87eea215-bb7b-4682-8a5d-83c887ecbb8a None] Extended port dict for driver 'cisco_n1kv_ext'
2015-03-10 17:02:51.513 3031 INFO urllib3.connectionpool [-] Resetting dropped connection: 13.0.0.25
2015-03-10 17:02:51.516 3038 INFO neutron.wsgi [req-87eea215-bb7b-4682-8a5d-83c887ecbb8a None] 13.0.0.3 - - [10/Mar/2015 17:02:51] "GET /v2.0/ports.json HTTP/1.1" 200 1350 0.093632
2015-03-10 17:02:51.519 3031 INFO neutron.wsgi [-] (3031) accepted ('13.0.0.3', 41851)
2015-03-10 17:02:51.527 3031 INFO urllib3.connectionpool [-] Resetting dropped connection: 13.0.0.25
2015-03-10 17:02:51.545 3035 INFO neutron.wsgi [req-8b035838-1804-4bdb-a465-beb075f27a98 None] 13.0.0.3 - - [10/Mar/2015 17:02:51] "GET /v2.0/ports.json HTTP/1.1" 200 202 0.092568
2015-03-10 17:02:51.565 3035 INFO neutron.plugins.ml2.managers [req-d07e70b7-4c82-4b5a-84f9-a5be578d8c65 None] Extended port dict for driver 'cisco_n1kv_ext'
2015-03-10 17:02:51.567 3035 INFO neutron.plugins.ml2.managers [req-d07e70b7-4c82-4b5a-84f9-a5be578d8c65 None] Extended port dict for driver 'cisco_n1kv_ext'
2015-03-10 17:02:51.570 3035 INFO neutron.wsgi [req-d07e70b7-4c82-4b5a-84f9-a5be578d8c65 None] 13.0.0.3 - - [10/Mar/2015 17:02:51] "GET /v2.0/ports.json HTTP/1.1" 200 1350 0.101390
2015-03-10 17:02:51.595 3031 INFO neutron.wsgi [req-3d6bce39-5350-4da9-887c-68822c6898f5 None] 13.0.0.3 - - [10/Mar/2015 17:02:51] "GET /v2.0/ports.json HTTP/1.1" 200 202 0.083850
2015-03-10 17:02:51.627 3031 INFO neutron.plugins.ml2.managers [req-715bd2aa-4b24-4a0d-a1c9-469307850e14 None] Extended port dict for driver 'cisco_n1kv_ext'
2015-03-10 17:02:51.630 3031 INFO neutron.wsgi [req-715bd2aa-4b24-4a0d-a1c9-469307850e14 None] 13.0.0.3 - - [10/Mar/2015 17:02:51] "GET /v2.0/ports.json HTTP/1.1" 200 776 0.109705
2015-03-10 17:02:51.899 3039 INFO neutron.wsgi [-] (3039) accepted ('13.0.0.3', 41878)
2015-03-10 17:02:51.902 3039 INFO urllib3.connectionpool [-] Resetting dropped connection: 13.0.0.25
2015-03-10 17:02:51.969 3039 INFO neutron.plugins.ml2.managers [req-1085c097-bc07-451a-aa25-e339248d6d1e None] Extended port dict for driver 'cisco_n1kv_ext'
2015-03-10 17:02:51.971 3039 INFO neutron.wsgi [req-1085c097-bc07-451a-aa25-e339248d6d1e None] 13.0.0.3 - - [10/Mar/2015 17:02:51] "GET /v2.0/ports.json?fields=id&id=45d3f692-55de-44f7-81e1-091b9ab67864 HTTP/1.1" 200 248 0.070451
2015-03-10 17:02:51.990 3039 INFO neutron.plugins.ml2.managers [req-db18bbbe-10ad-4604-bb97-26396f509ded None] Extended port dict for driver 'cisco_n1kv_ext'
2015-03-10 17:02:51.992 3039 INFO neutron.wsgi [req-db18bbbe-10ad-4604-bb97-26396f509ded None] 13.0.0.3 - - [10/Mar/2015 17:02:51] "GET /v2.0/ports/45d3f692-55de-44f7-81e1-091b9ab67864.json HTTP/1.1" 200 772 0.019392
2015-03-10 17:02:52.007 3036 INFO neutron.wsgi [-] (3036) accepted ('13.0.0.3', 41889)
2015-03-10 17:02:52.010 3036 INFO urllib3.connectionpool [-] Resetting dropped connection: 13.0.0.25
2015-03-10 17:02:52.062 3039 INFO neutron.wsgi [-] (3039) accepted ('13.0.0.3', 41893)
2015-03-10 17:02:52.074 3028 INFO neutron.wsgi [-] (3028) accepted ('13.0.0.3', 41897)
2015-03-10 17:02:52.077 3028 INFO urllib3.connectionpool [-] Resetting dropped connection: 13.0.0.25
2015-03-10 17:02:52.081 3028 INFO neutron.wsgi [-] (3028) accepted ('13.0.0.3', 41901)
2015-03-10 17:02:52.084 3028 INFO urllib3.connectionpool [-] Resetting dropped connection: 13.0.0.25
2015-03-10 17:02:52.085 3036 INFO neutron.plugins.ml2.managers [req-4d6ad8e3-ad5d-417f-9999-e7439125df04 None] Extended port dict for driver 'cisco_n1kv_ext'
2015-03-10 17:02:52.086 3036 INFO neutron.wsgi [req-4d6ad8e3-ad5d-417f-9999-e7439125df04 None] 13.0.0.3 - - [10/Mar/2015 17:02:52] "GET /v2.0/ports.json?fields=id&id=258fd3da-8e1a-489c-9a97-ddeab2cb2a20 HTTP/1.1" 200 248 0.078531
2015-03-10 17:02:52.098 3039 INFO neutron.plugins.ml2.managers [req-0e43b0a8-9126-4027-93fb-b106d9dc532b None] Extended port dict for driver 'cisco_n1kv_ext'
2015-03-10 17:02:52.100 3039 INFO neutron.wsgi [req-0e43b0a8-9126-4027-93fb-b106d9dc532b None] 13.0.0.3 - - [10/Mar/2015 17:02:52] "GET /v2.0/ports.json?fields=id&id=2b25341f-5794-4446-8cc4-6cf900abc484 HTTP/1.1" 200 248 0.037662
2015-03-10 17:02:52.111 3036 INFO neutron.plugins.ml2.managers [req-cc394452-335b-4ab5-9bde-43670cf71768 None] Extended port dict for driver 'cisco_n1kv_ext'
2015-03-10 17:02:52.114 3036 INFO neutron.wsgi [req-cc394452-335b-4ab5-9bde-43670cf71768 None] 13.0.0.3 - - [10/Mar/2015 17:02:52] "GET /v2.0/ports/258fd3da-8e1a-489c-9a97-ddeab2cb2a20.json HTTP/1.1" 200 772 0.024863
2015-03-10 17:02:52.121 3039 INFO neutron.plugins.ml2.managers [req-4a08d85f-508d-43b6-88a1-81950c70bfb7 None] Extended port dict for driver 'cisco_n1kv_ext'
2015-03-10 17:02:52.124 3039 INFO neutron.wsgi [req-4a08d85f-508d-43b6-88a1-81950c70bfb7 None] 13.0.0.3 - - [10/Mar/2015 17:02:52] "GET /v2.0/ports/2b25341f-5794-4446-8cc4-6cf900abc484.json HTTP/1.1" 200 772 0.020692
2015-03-10 17:02:52.166 3028 INFO neutron.plugins.ml2.managers [req-8295c278-be5f-4b2d-ab77-347ad6dbcf5a None] Extended port dict for driver 'cisco_n1kv_ext'
2015-03-10 17:02:52.168 3028 INFO neutron.wsgi [req-8295c278-be5f-4b2d-ab77-347ad6dbcf5a None] 13.0.0.3 - - [10/Mar/2015 17:02:52] "GET /v2.0/ports.json?fields=id&id=db7b6caf-74ec-469c-b793-e72741ac6919 HTTP/1.1" 200 248 0.093515
2015-03-10 17:02:52.187 3028 INFO neutron.plugins.ml2.managers [req-ad71f315-b0e5-46b7-83b2-d9304b819c10 None] Extended port dict for driver 'cisco_n1kv_ext'
2015-03-10 17:02:52.189 3027 INFO neutron.wsgi [-] (3027) accepted ('13.0.0.3', 41905)
2015-03-10 17:02:52.193 3027 INFO urllib3.connectionpool [-] Resetting dropped connection: 13.0.0.25
2015-03-10 17:02:52.196 3027 INFO neutron.wsgi [-] (3027) accepted ('13.0.0.3', 41909)
2015-03-10 17:02:52.200 3027 INFO urllib3.connectionpool [-] Resetting dropped connection: 13.0.0.25
2015-03-10 17:02:52.201 3027 INFO neutron.wsgi [-] (3027) accepted ('13.0.0.3', 41913)
2015-03-10 17:02:52.204 3027 INFO urllib3.connectionpool [-] Resetting dropped connection: 13.0.0.25
2015-03-10 17:02:52.204 3028 INFO neutron.wsgi [req-ad71f315-b0e5-46b7-83b2-d9304b819c10 None] 13.0.0.3 - - [10/Mar/2015 17:02:52] "GET /v2.0/ports.json?fields=id&id=becbb1fb-f02a-4919-957d-63fa9c36341e HTTP/1.1" 200 248 0.122904
2015-03-10 17:02:52.209 3028 INFO neutron.plugins.ml2.managers [req-46a44333-b92c-4ac6-85bc-f3b750032923 None] Extended port dict for driver 'cisco_n1kv_ext'
2015-03-10 17:02:52.229 3028 INFO neutron.wsgi [req-46a44333-b92c-4ac6-85bc-f3b750032923 None] 13.0.0.3 - - [10/Mar/2015 17:02:52] "GET /v2.0/ports/db7b6caf-74ec-469c-b793-e72741ac6919.json HTTP/1.1" 200 794 0.040715
2015-03-10 17:02:52.233 3028 INFO neutron.plugins.ml2.managers [req-eb6adcef-31d7-4daf-a30e-7cfb5222e407 None] Extended port dict for driver 'cisco_n1kv_ext'
2015-03-10 17:02:52.236 3028 INFO neutron.wsgi [req-eb6adcef-31d7-4daf-a30e-7cfb5222e407 None] 13.0.0.3 - - [10/Mar/2015 17:02:52] "GET /v2.0/ports/becbb1fb-f02a-4919-957d-63fa9c36341e.json HTTP/1.1" 200 772 0.025703
2015-03-10 17:02:52.287 3027 INFO neutron.plugins.ml2.managers [req-62d36c1c-207a-42b2-9533-de427ccf84c5 None] Extended port dict for driver 'cisco_n1kv_ext'
2015-03-10 17:02:52.289 3027 INFO neutron.wsgi [req-62d36c1c-207a-42b2-9533-de427ccf84c5 None] 13.0.0.3 - - [10/Mar/2015 17:02:52] "GET /v2.0/ports.json?fields=id&id=11e3235e-16c8-4014-92b7-d595a1646cd3 HTTP/1.1" 200 248 0.098410
2015-03-10 17:02:52.306 3027 INFO neutron.plugins.ml2.managers [req-acdc7503-fb9f-4050-a22f-2e97524e4ac3 None] Extended port dict for driver 'cisco_n1kv_ext'
2015-03-10 17:02:52.336 3027 INFO neutron.wsgi [req-acdc7503-fb9f-4050-a22f-2e97524e4ac3 None] 13.0.0.3 - - [10/Mar/2015 17:02:52] "GET /v2.0/ports.json?fields=id&id=01a85c2b-c2df-4110-a917-bb17d8887d24 HTTP/1.1" 200 248 0.138667
2015-03-10 17:02:52.339 3027 INFO neutron.plugins.ml2.managers [req-07221cdb-4916-4b8b-b678-4be5662b8f68 None] Extended port dict for driver 'cisco_n1kv_ext'
2015-03-10 17:02:52.342 3027 INFO neutron.plugins.ml2.managers [req-fe074f0e-a0f8-4f83-a901-a85f086590c7 None] Extended port dict for driver 'cisco_n1kv_ext'
2015-03-10 17:02:52.357 3027 INFO neutron.wsgi [req-07221cdb-4916-4b8b-b678-4be5662b8f68 None] 13.0.0.3 - - [10/Mar/2015 17:02:52] "GET /v2.0/ports.json?fields=id&id=52c3694f-4d1f-4371-a620-1f9daa86da0f HTTP/1.1" 200 248 0.155309
2015-03-10 17:02:52.358 3027 INFO neutron.wsgi [req-fe074f0e-a0f8-4f83-a901-a85f086590c7 None] 13.0.0.3 - - [10/Mar/2015 17:02:52] "GET /v2.0/ports/11e3235e-16c8-4014-92b7-d595a1646cd3.json HTTP/1.1" 200 773 0.039685
2015-03-10 17:02:52.361 3027 INFO neutron.plugins.ml2.managers [req-48160b72-b5e8-4943-94d6-c1b47fe04742 None] Extended port dict for driver 'cisco_n1kv_ext'
2015-03-10 17:02:52.377 3027 INFO neutron.wsgi [req-48160b72-b5e8-4943-94d6-c1b47fe04742 None] 13.0.0.3 - - [10/Mar/2015 17:02:52] "GET /v2.0/ports/01a85c2b-c2df-4110-a917-bb17d8887d24.json HTTP/1.1" 200 772 0.033424
2015-03-10 17:02:52.380 3027 INFO neutron.plugins.ml2.managers [req-516088ca-e82c-4058-8fa7-af24bb9855ab None] Extended port dict for driver 'cisco_n1kv_ext'
2015-03-10 17:02:52.382 3027 INFO neutron.wsgi [req-516088ca-e82c-4058-8fa7-af24bb9855ab None] 13.0.0.3 - - [10/Mar/2015 17:02:52] "GET /v2.0/ports/52c3694f-4d1f-4371-a620-1f9daa86da0f.json HTTP/1.1" 200 773 0.019772
2015-03-10 17:02:52.944 3032 INFO neutron.wsgi [-] (3032) accepted ('13.0.0.3', 42020)
2015-03-10 17:02:52.982 3032 INFO neutron.plugins.ml2.managers [req-3d3a27de-38d1-48c1-9fbb-642283104ee1 None] Extended port dict for driver 'cisco_n1kv_ext'
2015-03-10 17:02:52.984 3032 INFO neutron.wsgi [req-3d3a27de-38d1-48c1-9fbb-642283104ee1 None] 13.0.0.3 - - [10/Mar/2015 17:02:52] "GET /v2.0/ports/45d3f692-55de-44f7-81e1-091b9ab67864.json HTTP/1.1" 200 772 0.039784
2015-03-10 17:02:52.987 3032 INFO neutron.wsgi [-] (3032) accepted ('13.0.0.3', 42034)
2015-03-10 17:02:53.002 3032 TRACE keystonemiddleware.auth_token Traceback (most recent call last):
2015-03-10 17:02:53.002 3032 TRACE keystonemiddleware.auth_token   File "/usr/lib/python2.7/site-packages/keystonemiddleware/auth_token.py", line 874, in _validate_token
2015-03-10 17:02:53.002 3032 TRACE keystonemiddleware.auth_token     expires = _confirm_token_not_expired(data)
2015-03-10 17:02:53.002 3032 TRACE keystonemiddleware.auth_token   File "/usr/lib/python2.7/site-packages/keystonemiddleware/auth_token.py", line 452, in _confirm_token_not_expired
2015-03-10 17:02:53.002 3032 TRACE keystonemiddleware.auth_token     raise InvalidToken('Token authorization failed')
2015-03-10 17:02:53.002 3032 TRACE keystonemiddleware.auth_token InvalidToken: Token authorization failed
2015-03-10 17:02:53.002 3032 TRACE keystonemiddleware.auth_token 
2015-03-10 17:02:53.003 3032 INFO keystonemiddleware.auth_token [-] Invalid user token - rejecting request
2015-03-10 17:02:53.003 3032 INFO neutron.wsgi [-] 13.0.0.3 - - [10/Mar/2015 17:02:53] "GET /v2.0/ports/45d3f692-55de-44f7-81e1-091b9ab67864.json?fields=binding%3Avnic_type&fields=network_id HTTP/1.1" 401 258 0.015301
2015-03-10 17:02:53.061 3027 INFO neutron.wsgi [-] (3027) accepted ('13.0.0.3', 42072)
2015-03-10 17:02:53.061 3032 INFO neutron.wsgi [-] (3032) accepted ('13.0.0.3', 42073)
2015-03-10 17:02:53.102 3027 INFO neutron.plugins.ml2.managers [req-937abacf-91b9-410a-ae53-8261eed97eca None] Extended port dict for driver 'cisco_n1kv_ext'
2015-03-10 17:02:53.105 3027 INFO neutron.wsgi [req-937abacf-91b9-410a-ae53-8261eed97eca None] 13.0.0.3 - - [10/Mar/2015 17:02:53] "GET /v2.0/ports/258fd3da-8e1a-489c-9a97-ddeab2cb2a20.json HTTP/1.1" 200 772 0.043457
2015-03-10 17:02:53.109 3027 INFO neutron.wsgi [-] (3027) accepted ('13.0.0.3', 42089)
2015-03-10 17:02:53.110 3032 INFO neutron.plugins.ml2.managers [req-c256ddc0-5c34-4a03-a746-0459c88b714c None] Extended port dict for driver 'cisco_n1kv_ext'
2015-03-10 17:02:53.113 3032 INFO neutron.wsgi [req-c256ddc0-5c34-4a03-a746-0459c88b714c None] 13.0.0.3 - - [10/Mar/2015 17:02:53] "GET /v2.0/ports/2b25341f-5794-4446-8cc4-6cf900abc484.json HTTP/1.1" 200 772 0.051029
2015-03-10 17:02:53.117 3029 INFO neutron.wsgi [-] (3029) accepted ('13.0.0.3', 42093)
2015-03-10 17:02:53.130 3029 TRACE keystonemiddleware.auth_token Traceback (most recent call last):
2015-03-10 17:02:53.130 3029 TRACE keystonemiddleware.auth_token   File "/usr/lib/python2.7/site-packages/keystonemiddleware/auth_token.py", line 874, in _validate_token
2015-03-10 17:02:53.130 3029 TRACE keystonemiddleware.auth_token     expires = _confirm_token_not_expired(data)
2015-03-10 17:02:53.130 3029 TRACE keystonemiddleware.auth_token   File "/usr/lib/python2.7/site-packages/keystonemiddleware/auth_token.py", line 452, in _confirm_token_not_expired
2015-03-10 17:02:53.130 3029 TRACE keystonemiddleware.auth_token     raise InvalidToken('Token authorization failed')
2015-03-10 17:02:53.130 3029 TRACE keystonemiddleware.auth_token InvalidToken: Token authorization failed
2015-03-10 17:02:53.130 3029 TRACE keystonemiddleware.auth_token 
2015-03-10 17:02:53.131 3029 INFO keystonemiddleware.auth_token [-] Invalid user token - rejecting request
2015-03-10 17:02:53.132 3029 INFO neutron.wsgi [-] 13.0.0.3 - - [10/Mar/2015 17:02:53] "GET /v2.0/ports/2b25341f-5794-4446-8cc4-6cf900abc484.json?fields=binding%3Avnic_type&fields=network_id HTTP/1.1" 401 258 0.014038
2015-03-10 17:02:53.150 3027 INFO neutron.plugins.ml2.managers [req-d575874f-11ca-4d52-8b2c-8563c5fb32c6 None] Extended port dict for driver 'cisco_n1kv_ext'
2015-03-10 17:02:53.151 3027 INFO neutron.wsgi [req-d575874f-11ca-4d52-8b2c-8563c5fb32c6 None] 13.0.0.3 - - [10/Mar/2015 17:02:53] "GET /v2.0/ports/258fd3da-8e1a-489c-9a97-ddeab2cb2a20.json?fields=binding%3Avnic_type&fields=network_id HTTP/1.1" 200 284 0.040931
2015-03-10 17:02:53.154 3033 INFO neutron.wsgi [-] (3033) accepted ('13.0.0.3', 42105)
2015-03-10 17:02:53.158 3033 INFO urllib3.connectionpool [-] Resetting dropped connection: 13.0.0.25
2015-03-10 17:02:53.168 3029 INFO neutron.wsgi [-] (3029) accepted ('13.0.0.3', 42114)
2015-03-10 17:02:53.188 3032 INFO neutron.wsgi [-] (3032) accepted ('13.0.0.3', 42122)
2015-03-10 17:02:53.207 3029 INFO neutron.plugins.ml2.managers [req-2e22b03f-c8b7-48a7-9379-7ea75d4c1615 None] Extended port dict for driver 'cisco_n1kv_ext'
2015-03-10 17:02:53.210 3029 INFO neutron.wsgi [req-2e22b03f-c8b7-48a7-9379-7ea75d4c1615 None] 13.0.0.3 - - [10/Mar/2015 17:02:53] "GET /v2.0/ports/db7b6caf-74ec-469c-b793-e72741ac6919.json HTTP/1.1" 200 794 0.040378
2015-03-10 17:02:53.228 3032 INFO neutron.plugins.ml2.managers [req-42c57a83-7e08-4a8a-8fc1-fbbff351d0c9 None] Extended port dict for driver 'cisco_n1kv_ext'
2015-03-10 17:02:53.230 3032 INFO neutron.wsgi [req-42c57a83-7e08-4a8a-8fc1-fbbff351d0c9 None] 13.0.0.3 - - [10/Mar/2015 17:02:53] "GET /v2.0/ports/becbb1fb-f02a-4919-957d-63fa9c36341e.json HTTP/1.1" 200 772 0.041665
2015-03-10 17:02:53.234 3032 INFO neutron.wsgi [-] (3032) accepted ('13.0.0.3', 42127)
2015-03-10 17:02:53.238 3033 INFO neutron.plugins.ml2.managers [req-171702d9-c8ff-49ad-a937-5e759e06f06c None] Extended port dict for driver 'cisco_n1kv_ext'
2015-03-10 17:02:53.240 3033 INFO neutron.wsgi [req-171702d9-c8ff-49ad-a937-5e759e06f06c None] 13.0.0.3 - - [10/Mar/2015 17:02:53] "GET /v2.0/ports/45d3f692-55de-44f7-81e1-091b9ab67864.json?fields=binding%3Avnic_type&fields=network_id HTTP/1.1" 200 284 0.085193
2015-03-10 17:02:53.262 3031 INFO neutron.wsgi [-] (3031) accepted ('13.0.0.3', 42132)
2015-03-10 17:02:53.269 3038 INFO neutron.wsgi [-] (3038) accepted ('13.0.0.3', 42134)
2015-03-10 17:02:53.275 3029 INFO neutron.wsgi [-] (3029) accepted ('13.0.0.3', 42136)
2015-03-10 17:02:53.276 3032 INFO neutron.plugins.ml2.managers [req-2876c206-6e8c-4a0c-89ea-b84ddce0d829 None] Extended port dict for driver 'cisco_n1kv_ext'
2015-03-10 17:02:53.278 3032 INFO neutron.wsgi [req-2876c206-6e8c-4a0c-89ea-b84ddce0d829 None] 13.0.0.3 - - [10/Mar/2015 17:02:53] "GET /v2.0/ports/becbb1fb-f02a-4919-957d-63fa9c36341e.json?fields=binding%3Avnic_type&fields=network_id HTTP/1.1" 200 284 0.042449
2015-03-10 17:02:53.287 3038 INFO neutron.wsgi [-] (3038) accepted ('13.0.0.3', 42138)
2015-03-10 17:02:53.293 3039 INFO neutron.wsgi [-] (3039) accepted ('13.0.0.3', 42140)
2015-03-10 17:02:53.298 3031 INFO neutron.plugins.ml2.managers [req-ae10c781-d0e2-4dda-b3d2-62c214ee855b None] Extended port dict for driver 'cisco_n1kv_ext'
2015-03-10 17:02:53.301 3031 INFO neutron.wsgi [req-ae10c781-d0e2-4dda-b3d2-62c214ee855b None] 13.0.0.3 - - [10/Mar/2015 17:02:53] "GET /v2.0/ports/52c3694f-4d1f-4371-a620-1f9daa86da0f.json HTTP/1.1" 200 773 0.038681
2015-03-10 17:02:53.305 3031 INFO neutron.wsgi [-] (3031) accepted ('13.0.0.3', 42142)
2015-03-10 17:02:53.311 3029 INFO neutron.plugins.ml2.managers [req-05e9a5ca-789a-4ee3-b050-55f7c96246b7 None] Extended port dict for driver 'cisco_n1kv_ext'
2015-03-10 17:02:53.314 3029 INFO neutron.wsgi [req-05e9a5ca-789a-4ee3-b050-55f7c96246b7 None] 13.0.0.3 - - [10/Mar/2015 17:02:53] "GET /v2.0/ports/2b25341f-5794-4446-8cc4-6cf900abc484.json?fields=binding%3Avnic_type&fields=network_id HTTP/1.1" 200 284 0.038114
2015-03-10 17:02:53.317 3031 TRACE keystonemiddleware.auth_token Traceback (most recent call last):
2015-03-10 17:02:53.317 3031 TRACE keystonemiddleware.auth_token   File "/usr/lib/python2.7/site-packages/keystonemiddleware/auth_token.py", line 874, in _validate_token
2015-03-10 17:02:53.317 3031 TRACE keystonemiddleware.auth_token     expires = _confirm_token_not_expired(data)
2015-03-10 17:02:53.317 3031 TRACE keystonemiddleware.auth_token   File "/usr/lib/python2.7/site-packages/keystonemiddleware/auth_token.py", line 452, in _confirm_token_not_expired
2015-03-10 17:02:53.317 3031 TRACE keystonemiddleware.auth_token     raise InvalidToken('Token authorization failed')
2015-03-10 17:02:53.317 3031 TRACE keystonemiddleware.auth_token InvalidToken: Token authorization failed
2015-03-10 17:02:53.317 3031 TRACE keystonemiddleware.auth_token 
2015-03-10 17:02:53.318 3031 INFO keystonemiddleware.auth_token [-] Invalid user token - rejecting request
2015-03-10 17:02:53.319 3031 INFO neutron.wsgi [-] 13.0.0.3 - - [10/Mar/2015 17:02:53] "GET /v2.0/ports/52c3694f-4d1f-4371-a620-1f9daa86da0f.json?fields=binding%3Avnic_type&fields=network_id HTTP/1.1" 401 258 0.013240
2015-03-10 17:02:53.324 3038 INFO neutron.plugins.ml2.managers [req-599024cb-cec1-4525-951d-fd8e1d2de90e None] Extended port dict for driver 'cisco_n1kv_ext'
2015-03-10 17:02:53.328 3038 INFO neutron.wsgi [req-599024cb-cec1-4525-951d-fd8e1d2de90e None] 13.0.0.3 - - [10/Mar/2015 17:02:53] "GET /v2.0/ports/11e3235e-16c8-4014-92b7-d595a1646cd3.json HTTP/1.1" 200 773 0.056093
2015-03-10 17:02:53.332 3031 INFO neutron.wsgi [-] (3031) accepted ('13.0.0.3', 42149)
