2015-03-10 16:58:33.285 3033 TRACE keystonemiddleware.auth_token Traceback (most recent call last):
2015-03-10 16:58:33.285 3033 TRACE keystonemiddleware.auth_token   File "/usr/lib/python2.7/site-packages/keystonemiddleware/auth_token.py", line 842, in _validate_token
2015-03-10 16:58:33.285 3033 TRACE keystonemiddleware.auth_token     token_ids, cached = self._token_cache.get(token)
2015-03-10 16:58:33.285 3033 TRACE keystonemiddleware.auth_token   File "/usr/lib/python2.7/site-packages/keystonemiddleware/auth_token.py", line 1689, in get
2015-03-10 16:58:33.285 3033 TRACE keystonemiddleware.auth_token     cached = self._cache_get(token_hash)
2015-03-10 16:58:33.285 3033 TRACE keystonemiddleware.auth_token   File "/usr/lib/python2.7/site-packages/keystonemiddleware/auth_token.py", line 1778, in _cache_get
2015-03-10 16:58:33.285 3033 TRACE keystonemiddleware.auth_token     raise InvalidToken('Token authorization failed')
2015-03-10 16:58:33.285 3033 TRACE keystonemiddleware.auth_token InvalidToken: Token authorization failed
2015-03-10 16:58:33.285 3033 TRACE keystonemiddleware.auth_token 
2015-03-10 16:58:33.285 3033 INFO keystonemiddleware.auth_token [-] Invalid user token - rejecting request
2015-03-10 16:58:33.285 3033 INFO neutron.wsgi [-] 13.0.0.3 - - [10/Mar/2015 16:58:33] "PUT /v2.0/ports/1d5ae930-42f0-414b-b172-e6bcce5f3fa4.json HTTP/1.1" 401 258 0.001379
2015-03-10 16:58:33.299 3036 INFO neutron.wsgi [-] (3036) accepted ('13.0.0.3', 35121)
2015-03-10 16:58:33.315 3026 INFO neutron.plugins.ml2.managers [req-13155d7a-b361-4a66-a0fa-fe457f386ead None] Extended port dict for driver 'cisco_n1kv_ext'
2015-03-10 16:58:33.318 3026 INFO neutron.plugins.ml2.managers [req-13155d7a-b361-4a66-a0fa-fe457f386ead None] Extended port dict for driver 'cisco_n1kv_ext'
2015-03-10 16:58:33.319 3036 INFO neutron.plugins.ml2.managers [req-c3bf7118-a74f-44b1-ba93-803ee7eaa739 None] Extended port dict for driver 'cisco_n1kv_ext'
2015-03-10 16:58:33.321 3036 INFO neutron.wsgi [req-c3bf7118-a74f-44b1-ba93-803ee7eaa739 None] 13.0.0.3 - - [10/Mar/2015 16:58:33] "GET /v2.0/ports/377bf9c3-c553-4b51-b24e-6d90c5ca89bb.json HTTP/1.1" 200 772 0.021093
2015-03-10 16:58:33.323 3036 INFO neutron.wsgi [-] (3036) accepted ('13.0.0.3', 35137)
2015-03-10 16:58:33.327 3026 INFO neutron.plugins.ml2.managers [req-13155d7a-b361-4a66-a0fa-fe457f386ead None] Extended network dict for driver 'cisco_n1kv_ext'
2015-03-10 16:58:33.339 3036 INFO neutron.plugins.ml2.managers [req-38597ba5-1b3e-43f3-9f04-f88d8949701b None] Extended network dict for driver 'cisco_n1kv_ext'
2015-03-10 16:58:33.344 3036 INFO neutron.wsgi [req-38597ba5-1b3e-43f3-9f04-f88d8949701b None] 13.0.0.3 - - [10/Mar/2015 16:58:33] "GET /v2.0/networks.json?id=3149049e-c2d0-43ec-bccc-45b4e9dcd6b8 HTTP/1.1" 200 462 0.019731
2015-03-10 16:58:33.346 3036 INFO neutron.wsgi [-] (3036) accepted ('13.0.0.3', 35138)
2015-03-10 16:58:33.355 3026 INFO neutron.plugins.ml2.managers [req-13155d7a-b361-4a66-a0fa-fe457f386ead None] Extended network dict for driver 'cisco_n1kv_ext'
2015-03-10 16:58:33.357 3036 INFO neutron.wsgi [-] (3036) accepted ('13.0.0.3', 35139)
2015-03-10 16:58:33.370 3036 TRACE keystonemiddleware.auth_token Traceback (most recent call last):
2015-03-10 16:58:33.370 3036 TRACE keystonemiddleware.auth_token   File "/usr/lib/python2.7/site-packages/keystonemiddleware/auth_token.py", line 874, in _validate_token
2015-03-10 16:58:33.370 3036 TRACE keystonemiddleware.auth_token     expires = _confirm_token_not_expired(data)
2015-03-10 16:58:33.370 3036 TRACE keystonemiddleware.auth_token   File "/usr/lib/python2.7/site-packages/keystonemiddleware/auth_token.py", line 452, in _confirm_token_not_expired
2015-03-10 16:58:33.370 3036 TRACE keystonemiddleware.auth_token     raise InvalidToken('Token authorization failed')
2015-03-10 16:58:33.370 3036 TRACE keystonemiddleware.auth_token InvalidToken: Token authorization failed
2015-03-10 16:58:33.370 3036 TRACE keystonemiddleware.auth_token 
2015-03-10 16:58:33.372 3036 INFO keystonemiddleware.auth_token [-] Invalid user token - rejecting request
2015-03-10 16:58:33.373 3026 INFO neutron.wsgi [req-13155d7a-b361-4a66-a0fa-fe457f386ead None] 13.0.0.3 - - [10/Mar/2015 16:58:33] "PUT /v2.0/ports/096a1be6-1bae-4fb0-8718-9dee5f8025bd.json HTTP/1.1" 200 994 0.234323
2015-03-10 16:58:33.373 3036 INFO neutron.wsgi [-] 13.0.0.3 - - [10/Mar/2015 16:58:33] "PUT /v2.0/ports/377bf9c3-c553-4b51-b24e-6d90c5ca89bb.json HTTP/1.1" 401 258 0.026294
2015-03-10 16:58:33.378 3038 INFO neutron.wsgi [-] (3038) accepted ('13.0.0.3', 35141)
2015-03-10 16:58:33.397 3036 INFO neutron.plugins.ml2.managers [req-960ae865-6bcc-487d-bf9c-34b49a04b7f5 None] Extended port dict for driver 'cisco_n1kv_ext'
2015-03-10 16:58:33.401 3036 INFO neutron.wsgi [req-960ae865-6bcc-487d-bf9c-34b49a04b7f5 None] 13.0.0.3 - - [10/Mar/2015 16:58:33] "GET /v2.0/ports/6184834b-d1d0-43f3-9155-ac4c4d72f798.json HTTP/1.1" 200 772 0.043096
2015-03-10 16:58:33.404 3040 INFO neutron.wsgi [-] (3040) accepted ('13.0.0.3', 35142)
2015-03-10 16:58:33.409 3033 INFO neutron.wsgi [-] (3033) accepted ('13.0.0.3', 35143)
2015-03-10 16:58:33.427 3038 INFO neutron.plugins.ml2.managers [req-360aaa3f-71f1-4e9e-aaa6-e48f941594e3 None] Extended port dict for driver 'cisco_n1kv_ext'
2015-03-10 16:58:33.430 3038 INFO neutron.wsgi [req-360aaa3f-71f1-4e9e-aaa6-e48f941594e3 None] 13.0.0.3 - - [10/Mar/2015 16:58:33] "GET /v2.0/ports.json?tenant_id=d2d571fc969445638e8064e3f97d08f2&device_id=b7757d91-acec-4335-b987-20e24671af77 HTTP/1.1" 200 997 0.051216
2015-03-10 16:58:33.432 3032 INFO neutron.wsgi [-] (3032) accepted ('13.0.0.3', 35144)
2015-03-10 16:58:33.445 3040 INFO neutron.plugins.ml2.managers [req-6ff48333-ee47-40f2-bc30-b9ccaf816399 None] Extended port dict for driver 'cisco_n1kv_ext'
2015-03-10 16:58:33.446 3033 INFO neutron.plugins.ml2.managers [req-9b4e9108-9384-41cb-9760-855109927a35 None] Extended network dict for driver 'cisco_n1kv_ext'
2015-03-10 16:58:33.447 3034 INFO neutron.wsgi [-] (3034) accepted ('13.0.0.3', 35145)
2015-03-10 16:58:33.448 3040 INFO neutron.wsgi [req-6ff48333-ee47-40f2-bc30-b9ccaf816399 None] 13.0.0.3 - - [10/Mar/2015 16:58:33] "GET /v2.0/ports/b8d9a677-2e8f-482f-a240-bdff65977e04.json HTTP/1.1" 200 772 0.043219
2015-03-10 16:58:33.450 3034 INFO neutron.wsgi [-] (3034) accepted ('13.0.0.3', 35146)
2015-03-10 16:58:33.453 3033 INFO neutron.wsgi [req-9b4e9108-9384-41cb-9760-855109927a35 None] 13.0.0.3 - - [10/Mar/2015 16:58:33] "GET /v2.0/networks.json?id=fc4b9c69-db77-46cd-a0c4-c35aac1f50ef HTTP/1.1" 200 462 0.041619
2015-03-10 16:58:33.454 3029 INFO neutron.wsgi [-] (3029) accepted ('13.0.0.3', 35147)
2015-03-10 16:58:33.457 3037 INFO neutron.wsgi [-] (3037) accepted ('13.0.0.3', 35148)
2015-03-10 16:58:33.459 3032 INFO neutron.wsgi [req-49f548b4-44e9-41e3-8d12-b8a7eb5c8440 None] 13.0.0.3 - - [10/Mar/2015 16:58:33] "GET /v2.0/floatingips.json?fixed_ip_address=14.11.0.2&port_id=096a1be6-1bae-4fb0-8718-9dee5f8025bd HTTP/1.1" 200 208 0.025700
2015-03-10 16:58:33.459 3037 INFO neutron.wsgi [-] (3037) accepted ('13.0.0.3', 35149)
2015-03-10 16:58:33.461 3028 INFO neutron.wsgi [-] (3028) accepted ('13.0.0.3', 35150)
2015-03-10 16:58:33.482 3028 INFO neutron.plugins.ml2.managers [req-57ae32da-f754-4847-90a5-af7b15fc56d1 None] Extended subnet dict for driver 'cisco_n1kv_ext'
2015-03-10 16:58:33.484 3028 INFO neutron.wsgi [req-57ae32da-f754-4847-90a5-af7b15fc56d1 None] 13.0.0.3 - - [10/Mar/2015 16:58:33] "GET /v2.0/subnets.json?id=d1ee28bd-a4ea-4395-8377-b70b6ac9c092 HTTP/1.1" 200 628 0.021486
2015-03-10 16:58:33.484 3037 TRACE keystonemiddleware.auth_token Traceback (most recent call last):
2015-03-10 16:58:33.484 3037 TRACE keystonemiddleware.auth_token   File "/usr/lib/python2.7/site-packages/keystonemiddleware/auth_token.py", line 874, in _validate_token
2015-03-10 16:58:33.484 3037 TRACE keystonemiddleware.auth_token     expires = _confirm_token_not_expired(data)
2015-03-10 16:58:33.484 3037 TRACE keystonemiddleware.auth_token   File "/usr/lib/python2.7/site-packages/keystonemiddleware/auth_token.py", line 452, in _confirm_token_not_expired
2015-03-10 16:58:33.484 3037 TRACE keystonemiddleware.auth_token     raise InvalidToken('Token authorization failed')
2015-03-10 16:58:33.484 3037 TRACE keystonemiddleware.auth_token InvalidToken: Token authorization failed
2015-03-10 16:58:33.484 3037 TRACE keystonemiddleware.auth_token 
2015-03-10 16:58:33.485 3037 INFO keystonemiddleware.auth_token [-] Invalid user token - rejecting request
2015-03-10 16:58:33.485 3037 INFO neutron.wsgi [-] 13.0.0.3 - - [10/Mar/2015 16:58:33] "PUT /v2.0/ports/6184834b-d1d0-43f3-9155-ac4c4d72f798.json HTTP/1.1" 401 258 0.025368
2015-03-10 16:58:33.486 3028 INFO neutron.wsgi [-] (3028) accepted ('13.0.0.3', 35151)
2015-03-10 16:58:33.490 3029 INFO neutron.plugins.ml2.managers [req-a1848f0d-7e4d-4ea4-8930-ecd82ba7733e None] Extended port dict for driver 'cisco_n1kv_ext'
2015-03-10 16:58:33.492 3029 INFO neutron.wsgi [req-a1848f0d-7e4d-4ea4-8930-ecd82ba7733e None] 13.0.0.3 - - [10/Mar/2015 16:58:33] "GET /v2.0/ports/2e4cc0ff-e2f8-46ae-9918-a90d413b274a.json HTTP/1.1" 200 773 0.033942
2015-03-10 16:58:33.492 3037 INFO oslo.messaging._drivers.impl_rabbit [req-02605064-afab-455c-837a-756a296340df ] Connecting to AMQP server on 13.0.0.3:5672
2015-03-10 16:58:33.494 3029 INFO neutron.wsgi [-] (3029) accepted ('13.0.0.3', 35153)
2015-03-10 16:58:33.494 3034 INFO neutron.plugins.ml2.managers [req-a0b49f85-cbe3-4647-b921-414da099e79f None] Extended network dict for driver 'cisco_n1kv_ext'
2015-03-10 16:58:33.498 3034 INFO neutron.wsgi [req-a0b49f85-cbe3-4647-b921-414da099e79f None] 13.0.0.3 - - [10/Mar/2015 16:58:33] "GET /v2.0/networks.json?id=21d85e2d-388a-437f-b60b-ae825d3cd0a2 HTTP/1.1" 200 462 0.047322
2015-03-10 16:58:33.501 3036 INFO neutron.wsgi [-] (3036) accepted ('13.0.0.3', 35154)
2015-03-10 16:58:33.509 3028 INFO neutron.wsgi [req-5f88b1fc-0ecb-4708-ab71-a0b2a547cfd2 None] 13.0.0.3 - - [10/Mar/2015 16:58:33] "GET /v2.0/ports.json?network_id=9a63f2dd-a91a-465f-b402-68250c8f3757&device_owner=network%3Adhcp HTTP/1.1" 200 202 0.022243
2015-03-10 16:58:33.510 3037 INFO oslo.messaging._drivers.impl_rabbit [req-02605064-afab-455c-837a-756a296340df ] Connected to AMQP server on 13.0.0.3:5672
2015-03-10 16:58:33.511 3029 INFO neutron.plugins.ml2.managers [req-ea36a76c-ba9f-4725-8318-6c061f00053b None] Extended network dict for driver 'cisco_n1kv_ext'
2015-03-10 16:58:33.520 3029 INFO neutron.wsgi [req-ea36a76c-ba9f-4725-8318-6c061f00053b None] 13.0.0.3 - - [10/Mar/2015 16:58:33] "GET /v2.0/networks.json?id=a460d016-1885-4682-b1b8-74f026c314ac HTTP/1.1" 200 462 0.025256
2015-03-10 16:58:33.525 3028 INFO neutron.wsgi [-] (3028) accepted ('13.0.0.3', 35156)
2015-03-10 16:58:33.529 3034 INFO neutron.plugins.ml2.managers [req-9000c865-8470-4b6d-8261-cc72cd45baf4 None] Extended port dict for driver 'cisco_n1kv_ext'
2015-03-10 16:58:33.542 3028 TRACE keystonemiddleware.auth_token Traceback (most recent call last):
2015-03-10 16:58:33.542 3028 TRACE keystonemiddleware.auth_token   File "/usr/lib/python2.7/site-packages/keystonemiddleware/auth_token.py", line 874, in _validate_token
2015-03-10 16:58:33.542 3028 TRACE keystonemiddleware.auth_token     expires = _confirm_token_not_expired(data)
2015-03-10 16:58:33.542 3028 TRACE keystonemiddleware.auth_token   File "/usr/lib/python2.7/site-packages/keystonemiddleware/auth_token.py", line 452, in _confirm_token_not_expired
2015-03-10 16:58:33.542 3028 TRACE keystonemiddleware.auth_token     raise InvalidToken('Token authorization failed')
2015-03-10 16:58:33.542 3028 TRACE keystonemiddleware.auth_token InvalidToken: Token authorization failed
2015-03-10 16:58:33.542 3028 TRACE keystonemiddleware.auth_token 
2015-03-10 16:58:33.543 3028 INFO keystonemiddleware.auth_token [-] Invalid user token - rejecting request
2015-03-10 16:58:33.544 3028 INFO neutron.wsgi [-] 13.0.0.3 - - [10/Mar/2015 16:58:33] "PUT /v2.0/ports/2e4cc0ff-e2f8-46ae-9918-a90d413b274a.json HTTP/1.1" 401 258 0.017279
2015-03-10 16:58:33.546 3031 INFO neutron.wsgi [-] (3031) accepted ('13.0.0.3', 35157)
2015-03-10 16:58:33.548 3036 INFO neutron.plugins.ml2.managers [req-8ea06cd5-c958-4882-9aad-c0fe80d4a3bd None] Extended port dict for driver 'cisco_n1kv_ext'
2015-03-10 16:58:33.548 3034 INFO neutron.plugins.ml2.managers [req-9000c865-8470-4b6d-8261-cc72cd45baf4 None] Extended port dict for driver 'cisco_n1kv_ext'
2015-03-10 16:58:33.573 3036 INFO neutron.plugins.ml2.managers [req-8ea06cd5-c958-4882-9aad-c0fe80d4a3bd None] Extended port dict for driver 'cisco_n1kv_ext'
2015-03-10 16:58:33.574 3034 INFO neutron.plugins.ml2.managers [req-9000c865-8470-4b6d-8261-cc72cd45baf4 None] Extended port dict for driver 'cisco_n1kv_ext'
2015-03-10 16:58:33.584 3034 INFO neutron.plugins.ml2.managers [req-9000c865-8470-4b6d-8261-cc72cd45baf4 None] Extended network dict for driver 'cisco_n1kv_ext'
2015-03-10 16:58:33.598 3031 INFO neutron.plugins.ml2.managers [req-8dce3fcc-107e-4c88-a583-bd66c2ae3024 None] Extended port dict for driver 'cisco_n1kv_ext'
2015-03-10 16:58:33.600 3036 INFO neutron.plugins.ml2.managers [req-8ea06cd5-c958-4882-9aad-c0fe80d4a3bd None] Extended port dict for driver 'cisco_n1kv_ext'
2015-03-10 16:58:33.612 3036 INFO neutron.plugins.ml2.managers [req-8ea06cd5-c958-4882-9aad-c0fe80d4a3bd None] Extended network dict for driver 'cisco_n1kv_ext'
2015-03-10 16:58:33.612 3031 INFO neutron.plugins.ml2.managers [req-8dce3fcc-107e-4c88-a583-bd66c2ae3024 None] Extended port dict for driver 'cisco_n1kv_ext'
2015-03-10 16:58:33.627 3034 INFO neutron.plugins.ml2.managers [req-9000c865-8470-4b6d-8261-cc72cd45baf4 None] Extended port dict for driver 'cisco_n1kv_ext'
2015-03-10 16:58:33.630 3034 INFO neutron.plugins.ml2.managers [req-9000c865-8470-4b6d-8261-cc72cd45baf4 None] Extended port dict for driver 'cisco_n1kv_ext'
2015-03-10 16:58:33.631 3031 INFO neutron.plugins.ml2.managers [req-8dce3fcc-107e-4c88-a583-bd66c2ae3024 None] Extended port dict for driver 'cisco_n1kv_ext'
2015-03-10 16:58:33.641 3031 INFO neutron.plugins.ml2.managers [req-8dce3fcc-107e-4c88-a583-bd66c2ae3024 None] Extended network dict for driver 'cisco_n1kv_ext'
2015-03-10 16:58:33.643 3034 INFO neutron.plugins.ml2.managers [req-9000c865-8470-4b6d-8261-cc72cd45baf4 None] Extended network dict for driver 'cisco_n1kv_ext'
2015-03-10 16:58:33.645 3037 INFO neutron.plugins.ml2.managers [req-02605064-afab-455c-837a-756a296340df None] Extended port dict for driver 'cisco_n1kv_ext'
2015-03-10 16:58:33.651 3036 INFO neutron.plugins.ml2.managers [req-8ea06cd5-c958-4882-9aad-c0fe80d4a3bd None] Extended port dict for driver 'cisco_n1kv_ext'
2015-03-10 16:58:33.654 3036 INFO neutron.plugins.ml2.managers [req-8ea06cd5-c958-4882-9aad-c0fe80d4a3bd None] Extended port dict for driver 'cisco_n1kv_ext'
2015-03-10 16:58:33.659 3037 INFO neutron.plugins.ml2.managers [req-02605064-afab-455c-837a-756a296340df None] Extended port dict for driver 'cisco_n1kv_ext'
2015-03-10 16:58:33.663 3032 INFO neutron.wsgi [-] (3032) accepted ('13.0.0.3', 35161)
2015-03-10 16:58:33.666 3036 INFO neutron.plugins.ml2.managers [req-8ea06cd5-c958-4882-9aad-c0fe80d4a3bd None] Extended network dict for driver 'cisco_n1kv_ext'
2015-03-10 16:58:33.669 3034 INFO neutron.plugins.ml2.managers [req-9000c865-8470-4b6d-8261-cc72cd45baf4 None] Extended network dict for driver 'cisco_n1kv_ext'
2015-03-10 16:58:33.675 3031 INFO neutron.plugins.ml2.managers [req-8dce3fcc-107e-4c88-a583-bd66c2ae3024 None] Extended port dict for driver 'cisco_n1kv_ext'
2015-03-10 16:58:33.679 3031 INFO neutron.plugins.ml2.managers [req-8dce3fcc-107e-4c88-a583-bd66c2ae3024 None] Extended port dict for driver 'cisco_n1kv_ext'
2015-03-10 16:58:33.680 3037 INFO neutron.plugins.ml2.managers [req-02605064-afab-455c-837a-756a296340df None] Extended port dict for driver 'cisco_n1kv_ext'
2015-03-10 16:58:33.682 3034 INFO neutron.wsgi [req-9000c865-8470-4b6d-8261-cc72cd45baf4 None] 13.0.0.3 - - [10/Mar/2015 16:58:33] "PUT /v2.0/ports/940f5bf2-4bd5-410d-9382-061e1543d98f.json HTTP/1.1" 200 993 0.218622
2015-03-10 16:58:33.685 3032 INFO neutron.wsgi [-] (3032) accepted ('13.0.0.3', 35162)
2015-03-10 16:58:33.687 3031 INFO neutron.plugins.ml2.managers [req-8dce3fcc-107e-4c88-a583-bd66c2ae3024 None] Extended network dict for driver 'cisco_n1kv_ext'
2015-03-10 16:58:33.694 3037 INFO neutron.plugins.ml2.managers [req-02605064-afab-455c-837a-756a296340df None] Extended network dict for driver 'cisco_n1kv_ext'
2015-03-10 16:58:33.701 3036 INFO neutron.plugins.ml2.managers [req-8ea06cd5-c958-4882-9aad-c0fe80d4a3bd None] Extended network dict for driver 'cisco_n1kv_ext'
2015-03-10 16:58:33.714 3031 INFO neutron.plugins.ml2.managers [req-8dce3fcc-107e-4c88-a583-bd66c2ae3024 None] Extended network dict for driver 'cisco_n1kv_ext'
2015-03-10 16:58:33.716 3036 INFO neutron.wsgi [req-8ea06cd5-c958-4882-9aad-c0fe80d4a3bd None] 13.0.0.3 - - [10/Mar/2015 16:58:33] "PUT /v2.0/ports/b8d9a677-2e8f-482f-a240-bdff65977e04.json HTTP/1.1" 200 993 0.214003
2015-03-10 16:58:33.717 3032 INFO neutron.plugins.ml2.managers [req-bbdba672-3a54-42d3-9ac1-c75efacf2047 None] Extended port dict for driver 'cisco_n1kv_ext'
2015-03-10 16:58:33.719 3036 INFO neutron.wsgi [-] (3036) accepted ('13.0.0.3', 35163)
2015-03-10 16:58:33.724 3031 INFO neutron.wsgi [req-8dce3fcc-107e-4c88-a583-bd66c2ae3024 None] 13.0.0.3 - - [10/Mar/2015 16:58:33] "PUT /v2.0/ports/377bf9c3-c553-4b51-b24e-6d90c5ca89bb.json HTTP/1.1" 200 993 0.176666
2015-03-10 16:58:33.724 3037 INFO neutron.plugins.ml2.managers [req-02605064-afab-455c-837a-756a296340df None] Extended port dict for driver 'cisco_n1kv_ext'
2015-03-10 16:58:33.725 3031 INFO neutron.wsgi [-] (3031) accepted ('13.0.0.3', 35164)
2015-03-10 16:58:33.727 3025 INFO neutron.wsgi [-] (3025) accepted ('13.0.0.3', 35165)
2015-03-10 16:58:33.727 3037 INFO neutron.plugins.ml2.managers [req-02605064-afab-455c-837a-756a296340df None] Extended port dict for driver 'cisco_n1kv_ext'
2015-03-10 16:58:33.729 3032 INFO neutron.plugins.ml2.managers [req-bbdba672-3a54-42d3-9ac1-c75efacf2047 None] Extended port dict for driver 'cisco_n1kv_ext'
2015-03-10 16:58:33.737 3037 INFO neutron.plugins.ml2.managers [req-02605064-afab-455c-837a-756a296340df None] Extended network dict for driver 'cisco_n1kv_ext'
2015-03-10 16:58:33.739 3036 INFO neutron.plugins.ml2.managers [req-010dfe02-7968-4077-8b9c-9fe372445cd2 None] Extended port dict for driver 'cisco_n1kv_ext'
2015-03-10 16:58:33.742 3036 INFO neutron.wsgi [req-010dfe02-7968-4077-8b9c-9fe372445cd2 None] 13.0.0.3 - - [10/Mar/2015 16:58:33] "GET /v2.0/ports.json?tenant_id=e04e08f3e4c9446f997947b7390c8f73&device_id=9c2797da-1ae3-4c38-8b32-7300a2939ff5 HTTP/1.1" 200 996 0.022529
2015-03-10 16:58:33.744 3029 INFO neutron.wsgi [-] (3029) accepted ('13.0.0.3', 35168)
2015-03-10 16:58:33.749 3032 INFO neutron.plugins.ml2.managers [req-bbdba672-3a54-42d3-9ac1-c75efacf2047 None] Extended port dict for driver 'cisco_n1kv_ext'
2015-03-10 16:58:33.760 3031 INFO neutron.plugins.ml2.managers [req-a365c8e5-a424-4483-97db-59d537de1f2b None] Extended port dict for driver 'cisco_n1kv_ext'
2015-03-10 16:58:33.763 3032 INFO neutron.plugins.ml2.managers [req-bbdba672-3a54-42d3-9ac1-c75efacf2047 None] Extended network dict for driver 'cisco_n1kv_ext'
2015-03-10 16:58:33.767 3037 INFO neutron.plugins.ml2.managers [req-02605064-afab-455c-837a-756a296340df None] Extended network dict for driver 'cisco_n1kv_ext'
2015-03-10 16:58:33.768 3025 INFO neutron.plugins.ml2.managers [req-280834d7-decc-4cfe-9ff9-3a0dd72afd8f None] Extended port dict for driver 'cisco_n1kv_ext'
2015-03-10 16:58:33.768 3029 INFO neutron.wsgi [req-ab294ddc-ef7a-49e4-9a36-601a0c1f6f7a None] 13.0.0.3 - - [10/Mar/2015 16:58:33] "GET /v2.0/floatingips.json?fixed_ip_address=14.4.0.2&port_id=b8d9a677-2e8f-482f-a240-bdff65977e04 HTTP/1.1" 200 208 0.023031
2015-03-10 16:58:33.770 3031 INFO neutron.plugins.ml2.managers [req-a365c8e5-a424-4483-97db-59d537de1f2b None] Extended port dict for driver 'cisco_n1kv_ext'
2015-03-10 16:58:33.770 3025 INFO neutron.wsgi [req-280834d7-decc-4cfe-9ff9-3a0dd72afd8f None] 13.0.0.3 - - [10/Mar/2015 16:58:33] "GET /v2.0/ports.json?tenant_id=515e9e6228364df6b3bf5eb9580a2db2&device_id=b24df04a-aa2c-4b02-87b9-791da0f5fb3c HTTP/1.1" 200 996 0.042959
2015-03-10 16:58:33.770 3029 INFO neutron.wsgi [-] (3029) accepted ('13.0.0.3', 35169)
2015-03-10 16:58:33.773 3030 INFO neutron.wsgi [-] (3030) accepted ('13.0.0.3', 35170)
2015-03-10 16:58:33.780 3037 INFO neutron.wsgi [req-02605064-afab-455c-837a-756a296340df None] 13.0.0.3 - - [10/Mar/2015 16:58:33] "PUT /v2.0/ports/1d5ae930-42f0-414b-b172-e6bcce5f3fa4.json HTTP/1.1" 200 993 0.310079
2015-03-10 16:58:33.783 3040 INFO neutron.wsgi [-] (3040) accepted ('13.0.0.3', 35171)
2015-03-10 16:58:33.789 3031 INFO neutron.plugins.ml2.managers [req-a365c8e5-a424-4483-97db-59d537de1f2b None] Extended port dict for driver 'cisco_n1kv_ext'
2015-03-10 16:58:33.797 3031 INFO neutron.plugins.ml2.managers [req-a365c8e5-a424-4483-97db-59d537de1f2b None] Extended network dict for driver 'cisco_n1kv_ext'
2015-03-10 16:58:33.797 3030 INFO neutron.wsgi [req-f719f89f-9309-4268-9e15-7882c5febef7 None] 13.0.0.3 - - [10/Mar/2015 16:58:33] "GET /v2.0/floatingips.json?fixed_ip_address=14.7.0.2&port_id=377bf9c3-c553-4b51-b24e-6d90c5ca89bb HTTP/1.1" 200 208 0.023831
2015-03-10 16:58:33.798 3029 INFO neutron.plugins.ml2.managers [req-f0fe1e2f-714e-4d1d-babf-19afe08954f8 None] Extended subnet dict for driver 'cisco_n1kv_ext'
2015-03-10 16:58:33.800 3029 INFO neutron.wsgi [req-f0fe1e2f-714e-4d1d-babf-19afe08954f8 None] 13.0.0.3 - - [10/Mar/2015 16:58:33] "GET /v2.0/subnets.json?id=5de8896c-b451-400b-a491-36ae3ec81021 HTTP/1.1" 200 623 0.028782
2015-03-10 16:58:33.799 3036 INFO neutron.wsgi [-] (3036) accepted ('13.0.0.3', 35172)
2015-03-10 16:58:33.801 3028 INFO neutron.wsgi [-] (3028) accepted ('13.0.0.3', 35173)
2015-03-10 16:58:33.805 3032 INFO neutron.plugins.ml2.managers [req-18d1ef4e-4cd4-4e92-a7f3-4eb6d7ae5679 None] Extended port dict for driver 'cisco_n1kv_ext'
2015-03-10 16:58:33.811 3036 INFO neutron.plugins.ml2.managers [req-c8329056-f143-43c0-a945-9c6168fa721c None] Extended subnet dict for driver 'cisco_n1kv_ext'
2015-03-10 16:58:33.812 3032 INFO neutron.plugins.ml2.managers [req-bbdba672-3a54-42d3-9ac1-c75efacf2047 None] Extended port dict for driver 'cisco_n1kv_ext'
2015-03-10 16:58:33.812 3036 INFO neutron.wsgi [req-c8329056-f143-43c0-a945-9c6168fa721c None] 13.0.0.3 - - [10/Mar/2015 16:58:33] "GET /v2.0/subnets.json?id=d9735b82-9632-423e-8aa6-748c3ad82cb1 HTTP/1.1" 200 623 0.012152
2015-03-10 16:58:33.814 3036 INFO neutron.wsgi [-] (3036) accepted ('13.0.0.3', 35176)
2015-03-10 16:58:33.815 3032 INFO neutron.wsgi [req-18d1ef4e-4cd4-4e92-a7f3-4eb6d7ae5679 None] 13.0.0.3 - - [10/Mar/2015 16:58:33] "GET /v2.0/ports.json?tenant_id=6edc90f14268442bb98940f1cef1ea39&device_id=a43df455-ba05-4433-a1ce-8b059e8de8dc HTTP/1.1" 200 996 0.128622
2015-03-10 16:58:33.817 3032 INFO neutron.plugins.ml2.managers [req-bbdba672-3a54-42d3-9ac1-c75efacf2047 None] Extended port dict for driver 'cisco_n1kv_ext'
2015-03-10 16:58:33.817 3027 INFO neutron.wsgi [-] (3027) accepted ('13.0.0.3', 35177)
2015-03-10 16:58:33.818 3040 INFO neutron.plugins.ml2.managers [req-5b972b7a-9075-44d9-b0a5-ef225692f029 None] Extended port dict for driver 'cisco_n1kv_ext'
2015-03-10 16:58:33.821 3040 INFO neutron.wsgi [req-5b972b7a-9075-44d9-b0a5-ef225692f029 None] 13.0.0.3 - - [10/Mar/2015 16:58:33] "GET /v2.0/ports.json?tenant_id=24afe42601c347968d6810ee38b6ee21&device_id=1fff8b83-edde-4beb-a0bd-fe3e0caa6a1f HTTP/1.1" 200 996 0.036725
2015-03-10 16:58:33.822 3031 INFO neutron.plugins.ml2.managers [req-a365c8e5-a424-4483-97db-59d537de1f2b None] Extended port dict for driver 'cisco_n1kv_ext'
2015-03-10 16:58:33.823 3026 INFO neutron.wsgi [-] (3026) accepted ('13.0.0.3', 35178)
2015-03-10 16:58:33.825 3031 INFO neutron.plugins.ml2.managers [req-a365c8e5-a424-4483-97db-59d537de1f2b None] Extended port dict for driver 'cisco_n1kv_ext'
2015-03-10 16:58:33.826 3028 INFO neutron.wsgi [req-2d909b80-acc2-4ce8-b5e4-a315c06586fd None] 13.0.0.3 - - [10/Mar/2015 16:58:33] "GET /v2.0/ports.json?network_id=21d85e2d-388a-437f-b60b-ae825d3cd0a2&device_owner=network%3Adhcp HTTP/1.1" 200 202 0.023848
2015-03-10 16:58:33.826 3032 INFO neutron.plugins.ml2.managers [req-bbdba672-3a54-42d3-9ac1-c75efacf2047 None] Extended network dict for driver 'cisco_n1kv_ext'
2015-03-10 16:58:33.830 3036 INFO neutron.wsgi [req-852de3ba-441a-471f-8fbd-aa05d58f86ce None] 13.0.0.3 - - [10/Mar/2015 16:58:33] "GET /v2.0/ports.json?network_id=3149049e-c2d0-43ec-bccc-45b4e9dcd6b8&device_owner=network%3Adhcp HTTP/1.1" 200 202 0.014817
2015-03-10 16:58:33.840 3027 INFO neutron.wsgi [req-3b7f468a-b12f-47d0-b322-9b872e01a166 None] 13.0.0.3 - - [10/Mar/2015 16:58:33] "GET /v2.0/floatingips.json?fixed_ip_address=14.8.0.2&port_id=940f5bf2-4bd5-410d-9382-061e1543d98f HTTP/1.1" 200 208 0.021405
2015-03-10 16:58:33.841 3031 INFO neutron.plugins.ml2.managers [req-a365c8e5-a424-4483-97db-59d537de1f2b None] Extended network dict for driver 'cisco_n1kv_ext'
2015-03-10 16:58:33.842 3027 INFO neutron.wsgi [-] (3027) accepted ('13.0.0.3', 35179)
2015-03-10 16:58:33.846 3026 INFO neutron.wsgi [req-76e56ae3-15d8-4e95-a464-4415a715a987 None] 13.0.0.3 - - [10/Mar/2015 16:58:33] "GET /v2.0/floatingips.json?fixed_ip_address=14.5.1.2&port_id=1d5ae930-42f0-414b-b172-e6bcce5f3fa4 HTTP/1.1" 200 208 0.021983
2015-03-10 16:58:33.848 3037 INFO neutron.wsgi [-] (3037) accepted ('13.0.0.3', 35180)
2015-03-10 16:58:33.855 3032 INFO neutron.plugins.ml2.managers [req-bbdba672-3a54-42d3-9ac1-c75efacf2047 None] Extended network dict for driver 'cisco_n1kv_ext'
2015-03-10 16:58:33.867 3031 INFO neutron.plugins.ml2.managers [req-a365c8e5-a424-4483-97db-59d537de1f2b None] Extended network dict for driver 'cisco_n1kv_ext'
2015-03-10 16:58:33.868 3032 INFO neutron.wsgi [req-bbdba672-3a54-42d3-9ac1-c75efacf2047 None] 13.0.0.3 - - [10/Mar/2015 16:58:33] "PUT /v2.0/ports/6184834b-d1d0-43f3-9155-ac4c4d72f798.json HTTP/1.1" 200 993 0.204166
2015-03-10 16:58:33.871 3034 INFO neutron.wsgi [-] (3034) accepted ('13.0.0.3', 35181)
2015-03-10 16:58:33.878 3027 INFO neutron.plugins.ml2.managers [req-1e88a21a-71ea-4a6b-a49e-ca1ec9442d72 None] Extended subnet dict for driver 'cisco_n1kv_ext'
2015-03-10 16:58:33.879 3037 INFO neutron.plugins.ml2.managers [req-5480390d-3fed-4bd8-95a8-d381261be6ef None] Extended subnet dict for driver 'cisco_n1kv_ext'
2015-03-10 16:58:33.879 3027 INFO neutron.wsgi [req-1e88a21a-71ea-4a6b-a49e-ca1ec9442d72 None] 13.0.0.3 - - [10/Mar/2015 16:58:33] "GET /v2.0/subnets.json?id=c52460f9-a4d0-43f9-8977-f32e7d84f699 HTTP/1.1" 200 623 0.036760
2015-03-10 16:58:33.880 3037 INFO neutron.wsgi [req-5480390d-3fed-4bd8-95a8-d381261be6ef None] 13.0.0.3 - - [10/Mar/2015 16:58:33] "GET /v2.0/subnets.json?id=6a1a6ed1-98f6-4866-9ef3-b6d38e1d358d HTTP/1.1" 200 623 0.031056
2015-03-10 16:58:33.881 3037 INFO neutron.wsgi [-] (3037) accepted ('13.0.0.3', 35182)
2015-03-10 16:58:33.882 3031 INFO neutron.wsgi [req-a365c8e5-a424-4483-97db-59d537de1f2b None] 13.0.0.3 - - [10/Mar/2015 16:58:33] "PUT /v2.0/ports/2e4cc0ff-e2f8-46ae-9918-a90d413b274a.json HTTP/1.1" 200 994 0.156343
2015-03-10 16:58:33.883 3040 INFO neutron.wsgi [-] (3040) accepted ('13.0.0.3', 35183)
2015-03-10 16:58:33.885 3034 INFO neutron.wsgi [-] (3034) accepted ('13.0.0.3', 35184)
2015-03-10 16:58:33.902 3040 INFO neutron.wsgi [req-d01b11cd-af6c-4228-88c2-2223137fa6b5 None] 13.0.0.3 - - [10/Mar/2015 16:58:33] "GET /v2.0/ports.json?network_id=2fee40eb-14f7-4a16-9e38-ac543bbe7167&device_owner=network%3Adhcp HTTP/1.1" 200 202 0.019091
2015-03-10 16:58:33.909 3037 INFO neutron.wsgi [req-199c8b54-5044-4291-9df5-02174ffdc94c None] 13.0.0.3 - - [10/Mar/2015 16:58:33] "GET /v2.0/ports.json?network_id=95fe1a55-acbb-496d-95a5-33341e714223&device_owner=network%3Adhcp HTTP/1.1" 200 202 0.025952
2015-03-10 16:58:33.915 3034 INFO neutron.plugins.ml2.managers [req-843e9158-7e8b-401d-acf7-094dc733685c None] Extended port dict for driver 'cisco_n1kv_ext'
2015-03-10 16:58:33.917 3034 INFO neutron.wsgi [req-843e9158-7e8b-401d-acf7-094dc733685c None] 13.0.0.3 - - [10/Mar/2015 16:58:33] "GET /v2.0/ports.json?tenant_id=f80d64c35ee547899d0ebb34f2c104fd&device_id=65c1c64d-b2cf-4718-923c-0d5d9f0a0de0 HTTP/1.1" 200 996 0.045263
2015-03-10 16:58:33.920 3039 INFO neutron.wsgi [-] (3039) accepted ('13.0.0.3', 35185)
2015-03-10 16:58:33.937 3034 INFO neutron.plugins.ml2.managers [req-d816bee7-d0d0-4d5e-96d6-6402b221095e None] Extended port dict for driver 'cisco_n1kv_ext'
2015-03-10 16:58:33.939 3034 INFO neutron.wsgi [req-d816bee7-d0d0-4d5e-96d6-6402b221095e None] 13.0.0.3 - - [10/Mar/2015 16:58:33] "GET /v2.0/ports.json?tenant_id=f55c6ac5ec2347c89f625e6bace7d003&device_id=4666bc70-62ca-448c-9d40-7510f5949881 HTTP/1.1" 200 997 0.053003
2015-03-10 16:58:33.942 3034 INFO neutron.wsgi [-] (3034) accepted ('13.0.0.3', 35186)
2015-03-10 16:58:33.944 3039 INFO neutron.wsgi [req-32fed664-5c5d-4a4a-9355-73e56f63a99e None] 13.0.0.3 - - [10/Mar/2015 16:58:33] "GET /v2.0/floatingips.json?fixed_ip_address=14.2.0.2&port_id=6184834b-d1d0-43f3-9155-ac4c4d72f798 HTTP/1.1" 200 208 0.023001
2015-03-10 16:58:33.946 3038 INFO neutron.wsgi [-] (3038) accepted ('13.0.0.3', 35187)
2015-03-10 16:58:33.949 3034 INFO neutron.wsgi [req-49b3a9ed-6f1e-4ceb-84c2-a7ca0c4de6c5 None] 13.0.0.3 - - [10/Mar/2015 16:58:33] "GET /v2.0/floatingips.json?fixed_ip_address=14.10.0.2&port_id=2e4cc0ff-e2f8-46ae-9918-a90d413b274a HTTP/1.1" 200 208 0.006433
2015-03-10 16:58:33.952 3029 INFO neutron.wsgi [-] (3029) accepted ('13.0.0.3', 35188)
2015-03-10 16:58:33.966 3029 INFO neutron.plugins.ml2.managers [req-f02ac0ec-ac84-42e1-af6b-5da335d63734 None] Extended subnet dict for driver 'cisco_n1kv_ext'
2015-03-10 16:58:33.967 3029 INFO neutron.wsgi [req-f02ac0ec-ac84-42e1-af6b-5da335d63734 None] 13.0.0.3 - - [10/Mar/2015 16:58:33] "GET /v2.0/subnets.json?id=9fbe8b55-4012-4070-b005-3a8f61723d30 HTTP/1.1" 200 627 0.014966
2015-03-10 16:58:33.969 3029 INFO neutron.wsgi [-] (3029) accepted ('13.0.0.3', 35189)
2015-03-10 16:58:33.972 3038 INFO neutron.plugins.ml2.managers [req-206f46f3-1487-439c-a40c-c38cedb8cb92 None] Extended subnet dict for driver 'cisco_n1kv_ext'
2015-03-10 16:58:33.973 3038 INFO neutron.wsgi [req-206f46f3-1487-439c-a40c-c38cedb8cb92 None] 13.0.0.3 - - [10/Mar/2015 16:58:33] "GET /v2.0/subnets.json?id=80e3fa4d-8bc8-4efb-9f0a-b2c592a1eb6d HTTP/1.1" 200 623 0.026669
2015-03-10 16:58:33.975 3038 INFO neutron.wsgi [-] (3038) accepted ('13.0.0.3', 35190)
2015-03-10 16:58:33.984 3029 INFO neutron.wsgi [req-365f0569-07db-40b3-8c42-8134788929d6 None] 13.0.0.3 - - [10/Mar/2015 16:58:33] "GET /v2.0/ports.json?network_id=a460d016-1885-4682-b1b8-74f026c314ac&device_owner=network%3Adhcp HTTP/1.1" 200 202 0.014511
2015-03-10 16:58:33.997 3038 INFO neutron.wsgi [req-0f4bfdaa-2ce7-4d05-a687-5661f212f854 None] 13.0.0.3 - - [10/Mar/2015 16:58:33] "GET /v2.0/ports.json?network_id=fc4b9c69-db77-46cd-a0c4-c35aac1f50ef&device_owner=network%3Adhcp HTTP/1.1" 200 202 0.021552
2015-03-10 16:58:35.074 3039 INFO neutron.wsgi [-] (3039) accepted ('13.0.0.3', 35213)
2015-03-10 16:58:35.108 3039 INFO neutron.plugins.ml2.managers [req-fbd156c4-cbfc-462d-9d8f-5172c73e68a3 None] Extended port dict for driver 'cisco_n1kv_ext'
2015-03-10 16:58:35.109 3039 INFO neutron.wsgi [req-fbd156c4-cbfc-462d-9d8f-5172c73e68a3 None] 13.0.0.3 - - [10/Mar/2015 16:58:35] "GET /v2.0/ports.json?fields=id&id=2c5d2b43-b184-4c83-b6f2-e193b4c03800 HTTP/1.1" 200 248 0.034757
2015-03-10 16:58:35.128 3039 INFO neutron.plugins.ml2.managers [req-03b9c38a-d221-4167-a5ea-b2674109a879 None] Extended port dict for driver 'cisco_n1kv_ext'
2015-03-10 16:58:35.130 3039 INFO neutron.wsgi [req-03b9c38a-d221-4167-a5ea-b2674109a879 None] 13.0.0.3 - - [10/Mar/2015 16:58:35] "GET /v2.0/ports/2c5d2b43-b184-4c83-b6f2-e193b4c03800.json HTTP/1.1" 200 797 0.018226
2015-03-10 16:58:35.174 3030 INFO neutron.wsgi [-] (3030) accepted ('13.0.0.3', 35215)
2015-03-10 16:58:35.208 3030 INFO neutron.plugins.ml2.managers [req-007060ab-5091-4ac6-8171-55ffa85ec3ec None] Extended port dict for driver 'cisco_n1kv_ext'
2015-03-10 16:58:35.209 3030 INFO neutron.wsgi [req-007060ab-5091-4ac6-8171-55ffa85ec3ec None] 13.0.0.3 - - [10/Mar/2015 16:58:35] "GET /v2.0/ports.json?fields=id&id=20ac51f4-f2e1-4072-8a06-7578ce21138d HTTP/1.1" 200 248 0.034313
2015-03-10 16:58:35.232 3030 INFO neutron.plugins.ml2.managers [req-5ef479a0-aea0-46f1-bcc2-edfd900d65d4 None] Extended port dict for driver 'cisco_n1kv_ext'
2015-03-10 16:58:35.234 3030 INFO neutron.wsgi [req-5ef479a0-aea0-46f1-bcc2-edfd900d65d4 None] 13.0.0.3 - - [10/Mar/2015 16:58:35] "GET /v2.0/ports/20ac51f4-f2e1-4072-8a06-7578ce21138d.json HTTP/1.1" 200 796 0.021046
2015-03-10 16:58:35.341 3026 INFO urllib3.connectionpool [-] Starting new HTTP connection (1): 13.0.0.30
2015-03-10 16:58:35.346 3026 INFO urllib3.connectionpool [-] Starting new HTTP connection (1): 13.0.0.23
2015-03-10 16:58:35.370 3037 INFO neutron.wsgi [-] (3037) accepted ('13.0.0.3', 35241)
2015-03-10 16:58:35.375 3026 INFO urllib3.connectionpool [-] Starting new HTTP connection (1): 13.0.0.30
2015-03-10 16:58:35.380 3026 INFO urllib3.connectionpool [-] Starting new HTTP connection (1): 13.0.0.23
2015-03-10 16:58:35.416 3037 INFO neutron.plugins.ml2.managers [req-40aa786a-f6f6-490d-9b07-afc73008ab63 None] Extended port dict for driver 'cisco_n1kv_ext'
2015-03-10 16:58:35.418 3037 INFO neutron.wsgi [req-40aa786a-f6f6-490d-9b07-afc73008ab63 None] 13.0.0.3 - - [10/Mar/2015 16:58:35] "GET /v2.0/ports.json?fields=id&id=c0256d62-62de-48e9-a8ef-33090e552cd4 HTTP/1.1" 200 248 0.046681
2015-03-10 16:58:35.450 3037 INFO neutron.plugins.ml2.managers [req-e46f3a8d-a8c7-4add-93f8-d6420b1c5aff None] Extended port dict for driver 'cisco_n1kv_ext'
2015-03-10 16:58:35.453 3037 INFO neutron.wsgi [req-e46f3a8d-a8c7-4add-93f8-d6420b1c5aff None] 13.0.0.3 - - [10/Mar/2015 16:58:35] "GET /v2.0/ports/c0256d62-62de-48e9-a8ef-33090e552cd4.json HTTP/1.1" 200 772 0.030778
2015-03-10 16:58:35.502 3037 INFO neutron.wsgi [-] (3037) accepted ('13.0.0.3', 35247)
2015-03-10 16:58:35.506 3026 INFO urllib3.connectionpool [-] Starting new HTTP connection (1): 13.0.0.30
2015-03-10 16:58:35.521 3026 INFO urllib3.connectionpool [-] Starting new HTTP connection (1): 13.0.0.30
2015-03-10 16:58:35.546 3037 INFO neutron.plugins.ml2.managers [req-5ae770f9-7086-4e54-bc8e-777c475400b8 None] Extended port dict for driver 'cisco_n1kv_ext'
2015-03-10 16:58:35.547 3037 INFO neutron.wsgi [req-5ae770f9-7086-4e54-bc8e-777c475400b8 None] 13.0.0.3 - - [10/Mar/2015 16:58:35] "GET /v2.0/ports.json?fields=id&id=5983fbc6-8a53-4a42-ba25-cbed8379c144 HTTP/1.1" 200 248 0.044382
2015-03-10 16:58:35.570 3037 INFO neutron.plugins.ml2.managers [req-566a09a5-9bb9-47eb-bff7-d2f7a77a217a None] Extended port dict for driver 'cisco_n1kv_ext'
2015-03-10 16:58:35.573 3037 INFO neutron.wsgi [req-566a09a5-9bb9-47eb-bff7-d2f7a77a217a None] 13.0.0.3 - - [10/Mar/2015 16:58:35] "GET /v2.0/ports/5983fbc6-8a53-4a42-ba25-cbed8379c144.json HTTP/1.1" 200 772 0.021529
2015-03-10 16:58:35.578 3026 INFO neutron.notifiers.nova [-] Nova event response: {u'status': u'completed', u'code': 200, u'name': u'network-changed', u'server_uuid': u'b7757d91-acec-4335-b987-20e24671af77'}
2015-03-10 16:58:35.581 3035 INFO neutron.wsgi [-] (3035) accepted ('13.0.0.3', 35260)
2015-03-10 16:58:35.582 3026 INFO neutron.notifiers.nova [-] Nova event response: {u'status': u'completed', u'tag': u'096a1be6-1bae-4fb0-8718-9dee5f8025bd', u'name': u'network-vif-plugged', u'server_uuid': u'b7757d91-acec-4335-b987-20e24671af77', u'code': 200}
2015-03-10 16:58:35.617 3035 INFO neutron.plugins.ml2.managers [req-e606c072-db5d-4ea3-b9ab-779f7ad01241 None] Extended port dict for driver 'cisco_n1kv_ext'
2015-03-10 16:58:35.620 3035 INFO neutron.wsgi [req-e606c072-db5d-4ea3-b9ab-779f7ad01241 None] 13.0.0.3 - - [10/Mar/2015 16:58:35] "GET /v2.0/ports.json?tenant_id=d2d571fc969445638e8064e3f97d08f2&device_id=b7757d91-acec-4335-b987-20e24671af77 HTTP/1.1" 200 997 0.036541
2015-03-10 16:58:35.623 3037 INFO neutron.wsgi [-] (3037) accepted ('13.0.0.3', 35263)
2015-03-10 16:58:35.653 3037 INFO neutron.plugins.ml2.managers [req-0c981a94-7a5a-4583-8432-782855bf3a28 None] Extended network dict for driver 'cisco_n1kv_ext'
2015-03-10 16:58:35.654 3034 INFO urllib3.connectionpool [-] Starting new HTTP connection (1): 13.0.0.30
2015-03-10 16:58:35.659 3037 INFO neutron.wsgi [req-0c981a94-7a5a-4583-8432-782855bf3a28 None] 13.0.0.3 - - [10/Mar/2015 16:58:35] "GET /v2.0/networks.json?id=9a63f2dd-a91a-465f-b402-68250c8f3757 HTTP/1.1" 200 578 0.034648
2015-03-10 16:58:35.660 3034 INFO urllib3.connectionpool [-] Starting new HTTP connection (1): 13.0.0.23
2015-03-10 16:58:35.667 3037 INFO neutron.wsgi [-] (3037) accepted ('13.0.0.3', 35268)
2015-03-10 16:58:35.680 3036 INFO urllib3.connectionpool [-] Starting new HTTP connection (1): 13.0.0.30
2015-03-10 16:58:35.684 3034 INFO urllib3.connectionpool [-] Starting new HTTP connection (1): 13.0.0.30
2015-03-10 16:58:35.686 3036 INFO urllib3.connectionpool [-] Starting new HTTP connection (1): 13.0.0.23
2015-03-10 16:58:35.690 3034 INFO urllib3.connectionpool [-] Starting new HTTP connection (1): 13.0.0.23
2015-03-10 16:58:35.696 3037 INFO neutron.wsgi [req-d4caccc5-6e0b-424a-a2dc-7565931f2998 None] 13.0.0.3 - - [10/Mar/2015 16:58:35] "GET /v2.0/floatingips.json?fixed_ip_address=14.11.0.2&port_id=096a1be6-1bae-4fb0-8718-9dee5f8025bd HTTP/1.1" 200 208 0.028050
2015-03-10 16:58:35.699 3035 INFO neutron.wsgi [-] (3035) accepted ('13.0.0.3', 35277)
2015-03-10 16:58:35.701 3031 INFO urllib3.connectionpool [-] Starting new HTTP connection (1): 13.0.0.30
2015-03-10 16:58:35.702 3031 INFO neutron.wsgi [-] (3031) accepted ('13.0.0.3', 35281)
2015-03-10 16:58:35.718 3031 INFO urllib3.connectionpool [-] Starting new HTTP connection (1): 13.0.0.23
2015-03-10 16:58:35.718 3036 INFO urllib3.connectionpool [-] Starting new HTTP connection (1): 13.0.0.30
2015-03-10 16:58:35.724 3036 INFO urllib3.connectionpool [-] Starting new HTTP connection (1): 13.0.0.23
2015-03-10 16:58:35.737 3035 INFO neutron.plugins.ml2.managers [req-958a6be2-1286-47f1-8dd6-46b60d60ed27 None] Extended subnet dict for driver 'cisco_n1kv_ext'
2015-03-10 16:58:35.738 3035 INFO neutron.wsgi [req-958a6be2-1286-47f1-8dd6-46b60d60ed27 None] 13.0.0.3 - - [10/Mar/2015 16:58:35] "GET /v2.0/subnets.json?id=d1ee28bd-a4ea-4395-8377-b70b6ac9c092 HTTP/1.1" 200 628 0.038756
2015-03-10 16:58:35.743 3035 INFO neutron.wsgi [-] (3035) accepted ('13.0.0.3', 35288)
2015-03-10 16:58:35.750 3031 INFO urllib3.connectionpool [-] Starting new HTTP connection (1): 13.0.0.30
2015-03-10 16:58:35.752 3037 INFO urllib3.connectionpool [-] Starting new HTTP connection (1): 13.0.0.30
2015-03-10 16:58:35.759 3031 INFO neutron.plugins.ml2.managers [req-bac6ea98-ec51-4ac0-b260-6b31b3e8c82c None] Extended port dict for driver 'cisco_n1kv_ext'
2015-03-10 16:58:35.760 3037 INFO urllib3.connectionpool [-] Starting new HTTP connection (1): 13.0.0.23
2015-03-10 16:58:35.762 3031 INFO neutron.wsgi [req-bac6ea98-ec51-4ac0-b260-6b31b3e8c82c None] 13.0.0.3 - - [10/Mar/2015 16:58:35] "GET /v2.0/ports.json?fields=id&id=c5a341df-6fa9-4973-b372-81f6c7ff7bd4 HTTP/1.1" 200 248 0.059246
2015-03-10 16:58:35.765 3031 INFO urllib3.connectionpool [-] Starting new HTTP connection (1): 13.0.0.23
2015-03-10 16:58:35.770 3035 INFO neutron.wsgi [req-3b50843e-94a4-48d6-871b-682cab3891f9 None] 13.0.0.3 - - [10/Mar/2015 16:58:35] "GET /v2.0/ports.json?network_id=9a63f2dd-a91a-465f-b402-68250c8f3757&device_owner=network%3Adhcp HTTP/1.1" 200 202 0.025434
2015-03-10 16:58:35.783 3037 INFO urllib3.connectionpool [-] Starting new HTTP connection (1): 13.0.0.30
2015-03-10 16:58:35.788 3037 INFO urllib3.connectionpool [-] Starting new HTTP connection (1): 13.0.0.23
2015-03-10 16:58:35.801 3031 INFO neutron.plugins.ml2.managers [req-bf47ecde-4df4-40f5-9a8f-60b753ae8c4c None] Extended port dict for driver 'cisco_n1kv_ext'
2015-03-10 16:58:35.804 3031 INFO neutron.wsgi [req-bf47ecde-4df4-40f5-9a8f-60b753ae8c4c None] 13.0.0.3 - - [10/Mar/2015 16:58:35] "GET /v2.0/ports/c5a341df-6fa9-4973-b372-81f6c7ff7bd4.json HTTP/1.1" 200 773 0.037193
2015-03-10 16:58:35.838 3032 INFO urllib3.connectionpool [-] Starting new HTTP connection (1): 13.0.0.30
2015-03-10 16:58:35.844 3032 INFO urllib3.connectionpool [-] Starting new HTTP connection (1): 13.0.0.23
2015-03-10 16:58:35.848 3034 INFO urllib3.connectionpool [-] Starting new HTTP connection (1): 13.0.0.30
2015-03-10 16:58:35.872 3032 INFO urllib3.connectionpool [-] Starting new HTTP connection (1): 13.0.0.30
2015-03-10 16:58:35.879 3032 INFO urllib3.connectionpool [-] Starting new HTTP connection (1): 13.0.0.23
2015-03-10 16:58:35.889 3036 INFO urllib3.connectionpool [-] Starting new HTTP connection (1): 13.0.0.30
2015-03-10 16:58:35.894 3034 INFO urllib3.connectionpool [-] Starting new HTTP connection (1): 13.0.0.30
2015-03-10 16:58:35.913 3032 INFO neutron.wsgi [-] (3032) accepted ('13.0.0.3', 35321)
2015-03-10 16:58:35.919 3031 INFO urllib3.connectionpool [-] Starting new HTTP connection (1): 13.0.0.30
2015-03-10 16:58:35.926 3035 INFO neutron.wsgi [-] (3035) accepted ('13.0.0.3', 35329)
2015-03-10 16:58:35.960 3034 INFO neutron.notifiers.nova [-] Nova event response: {u'status': u'completed', u'tag': u'940f5bf2-4bd5-410d-9382-061e1543d98f', u'name': u'network-vif-plugged', u'server_uuid': u'a43df455-ba05-4433-a1ce-8b059e8de8dc', u'code': 200}
2015-03-10 16:58:35.965 3032 INFO neutron.plugins.ml2.managers [req-2bdb4c02-2285-49ca-a145-9c286ac56cb0 None] Extended port dict for driver 'cisco_n1kv_ext'
2015-03-10 16:58:35.968 3032 INFO neutron.wsgi [req-2bdb4c02-2285-49ca-a145-9c286ac56cb0 None] 13.0.0.3 - - [10/Mar/2015 16:58:35] "GET /v2.0/ports.json?fields=id&id=c8610e17-02b8-47ec-9319-ac69674fb298 HTTP/1.1" 200 248 0.054414
2015-03-10 16:58:35.984 3031 INFO urllib3.connectionpool [-] Starting new HTTP connection (1): 13.0.0.30
2015-03-10 16:58:35.984 3037 INFO urllib3.connectionpool [-] Starting new HTTP connection (1): 13.0.0.30
2015-03-10 16:58:35.988 3035 INFO neutron.plugins.ml2.managers [req-73c06bda-2095-4d31-b27c-ad3d412c6dbe None] Extended port dict for driver 'cisco_n1kv_ext'
2015-03-10 16:58:35.991 3035 INFO neutron.wsgi [req-73c06bda-2095-4d31-b27c-ad3d412c6dbe None] 13.0.0.3 - - [10/Mar/2015 16:58:35] "GET /v2.0/ports.json?fields=id&id=69c51bc7-6cba-4414-939d-860ab34c39d7 HTTP/1.1" 200 248 0.063816
2015-03-10 16:58:36.003 3032 INFO neutron.plugins.ml2.managers [req-c777119c-a67e-43f4-baeb-2b01018f71cf None] Extended port dict for driver 'cisco_n1kv_ext'
2015-03-10 16:58:36.008 3032 INFO neutron.wsgi [req-c777119c-a67e-43f4-baeb-2b01018f71cf None] 13.0.0.3 - - [10/Mar/2015 16:58:36] "GET /v2.0/ports/c8610e17-02b8-47ec-9319-ac69674fb298.json HTTP/1.1" 200 796 0.034213
2015-03-10 16:58:36.010 3037 INFO urllib3.connectionpool [-] Starting new HTTP connection (1): 13.0.0.30
2015-03-10 16:58:36.033 3035 INFO neutron.plugins.ml2.managers [req-56284628-aea6-4519-96b3-a02a9f81a02a None] Extended port dict for driver 'cisco_n1kv_ext'
2015-03-10 16:58:36.038 3035 INFO neutron.wsgi [req-56284628-aea6-4519-96b3-a02a9f81a02a None] 13.0.0.3 - - [10/Mar/2015 16:58:36] "GET /v2.0/ports/69c51bc7-6cba-4414-939d-860ab34c39d7.json HTTP/1.1" 200 796 0.044094
2015-03-10 16:58:36.061 3032 INFO urllib3.connectionpool [-] Starting new HTTP connection (1): 13.0.0.30
2015-03-10 16:58:36.065 3031 INFO neutron.notifiers.nova [-] Nova event response: {u'status': u'completed', u'tag': u'377bf9c3-c553-4b51-b24e-6d90c5ca89bb', u'name': u'network-vif-plugged', u'server_uuid': u'b24df04a-aa2c-4b02-87b9-791da0f5fb3c', u'code': 200}
2015-03-10 16:58:36.066 3031 INFO neutron.notifiers.nova [-] Nova event response: {u'status': u'completed', u'tag': u'2e4cc0ff-e2f8-46ae-9918-a90d413b274a', u'name': u'network-vif-plugged', u'server_uuid': u'4666bc70-62ca-448c-9d40-7510f5949881', u'code': 200}
2015-03-10 16:58:36.073 3037 INFO neutron.notifiers.nova [-] Nova event response: {u'status': u'completed', u'tag': u'1d5ae930-42f0-414b-b172-e6bcce5f3fa4', u'name': u'network-vif-plugged', u'server_uuid': u'1fff8b83-edde-4beb-a0bd-fe3e0caa6a1f', u'code': 200}
2015-03-10 16:58:36.092 3034 INFO neutron.notifiers.nova [-] Nova event response: {u'status': u'completed', u'code': 200, u'name': u'network-changed', u'server_uuid': u'a43df455-ba05-4433-a1ce-8b059e8de8dc'}
2015-03-10 16:58:36.096 3035 INFO neutron.wsgi [-] (3035) accepted ('13.0.0.3', 35365)
2015-03-10 16:58:36.100 3036 INFO neutron.notifiers.nova [-] Nova event response: {u'status': u'completed', u'tag': u'b8d9a677-2e8f-482f-a240-bdff65977e04', u'name': u'network-vif-plugged', u'server_uuid': u'9c2797da-1ae3-4c38-8b32-7300a2939ff5', u'code': 200}
2015-03-10 16:58:36.103 3037 INFO neutron.notifiers.nova [-] Nova event response: {u'status': u'completed', u'code': 200, u'name': u'network-changed', u'server_uuid': u'1fff8b83-edde-4beb-a0bd-fe3e0caa6a1f'}
2015-03-10 16:58:36.105 3031 INFO neutron.wsgi [-] (3031) accepted ('13.0.0.3', 35366)
2015-03-10 16:58:36.107 3036 INFO urllib3.connectionpool [-] Starting new HTTP connection (1): 13.0.0.30
2015-03-10 16:58:36.123 3032 INFO urllib3.connectionpool [-] Starting new HTTP connection (1): 13.0.0.30
2015-03-10 16:58:36.136 3031 INFO neutron.plugins.ml2.managers [req-95bc3d83-968e-4090-89ca-4ccb4b5df3fa None] Extended port dict for driver 'cisco_n1kv_ext'
2015-03-10 16:58:36.140 3031 INFO neutron.wsgi [req-95bc3d83-968e-4090-89ca-4ccb4b5df3fa None] 13.0.0.3 - - [10/Mar/2015 16:58:36] "GET /v2.0/ports.json?tenant_id=24afe42601c347968d6810ee38b6ee21&device_id=1fff8b83-edde-4beb-a0bd-fe3e0caa6a1f HTTP/1.1" 200 996 0.034180
2015-03-10 16:58:36.144 3031 INFO neutron.wsgi [-] (3031) accepted ('13.0.0.3', 35378)
2015-03-10 16:58:36.148 3035 INFO neutron.plugins.ml2.managers [req-3db19ecd-bc61-4c6e-b2ab-d2f46e438646 None] Extended port dict for driver 'cisco_n1kv_ext'
2015-03-10 16:58:36.151 3035 INFO neutron.wsgi [req-3db19ecd-bc61-4c6e-b2ab-d2f46e438646 None] 13.0.0.3 - - [10/Mar/2015 16:58:36] "GET /v2.0/ports.json?tenant_id=6edc90f14268442bb98940f1cef1ea39&device_id=a43df455-ba05-4433-a1ce-8b059e8de8dc HTTP/1.1" 200 996 0.054350
2015-03-10 16:58:36.154 3037 INFO neutron.wsgi [-] (3037) accepted ('13.0.0.3', 35379)
2015-03-10 16:58:36.163 3032 INFO neutron.notifiers.nova [-] Nova event response: {u'status': u'completed', u'tag': u'6184834b-d1d0-43f3-9155-ac4c4d72f798', u'name': u'network-vif-plugged', u'server_uuid': u'65c1c64d-b2cf-4718-923c-0d5d9f0a0de0', u'code': 200}
2015-03-10 16:58:36.180 3031 INFO neutron.plugins.ml2.managers [req-cc3722cf-c4bd-48ec-a82b-2b98c9116b21 None] Extended network dict for driver 'cisco_n1kv_ext'
2015-03-10 16:58:36.186 3031 INFO neutron.wsgi [req-cc3722cf-c4bd-48ec-a82b-2b98c9116b21 None] 13.0.0.3 - - [10/Mar/2015 16:58:36] "GET /v2.0/networks.json?id=2fee40eb-14f7-4a16-9e38-ac543bbe7167 HTTP/1.1" 200 577 0.042062
2015-03-10 16:58:36.191 3037 INFO neutron.plugins.ml2.managers [req-99418ccc-5c7f-46c2-9034-18731f4c4803 None] Extended network dict for driver 'cisco_n1kv_ext'
2015-03-10 16:58:36.194 3031 INFO neutron.wsgi [-] (3031) accepted ('13.0.0.3', 35381)
2015-03-10 16:58:36.197 3037 INFO neutron.wsgi [req-99418ccc-5c7f-46c2-9034-18731f4c4803 None] 13.0.0.3 - - [10/Mar/2015 16:58:36] "GET /v2.0/networks.json?id=95fe1a55-acbb-496d-95a5-33341e714223 HTTP/1.1" 200 577 0.041758
2015-03-10 16:58:36.199 3035 INFO neutron.wsgi [-] (3035) accepted ('13.0.0.3', 35382)
2015-03-10 16:58:36.208 3027 INFO neutron.wsgi [-] (3027) accepted ('13.0.0.3', 35383)
2015-03-10 16:58:36.209 3031 INFO neutron.notifiers.nova [-] Nova event response: {u'status': u'completed', u'code': 200, u'name': u'network-changed', u'server_uuid': u'b24df04a-aa2c-4b02-87b9-791da0f5fb3c'}
2015-03-10 16:58:36.209 3031 INFO neutron.notifiers.nova [-] Nova event response: {u'status': u'completed', u'code': 200, u'name': u'network-changed', u'server_uuid': u'4666bc70-62ca-448c-9d40-7510f5949881'}
2015-03-10 16:58:36.209 3032 INFO neutron.notifiers.nova [-] Nova event response: {u'status': u'completed', u'code': 200, u'name': u'network-changed', u'server_uuid': u'65c1c64d-b2cf-4718-923c-0d5d9f0a0de0'}
2015-03-10 16:58:36.210 3031 INFO neutron.wsgi [req-9bdf4316-51fc-4245-919e-ee808921ddc9 None] 13.0.0.3 - - [10/Mar/2015 16:58:36] "GET /v2.0/floatingips.json?fixed_ip_address=14.5.1.2&port_id=1d5ae930-42f0-414b-b172-e6bcce5f3fa4 HTTP/1.1" 200 208 0.015798
2015-03-10 16:58:36.213 3035 INFO neutron.wsgi [req-a109cab5-fcde-4cc0-8d37-ccc196c6ad3b None] 13.0.0.3 - - [10/Mar/2015 16:58:36] "GET /v2.0/floatingips.json?fixed_ip_address=14.8.0.2&port_id=940f5bf2-4bd5-410d-9382-061e1543d98f HTTP/1.1" 200 208 0.012722
2015-03-10 16:58:36.218 3030 INFO neutron.wsgi [-] (3030) accepted ('13.0.0.3', 35384)
2015-03-10 16:58:36.222 3031 INFO neutron.wsgi [-] (3031) accepted ('13.0.0.3', 35385)
2015-03-10 16:58:36.224 3031 INFO neutron.wsgi [-] (3031) accepted ('13.0.0.3', 35386)
2015-03-10 16:58:36.227 3031 INFO neutron.wsgi [-] (3031) accepted ('13.0.0.3', 35387)
2015-03-10 16:58:36.249 3027 INFO neutron.plugins.ml2.managers [req-a8f67dea-ebd3-4938-9674-368ec49638d0 None] Extended port dict for driver 'cisco_n1kv_ext'
2015-03-10 16:58:36.252 3027 INFO neutron.wsgi [req-a8f67dea-ebd3-4938-9674-368ec49638d0 None] 13.0.0.3 - - [10/Mar/2015 16:58:36] "GET /v2.0/ports.json?tenant_id=515e9e6228364df6b3bf5eb9580a2db2&device_id=b24df04a-aa2c-4b02-87b9-791da0f5fb3c HTTP/1.1" 200 996 0.043914
2015-03-10 16:58:36.256 3034 INFO neutron.wsgi [-] (3034) accepted ('13.0.0.3', 35390)
2015-03-10 16:58:36.274 3030 INFO neutron.plugins.ml2.managers [req-0ac40d9a-b0de-4949-8e38-50be0eac49fa None] Extended port dict for driver 'cisco_n1kv_ext'
