2015-03-08 03:39:32.498 22090 INFO urllib3.connectionpool [-] Starting new HTTP connection (1): 13.0.0.250
2015-03-09 03:03:39.176 28422 INFO neutron.wsgi [-] (28422) accepted ('13.0.0.3', 56917)
2015-03-09 03:03:39.178 28422 INFO urllib3.connectionpool [-] Resetting dropped connection: 13.0.0.25
2015-03-09 03:03:39.246 28422 INFO neutron.plugins.ml2.managers [req-830d06ac-8040-443d-bffa-35c11535b28d None] Extended port dict for driver 'cisco_n1kv_ext'
2015-03-09 03:03:39.248 28422 INFO neutron.wsgi [req-830d06ac-8040-443d-bffa-35c11535b28d None] 13.0.0.3 - - [09/Mar/2015 03:03:39] "GET /v2.0/ports.json?tenant_id=f55c6ac5ec2347c89f625e6bace7d003&device_id=0c610a07-0152-4790-b187-e3c2d0e50b06 HTTP/1.1" 200 997 0.070691
2015-03-09 03:03:39.250 28422 INFO neutron.wsgi [-] (28422) accepted ('13.0.0.3', 56920)
2015-03-09 03:03:39.264 28422 INFO neutron.plugins.ml2.managers [req-17f8fb53-0bcc-4c12-9031-7c2fea6d0a77 None] Extended network dict for driver 'cisco_n1kv_ext'
2015-03-09 03:03:39.267 28422 INFO neutron.wsgi [req-17f8fb53-0bcc-4c12-9031-7c2fea6d0a77 None] 13.0.0.3 - - [09/Mar/2015 03:03:39] "GET /v2.0/networks.json?id=12f7dc68-ee5f-4f16-b141-434be122863f HTTP/1.1" 200 577 0.016446
2015-03-09 03:03:39.270 28422 INFO neutron.wsgi [-] (28422) accepted ('13.0.0.3', 56921)
2015-03-09 03:03:39.275 28422 INFO neutron.wsgi [req-8f2375eb-0278-4eb5-9d08-ec4f7eb8ee03 None] 13.0.0.3 - - [09/Mar/2015 03:03:39] "GET /v2.0/floatingips.json?fixed_ip_address=14.10.1.2&port_id=dff8995c-175e-47b1-a2b8-957719e1472c HTTP/1.1" 200 208 0.004390
2015-03-09 03:03:39.277 28414 INFO neutron.wsgi [-] (28414) accepted ('13.0.0.3', 56922)
2015-03-09 03:03:39.279 28414 INFO urllib3.connectionpool [-] Resetting dropped connection: 13.0.0.25
2015-03-09 03:03:39.336 28414 INFO neutron.plugins.ml2.managers [req-fa195d73-c617-4899-82f4-038184df9e6d None] Extended subnet dict for driver 'cisco_n1kv_ext'
2015-03-09 03:03:39.337 28414 INFO neutron.wsgi [req-fa195d73-c617-4899-82f4-038184df9e6d None] 13.0.0.3 - - [09/Mar/2015 03:03:39] "GET /v2.0/subnets.json?id=2a06511a-d7ab-4880-9f67-44554fa6ece7 HTTP/1.1" 200 626 0.059148
2015-03-09 03:03:39.340 28414 INFO neutron.wsgi [-] (28414) accepted ('13.0.0.3', 56927)
2015-03-09 03:03:39.358 28414 INFO neutron.plugins.ml2.managers [req-343ad19a-0453-4a72-a4d8-7e70c04a154b None] Extended port dict for driver 'cisco_n1kv_ext'
2015-03-09 03:03:39.359 28414 INFO neutron.wsgi [req-343ad19a-0453-4a72-a4d8-7e70c04a154b None] 13.0.0.3 - - [09/Mar/2015 03:03:39] "GET /v2.0/ports.json?network_id=12f7dc68-ee5f-4f16-b141-434be122863f&device_owner=network%3Adhcp HTTP/1.1" 200 984 0.018704
2015-03-09 03:39:19.162 15301 INFO neutron.wsgi [-] (15301) accepted ('13.0.0.3', 37289)
2015-03-09 03:39:19.179 15301 INFO neutron.plugins.ml2.managers [req-a4935e89-1777-4d3d-b363-ae2e7dfe5295 None] Extended port dict for driver 'cisco_n1kv_ext'
2015-03-09 03:39:19.180 15301 INFO neutron.wsgi [req-a4935e89-1777-4d3d-b363-ae2e7dfe5295 None] 13.0.0.3 - - [09/Mar/2015 03:39:19] "GET /v2.0/ports.json?tenant_id=6edc90f14268442bb98940f1cef1ea39&device_id=fb8b23be-9b08-4d55-ba01-14298fe8b272 HTTP/1.1" 200 996 0.017381
2015-03-09 03:39:19.183 15301 INFO neutron.wsgi [-] (15301) accepted ('13.0.0.3', 37290)
2015-03-09 03:39:19.194 15301 INFO neutron.plugins.ml2.managers [req-f74b5250-ca21-4273-8001-250879b092ac None] Extended network dict for driver 'cisco_n1kv_ext'
2015-03-09 03:39:19.197 15301 INFO neutron.wsgi [req-f74b5250-ca21-4273-8001-250879b092ac None] 13.0.0.3 - - [09/Mar/2015 03:39:19] "GET /v2.0/networks.json?id=21f4a6d1-fff4-4403-8bc8-00a4429a9e0c HTTP/1.1" 200 577 0.012941
2015-03-09 03:39:19.199 15291 INFO neutron.wsgi [-] (15291) accepted ('13.0.0.3', 37291)
2015-03-09 03:39:19.201 15291 INFO urllib3.connectionpool [-] Resetting dropped connection: 13.0.0.25
2015-03-09 03:39:19.261 15291 INFO neutron.wsgi [req-7274b3f8-a9c7-4e79-9f2e-3ef33316a235 None] 13.0.0.3 - - [09/Mar/2015 03:39:19] "GET /v2.0/floatingips.json?fixed_ip_address=14.8.2.2&port_id=e54ef322-076e-4ca9-82cc-9d447ca4f2f8 HTTP/1.1" 200 208 0.061264
2015-03-09 03:39:19.264 15291 INFO neutron.wsgi [-] (15291) accepted ('13.0.0.3', 37294)
2015-03-09 03:39:19.276 15291 INFO neutron.plugins.ml2.managers [req-77705991-3b12-44b9-af4d-ae12ff1d8a2b None] Extended subnet dict for driver 'cisco_n1kv_ext'
2015-03-09 03:39:19.277 15291 INFO neutron.wsgi [req-77705991-3b12-44b9-af4d-ae12ff1d8a2b None] 13.0.0.3 - - [09/Mar/2015 03:39:19] "GET /v2.0/subnets.json?id=b3eb77af-0496-48de-9b4c-804f3975d61f HTTP/1.1" 200 622 0.012399
2015-03-09 03:39:19.279 15291 INFO neutron.wsgi [-] (15291) accepted ('13.0.0.3', 37295)
2015-03-09 03:39:19.295 15291 INFO neutron.plugins.ml2.managers [req-7732ba06-6668-4ab3-a807-fdd110b2f816 None] Extended port dict for driver 'cisco_n1kv_ext'
2015-03-09 03:39:19.297 15291 INFO neutron.wsgi [req-7732ba06-6668-4ab3-a807-fdd110b2f816 None] 13.0.0.3 - - [09/Mar/2015 03:39:19] "GET /v2.0/ports.json?network_id=21f4a6d1-fff4-4403-8bc8-00a4429a9e0c&device_owner=network%3Adhcp HTTP/1.1" 200 983 0.017452
2015-03-09 03:39:40.903 15291 INFO neutron.wsgi [-] (15291) accepted ('13.0.0.3', 37658)
2015-03-09 03:39:40.973 15291 INFO neutron.plugins.ml2.managers [req-bbc23c69-307e-4172-a419-3cba4e2c031d None] Extended port dict for driver 'cisco_n1kv_ext'
2015-03-09 03:39:40.975 15291 INFO neutron.wsgi [req-bbc23c69-307e-4172-a419-3cba4e2c031d None] 13.0.0.3 - - [09/Mar/2015 03:39:40] "GET /v2.0/ports.json?tenant_id=cd8e05c53c6f4db79368f04564dcb4d3&device_id=bddb85f8-150a-4252-84c9-05b2918899c5 HTTP/1.1" 200 996 0.071058
2015-03-09 03:39:40.978 15291 INFO neutron.wsgi [-] (15291) accepted ('13.0.0.3', 37663)
2015-03-09 03:39:40.991 15291 INFO neutron.plugins.ml2.managers [req-707efbe8-0cce-4ae3-8335-163086b48448 None] Extended network dict for driver 'cisco_n1kv_ext'
2015-03-09 03:39:40.993 15291 INFO neutron.wsgi [req-707efbe8-0cce-4ae3-8335-163086b48448 None] 13.0.0.3 - - [09/Mar/2015 03:39:40] "GET /v2.0/networks.json?id=619b3cb6-c5bb-469b-8525-44a53fc87630 HTTP/1.1" 200 578 0.014896
2015-03-09 03:39:40.996 15291 INFO neutron.wsgi [-] (15291) accepted ('13.0.0.3', 37664)
2015-03-09 03:39:41.000 15291 INFO neutron.wsgi [req-51cb9d87-f11b-49d6-aaad-656c58bfa2cf None] 13.0.0.3 - - [09/Mar/2015 03:39:41] "GET /v2.0/floatingips.json?fixed_ip_address=14.6.9.2&port_id=ce179fb2-6014-4f8e-acaa-6a1dd23d8887 HTTP/1.1" 200 208 0.004247
2015-03-09 03:39:41.003 15291 INFO neutron.wsgi [-] (15291) accepted ('13.0.0.3', 37665)
2015-03-09 03:39:41.013 15291 INFO neutron.plugins.ml2.managers [req-28d9001d-dcbd-4646-b8f5-1387340359b3 None] Extended subnet dict for driver 'cisco_n1kv_ext'
2015-03-09 03:39:41.013 15291 INFO neutron.wsgi [req-28d9001d-dcbd-4646-b8f5-1387340359b3 None] 13.0.0.3 - - [09/Mar/2015 03:39:41] "GET /v2.0/subnets.json?id=cf17974a-345d-40f1-8fa6-87fff881e1fe HTTP/1.1" 200 623 0.010069
2015-03-09 03:39:41.017 15297 INFO neutron.wsgi [-] (15297) accepted ('13.0.0.3', 37666)
2015-03-09 03:39:41.019 15297 INFO urllib3.connectionpool [-] Resetting dropped connection: 13.0.0.25
2015-03-09 03:39:41.084 15297 INFO neutron.plugins.ml2.managers [req-989f7de8-1be3-4aee-98de-bb91516e7eee None] Extended port dict for driver 'cisco_n1kv_ext'
2015-03-09 03:39:41.086 15297 INFO neutron.wsgi [req-989f7de8-1be3-4aee-98de-bb91516e7eee None] 13.0.0.3 - - [09/Mar/2015 03:39:41] "GET /v2.0/ports.json?network_id=619b3cb6-c5bb-469b-8525-44a53fc87630&device_owner=network%3Adhcp HTTP/1.1" 200 983 0.068502
2015-03-09 03:39:41.961 15273 INFO urllib3.connectionpool [-] Starting new HTTP connection (1): 13.0.0.250
2015-03-10 03:39:10.112 27053 INFO neutron.wsgi [-] (27053) accepted ('13.0.0.3', 56442)
2015-03-10 03:39:10.115 27053 INFO urllib3.connectionpool [-] Resetting dropped connection: 13.0.0.25
2015-03-10 03:39:10.197 27053 INFO neutron.wsgi [-] (27053) accepted ('13.0.0.3', 56462)
2015-03-10 03:39:10.198 27047 INFO neutron.wsgi [-] (27047) accepted ('13.0.0.3', 56464)
2015-03-10 03:39:10.199 27053 INFO urllib3.connectionpool [-] Starting new HTTP connection (2): 13.0.0.25
2015-03-10 03:39:10.201 27047 INFO urllib3.connectionpool [-] Resetting dropped connection: 13.0.0.25
2015-03-10 03:39:10.227 27047 INFO neutron.wsgi [-] (27047) accepted ('13.0.0.3', 56474)
2015-03-10 03:39:10.229 27047 INFO urllib3.connectionpool [-] Resetting dropped connection: 13.0.0.25
2015-03-10 03:39:10.235 27047 INFO neutron.wsgi [-] (27047) accepted ('13.0.0.3', 56478)
2015-03-10 03:39:10.238 27047 INFO urllib3.connectionpool [-] Starting new HTTP connection (3): 13.0.0.25
2015-03-10 03:39:10.263 27051 INFO neutron.wsgi [-] (27051) accepted ('13.0.0.3', 56484)
2015-03-10 03:39:10.265 27051 INFO urllib3.connectionpool [-] Resetting dropped connection: 13.0.0.25
2015-03-10 03:39:10.268 27051 INFO neutron.wsgi [-] (27051) accepted ('13.0.0.3', 56488)
2015-03-10 03:39:10.269 27051 INFO urllib3.connectionpool [-] Starting new HTTP connection (2): 13.0.0.25
2015-03-10 03:39:10.289 27053 INFO neutron.plugins.ml2.db [req-befa73cb-11a2-4930-a9cc-5150ad11c0ae None] Added segment 0ec1bab6-9168-4dd8-8acd-9064be1bcbc6 of type vlan for network a9c9d4c7-3749-4002-b30b-ba5cdf1d8ec0
2015-03-10 03:39:10.299 27053 INFO urllib3.connectionpool [-] Starting new HTTP connection (1): 13.0.0.250
2015-03-10 03:39:10.304 27057 INFO neutron.wsgi [-] (27057) accepted ('13.0.0.3', 56493)
2015-03-10 03:39:10.307 27057 INFO urllib3.connectionpool [-] Resetting dropped connection: 13.0.0.25
2015-03-10 03:39:10.324 27047 INFO neutron.plugins.ml2.db [req-1ccf4360-9d12-4cb2-9923-024f3929616a None] Added segment a52099c9-5808-44db-9140-bda89d3b4bdf of type vlan for network 259a1c5f-bcdb-4989-8f54-70caac96f9bb
2015-03-10 03:39:10.333 27051 INFO oslo.messaging._drivers.impl_rabbit [req-6326ac79-e8c1-46bb-93ab-a03484e8480b ] Connecting to AMQP server on 13.0.0.3:5672
2015-03-10 03:39:10.349 27053 INFO neutron.plugins.ml2.db [req-9c44e2c8-c8aa-4f5c-902b-ea1662840837 None] Added segment a0bacfc5-5299-41c8-9278-b13b208eafbf of type vlan for network 94de049e-ec4e-4b8b-9c26-ec2606431d6c
2015-03-10 03:39:10.349 27047 INFO urllib3.connectionpool [-] Starting new HTTP connection (1): 13.0.0.250
2015-03-10 03:39:10.355 27051 INFO oslo.messaging._drivers.impl_rabbit [req-6326ac79-e8c1-46bb-93ab-a03484e8480b ] Connected to AMQP server on 13.0.0.3:5672
2015-03-10 03:39:10.357 27047 INFO oslo.messaging._drivers.impl_rabbit [req-00923f06-f3e8-49f6-b48d-c8a4ee17f952 ] Connecting to AMQP server on 13.0.0.3:5672
2015-03-10 03:39:10.360 27053 INFO urllib3.connectionpool [-] Starting new HTTP connection (1): 13.0.0.250
2015-03-10 03:39:10.368 27051 INFO neutron.plugins.ml2.db [req-62ac0a7c-ab69-4897-8531-d26fc103ceb2 None] Added segment a2587795-34bf-4b2d-8a8f-37b5ba486be1 of type vlan for network fd982938-5b84-487d-97c7-f5d4d3f9a362
2015-03-10 03:39:10.377 27051 INFO urllib3.connectionpool [-] Starting new HTTP connection (1): 13.0.0.250
2015-03-10 03:39:10.388 27047 INFO neutron.plugins.ml2.db [req-effcb4fe-60af-43ef-9bc5-fd9d165aed2a None] Added segment 08f30d7e-baf8-40f6-8f82-8a5284d3eb3e of type vlan for network 2bed3aa4-05a3-4043-8020-03ee63bb04d2
2015-03-10 03:39:10.393 27052 INFO neutron.wsgi [-] (27052) accepted ('13.0.0.3', 56506)
2015-03-10 03:39:10.395 27052 INFO urllib3.connectionpool [-] Resetting dropped connection: 13.0.0.25
2015-03-10 03:39:10.397 27058 INFO neutron.wsgi [-] (27058) accepted ('13.0.0.3', 56510)
2015-03-10 03:39:10.397 27057 ERROR neutron.api.v2.resource [req-9eded1a3-e638-4dc8-846a-a1e7799230fd None] create failed
2015-03-10 03:39:10.397 27057 TRACE neutron.api.v2.resource Traceback (most recent call last):
2015-03-10 03:39:10.397 27057 TRACE neutron.api.v2.resource   File "/usr/lib/python2.7/site-packages/neutron/api/v2/resource.py", line 87, in resource
2015-03-10 03:39:10.397 27057 TRACE neutron.api.v2.resource     result = method(request=request, **args)
2015-03-10 03:39:10.397 27057 TRACE neutron.api.v2.resource   File "/usr/lib/python2.7/site-packages/neutron/api/v2/base.py", line 448, in create
2015-03-10 03:39:10.397 27057 TRACE neutron.api.v2.resource     obj = obj_creator(request.context, **kwargs)
2015-03-10 03:39:10.397 27057 TRACE neutron.api.v2.resource   File "/usr/lib/python2.7/site-packages/neutron/plugins/ml2/plugin.py", line 499, in create_network
2015-03-10 03:39:10.397 27057 TRACE neutron.api.v2.resource     tenant_id)
2015-03-10 03:39:10.397 27057 TRACE neutron.api.v2.resource   File "/usr/lib/python2.7/site-packages/neutron/plugins/ml2/managers.py", line 160, in create_network_segments
2015-03-10 03:39:10.397 27057 TRACE neutron.api.v2.resource     segment = self.allocate_tenant_segment(session)
2015-03-10 03:39:10.397 27057 TRACE neutron.api.v2.resource   File "/usr/lib/python2.7/site-packages/neutron/plugins/ml2/managers.py", line 189, in allocate_tenant_segment
2015-03-10 03:39:10.397 27057 TRACE neutron.api.v2.resource     segment = driver.obj.allocate_tenant_segment(session)
2015-03-10 03:39:10.397 27057 TRACE neutron.api.v2.resource   File "/usr/lib/python2.7/site-packages/neutron/plugins/ml2/drivers/type_vlan.py", line 220, in allocate_tenant_segment
2015-03-10 03:39:10.397 27057 TRACE neutron.api.v2.resource     alloc = self.allocate_partially_specified_segment(session)
2015-03-10 03:39:10.397 27057 TRACE neutron.api.v2.resource   File "/usr/lib/python2.7/site-packages/neutron/plugins/ml2/drivers/helpers.py", line 143, in allocate_partially_specified_segment
2015-03-10 03:39:10.397 27057 TRACE neutron.api.v2.resource     raise exc.NoNetworkFoundInMaximumAllowedAttempts()
2015-03-10 03:39:10.397 27057 TRACE neutron.api.v2.resource NoNetworkFoundInMaximumAllowedAttempts: Unable to create the network. No available network found in maximum allowed attempts.
2015-03-10 03:39:10.397 27057 TRACE neutron.api.v2.resource 
2015-03-10 03:39:10.398 27057 INFO neutron.wsgi [req-9eded1a3-e638-4dc8-846a-a1e7799230fd None] 13.0.0.3 - - [10/Mar/2015 03:39:10] "POST /v2.0/networks.json HTTP/1.1" 503 389 0.092831
2015-03-10 03:39:10.399 27058 INFO urllib3.connectionpool [-] Resetting dropped connection: 13.0.0.25
2015-03-10 03:39:10.401 27047 INFO oslo.messaging._drivers.impl_rabbit [req-00923f06-f3e8-49f6-b48d-c8a4ee17f952 ] Connected to AMQP server on 13.0.0.3:5672
2015-03-10 03:39:10.403 27047 INFO urllib3.connectionpool [-] Starting new HTTP connection (1): 13.0.0.250
2015-03-10 03:39:10.419 27051 ERROR neutron.api.v2.resource [req-6326ac79-e8c1-46bb-93ab-a03484e8480b None] create failed
2015-03-10 03:39:10.419 27051 TRACE neutron.api.v2.resource Traceback (most recent call last):
2015-03-10 03:39:10.419 27051 TRACE neutron.api.v2.resource   File "/usr/lib/python2.7/site-packages/neutron/api/v2/resource.py", line 87, in resource
2015-03-10 03:39:10.419 27051 TRACE neutron.api.v2.resource     result = method(request=request, **args)
2015-03-10 03:39:10.419 27051 TRACE neutron.api.v2.resource   File "/usr/lib/python2.7/site-packages/neutron/api/v2/base.py", line 448, in create
2015-03-10 03:39:10.419 27051 TRACE neutron.api.v2.resource     obj = obj_creator(request.context, **kwargs)
2015-03-10 03:39:10.419 27051 TRACE neutron.api.v2.resource   File "/usr/lib/python2.7/site-packages/neutron/plugins/ml2/plugin.py", line 499, in create_network
2015-03-10 03:39:10.419 27051 TRACE neutron.api.v2.resource     tenant_id)
2015-03-10 03:39:10.419 27051 TRACE neutron.api.v2.resource   File "/usr/lib/python2.7/site-packages/neutron/plugins/ml2/managers.py", line 160, in create_network_segments
2015-03-10 03:39:10.419 27051 TRACE neutron.api.v2.resource     segment = self.allocate_tenant_segment(session)
2015-03-10 03:39:10.419 27051 TRACE neutron.api.v2.resource   File "/usr/lib/python2.7/site-packages/neutron/plugins/ml2/managers.py", line 189, in allocate_tenant_segment
2015-03-10 03:39:10.419 27051 TRACE neutron.api.v2.resource     segment = driver.obj.allocate_tenant_segment(session)
2015-03-10 03:39:10.419 27051 TRACE neutron.api.v2.resource   File "/usr/lib/python2.7/site-packages/neutron/plugins/ml2/drivers/type_vlan.py", line 220, in allocate_tenant_segment
2015-03-10 03:39:10.419 27051 TRACE neutron.api.v2.resource     alloc = self.allocate_partially_specified_segment(session)
2015-03-10 03:39:10.419 27051 TRACE neutron.api.v2.resource   File "/usr/lib/python2.7/site-packages/neutron/plugins/ml2/drivers/helpers.py", line 143, in allocate_partially_specified_segment
2015-03-10 03:39:10.419 27051 TRACE neutron.api.v2.resource     raise exc.NoNetworkFoundInMaximumAllowedAttempts()
2015-03-10 03:39:10.419 27051 TRACE neutron.api.v2.resource NoNetworkFoundInMaximumAllowedAttempts: Unable to create the network. No available network found in maximum allowed attempts.
2015-03-10 03:39:10.419 27051 TRACE neutron.api.v2.resource 
2015-03-10 03:39:10.422 27051 INFO neutron.wsgi [req-6326ac79-e8c1-46bb-93ab-a03484e8480b None] 13.0.0.3 - - [10/Mar/2015 03:39:10] "POST /v2.0/networks.json HTTP/1.1" 503 389 0.153599
2015-03-10 03:39:10.430 27047 INFO neutron.plugins.ml2.db [req-00923f06-f3e8-49f6-b48d-c8a4ee17f952 None] Added segment a0b777e6-a0b1-48e6-a8b0-c8607aecd5a6 of type vlan for network 0cfee667-2855-4c42-967c-270bc74698e1
2015-03-08 03:39:32.498 22090 INFO urllib3.connectionpool [-] Starting new HTTP connection (1): 13.0.0.250
2015-03-09 03:03:39.176 28422 INFO neutron.wsgi [-] (28422) accepted ('13.0.0.3', 56917)
2015-03-09 03:03:39.178 28422 INFO urllib3.connectionpool [-] Resetting dropped connection: 13.0.0.25
2015-03-09 03:03:39.246 28422 INFO neutron.plugins.ml2.managers [req-830d06ac-8040-443d-bffa-35c11535b28d None] Extended port dict for driver 'cisco_n1kv_ext'
2015-03-09 03:03:39.248 28422 INFO neutron.wsgi [req-830d06ac-8040-443d-bffa-35c11535b28d None] 13.0.0.3 - - [09/Mar/2015 03:03:39] "GET /v2.0/ports.json?tenant_id=f55c6ac5ec2347c89f625e6bace7d003&device_id=0c610a07-0152-4790-b187-e3c2d0e50b06 HTTP/1.1" 200 997 0.070691
2015-03-09 03:03:39.250 28422 INFO neutron.wsgi [-] (28422) accepted ('13.0.0.3', 56920)
2015-03-09 03:03:39.264 28422 INFO neutron.plugins.ml2.managers [req-17f8fb53-0bcc-4c12-9031-7c2fea6d0a77 None] Extended network dict for driver 'cisco_n1kv_ext'
2015-03-09 03:03:39.267 28422 INFO neutron.wsgi [req-17f8fb53-0bcc-4c12-9031-7c2fea6d0a77 None] 13.0.0.3 - - [09/Mar/2015 03:03:39] "GET /v2.0/networks.json?id=12f7dc68-ee5f-4f16-b141-434be122863f HTTP/1.1" 200 577 0.016446
2015-03-09 03:03:39.270 28422 INFO neutron.wsgi [-] (28422) accepted ('13.0.0.3', 56921)
2015-03-09 03:03:39.275 28422 INFO neutron.wsgi [req-8f2375eb-0278-4eb5-9d08-ec4f7eb8ee03 None] 13.0.0.3 - - [09/Mar/2015 03:03:39] "GET /v2.0/floatingips.json?fixed_ip_address=14.10.1.2&port_id=dff8995c-175e-47b1-a2b8-957719e1472c HTTP/1.1" 200 208 0.004390
2015-03-09 03:03:39.277 28414 INFO neutron.wsgi [-] (28414) accepted ('13.0.0.3', 56922)
2015-03-09 03:03:39.279 28414 INFO urllib3.connectionpool [-] Resetting dropped connection: 13.0.0.25
2015-03-09 03:03:39.336 28414 INFO neutron.plugins.ml2.managers [req-fa195d73-c617-4899-82f4-038184df9e6d None] Extended subnet dict for driver 'cisco_n1kv_ext'
2015-03-09 03:03:39.337 28414 INFO neutron.wsgi [req-fa195d73-c617-4899-82f4-038184df9e6d None] 13.0.0.3 - - [09/Mar/2015 03:03:39] "GET /v2.0/subnets.json?id=2a06511a-d7ab-4880-9f67-44554fa6ece7 HTTP/1.1" 200 626 0.059148
2015-03-09 03:03:39.340 28414 INFO neutron.wsgi [-] (28414) accepted ('13.0.0.3', 56927)
2015-03-09 03:03:39.358 28414 INFO neutron.plugins.ml2.managers [req-343ad19a-0453-4a72-a4d8-7e70c04a154b None] Extended port dict for driver 'cisco_n1kv_ext'
2015-03-09 03:03:39.359 28414 INFO neutron.wsgi [req-343ad19a-0453-4a72-a4d8-7e70c04a154b None] 13.0.0.3 - - [09/Mar/2015 03:03:39] "GET /v2.0/ports.json?network_id=12f7dc68-ee5f-4f16-b141-434be122863f&device_owner=network%3Adhcp HTTP/1.1" 200 984 0.018704
2015-03-09 03:39:19.162 15301 INFO neutron.wsgi [-] (15301) accepted ('13.0.0.3', 37289)
2015-03-09 03:39:19.179 15301 INFO neutron.plugins.ml2.managers [req-a4935e89-1777-4d3d-b363-ae2e7dfe5295 None] Extended port dict for driver 'cisco_n1kv_ext'
2015-03-09 03:39:19.180 15301 INFO neutron.wsgi [req-a4935e89-1777-4d3d-b363-ae2e7dfe5295 None] 13.0.0.3 - - [09/Mar/2015 03:39:19] "GET /v2.0/ports.json?tenant_id=6edc90f14268442bb98940f1cef1ea39&device_id=fb8b23be-9b08-4d55-ba01-14298fe8b272 HTTP/1.1" 200 996 0.017381
2015-03-09 03:39:19.183 15301 INFO neutron.wsgi [-] (15301) accepted ('13.0.0.3', 37290)
2015-03-09 03:39:19.194 15301 INFO neutron.plugins.ml2.managers [req-f74b5250-ca21-4273-8001-250879b092ac None] Extended network dict for driver 'cisco_n1kv_ext'
2015-03-09 03:39:19.197 15301 INFO neutron.wsgi [req-f74b5250-ca21-4273-8001-250879b092ac None] 13.0.0.3 - - [09/Mar/2015 03:39:19] "GET /v2.0/networks.json?id=21f4a6d1-fff4-4403-8bc8-00a4429a9e0c HTTP/1.1" 200 577 0.012941
2015-03-09 03:39:19.199 15291 INFO neutron.wsgi [-] (15291) accepted ('13.0.0.3', 37291)
2015-03-09 03:39:19.201 15291 INFO urllib3.connectionpool [-] Resetting dropped connection: 13.0.0.25
2015-03-09 03:39:19.261 15291 INFO neutron.wsgi [req-7274b3f8-a9c7-4e79-9f2e-3ef33316a235 None] 13.0.0.3 - - [09/Mar/2015 03:39:19] "GET /v2.0/floatingips.json?fixed_ip_address=14.8.2.2&port_id=e54ef322-076e-4ca9-82cc-9d447ca4f2f8 HTTP/1.1" 200 208 0.061264
2015-03-09 03:39:19.264 15291 INFO neutron.wsgi [-] (15291) accepted ('13.0.0.3', 37294)
2015-03-09 03:39:19.276 15291 INFO neutron.plugins.ml2.managers [req-77705991-3b12-44b9-af4d-ae12ff1d8a2b None] Extended subnet dict for driver 'cisco_n1kv_ext'
2015-03-09 03:39:19.277 15291 INFO neutron.wsgi [req-77705991-3b12-44b9-af4d-ae12ff1d8a2b None] 13.0.0.3 - - [09/Mar/2015 03:39:19] "GET /v2.0/subnets.json?id=b3eb77af-0496-48de-9b4c-804f3975d61f HTTP/1.1" 200 622 0.012399
2015-03-09 03:39:19.279 15291 INFO neutron.wsgi [-] (15291) accepted ('13.0.0.3', 37295)
2015-03-09 03:39:19.295 15291 INFO neutron.plugins.ml2.managers [req-7732ba06-6668-4ab3-a807-fdd110b2f816 None] Extended port dict for driver 'cisco_n1kv_ext'
2015-03-09 03:39:19.297 15291 INFO neutron.wsgi [req-7732ba06-6668-4ab3-a807-fdd110b2f816 None] 13.0.0.3 - - [09/Mar/2015 03:39:19] "GET /v2.0/ports.json?network_id=21f4a6d1-fff4-4403-8bc8-00a4429a9e0c&device_owner=network%3Adhcp HTTP/1.1" 200 983 0.017452
2015-03-09 03:39:40.903 15291 INFO neutron.wsgi [-] (15291) accepted ('13.0.0.3', 37658)
2015-03-09 03:39:40.973 15291 INFO neutron.plugins.ml2.managers [req-bbc23c69-307e-4172-a419-3cba4e2c031d None] Extended port dict for driver 'cisco_n1kv_ext'
2015-03-09 03:39:40.975 15291 INFO neutron.wsgi [req-bbc23c69-307e-4172-a419-3cba4e2c031d None] 13.0.0.3 - - [09/Mar/2015 03:39:40] "GET /v2.0/ports.json?tenant_id=cd8e05c53c6f4db79368f04564dcb4d3&device_id=bddb85f8-150a-4252-84c9-05b2918899c5 HTTP/1.1" 200 996 0.071058
2015-03-09 03:39:40.978 15291 INFO neutron.wsgi [-] (15291) accepted ('13.0.0.3', 37663)
2015-03-09 03:39:40.991 15291 INFO neutron.plugins.ml2.managers [req-707efbe8-0cce-4ae3-8335-163086b48448 None] Extended network dict for driver 'cisco_n1kv_ext'
2015-03-09 03:39:40.993 15291 INFO neutron.wsgi [req-707efbe8-0cce-4ae3-8335-163086b48448 None] 13.0.0.3 - - [09/Mar/2015 03:39:40] "GET /v2.0/networks.json?id=619b3cb6-c5bb-469b-8525-44a53fc87630 HTTP/1.1" 200 578 0.014896
2015-03-09 03:39:40.996 15291 INFO neutron.wsgi [-] (15291) accepted ('13.0.0.3', 37664)
2015-03-09 03:39:41.000 15291 INFO neutron.wsgi [req-51cb9d87-f11b-49d6-aaad-656c58bfa2cf None] 13.0.0.3 - - [09/Mar/2015 03:39:41] "GET /v2.0/floatingips.json?fixed_ip_address=14.6.9.2&port_id=ce179fb2-6014-4f8e-acaa-6a1dd23d8887 HTTP/1.1" 200 208 0.004247
2015-03-09 03:39:41.003 15291 INFO neutron.wsgi [-] (15291) accepted ('13.0.0.3', 37665)
2015-03-09 03:39:41.013 15291 INFO neutron.plugins.ml2.managers [req-28d9001d-dcbd-4646-b8f5-1387340359b3 None] Extended subnet dict for driver 'cisco_n1kv_ext'
2015-03-09 03:39:41.013 15291 INFO neutron.wsgi [req-28d9001d-dcbd-4646-b8f5-1387340359b3 None] 13.0.0.3 - - [09/Mar/2015 03:39:41] "GET /v2.0/subnets.json?id=cf17974a-345d-40f1-8fa6-87fff881e1fe HTTP/1.1" 200 623 0.010069
2015-03-09 03:39:41.017 15297 INFO neutron.wsgi [-] (15297) accepted ('13.0.0.3', 37666)
2015-03-09 03:39:41.019 15297 INFO urllib3.connectionpool [-] Resetting dropped connection: 13.0.0.25
2015-03-09 03:39:41.084 15297 INFO neutron.plugins.ml2.managers [req-989f7de8-1be3-4aee-98de-bb91516e7eee None] Extended port dict for driver 'cisco_n1kv_ext'
2015-03-09 03:39:41.086 15297 INFO neutron.wsgi [req-989f7de8-1be3-4aee-98de-bb91516e7eee None] 13.0.0.3 - - [09/Mar/2015 03:39:41] "GET /v2.0/ports.json?network_id=619b3cb6-c5bb-469b-8525-44a53fc87630&device_owner=network%3Adhcp HTTP/1.1" 200 983 0.068502
2015-03-09 03:39:41.961 15273 INFO urllib3.connectionpool [-] Starting new HTTP connection (1): 13.0.0.250
2015-03-10 03:39:10.112 27053 INFO neutron.wsgi [-] (27053) accepted ('13.0.0.3', 56442)
2015-03-10 03:39:10.115 27053 INFO urllib3.connectionpool [-] Resetting dropped connection: 13.0.0.25
2015-03-10 03:39:10.197 27053 INFO neutron.wsgi [-] (27053) accepted ('13.0.0.3', 56462)
2015-03-10 03:39:10.198 27047 INFO neutron.wsgi [-] (27047) accepted ('13.0.0.3', 56464)
2015-03-10 03:39:10.199 27053 INFO urllib3.connectionpool [-] Starting new HTTP connection (2): 13.0.0.25
2015-03-10 03:39:10.201 27047 INFO urllib3.connectionpool [-] Resetting dropped connection: 13.0.0.25
2015-03-10 03:39:10.227 27047 INFO neutron.wsgi [-] (27047) accepted ('13.0.0.3', 56474)
2015-03-10 03:39:10.229 27047 INFO urllib3.connectionpool [-] Resetting dropped connection: 13.0.0.25
2015-03-10 03:39:10.235 27047 INFO neutron.wsgi [-] (27047) accepted ('13.0.0.3', 56478)
2015-03-10 03:39:10.238 27047 INFO urllib3.connectionpool [-] Starting new HTTP connection (3): 13.0.0.25
2015-03-10 03:39:10.263 27051 INFO neutron.wsgi [-] (27051) accepted ('13.0.0.3', 56484)
2015-03-10 03:39:10.265 27051 INFO urllib3.connectionpool [-] Resetting dropped connection: 13.0.0.25
2015-03-10 03:39:10.268 27051 INFO neutron.wsgi [-] (27051) accepted ('13.0.0.3', 56488)
2015-03-10 03:39:10.269 27051 INFO urllib3.connectionpool [-] Starting new HTTP connection (2): 13.0.0.25
2015-03-10 03:39:10.289 27053 INFO neutron.plugins.ml2.db [req-befa73cb-11a2-4930-a9cc-5150ad11c0ae None] Added segment 0ec1bab6-9168-4dd8-8acd-9064be1bcbc6 of type vlan for network a9c9d4c7-3749-4002-b30b-ba5cdf1d8ec0
2015-03-10 03:39:10.299 27053 INFO urllib3.connectionpool [-] Starting new HTTP connection (1): 13.0.0.250
2015-03-10 03:39:10.304 27057 INFO neutron.wsgi [-] (27057) accepted ('13.0.0.3', 56493)
2015-03-10 03:39:10.307 27057 INFO urllib3.connectionpool [-] Resetting dropped connection: 13.0.0.25
2015-03-10 03:39:10.324 27047 INFO neutron.plugins.ml2.db [req-1ccf4360-9d12-4cb2-9923-024f3929616a None] Added segment a52099c9-5808-44db-9140-bda89d3b4bdf of type vlan for network 259a1c5f-bcdb-4989-8f54-70caac96f9bb
2015-03-10 03:39:10.333 27051 INFO oslo.messaging._drivers.impl_rabbit [req-6326ac79-e8c1-46bb-93ab-a03484e8480b ] Connecting to AMQP server on 13.0.0.3:5672
2015-03-10 03:39:10.349 27053 INFO neutron.plugins.ml2.db [req-9c44e2c8-c8aa-4f5c-902b-ea1662840837 None] Added segment a0bacfc5-5299-41c8-9278-b13b208eafbf of type vlan for network 94de049e-ec4e-4b8b-9c26-ec2606431d6c
2015-03-10 03:39:10.349 27047 INFO urllib3.connectionpool [-] Starting new HTTP connection (1): 13.0.0.250
2015-03-10 03:39:10.355 27051 INFO oslo.messaging._drivers.impl_rabbit [req-6326ac79-e8c1-46bb-93ab-a03484e8480b ] Connected to AMQP server on 13.0.0.3:5672
2015-03-10 03:39:10.357 27047 INFO oslo.messaging._drivers.impl_rabbit [req-00923f06-f3e8-49f6-b48d-c8a4ee17f952 ] Connecting to AMQP server on 13.0.0.3:5672
2015-03-10 03:39:10.360 27053 INFO urllib3.connectionpool [-] Starting new HTTP connection (1): 13.0.0.250
2015-03-10 03:39:10.368 27051 INFO neutron.plugins.ml2.db [req-62ac0a7c-ab69-4897-8531-d26fc103ceb2 None] Added segment a2587795-34bf-4b2d-8a8f-37b5ba486be1 of type vlan for network fd982938-5b84-487d-97c7-f5d4d3f9a362
2015-03-10 03:39:10.377 27051 INFO urllib3.connectionpool [-] Starting new HTTP connection (1): 13.0.0.250
2015-03-10 03:39:10.388 27047 INFO neutron.plugins.ml2.db [req-effcb4fe-60af-43ef-9bc5-fd9d165aed2a None] Added segment 08f30d7e-baf8-40f6-8f82-8a5284d3eb3e of type vlan for network 2bed3aa4-05a3-4043-8020-03ee63bb04d2
2015-03-10 03:39:10.393 27052 INFO neutron.wsgi [-] (27052) accepted ('13.0.0.3', 56506)
2015-03-10 03:39:10.395 27052 INFO urllib3.connectionpool [-] Resetting dropped connection: 13.0.0.25
2015-03-10 03:39:10.397 27058 INFO neutron.wsgi [-] (27058) accepted ('13.0.0.3', 56510)
2015-03-10 03:39:10.397 27057 ERROR neutron.api.v2.resource [req-9eded1a3-e638-4dc8-846a-a1e7799230fd None] create failed
2015-03-10 03:39:10.397 27057 TRACE neutron.api.v2.resource Traceback (most recent call last):
2015-03-10 03:39:10.397 27057 TRACE neutron.api.v2.resource   File "/usr/lib/python2.7/site-packages/neutron/api/v2/resource.py", line 87, in resource
2015-03-10 03:39:10.397 27057 TRACE neutron.api.v2.resource     result = method(request=request, **args)
2015-03-10 03:39:10.397 27057 TRACE neutron.api.v2.resource   File "/usr/lib/python2.7/site-packages/neutron/api/v2/base.py", line 448, in create
2015-03-10 03:39:10.397 27057 TRACE neutron.api.v2.resource     obj = obj_creator(request.context, **kwargs)
2015-03-10 03:39:10.397 27057 TRACE neutron.api.v2.resource   File "/usr/lib/python2.7/site-packages/neutron/plugins/ml2/plugin.py", line 499, in create_network
2015-03-10 03:39:10.397 27057 TRACE neutron.api.v2.resource     tenant_id)
2015-03-10 03:39:10.397 27057 TRACE neutron.api.v2.resource   File "/usr/lib/python2.7/site-packages/neutron/plugins/ml2/managers.py", line 160, in create_network_segments
2015-03-10 03:39:10.397 27057 TRACE neutron.api.v2.resource     segment = self.allocate_tenant_segment(session)
2015-03-10 03:39:10.397 27057 TRACE neutron.api.v2.resource   File "/usr/lib/python2.7/site-packages/neutron/plugins/ml2/managers.py", line 189, in allocate_tenant_segment
2015-03-10 03:39:10.397 27057 TRACE neutron.api.v2.resource     segment = driver.obj.allocate_tenant_segment(session)
2015-03-10 03:39:10.397 27057 TRACE neutron.api.v2.resource   File "/usr/lib/python2.7/site-packages/neutron/plugins/ml2/drivers/type_vlan.py", line 220, in allocate_tenant_segment
2015-03-10 03:39:10.397 27057 TRACE neutron.api.v2.resource     alloc = self.allocate_partially_specified_segment(session)
2015-03-10 03:39:10.397 27057 TRACE neutron.api.v2.resource   File "/usr/lib/python2.7/site-packages/neutron/plugins/ml2/drivers/helpers.py", line 143, in allocate_partially_specified_segment
2015-03-10 03:39:10.397 27057 TRACE neutron.api.v2.resource     raise exc.NoNetworkFoundInMaximumAllowedAttempts()
2015-03-10 03:39:10.397 27057 TRACE neutron.api.v2.resource NoNetworkFoundInMaximumAllowedAttempts: Unable to create the network. No available network found in maximum allowed attempts.
2015-03-10 03:39:10.397 27057 TRACE neutron.api.v2.resource 
2015-03-10 03:39:10.398 27057 INFO neutron.wsgi [req-9eded1a3-e638-4dc8-846a-a1e7799230fd None] 13.0.0.3 - - [10/Mar/2015 03:39:10] "POST /v2.0/networks.json HTTP/1.1" 503 389 0.092831
2015-03-10 03:39:10.399 27058 INFO urllib3.connectionpool [-] Resetting dropped connection: 13.0.0.25
2015-03-10 03:39:10.401 27047 INFO oslo.messaging._drivers.impl_rabbit [req-00923f06-f3e8-49f6-b48d-c8a4ee17f952 ] Connected to AMQP server on 13.0.0.3:5672
2015-03-10 03:39:10.403 27047 INFO urllib3.connectionpool [-] Starting new HTTP connection (1): 13.0.0.250
2015-03-10 03:39:10.419 27051 ERROR neutron.api.v2.resource [req-6326ac79-e8c1-46bb-93ab-a03484e8480b None] create failed
2015-03-10 03:39:10.419 27051 TRACE neutron.api.v2.resource Traceback (most recent call last):
2015-03-10 03:39:10.419 27051 TRACE neutron.api.v2.resource   File "/usr/lib/python2.7/site-packages/neutron/api/v2/resource.py", line 87, in resource
2015-03-10 03:39:10.419 27051 TRACE neutron.api.v2.resource     result = method(request=request, **args)
2015-03-10 03:39:10.419 27051 TRACE neutron.api.v2.resource   File "/usr/lib/python2.7/site-packages/neutron/api/v2/base.py", line 448, in create
2015-03-10 03:39:10.419 27051 TRACE neutron.api.v2.resource     obj = obj_creator(request.context, **kwargs)
2015-03-10 03:39:10.419 27051 TRACE neutron.api.v2.resource   File "/usr/lib/python2.7/site-packages/neutron/plugins/ml2/plugin.py", line 499, in create_network
2015-03-10 03:39:10.419 27051 TRACE neutron.api.v2.resource     tenant_id)
2015-03-10 03:39:10.419 27051 TRACE neutron.api.v2.resource   File "/usr/lib/python2.7/site-packages/neutron/plugins/ml2/managers.py", line 160, in create_network_segments
2015-03-10 03:39:10.419 27051 TRACE neutron.api.v2.resource     segment = self.allocate_tenant_segment(session)
2015-03-10 03:39:10.419 27051 TRACE neutron.api.v2.resource   File "/usr/lib/python2.7/site-packages/neutron/plugins/ml2/managers.py", line 189, in allocate_tenant_segment
2015-03-10 03:39:10.419 27051 TRACE neutron.api.v2.resource     segment = driver.obj.allocate_tenant_segment(session)
2015-03-10 03:39:10.419 27051 TRACE neutron.api.v2.resource   File "/usr/lib/python2.7/site-packages/neutron/plugins/ml2/drivers/type_vlan.py", line 220, in allocate_tenant_segment
2015-03-10 03:39:10.419 27051 TRACE neutron.api.v2.resource     alloc = self.allocate_partially_specified_segment(session)
2015-03-10 03:39:10.419 27051 TRACE neutron.api.v2.resource   File "/usr/lib/python2.7/site-packages/neutron/plugins/ml2/drivers/helpers.py", line 143, in allocate_partially_specified_segment
2015-03-10 03:39:10.419 27051 TRACE neutron.api.v2.resource     raise exc.NoNetworkFoundInMaximumAllowedAttempts()
2015-03-10 03:39:10.419 27051 TRACE neutron.api.v2.resource NoNetworkFoundInMaximumAllowedAttempts: Unable to create the network. No available network found in maximum allowed attempts.
2015-03-10 03:39:10.419 27051 TRACE neutron.api.v2.resource 
2015-03-10 03:39:10.422 27051 INFO neutron.wsgi [req-6326ac79-e8c1-46bb-93ab-a03484e8480b None] 13.0.0.3 - - [10/Mar/2015 03:39:10] "POST /v2.0/networks.json HTTP/1.1" 503 389 0.153599
2015-03-10 03:39:10.430 27047 INFO neutron.plugins.ml2.db [req-00923f06-f3e8-49f6-b48d-c8a4ee17f952 None] Added segment a0b777e6-a0b1-48e6-a8b0-c8607aecd5a6 of type vlan for network 0cfee667-2855-4c42-967c-270bc74698e1
2015-03-10 03:39:10.474 27058 INFO neutron.plugins.ml2.db [req-bd8924d0-9fe1-496e-9ab4-ef223b2c4717 None] Added segment 614a68c8-b056-44c9-a8fd-e382370496e2 of type vlan for network 2eccd943-7d00-40c1-9505-4da61742deec
2015-03-08 03:39:32.498 22090 INFO urllib3.connectionpool [-] Starting new HTTP connection (1): 13.0.0.250
2015-03-09 03:03:39.176 28422 INFO neutron.wsgi [-] (28422) accepted ('13.0.0.3', 56917)
2015-03-09 03:03:39.178 28422 INFO urllib3.connectionpool [-] Resetting dropped connection: 13.0.0.25
2015-03-09 03:03:39.246 28422 INFO neutron.plugins.ml2.managers [req-830d06ac-8040-443d-bffa-35c11535b28d None] Extended port dict for driver 'cisco_n1kv_ext'
2015-03-09 03:03:39.248 28422 INFO neutron.wsgi [req-830d06ac-8040-443d-bffa-35c11535b28d None] 13.0.0.3 - - [09/Mar/2015 03:03:39] "GET /v2.0/ports.json?tenant_id=f55c6ac5ec2347c89f625e6bace7d003&device_id=0c610a07-0152-4790-b187-e3c2d0e50b06 HTTP/1.1" 200 997 0.070691
2015-03-09 03:03:39.250 28422 INFO neutron.wsgi [-] (28422) accepted ('13.0.0.3', 56920)
2015-03-09 03:03:39.264 28422 INFO neutron.plugins.ml2.managers [req-17f8fb53-0bcc-4c12-9031-7c2fea6d0a77 None] Extended network dict for driver 'cisco_n1kv_ext'
2015-03-09 03:03:39.267 28422 INFO neutron.wsgi [req-17f8fb53-0bcc-4c12-9031-7c2fea6d0a77 None] 13.0.0.3 - - [09/Mar/2015 03:03:39] "GET /v2.0/networks.json?id=12f7dc68-ee5f-4f16-b141-434be122863f HTTP/1.1" 200 577 0.016446
2015-03-09 03:03:39.270 28422 INFO neutron.wsgi [-] (28422) accepted ('13.0.0.3', 56921)
2015-03-09 03:03:39.275 28422 INFO neutron.wsgi [req-8f2375eb-0278-4eb5-9d08-ec4f7eb8ee03 None] 13.0.0.3 - - [09/Mar/2015 03:03:39] "GET /v2.0/floatingips.json?fixed_ip_address=14.10.1.2&port_id=dff8995c-175e-47b1-a2b8-957719e1472c HTTP/1.1" 200 208 0.004390
2015-03-09 03:03:39.277 28414 INFO neutron.wsgi [-] (28414) accepted ('13.0.0.3', 56922)
2015-03-09 03:03:39.279 28414 INFO urllib3.connectionpool [-] Resetting dropped connection: 13.0.0.25
2015-03-09 03:03:39.336 28414 INFO neutron.plugins.ml2.managers [req-fa195d73-c617-4899-82f4-038184df9e6d None] Extended subnet dict for driver 'cisco_n1kv_ext'
2015-03-09 03:03:39.337 28414 INFO neutron.wsgi [req-fa195d73-c617-4899-82f4-038184df9e6d None] 13.0.0.3 - - [09/Mar/2015 03:03:39] "GET /v2.0/subnets.json?id=2a06511a-d7ab-4880-9f67-44554fa6ece7 HTTP/1.1" 200 626 0.059148
2015-03-09 03:03:39.340 28414 INFO neutron.wsgi [-] (28414) accepted ('13.0.0.3', 56927)
2015-03-09 03:03:39.358 28414 INFO neutron.plugins.ml2.managers [req-343ad19a-0453-4a72-a4d8-7e70c04a154b None] Extended port dict for driver 'cisco_n1kv_ext'
2015-03-09 03:03:39.359 28414 INFO neutron.wsgi [req-343ad19a-0453-4a72-a4d8-7e70c04a154b None] 13.0.0.3 - - [09/Mar/2015 03:03:39] "GET /v2.0/ports.json?network_id=12f7dc68-ee5f-4f16-b141-434be122863f&device_owner=network%3Adhcp HTTP/1.1" 200 984 0.018704
2015-03-09 03:39:19.162 15301 INFO neutron.wsgi [-] (15301) accepted ('13.0.0.3', 37289)
2015-03-09 03:39:19.179 15301 INFO neutron.plugins.ml2.managers [req-a4935e89-1777-4d3d-b363-ae2e7dfe5295 None] Extended port dict for driver 'cisco_n1kv_ext'
2015-03-09 03:39:19.180 15301 INFO neutron.wsgi [req-a4935e89-1777-4d3d-b363-ae2e7dfe5295 None] 13.0.0.3 - - [09/Mar/2015 03:39:19] "GET /v2.0/ports.json?tenant_id=6edc90f14268442bb98940f1cef1ea39&device_id=fb8b23be-9b08-4d55-ba01-14298fe8b272 HTTP/1.1" 200 996 0.017381
2015-03-09 03:39:19.183 15301 INFO neutron.wsgi [-] (15301) accepted ('13.0.0.3', 37290)
2015-03-09 03:39:19.194 15301 INFO neutron.plugins.ml2.managers [req-f74b5250-ca21-4273-8001-250879b092ac None] Extended network dict for driver 'cisco_n1kv_ext'
2015-03-09 03:39:19.197 15301 INFO neutron.wsgi [req-f74b5250-ca21-4273-8001-250879b092ac None] 13.0.0.3 - - [09/Mar/2015 03:39:19] "GET /v2.0/networks.json?id=21f4a6d1-fff4-4403-8bc8-00a4429a9e0c HTTP/1.1" 200 577 0.012941
2015-03-09 03:39:19.199 15291 INFO neutron.wsgi [-] (15291) accepted ('13.0.0.3', 37291)
2015-03-09 03:39:19.201 15291 INFO urllib3.connectionpool [-] Resetting dropped connection: 13.0.0.25
2015-03-09 03:39:19.261 15291 INFO neutron.wsgi [req-7274b3f8-a9c7-4e79-9f2e-3ef33316a235 None] 13.0.0.3 - - [09/Mar/2015 03:39:19] "GET /v2.0/floatingips.json?fixed_ip_address=14.8.2.2&port_id=e54ef322-076e-4ca9-82cc-9d447ca4f2f8 HTTP/1.1" 200 208 0.061264
2015-03-09 03:39:19.264 15291 INFO neutron.wsgi [-] (15291) accepted ('13.0.0.3', 37294)
2015-03-09 03:39:19.276 15291 INFO neutron.plugins.ml2.managers [req-77705991-3b12-44b9-af4d-ae12ff1d8a2b None] Extended subnet dict for driver 'cisco_n1kv_ext'
2015-03-09 03:39:19.277 15291 INFO neutron.wsgi [req-77705991-3b12-44b9-af4d-ae12ff1d8a2b None] 13.0.0.3 - - [09/Mar/2015 03:39:19] "GET /v2.0/subnets.json?id=b3eb77af-0496-48de-9b4c-804f3975d61f HTTP/1.1" 200 622 0.012399
2015-03-09 03:39:19.279 15291 INFO neutron.wsgi [-] (15291) accepted ('13.0.0.3', 37295)
2015-03-09 03:39:19.295 15291 INFO neutron.plugins.ml2.managers [req-7732ba06-6668-4ab3-a807-fdd110b2f816 None] Extended port dict for driver 'cisco_n1kv_ext'
2015-03-09 03:39:19.297 15291 INFO neutron.wsgi [req-7732ba06-6668-4ab3-a807-fdd110b2f816 None] 13.0.0.3 - - [09/Mar/2015 03:39:19] "GET /v2.0/ports.json?network_id=21f4a6d1-fff4-4403-8bc8-00a4429a9e0c&device_owner=network%3Adhcp HTTP/1.1" 200 983 0.017452
2015-03-09 03:39:40.903 15291 INFO neutron.wsgi [-] (15291) accepted ('13.0.0.3', 37658)
2015-03-09 03:39:40.973 15291 INFO neutron.plugins.ml2.managers [req-bbc23c69-307e-4172-a419-3cba4e2c031d None] Extended port dict for driver 'cisco_n1kv_ext'
2015-03-09 03:39:40.975 15291 INFO neutron.wsgi [req-bbc23c69-307e-4172-a419-3cba4e2c031d None] 13.0.0.3 - - [09/Mar/2015 03:39:40] "GET /v2.0/ports.json?tenant_id=cd8e05c53c6f4db79368f04564dcb4d3&device_id=bddb85f8-150a-4252-84c9-05b2918899c5 HTTP/1.1" 200 996 0.071058
2015-03-09 03:39:40.978 15291 INFO neutron.wsgi [-] (15291) accepted ('13.0.0.3', 37663)
2015-03-09 03:39:40.991 15291 INFO neutron.plugins.ml2.managers [req-707efbe8-0cce-4ae3-8335-163086b48448 None] Extended network dict for driver 'cisco_n1kv_ext'
2015-03-09 03:39:40.993 15291 INFO neutron.wsgi [req-707efbe8-0cce-4ae3-8335-163086b48448 None] 13.0.0.3 - - [09/Mar/2015 03:39:40] "GET /v2.0/networks.json?id=619b3cb6-c5bb-469b-8525-44a53fc87630 HTTP/1.1" 200 578 0.014896
2015-03-09 03:39:40.996 15291 INFO neutron.wsgi [-] (15291) accepted ('13.0.0.3', 37664)
2015-03-09 03:39:41.000 15291 INFO neutron.wsgi [req-51cb9d87-f11b-49d6-aaad-656c58bfa2cf None] 13.0.0.3 - - [09/Mar/2015 03:39:41] "GET /v2.0/floatingips.json?fixed_ip_address=14.6.9.2&port_id=ce179fb2-6014-4f8e-acaa-6a1dd23d8887 HTTP/1.1" 200 208 0.004247
2015-03-09 03:39:41.003 15291 INFO neutron.wsgi [-] (15291) accepted ('13.0.0.3', 37665)
2015-03-09 03:39:41.013 15291 INFO neutron.plugins.ml2.managers [req-28d9001d-dcbd-4646-b8f5-1387340359b3 None] Extended subnet dict for driver 'cisco_n1kv_ext'
2015-03-09 03:39:41.013 15291 INFO neutron.wsgi [req-28d9001d-dcbd-4646-b8f5-1387340359b3 None] 13.0.0.3 - - [09/Mar/2015 03:39:41] "GET /v2.0/subnets.json?id=cf17974a-345d-40f1-8fa6-87fff881e1fe HTTP/1.1" 200 623 0.010069
2015-03-09 03:39:41.017 15297 INFO neutron.wsgi [-] (15297) accepted ('13.0.0.3', 37666)
2015-03-09 03:39:41.019 15297 INFO urllib3.connectionpool [-] Resetting dropped connection: 13.0.0.25
2015-03-09 03:39:41.084 15297 INFO neutron.plugins.ml2.managers [req-989f7de8-1be3-4aee-98de-bb91516e7eee None] Extended port dict for driver 'cisco_n1kv_ext'
2015-03-09 03:39:41.086 15297 INFO neutron.wsgi [req-989f7de8-1be3-4aee-98de-bb91516e7eee None] 13.0.0.3 - - [09/Mar/2015 03:39:41] "GET /v2.0/ports.json?network_id=619b3cb6-c5bb-469b-8525-44a53fc87630&device_owner=network%3Adhcp HTTP/1.1" 200 983 0.068502
2015-03-09 03:39:41.961 15273 INFO urllib3.connectionpool [-] Starting new HTTP connection (1): 13.0.0.250
2015-03-10 03:39:10.112 27053 INFO neutron.wsgi [-] (27053) accepted ('13.0.0.3', 56442)
2015-03-10 03:39:10.115 27053 INFO urllib3.connectionpool [-] Resetting dropped connection: 13.0.0.25
2015-03-10 03:39:10.197 27053 INFO neutron.wsgi [-] (27053) accepted ('13.0.0.3', 56462)
2015-03-10 03:39:10.198 27047 INFO neutron.wsgi [-] (27047) accepted ('13.0.0.3', 56464)
2015-03-10 03:39:10.199 27053 INFO urllib3.connectionpool [-] Starting new HTTP connection (2): 13.0.0.25
2015-03-10 03:39:10.201 27047 INFO urllib3.connectionpool [-] Resetting dropped connection: 13.0.0.25
2015-03-10 03:39:10.227 27047 INFO neutron.wsgi [-] (27047) accepted ('13.0.0.3', 56474)
2015-03-10 03:39:10.229 27047 INFO urllib3.connectionpool [-] Resetting dropped connection: 13.0.0.25
2015-03-10 03:39:10.235 27047 INFO neutron.wsgi [-] (27047) accepted ('13.0.0.3', 56478)
2015-03-10 03:39:10.238 27047 INFO urllib3.connectionpool [-] Starting new HTTP connection (3): 13.0.0.25
2015-03-10 03:39:10.263 27051 INFO neutron.wsgi [-] (27051) accepted ('13.0.0.3', 56484)
2015-03-10 03:39:10.265 27051 INFO urllib3.connectionpool [-] Resetting dropped connection: 13.0.0.25
2015-03-10 03:39:10.268 27051 INFO neutron.wsgi [-] (27051) accepted ('13.0.0.3', 56488)
2015-03-10 03:39:10.269 27051 INFO urllib3.connectionpool [-] Starting new HTTP connection (2): 13.0.0.25
2015-03-10 03:39:10.289 27053 INFO neutron.plugins.ml2.db [req-befa73cb-11a2-4930-a9cc-5150ad11c0ae None] Added segment 0ec1bab6-9168-4dd8-8acd-9064be1bcbc6 of type vlan for network a9c9d4c7-3749-4002-b30b-ba5cdf1d8ec0
2015-03-10 03:39:10.299 27053 INFO urllib3.connectionpool [-] Starting new HTTP connection (1): 13.0.0.250
2015-03-10 03:39:10.304 27057 INFO neutron.wsgi [-] (27057) accepted ('13.0.0.3', 56493)
2015-03-10 03:39:10.307 27057 INFO urllib3.connectionpool [-] Resetting dropped connection: 13.0.0.25
2015-03-10 03:39:10.324 27047 INFO neutron.plugins.ml2.db [req-1ccf4360-9d12-4cb2-9923-024f3929616a None] Added segment a52099c9-5808-44db-9140-bda89d3b4bdf of type vlan for network 259a1c5f-bcdb-4989-8f54-70caac96f9bb
2015-03-10 03:39:10.333 27051 INFO oslo.messaging._drivers.impl_rabbit [req-6326ac79-e8c1-46bb-93ab-a03484e8480b ] Connecting to AMQP server on 13.0.0.3:5672
2015-03-10 03:39:10.349 27053 INFO neutron.plugins.ml2.db [req-9c44e2c8-c8aa-4f5c-902b-ea1662840837 None] Added segment a0bacfc5-5299-41c8-9278-b13b208eafbf of type vlan for network 94de049e-ec4e-4b8b-9c26-ec2606431d6c
2015-03-10 03:39:10.349 27047 INFO urllib3.connectionpool [-] Starting new HTTP connection (1): 13.0.0.250
2015-03-10 03:39:10.355 27051 INFO oslo.messaging._drivers.impl_rabbit [req-6326ac79-e8c1-46bb-93ab-a03484e8480b ] Connected to AMQP server on 13.0.0.3:5672
2015-03-10 03:39:10.357 27047 INFO oslo.messaging._drivers.impl_rabbit [req-00923f06-f3e8-49f6-b48d-c8a4ee17f952 ] Connecting to AMQP server on 13.0.0.3:5672
2015-03-10 03:39:10.360 27053 INFO urllib3.connectionpool [-] Starting new HTTP connection (1): 13.0.0.250
2015-03-10 03:39:10.368 27051 INFO neutron.plugins.ml2.db [req-62ac0a7c-ab69-4897-8531-d26fc103ceb2 None] Added segment a2587795-34bf-4b2d-8a8f-37b5ba486be1 of type vlan for network fd982938-5b84-487d-97c7-f5d4d3f9a362
2015-03-10 03:39:10.377 27051 INFO urllib3.connectionpool [-] Starting new HTTP connection (1): 13.0.0.250
2015-03-10 03:39:10.388 27047 INFO neutron.plugins.ml2.db [req-effcb4fe-60af-43ef-9bc5-fd9d165aed2a None] Added segment 08f30d7e-baf8-40f6-8f82-8a5284d3eb3e of type vlan for network 2bed3aa4-05a3-4043-8020-03ee63bb04d2
2015-03-10 03:39:10.393 27052 INFO neutron.wsgi [-] (27052) accepted ('13.0.0.3', 56506)
2015-03-10 03:39:10.395 27052 INFO urllib3.connectionpool [-] Resetting dropped connection: 13.0.0.25
2015-03-10 03:39:10.397 27058 INFO neutron.wsgi [-] (27058) accepted ('13.0.0.3', 56510)
2015-03-10 03:39:10.397 27057 ERROR neutron.api.v2.resource [req-9eded1a3-e638-4dc8-846a-a1e7799230fd None] create failed
2015-03-10 03:39:10.397 27057 TRACE neutron.api.v2.resource Traceback (most recent call last):
2015-03-10 03:39:10.397 27057 TRACE neutron.api.v2.resource   File "/usr/lib/python2.7/site-packages/neutron/api/v2/resource.py", line 87, in resource
2015-03-10 03:39:10.397 27057 TRACE neutron.api.v2.resource     result = method(request=request, **args)
2015-03-10 03:39:10.397 27057 TRACE neutron.api.v2.resource   File "/usr/lib/python2.7/site-packages/neutron/api/v2/base.py", line 448, in create
2015-03-10 03:39:10.397 27057 TRACE neutron.api.v2.resource     obj = obj_creator(request.context, **kwargs)
2015-03-10 03:39:10.397 27057 TRACE neutron.api.v2.resource   File "/usr/lib/python2.7/site-packages/neutron/plugins/ml2/plugin.py", line 499, in create_network
2015-03-10 03:39:10.397 27057 TRACE neutron.api.v2.resource     tenant_id)
2015-03-10 03:39:10.397 27057 TRACE neutron.api.v2.resource   File "/usr/lib/python2.7/site-packages/neutron/plugins/ml2/managers.py", line 160, in create_network_segments
2015-03-10 03:39:10.397 27057 TRACE neutron.api.v2.resource     segment = self.allocate_tenant_segment(session)
2015-03-10 03:39:10.397 27057 TRACE neutron.api.v2.resource   File "/usr/lib/python2.7/site-packages/neutron/plugins/ml2/managers.py", line 189, in allocate_tenant_segment
2015-03-10 03:39:10.397 27057 TRACE neutron.api.v2.resource     segment = driver.obj.allocate_tenant_segment(session)
2015-03-10 03:39:10.397 27057 TRACE neutron.api.v2.resource   File "/usr/lib/python2.7/site-packages/neutron/plugins/ml2/drivers/type_vlan.py", line 220, in allocate_tenant_segment
2015-03-10 03:39:10.397 27057 TRACE neutron.api.v2.resource     alloc = self.allocate_partially_specified_segment(session)
2015-03-10 03:39:10.397 27057 TRACE neutron.api.v2.resource   File "/usr/lib/python2.7/site-packages/neutron/plugins/ml2/drivers/helpers.py", line 143, in allocate_partially_specified_segment
2015-03-10 03:39:10.397 27057 TRACE neutron.api.v2.resource     raise exc.NoNetworkFoundInMaximumAllowedAttempts()
2015-03-10 03:39:10.397 27057 TRACE neutron.api.v2.resource NoNetworkFoundInMaximumAllowedAttempts: Unable to create the network. No available network found in maximum allowed attempts.
2015-03-10 03:39:10.397 27057 TRACE neutron.api.v2.resource 
2015-03-10 03:39:10.398 27057 INFO neutron.wsgi [req-9eded1a3-e638-4dc8-846a-a1e7799230fd None] 13.0.0.3 - - [10/Mar/2015 03:39:10] "POST /v2.0/networks.json HTTP/1.1" 503 389 0.092831
2015-03-10 03:39:10.399 27058 INFO urllib3.connectionpool [-] Resetting dropped connection: 13.0.0.25
2015-03-10 03:39:10.401 27047 INFO oslo.messaging._drivers.impl_rabbit [req-00923f06-f3e8-49f6-b48d-c8a4ee17f952 ] Connected to AMQP server on 13.0.0.3:5672
2015-03-10 03:39:10.403 27047 INFO urllib3.connectionpool [-] Starting new HTTP connection (1): 13.0.0.250
2015-03-10 03:39:10.419 27051 ERROR neutron.api.v2.resource [req-6326ac79-e8c1-46bb-93ab-a03484e8480b None] create failed
2015-03-10 03:39:10.419 27051 TRACE neutron.api.v2.resource Traceback (most recent call last):
2015-03-10 03:39:10.419 27051 TRACE neutron.api.v2.resource   File "/usr/lib/python2.7/site-packages/neutron/api/v2/resource.py", line 87, in resource
2015-03-10 03:39:10.419 27051 TRACE neutron.api.v2.resource     result = method(request=request, **args)
2015-03-10 03:39:10.419 27051 TRACE neutron.api.v2.resource   File "/usr/lib/python2.7/site-packages/neutron/api/v2/base.py", line 448, in create
2015-03-10 03:39:10.419 27051 TRACE neutron.api.v2.resource     obj = obj_creator(request.context, **kwargs)
2015-03-10 03:39:10.419 27051 TRACE neutron.api.v2.resource   File "/usr/lib/python2.7/site-packages/neutron/plugins/ml2/plugin.py", line 499, in create_network
2015-03-10 03:39:10.419 27051 TRACE neutron.api.v2.resource     tenant_id)
2015-03-10 03:39:10.419 27051 TRACE neutron.api.v2.resource   File "/usr/lib/python2.7/site-packages/neutron/plugins/ml2/managers.py", line 160, in create_network_segments
