2015-03-08 16:30:23.675 9478 INFO urllib3.connectionpool [-] Starting new HTTP connection (1): 13.0.0.250
2015-03-09 08:16:30.111 11333 INFO urllib3.connectionpool [-] Starting new HTTP connection (1): 13.0.0.250
2015-03-09 16:30:30.371 23628 INFO urllib3.connectionpool [-] Starting new HTTP connection (1): 13.0.0.250
2015-03-09 16:30:36.577 23669 INFO neutron.wsgi [-] (23669) accepted ('13.0.0.3', 43132)
2015-03-09 16:30:36.594 23669 INFO neutron.plugins.ml2.managers [req-8ba317d0-085d-4a0a-87e0-458e1126df17 None] Extended port dict for driver 'cisco_n1kv_ext'
2015-03-09 16:30:36.596 23669 INFO neutron.wsgi [req-8ba317d0-085d-4a0a-87e0-458e1126df17 None] 13.0.0.3 - - [09/Mar/2015 16:30:36] "GET /v2.0/ports.json?tenant_id=cd8e05c53c6f4db79368f04564dcb4d3&device_id=2400d5d5-93e8-4568-befa-296dd7f06fb4 HTTP/1.1" 200 996 0.017856
2015-03-09 16:30:36.598 23669 INFO neutron.wsgi [-] (23669) accepted ('13.0.0.3', 43133)
2015-03-09 16:30:36.610 23669 INFO neutron.plugins.ml2.managers [req-3a7ea3ab-2865-4f31-ba08-ae7bbfe46b50 None] Extended network dict for driver 'cisco_n1kv_ext'
2015-03-09 16:30:36.613 23669 INFO neutron.wsgi [req-3a7ea3ab-2865-4f31-ba08-ae7bbfe46b50 None] 13.0.0.3 - - [09/Mar/2015 16:30:36] "GET /v2.0/networks.json?id=3a8aad94-0a0c-41cf-9c1e-35c0387ea077 HTTP/1.1" 200 577 0.013891
2015-03-09 16:30:36.615 23671 INFO neutron.wsgi [-] (23671) accepted ('13.0.0.3', 43134)
2015-03-09 16:30:36.621 23671 INFO neutron.wsgi [req-7662404a-a703-4e30-b4ce-3ac98e25787d None] 13.0.0.3 - - [09/Mar/2015 16:30:36] "GET /v2.0/floatingips.json?fixed_ip_address=14.6.1.2&port_id=8c6c97a8-0569-4273-a163-2534a91de158 HTTP/1.1" 200 208 0.004793
2015-03-09 16:30:36.623 23671 INFO neutron.wsgi [-] (23671) accepted ('13.0.0.3', 43135)
2015-03-09 16:30:36.633 23671 INFO neutron.plugins.ml2.managers [req-b8d40ec8-79df-4504-9221-978d48fb270e None] Extended subnet dict for driver 'cisco_n1kv_ext'
2015-03-09 16:30:36.634 23671 INFO neutron.wsgi [req-b8d40ec8-79df-4504-9221-978d48fb270e None] 13.0.0.3 - - [09/Mar/2015 16:30:36] "GET /v2.0/subnets.json?id=2b3fd0c5-9fa3-49d7-8412-4a675c54058f HTTP/1.1" 200 622 0.010436
2015-03-09 16:30:36.637 23671 INFO neutron.wsgi [-] (23671) accepted ('13.0.0.3', 43136)
2015-03-09 16:30:36.655 23671 INFO neutron.plugins.ml2.managers [req-a6f373b3-b1dc-47d5-b023-f2f9f5dce24e None] Extended port dict for driver 'cisco_n1kv_ext'
2015-03-09 16:30:36.657 23671 INFO neutron.wsgi [req-a6f373b3-b1dc-47d5-b023-f2f9f5dce24e None] 13.0.0.3 - - [09/Mar/2015 16:30:36] "GET /v2.0/ports.json?network_id=3a8aad94-0a0c-41cf-9c1e-35c0387ea077&device_owner=network%3Adhcp HTTP/1.1" 200 983 0.019705
2015-03-09 16:30:46.817 23671 INFO neutron.wsgi [-] (23671) accepted ('13.0.0.3', 43304)
2015-03-09 16:30:46.820 23671 INFO urllib3.connectionpool [-] Resetting dropped connection: 13.0.0.25
2015-03-09 16:30:46.890 23671 INFO neutron.plugins.ml2.managers [req-6bc26993-7b66-446d-bd1e-0de24cd0ce31 None] Extended port dict for driver 'cisco_n1kv_ext'
2015-03-09 16:30:46.892 23671 INFO neutron.wsgi [req-6bc26993-7b66-446d-bd1e-0de24cd0ce31 None] 13.0.0.3 - - [09/Mar/2015 16:30:46] "GET /v2.0/ports.json?tenant_id=cd8e05c53c6f4db79368f04564dcb4d3&device_id=a6d5827c-c807-43ad-b902-3302034916e2 HTTP/1.1" 200 996 0.073644
2015-03-09 16:30:46.895 23671 INFO neutron.wsgi [-] (23671) accepted ('13.0.0.3', 43311)
2015-03-09 16:30:46.906 23671 INFO neutron.plugins.ml2.managers [req-42ccac25-b29b-4f53-ac27-70909c63cf9c None] Extended network dict for driver 'cisco_n1kv_ext'
2015-03-09 16:30:46.908 23671 INFO neutron.wsgi [req-42ccac25-b29b-4f53-ac27-70909c63cf9c None] 13.0.0.3 - - [09/Mar/2015 16:30:46] "GET /v2.0/networks.json?id=b41dd842-b11b-4624-ad8f-01611d027f76 HTTP/1.1" 200 577 0.013110
2015-03-09 16:30:46.911 23666 INFO neutron.wsgi [-] (23666) accepted ('13.0.0.3', 43312)
2015-03-09 16:30:46.913 23666 INFO urllib3.connectionpool [-] Resetting dropped connection: 13.0.0.25
2015-03-09 16:30:46.971 23666 INFO neutron.wsgi [req-970548fa-1183-4728-9c43-ce16f2c1fa10 None] 13.0.0.3 - - [09/Mar/2015 16:30:46] "GET /v2.0/floatingips.json?fixed_ip_address=14.6.5.2&port_id=0ed3109d-515e-4c33-8c6e-b76b75ffe45d HTTP/1.1" 200 208 0.059261
2015-03-09 16:30:46.973 23666 INFO neutron.wsgi [-] (23666) accepted ('13.0.0.3', 43319)
2015-03-09 16:30:46.985 23666 INFO neutron.plugins.ml2.managers [req-9fc19f0e-3d62-4b0f-a23f-a6b362832084 None] Extended subnet dict for driver 'cisco_n1kv_ext'
2015-03-09 16:30:46.986 23666 INFO neutron.wsgi [req-9fc19f0e-3d62-4b0f-a23f-a6b362832084 None] 13.0.0.3 - - [09/Mar/2015 16:30:46] "GET /v2.0/subnets.json?id=238234f0-ac7f-4a08-86be-75e3c349b3f2 HTTP/1.1" 200 622 0.011901
2015-03-09 16:30:46.988 23677 INFO neutron.wsgi [-] (23677) accepted ('13.0.0.3', 43320)
2015-03-09 16:30:47.004 23677 INFO neutron.plugins.ml2.managers [req-b90ff9ac-9a66-4e9b-b23f-493d9f9bd1ab None] Extended port dict for driver 'cisco_n1kv_ext'
2015-03-09 16:30:47.005 23677 INFO neutron.wsgi [req-b90ff9ac-9a66-4e9b-b23f-493d9f9bd1ab None] 13.0.0.3 - - [09/Mar/2015 16:30:47] "GET /v2.0/ports.json?network_id=b41dd842-b11b-4624-ad8f-01611d027f76&device_owner=network%3Adhcp HTTP/1.1" 200 983 0.016064
2015-03-09 18:16:30.087 3290 INFO urllib3.connectionpool [-] Starting new HTTP connection (1): 13.0.0.250
2015-03-09 18:16:30.289 3290 INFO urllib3.connectionpool [-] Starting new HTTP connection (1): 13.0.0.250
2015-03-09 23:16:30.487 14155 INFO urllib3.connectionpool [-] Starting new HTTP connection (1): 13.0.0.250
2015-03-10 03:16:30.019 27076 INFO neutron.plugins.ml2.managers [req-4ef5ce7b-b89a-49eb-906b-de9526e267ee None] Extended network dict for driver 'cisco_n1kv_ext'
2015-03-10 03:16:30.041 27076 INFO urllib3.connectionpool [-] Starting new HTTP connection (1): 13.0.0.250
2015-03-10 03:16:30.063 27077 INFO neutron.plugins.ml2.managers [req-fd04f235-ec77-4018-bb0a-63aff09b753c None] Extended port dict for driver 'cisco_n1kv_ext'
2015-03-10 03:16:30.073 27077 INFO neutron.plugins.ml2.managers [req-fd04f235-ec77-4018-bb0a-63aff09b753c None] Extended network dict for driver 'cisco_n1kv_ext'
2015-03-10 03:16:30.092 27077 INFO neutron.plugins.ml2.managers [req-fd04f235-ec77-4018-bb0a-63aff09b753c None] Extended port dict for driver 'cisco_n1kv_ext'
2015-03-10 03:16:30.094 27077 INFO neutron.plugins.ml2.managers [req-fd04f235-ec77-4018-bb0a-63aff09b753c None] Extended port dict for driver 'cisco_n1kv_ext'
2015-03-10 03:16:30.104 27077 INFO neutron.plugins.ml2.managers [req-fd04f235-ec77-4018-bb0a-63aff09b753c None] Extended network dict for driver 'cisco_n1kv_ext'
2015-03-10 03:16:30.432 27062 INFO neutron.plugins.ml2.managers [req-fd04f235-ec77-4018-bb0a-63aff09b753c None] Extended port dict for driver 'cisco_n1kv_ext'
2015-03-10 03:16:30.435 27062 INFO neutron.plugins.ml2.managers [req-fd04f235-ec77-4018-bb0a-63aff09b753c None] Extended port dict for driver 'cisco_n1kv_ext'
2015-03-10 03:16:30.447 27062 INFO neutron.plugins.ml2.managers [req-fd04f235-ec77-4018-bb0a-63aff09b753c None] Extended network dict for driver 'cisco_n1kv_ext'
2015-03-10 16:30:06.128 14610 INFO neutron.wsgi [-] (14610) accepted ('13.0.0.3', 59376)
2015-03-10 16:30:06.133 14610 INFO urllib3.connectionpool [-] Starting new HTTP connection (1): 13.0.0.25
2015-03-10 16:30:06.159 14610 INFO neutron.wsgi [-] (14610) accepted ('13.0.0.3', 59386)
2015-03-10 16:30:06.161 14610 INFO urllib3.connectionpool [-] Starting new HTTP connection (2): 13.0.0.25
2015-03-10 16:30:06.227 14612 INFO neutron.wsgi [-] (14612) accepted ('13.0.0.3', 59394)
2015-03-10 16:30:06.232 14612 INFO urllib3.connectionpool [-] Starting new HTTP connection (1): 13.0.0.25
2015-03-10 16:30:06.234 14612 INFO neutron.wsgi [-] (14612) accepted ('13.0.0.3', 59398)
2015-03-10 16:30:06.237 14612 INFO urllib3.connectionpool [-] Starting new HTTP connection (2): 13.0.0.25
2015-03-10 16:30:06.303 14616 INFO neutron.wsgi [-] (14616) accepted ('13.0.0.3', 59410)
2015-03-10 16:30:06.307 14616 INFO urllib3.connectionpool [-] Starting new HTTP connection (1): 13.0.0.25
2015-03-10 16:30:06.310 14616 INFO neutron.wsgi [-] (14616) accepted ('13.0.0.3', 59414)
2015-03-10 16:30:06.311 14616 INFO urllib3.connectionpool [-] Starting new HTTP connection (2): 13.0.0.25
2015-03-10 16:30:06.316 14612 INFO neutron.wsgi [-] (14612) accepted ('13.0.0.3', 59420)
2015-03-10 16:30:06.318 14612 INFO urllib3.connectionpool [-] Starting new HTTP connection (3): 13.0.0.25
2015-03-10 16:30:06.323 14614 INFO neutron.wsgi [-] (14614) accepted ('13.0.0.3', 59432)
2015-03-10 16:30:06.458 14610 INFO neutron.plugins.ml2.managers [req-484f0baf-e8bd-492d-a038-3a47afc0a077 None] Extended network dict for driver 'cisco_n1kv_ext'
2015-03-10 16:30:06.458 14610 INFO neutron.plugins.ml2.managers [req-484f0baf-e8bd-492d-a038-3a47afc0a077 None] Extended network dict for driver 'cisco_n1kv_ext'
2015-03-10 16:30:06.459 14610 INFO neutron.plugins.ml2.managers [req-484f0baf-e8bd-492d-a038-3a47afc0a077 None] Extended network dict for driver 'cisco_n1kv_ext'
2015-03-10 16:30:06.461 14617 INFO neutron.wsgi [-] (14617) accepted ('13.0.0.3', 59446)
2015-03-10 16:30:06.463 14614 INFO neutron.plugins.ml2.managers [req-e71184a8-a617-43ad-9f2c-f08743a55faa None] Extended network dict for driver 'cisco_n1kv_ext'
2015-03-10 16:30:06.464 14614 INFO neutron.plugins.ml2.managers [req-e71184a8-a617-43ad-9f2c-f08743a55faa None] Extended network dict for driver 'cisco_n1kv_ext'
2015-03-10 16:30:06.464 14614 INFO neutron.plugins.ml2.managers [req-e71184a8-a617-43ad-9f2c-f08743a55faa None] Extended network dict for driver 'cisco_n1kv_ext'
2015-03-10 16:30:06.465 14610 INFO neutron.wsgi [req-484f0baf-e8bd-492d-a038-3a47afc0a077 None] 13.0.0.3 - - [10/Mar/2015 16:30:06] "GET /v2.0/networks.json HTTP/1.1" 200 978 0.305603
2015-03-10 16:30:06.468 14613 INFO neutron.wsgi [-] (14613) accepted ('13.0.0.3', 59448)
2015-03-10 16:30:06.472 14614 INFO neutron.wsgi [req-e71184a8-a617-43ad-9f2c-f08743a55faa None] 13.0.0.3 - - [10/Mar/2015 16:30:06] "GET /v2.0/networks.json HTTP/1.1" 200 978 0.148519
2015-03-10 16:30:06.485 14610 INFO neutron.plugins.ml2.managers [req-b038b350-295d-4ef5-8712-d337434f41f4 None] Extended subnet dict for driver 'cisco_n1kv_ext'
2015-03-10 16:30:06.488 14610 INFO neutron.plugins.ml2.managers [req-b038b350-295d-4ef5-8712-d337434f41f4 None] Extended subnet dict for driver 'cisco_n1kv_ext'
2015-03-10 16:30:06.489 14610 INFO neutron.wsgi [req-b038b350-295d-4ef5-8712-d337434f41f4 None] 13.0.0.3 - - [10/Mar/2015 16:30:06] "GET /v2.0/subnets.json?fields=id&fields=cidr&id=d02a75df-3570-458d-8ef9-d99e48622702&id=cd789c3d-b5e4-4bc5-82f1-e33e49955c37&id=f8624ab3-b535-4d93-ad3d-ce2954723019 HTTP/1.1" 200 345 0.020737
2015-03-10 16:30:06.492 14614 INFO neutron.plugins.ml2.managers [req-be693390-1b70-4885-a860-9b63e9547c36 None] Extended subnet dict for driver 'cisco_n1kv_ext'
2015-03-10 16:30:06.497 14614 INFO neutron.plugins.ml2.managers [req-be693390-1b70-4885-a860-9b63e9547c36 None] Extended subnet dict for driver 'cisco_n1kv_ext'
2015-03-10 16:30:06.498 14614 INFO neutron.wsgi [req-be693390-1b70-4885-a860-9b63e9547c36 None] 13.0.0.3 - - [10/Mar/2015 16:30:06] "GET /v2.0/subnets.json?fields=id&fields=cidr&id=cd789c3d-b5e4-4bc5-82f1-e33e49955c37&id=4a62a32d-2e02-4267-b914-9283b46f6eac&id=0d2b6c68-1a16-43b7-9095-6cf5de2c0b86 HTTP/1.1" 200 345 0.023708
2015-03-10 16:30:06.544 14610 INFO neutron.plugins.ml2.managers [req-a766ee60-8f21-4d54-8b92-841fb6201714 None] Extended network dict for driver 'cisco_n1kv_ext'
2015-03-10 16:30:06.545 14610 INFO neutron.plugins.ml2.managers [req-a766ee60-8f21-4d54-8b92-841fb6201714 None] Extended network dict for driver 'cisco_n1kv_ext'
2015-03-10 16:30:06.545 14610 INFO neutron.plugins.ml2.managers [req-a766ee60-8f21-4d54-8b92-841fb6201714 None] Extended network dict for driver 'cisco_n1kv_ext'
2015-03-10 16:30:06.550 14610 INFO neutron.wsgi [req-a766ee60-8f21-4d54-8b92-841fb6201714 None] 13.0.0.3 - - [10/Mar/2015 16:30:06] "GET /v2.0/networks.json HTTP/1.1" 200 978 0.420867
2015-03-10 16:30:06.565 14610 INFO neutron.plugins.ml2.managers [req-7458b2a9-cea4-48c9-a36a-69694e0dc3f2 None] Extended subnet dict for driver 'cisco_n1kv_ext'
2015-03-10 16:30:06.569 14610 INFO neutron.plugins.ml2.managers [req-7458b2a9-cea4-48c9-a36a-69694e0dc3f2 None] Extended subnet dict for driver 'cisco_n1kv_ext'
2015-03-10 16:30:06.570 14610 INFO neutron.wsgi [req-7458b2a9-cea4-48c9-a36a-69694e0dc3f2 None] 13.0.0.3 - - [10/Mar/2015 16:30:06] "GET /v2.0/subnets.json?fields=id&fields=cidr&id=cd789c3d-b5e4-4bc5-82f1-e33e49955c37&id=10decba6-354c-4f56-a9d8-5c0f47582c5d&id=403b5dea-197e-4650-af39-add54affe9da HTTP/1.1" 200 345 0.016964
2015-03-10 16:30:06.581 14612 INFO neutron.plugins.ml2.managers [req-b0649fe4-aa40-4236-911d-65bee453fca9 None] Extended network dict for driver 'cisco_n1kv_ext'
2015-03-10 16:30:06.582 14612 INFO neutron.plugins.ml2.managers [req-b0649fe4-aa40-4236-911d-65bee453fca9 None] Extended network dict for driver 'cisco_n1kv_ext'
2015-03-10 16:30:06.583 14612 INFO neutron.plugins.ml2.managers [req-b0649fe4-aa40-4236-911d-65bee453fca9 None] Extended network dict for driver 'cisco_n1kv_ext'
2015-03-10 16:30:06.589 14612 INFO neutron.wsgi [req-b0649fe4-aa40-4236-911d-65bee453fca9 None] 13.0.0.3 - - [10/Mar/2015 16:30:06] "GET /v2.0/networks.json HTTP/1.1" 200 980 0.353677
2015-03-10 16:30:06.605 14613 INFO neutron.plugins.ml2.managers [req-d26c3db2-93ec-4f8d-8efc-5934c5ee4ab3 None] Extended network dict for driver 'cisco_n1kv_ext'
2015-03-10 16:30:06.608 14617 INFO neutron.plugins.ml2.managers [req-e6416f75-93a8-4918-a248-2debe37116d2 None] Extended network dict for driver 'cisco_n1kv_ext'
2015-03-10 16:30:06.608 14617 INFO neutron.plugins.ml2.managers [req-e6416f75-93a8-4918-a248-2debe37116d2 None] Extended network dict for driver 'cisco_n1kv_ext'
2015-03-10 16:30:06.609 14617 INFO neutron.plugins.ml2.managers [req-e6416f75-93a8-4918-a248-2debe37116d2 None] Extended network dict for driver 'cisco_n1kv_ext'
2015-03-10 16:30:06.609 14613 INFO neutron.wsgi [req-d26c3db2-93ec-4f8d-8efc-5934c5ee4ab3 None] 13.0.0.3 - - [10/Mar/2015 16:30:06] "GET /v2.0/networks.json HTTP/1.1" 200 462 0.139926
2015-03-10 16:30:06.614 14617 INFO neutron.wsgi [req-e6416f75-93a8-4918-a248-2debe37116d2 None] 13.0.0.3 - - [10/Mar/2015 16:30:06] "GET /v2.0/networks.json HTTP/1.1" 200 978 0.152475
2015-03-10 16:30:06.620 14613 INFO neutron.wsgi [req-51155b82-2600-417a-9945-2a05e12cd2ef None] 13.0.0.3 - - [10/Mar/2015 16:30:06] "GET /v2.0/subnets.json?fields=id&fields=cidr&id=cd789c3d-b5e4-4bc5-82f1-e33e49955c37 HTTP/1.1" 200 204 0.006975
2015-03-10 16:30:06.623 14612 INFO neutron.plugins.ml2.managers [req-a5d5362b-1b79-49a5-b10f-3970302e8bef None] Extended network dict for driver 'cisco_n1kv_ext'
2015-03-10 16:30:06.629 14612 INFO neutron.wsgi [req-a5d5362b-1b79-49a5-b10f-3970302e8bef None] 13.0.0.3 - - [10/Mar/2015 16:30:06] "GET /v2.0/networks.json HTTP/1.1" 200 462 0.400643
2015-03-10 16:30:06.629 14617 INFO neutron.plugins.ml2.managers [req-913f3e40-72cd-4f4e-b910-4f54b39686a8 None] Extended subnet dict for driver 'cisco_n1kv_ext'
2015-03-10 16:30:06.630 14612 INFO neutron.plugins.ml2.managers [req-c32b339f-4c04-48f6-893d-9f364130cdce None] Extended subnet dict for driver 'cisco_n1kv_ext'
2015-03-10 16:30:06.633 14617 INFO neutron.plugins.ml2.managers [req-913f3e40-72cd-4f4e-b910-4f54b39686a8 None] Extended subnet dict for driver 'cisco_n1kv_ext'
2015-03-10 16:30:06.634 14617 INFO neutron.wsgi [req-913f3e40-72cd-4f4e-b910-4f54b39686a8 None] 13.0.0.3 - - [10/Mar/2015 16:30:06] "GET /v2.0/subnets.json?fields=id&fields=cidr&id=cd789c3d-b5e4-4bc5-82f1-e33e49955c37&id=96223444-cb83-40d8-8f3b-dab9972448fb&id=a43fb034-756b-428e-99f1-163983b3fa16 HTTP/1.1" 200 347 0.017219
2015-03-10 16:30:06.654 14616 INFO neutron.plugins.ml2.managers [req-afe4e058-6e48-43d5-8e5a-49f27ca939da None] Extended network dict for driver 'cisco_n1kv_ext'
2015-03-10 16:30:06.655 14612 INFO neutron.plugins.ml2.managers [req-c32b339f-4c04-48f6-893d-9f364130cdce None] Extended subnet dict for driver 'cisco_n1kv_ext'
2015-03-10 16:30:06.656 14612 INFO neutron.wsgi [req-c32b339f-4c04-48f6-893d-9f364130cdce None] 13.0.0.3 - - [10/Mar/2015 16:30:06] "GET /v2.0/subnets.json?fields=id&fields=cidr&id=ddf47751-54df-4d06-806a-090cf330c371&id=cd789c3d-b5e4-4bc5-82f1-e33e49955c37&id=57af6797-f797-44f7-ab66-4283a82f3bf9 HTTP/1.1" 200 347 0.058342
2015-03-10 16:30:06.656 14612 INFO neutron.wsgi [req-85496743-1446-4ab7-8a98-4ba130e327da None] 13.0.0.3 - - [10/Mar/2015 16:30:06] "GET /v2.0/subnets.json?fields=id&fields=cidr&id=cd789c3d-b5e4-4bc5-82f1-e33e49955c37 HTTP/1.1" 200 204 0.013588
2015-03-10 16:30:06.661 14616 INFO neutron.wsgi [req-afe4e058-6e48-43d5-8e5a-49f27ca939da None] 13.0.0.3 - - [10/Mar/2015 16:30:06] "GET /v2.0/networks.json HTTP/1.1" 200 462 0.357291
2015-03-10 16:30:06.682 14616 INFO neutron.plugins.ml2.managers [req-66fc02f1-0174-4d5c-aa4d-9a59bd6ead10 None] Extended network dict for driver 'cisco_n1kv_ext'
2015-03-10 16:30:06.683 14616 INFO neutron.plugins.ml2.managers [req-66fc02f1-0174-4d5c-aa4d-9a59bd6ead10 None] Extended network dict for driver 'cisco_n1kv_ext'
2015-03-10 16:30:06.683 14616 INFO neutron.plugins.ml2.managers [req-66fc02f1-0174-4d5c-aa4d-9a59bd6ead10 None] Extended network dict for driver 'cisco_n1kv_ext'
2015-03-10 16:30:06.694 14616 INFO neutron.wsgi [req-66fc02f1-0174-4d5c-aa4d-9a59bd6ead10 None] 13.0.0.3 - - [10/Mar/2015 16:30:06] "GET /v2.0/networks.json HTTP/1.1" 200 978 0.384004
2015-03-10 16:30:06.707 14616 INFO neutron.wsgi [req-c38e4e6c-ec3c-4c57-a510-e89f10e667ad None] 13.0.0.3 - - [10/Mar/2015 16:30:06] "GET /v2.0/subnets.json?fields=id&fields=cidr&id=cd789c3d-b5e4-4bc5-82f1-e33e49955c37 HTTP/1.1" 200 204 0.011701
2015-03-10 16:30:06.724 14616 INFO neutron.plugins.ml2.managers [req-bb719b73-4bb0-4608-b24d-fd1c0369ec0b None] Extended subnet dict for driver 'cisco_n1kv_ext'
2015-03-10 16:30:06.728 14616 INFO neutron.plugins.ml2.managers [req-bb719b73-4bb0-4608-b24d-fd1c0369ec0b None] Extended subnet dict for driver 'cisco_n1kv_ext'
2015-03-10 16:30:06.730 14616 INFO neutron.wsgi [req-bb719b73-4bb0-4608-b24d-fd1c0369ec0b None] 13.0.0.3 - - [10/Mar/2015 16:30:06] "GET /v2.0/subnets.json?fields=id&fields=cidr&id=cd789c3d-b5e4-4bc5-82f1-e33e49955c37&id=8f5a1bd3-4141-4cbe-9c1f-67603a639a71&id=6e760e51-e785-4aab-aad0-fe4bbb50c371 HTTP/1.1" 200 345 0.021650
2015-03-10 16:30:06.768 14612 INFO neutron.plugins.ml2.managers [req-41025ef6-3c34-407d-9ccf-01f862da72be None] Extended network dict for driver 'cisco_n1kv_ext'
2015-03-10 16:30:06.769 14612 INFO neutron.plugins.ml2.managers [req-41025ef6-3c34-407d-9ccf-01f862da72be None] Extended network dict for driver 'cisco_n1kv_ext'
2015-03-10 16:30:06.770 14612 INFO neutron.plugins.ml2.managers [req-41025ef6-3c34-407d-9ccf-01f862da72be None] Extended network dict for driver 'cisco_n1kv_ext'
2015-03-10 16:30:06.779 14612 INFO neutron.wsgi [req-41025ef6-3c34-407d-9ccf-01f862da72be None] 13.0.0.3 - - [10/Mar/2015 16:30:06] "GET /v2.0/networks.json HTTP/1.1" 200 978 0.462457
2015-03-10 16:30:06.801 14612 INFO neutron.plugins.ml2.managers [req-8a2e700d-8675-4efb-9c98-aa67000eae90 None] Extended subnet dict for driver 'cisco_n1kv_ext'
2015-03-10 16:30:06.807 14612 INFO neutron.plugins.ml2.managers [req-8a2e700d-8675-4efb-9c98-aa67000eae90 None] Extended subnet dict for driver 'cisco_n1kv_ext'
2015-03-10 16:30:06.808 14612 INFO neutron.wsgi [req-8a2e700d-8675-4efb-9c98-aa67000eae90 None] 13.0.0.3 - - [10/Mar/2015 16:30:06] "GET /v2.0/subnets.json?fields=id&fields=cidr&id=32af6876-c010-4b0a-908e-80bc21bcf074&id=cd789c3d-b5e4-4bc5-82f1-e33e49955c37&id=e69bc480-2dbb-4feb-816d-f42aed9beae8 HTTP/1.1" 200 345 0.025323
2015-03-10 16:30:07.156 14613 INFO neutron.wsgi [-] (14613) accepted ('13.0.0.3', 59510)
2015-03-10 16:30:07.182 14614 INFO neutron.wsgi [-] (14614) accepted ('13.0.0.3', 59516)
2015-03-10 16:30:07.194 14613 INFO neutron.wsgi [req-d664fa86-cd26-4eb7-aa6b-21d28a270b03 None] 13.0.0.3 - - [10/Mar/2015 16:30:07] "GET /v2.0/policy_profiles.json HTTP/1.1" 200 486 0.037021
2015-03-10 16:30:07.223 14614 INFO neutron.wsgi [req-d6e6870c-3015-43eb-baa6-a7eabb15120c None] 13.0.0.3 - - [10/Mar/2015 16:30:07] "GET /v2.0/policy_profiles.json HTTP/1.1" 200 486 0.040332
2015-03-10 16:30:07.235 14617 INFO neutron.wsgi [-] (14617) accepted ('13.0.0.3', 59524)
2015-03-10 16:30:07.238 14619 INFO neutron.wsgi [-] (14619) accepted ('13.0.0.3', 59526)
2015-03-10 16:30:07.247 14616 INFO neutron.wsgi [-] (14616) accepted ('13.0.0.3', 59528)
2015-03-10 16:30:07.276 14617 INFO neutron.wsgi [req-4e86764e-1f25-4a6c-9b45-93db26765303 None] 13.0.0.3 - - [10/Mar/2015 16:30:07] "GET /v2.0/policy_profiles.json HTTP/1.1" 200 486 0.040678
2015-03-10 16:30:07.296 14617 INFO neutron.wsgi [-] (14617) accepted ('13.0.0.3', 59530)
2015-03-10 16:30:07.300 14616 INFO neutron.wsgi [req-8ba26e45-2d90-4ab7-9d93-e24c3de096be None] 13.0.0.3 - - [10/Mar/2015 16:30:07] "GET /v2.0/policy_profiles.json HTTP/1.1" 200 486 0.052698
2015-03-10 16:30:07.352 14623 INFO neutron.wsgi [-] (14623) accepted ('13.0.0.3', 59532)
2015-03-10 16:30:07.354 14617 INFO neutron.wsgi [req-7faabc81-cc9d-434a-bd97-b178d60be480 None] 13.0.0.3 - - [10/Mar/2015 16:30:07] "GET /v2.0/policy_profiles.json HTTP/1.1" 200 486 0.056898
2015-03-10 16:30:07.374 14611 INFO neutron.wsgi [-] (14611) accepted ('13.0.0.3', 59534)
2015-03-10 16:30:07.401 14619 INFO neutron.wsgi [req-e6f20fb3-8966-477b-afa6-f831df1c2ef1 None] 13.0.0.3 - - [10/Mar/2015 16:30:07] "GET /v2.0/policy_profiles.json HTTP/1.1" 200 486 0.161446
2015-03-10 16:30:07.406 14617 INFO neutron.wsgi [-] (14617) accepted ('13.0.0.3', 59538)
2015-03-10 16:30:07.413 14612 INFO neutron.wsgi [-] (14612) accepted ('13.0.0.3', 59540)
2015-03-10 16:30:07.461 14612 INFO neutron.wsgi [req-192071a3-4111-4d13-904b-fe738542ea50 None] 13.0.0.3 - - [10/Mar/2015 16:30:07] "GET /v2.0/policy_profiles.json HTTP/1.1" 200 486 0.047597
2015-03-10 16:30:07.476 14617 INFO neutron.wsgi [req-7c41c137-3ef2-4baa-9a1f-ad326e7c1127 None] 13.0.0.3 - - [10/Mar/2015 16:30:07] "GET /v2.0/policy_profiles.json HTTP/1.1" 200 486 0.069192
2015-03-10 16:30:07.493 14623 INFO neutron.wsgi [req-c5098534-c464-429b-83cf-55e61002a892 None] 13.0.0.3 - - [10/Mar/2015 16:30:07] "GET /v2.0/policy_profiles.json HTTP/1.1" 200 486 0.140164
2015-03-10 16:30:07.516 14611 INFO neutron.wsgi [req-ccc5742a-45d3-4f8b-99b1-f3364a15e398 None] 13.0.0.3 - - [10/Mar/2015 16:30:07] "GET /v2.0/policy_profiles.json HTTP/1.1" 200 486 0.140573
2015-03-10 16:30:07.735 14611 INFO neutron.wsgi [-] (14611) accepted ('13.0.0.3', 59555)
2015-03-10 16:30:07.773 14611 INFO neutron.plugins.ml2.managers [req-44d6272e-8a89-42ff-978e-f19ab619f575 None] Extended network dict for driver 'cisco_n1kv_ext'
2015-03-10 16:30:07.777 14611 INFO neutron.wsgi [req-44d6272e-8a89-42ff-978e-f19ab619f575 None] 13.0.0.3 - - [10/Mar/2015 16:30:07] "GET /v2.0/networks.json?fields=id&id=69ff5502-89eb-4b2f-94aa-b4d8c1b1a76b HTTP/1.1" 200 251 0.040754
2015-03-10 16:30:07.780 14619 INFO neutron.wsgi [-] (14619) accepted ('13.0.0.3', 59557)
2015-03-10 16:30:07.782 14611 INFO oslo.messaging._drivers.impl_rabbit [req-43f6c425-55f2-4947-9ca6-282e899c4ed6 ] Connecting to AMQP server on 13.0.0.3:5672
2015-03-10 16:30:07.792 14611 INFO oslo.messaging._drivers.impl_rabbit [req-43f6c425-55f2-4947-9ca6-282e899c4ed6 ] Connected to AMQP server on 13.0.0.3:5672
2015-03-10 16:30:07.806 14611 INFO neutron.plugins.ml2.managers [req-43f6c425-55f2-4947-9ca6-282e899c4ed6 None] Extended network dict for driver 'cisco_n1kv_ext'
2015-03-10 16:30:07.815 14619 INFO neutron.plugins.ml2.managers [req-2258f07a-a92f-4142-8fc6-4d8bdb220946 None] Extended network dict for driver 'cisco_n1kv_ext'
2015-03-10 16:30:07.815 14611 INFO neutron.quota [req-43f6c425-55f2-4947-9ca6-282e899c4ed6 None] Loaded quota_driver: <neutron.db.quota_db.DbQuotaDriver object at 0x46c5410>.
2015-03-10 16:30:07.818 14619 INFO neutron.wsgi [req-2258f07a-a92f-4142-8fc6-4d8bdb220946 None] 13.0.0.3 - - [10/Mar/2015 16:30:07] "GET /v2.0/networks.json?fields=id&id=982239cc-8717-4a02-a7b1-93d2cc6c9867 HTTP/1.1" 200 251 0.037835
2015-03-10 16:30:07.824 14619 INFO oslo.messaging._drivers.impl_rabbit [req-621a1e10-b9f6-4bbd-82c8-6e809cdbe6d8 ] Connecting to AMQP server on 13.0.0.3:5672
2015-03-10 16:30:07.834 14619 INFO oslo.messaging._drivers.impl_rabbit [req-621a1e10-b9f6-4bbd-82c8-6e809cdbe6d8 ] Connected to AMQP server on 13.0.0.3:5672
2015-03-10 16:30:07.845 14619 INFO neutron.plugins.ml2.managers [req-621a1e10-b9f6-4bbd-82c8-6e809cdbe6d8 None] Extended network dict for driver 'cisco_n1kv_ext'
2015-03-10 16:30:07.853 14619 INFO neutron.quota [req-621a1e10-b9f6-4bbd-82c8-6e809cdbe6d8 None] Loaded quota_driver: <neutron.db.quota_db.DbQuotaDriver object at 0x46c5410>.
2015-03-10 16:30:07.920 14623 INFO neutron.wsgi [-] (14623) accepted ('13.0.0.3', 59568)
2015-03-10 16:30:07.920 14617 INFO neutron.wsgi [-] (14617) accepted ('13.0.0.3', 59569)
2015-03-10 16:30:07.929 14614 INFO neutron.wsgi [-] (14614) accepted ('13.0.0.3', 59571)
2015-03-10 16:30:07.933 14611 INFO neutron.plugins.ml2.managers [req-43f6c425-55f2-4947-9ca6-282e899c4ed6 None] Extended subnet dict for driver 'cisco_n1kv_ext'
2015-03-10 16:30:07.945 14619 INFO neutron.plugins.ml2.managers [req-621a1e10-b9f6-4bbd-82c8-6e809cdbe6d8 None] Extended subnet dict for driver 'cisco_n1kv_ext'
2015-03-10 16:30:07.953 14611 INFO neutron.plugins.ml2.managers [req-43f6c425-55f2-4947-9ca6-282e899c4ed6 None] Extended network dict for driver 'cisco_n1kv_ext'
2015-03-10 16:30:07.956 14614 INFO neutron.plugins.ml2.managers [req-8878a98b-086f-4219-9d8a-89073f13a7d5 None] Extended network dict for driver 'cisco_n1kv_ext'
2015-03-10 16:30:07.956 14623 INFO neutron.plugins.ml2.managers [req-88f8be96-c44c-4c00-a98c-6f0f161fe5ba None] Extended network dict for driver 'cisco_n1kv_ext'
2015-03-10 16:30:07.959 14614 INFO neutron.wsgi [req-8878a98b-086f-4219-9d8a-89073f13a7d5 None] 13.0.0.3 - - [10/Mar/2015 16:30:07] "GET /v2.0/networks.json?fields=id&id=1f8ebb42-a40a-40e9-971a-af6d446429b2 HTTP/1.1" 200 251 0.029120
2015-03-10 16:30:07.960 14623 INFO neutron.wsgi [req-88f8be96-c44c-4c00-a98c-6f0f161fe5ba None] 13.0.0.3 - - [10/Mar/2015 16:30:07] "GET /v2.0/networks.json?fields=id&id=889747ad-2a86-44f8-b9d9-eebf8db16176 HTTP/1.1" 200 251 0.038987
2015-03-10 16:30:07.960 14619 INFO neutron.plugins.ml2.managers [req-621a1e10-b9f6-4bbd-82c8-6e809cdbe6d8 None] Extended network dict for driver 'cisco_n1kv_ext'
2015-03-10 16:30:07.964 14623 INFO oslo.messaging._drivers.impl_rabbit [req-2b0df5c4-33d6-4876-a1c4-b582dd644519 ] Connecting to AMQP server on 13.0.0.3:5672
2015-03-10 16:30:07.965 14611 INFO urllib3.connectionpool [-] Starting new HTTP connection (1): 13.0.0.250
2015-03-10 16:30:07.966 14614 INFO oslo.messaging._drivers.impl_rabbit [req-427181b6-08f0-4285-88bf-af400f9b8ba9 ] Connecting to AMQP server on 13.0.0.3:5672
2015-03-10 16:30:07.969 14619 INFO urllib3.connectionpool [-] Starting new HTTP connection (1): 13.0.0.250
2015-03-10 16:30:07.974 14623 INFO oslo.messaging._drivers.impl_rabbit [req-2b0df5c4-33d6-4876-a1c4-b582dd644519 ] Connected to AMQP server on 13.0.0.3:5672
2015-03-10 16:30:07.975 14614 INFO oslo.messaging._drivers.impl_rabbit [req-427181b6-08f0-4285-88bf-af400f9b8ba9 ] Connected to AMQP server on 13.0.0.3:5672
2015-03-10 16:30:07.987 14623 INFO neutron.plugins.ml2.managers [req-2b0df5c4-33d6-4876-a1c4-b582dd644519 None] Extended network dict for driver 'cisco_n1kv_ext'
2015-03-10 16:30:07.995 14623 INFO neutron.quota [req-2b0df5c4-33d6-4876-a1c4-b582dd644519 None] Loaded quota_driver: <neutron.db.quota_db.DbQuotaDriver object at 0x46c5410>.
2015-03-10 16:30:08.014 14617 INFO neutron.plugins.ml2.managers [req-34471158-8809-41ea-99c1-9af571fb80da None] Extended network dict for driver 'cisco_n1kv_ext'
2015-03-10 16:30:08.018 14617 INFO neutron.wsgi [req-34471158-8809-41ea-99c1-9af571fb80da None] 13.0.0.3 - - [10/Mar/2015 16:30:08] "GET /v2.0/networks.json?fields=id&id=2de29d8d-2b93-44e7-bd9d-ca8e70e034f7 HTTP/1.1" 200 251 0.097105
2015-03-10 16:30:08.019 14617 INFO neutron.wsgi [-] (14617) accepted ('13.0.0.3', 59578)
2015-03-10 16:30:08.025 14621 INFO neutron.wsgi [-] (14621) accepted ('13.0.0.3', 59580)
2015-03-10 16:30:08.030 14617 INFO oslo.messaging._drivers.impl_rabbit [req-b584ffbb-1535-4e0e-991f-6cc5cf06d01e ] Connecting to AMQP server on 13.0.0.3:5672
2015-03-10 16:30:08.050 14617 INFO neutron.plugins.ml2.managers [req-fed4c082-711f-499a-b128-82793c8726fe None] Extended network dict for driver 'cisco_n1kv_ext'
2015-03-10 16:30:08.053 14617 INFO neutron.wsgi [req-fed4c082-711f-499a-b128-82793c8726fe None] 13.0.0.3 - - [10/Mar/2015 16:30:08] "GET /v2.0/networks.json?fields=id&id=01a8c45c-c2a0-46ea-a8a7-41cd349350f7 HTTP/1.1" 200 251 0.033959
2015-03-10 16:30:08.054 14617 INFO oslo.messaging._drivers.impl_rabbit [req-b584ffbb-1535-4e0e-991f-6cc5cf06d01e ] Connected to AMQP server on 13.0.0.3:5672
2015-03-10 16:30:08.058 14617 INFO oslo.messaging._drivers.impl_rabbit [req-11cae07d-4bd4-4d09-a7b4-1a03b860b41b ] Connecting to AMQP server on 13.0.0.3:5672
2015-03-10 16:30:08.064 14614 INFO neutron.plugins.ml2.managers [req-427181b6-08f0-4285-88bf-af400f9b8ba9 None] Extended network dict for driver 'cisco_n1kv_ext'
2015-03-10 16:30:08.074 14614 INFO neutron.quota [req-427181b6-08f0-4285-88bf-af400f9b8ba9 None] Loaded quota_driver: <neutron.db.quota_db.DbQuotaDriver object at 0x46cce50>.
2015-03-10 16:30:08.074 14617 INFO neutron.plugins.ml2.managers [req-b584ffbb-1535-4e0e-991f-6cc5cf06d01e None] Extended network dict for driver 'cisco_n1kv_ext'
2015-03-10 16:30:08.082 14617 INFO neutron.quota [req-b584ffbb-1535-4e0e-991f-6cc5cf06d01e None] Loaded quota_driver: <neutron.db.quota_db.DbQuotaDriver object at 0x466ead0>.
2015-03-10 16:30:08.083 14621 INFO neutron.plugins.ml2.managers [req-df0bb701-eea0-4d80-b33a-c093466fcb49 None] Extended network dict for driver 'cisco_n1kv_ext'
2015-03-10 16:30:08.086 14621 INFO neutron.wsgi [req-df0bb701-eea0-4d80-b33a-c093466fcb49 None] 13.0.0.3 - - [10/Mar/2015 16:30:08] "GET /v2.0/networks.json?fields=id&id=4497d2c7-b042-4ba8-a4d7-804fdc1e57c2 HTTP/1.1" 200 251 0.059576
2015-03-10 16:30:08.090 14621 INFO oslo.messaging._drivers.impl_rabbit [req-b8077c75-9990-4d2e-9edc-d9690f144edb ] Connecting to AMQP server on 13.0.0.3:5672
2015-03-10 16:30:08.100 14621 INFO oslo.messaging._drivers.impl_rabbit [req-b8077c75-9990-4d2e-9edc-d9690f144edb ] Connected to AMQP server on 13.0.0.3:5672
2015-03-10 16:30:08.108 14623 INFO neutron.plugins.ml2.managers [req-2b0df5c4-33d6-4876-a1c4-b582dd644519 None] Extended subnet dict for driver 'cisco_n1kv_ext'
2015-03-10 16:30:08.116 14614 INFO neutron.plugins.ml2.managers [req-427181b6-08f0-4285-88bf-af400f9b8ba9 None] Extended subnet dict for driver 'cisco_n1kv_ext'
2015-03-10 16:30:08.127 14617 INFO neutron.plugins.ml2.managers [req-b584ffbb-1535-4e0e-991f-6cc5cf06d01e None] Extended subnet dict for driver 'cisco_n1kv_ext'
2015-03-10 16:30:08.127 14623 INFO neutron.plugins.ml2.managers [req-2b0df5c4-33d6-4876-a1c4-b582dd644519 None] Extended network dict for driver 'cisco_n1kv_ext'
2015-03-10 16:30:08.138 14623 INFO urllib3.connectionpool [-] Starting new HTTP connection (1): 13.0.0.250
2015-03-10 16:30:08.141 14614 INFO neutron.plugins.ml2.managers [req-427181b6-08f0-4285-88bf-af400f9b8ba9 None] Extended network dict for driver 'cisco_n1kv_ext'
2015-03-10 16:30:08.149 14617 INFO neutron.plugins.ml2.managers [req-b584ffbb-1535-4e0e-991f-6cc5cf06d01e None] Extended network dict for driver 'cisco_n1kv_ext'
2015-03-10 16:30:08.151 14614 INFO urllib3.connectionpool [-] Starting new HTTP connection (1): 13.0.0.250
2015-03-10 16:30:08.156 14617 INFO oslo.messaging._drivers.impl_rabbit [req-11cae07d-4bd4-4d09-a7b4-1a03b860b41b ] Connected to AMQP server on 13.0.0.3:5672
2015-03-10 16:30:08.160 14617 INFO urllib3.connectionpool [-] Starting new HTTP connection (1): 13.0.0.250
2015-03-10 16:30:08.164 14621 INFO neutron.plugins.ml2.managers [req-b8077c75-9990-4d2e-9edc-d9690f144edb None] Extended network dict for driver 'cisco_n1kv_ext'
2015-03-10 16:30:08.170 14617 INFO neutron.plugins.ml2.managers [req-11cae07d-4bd4-4d09-a7b4-1a03b860b41b None] Extended network dict for driver 'cisco_n1kv_ext'
2015-03-10 16:30:08.171 14621 INFO neutron.quota [req-b8077c75-9990-4d2e-9edc-d9690f144edb None] Loaded quota_driver: <neutron.db.quota_db.DbQuotaDriver object at 0x4a79c50>.
2015-03-10 16:30:08.206 14621 INFO neutron.plugins.ml2.managers [req-b8077c75-9990-4d2e-9edc-d9690f144edb None] Extended subnet dict for driver 'cisco_n1kv_ext'
2015-03-10 16:30:08.210 14617 INFO neutron.plugins.ml2.managers [req-11cae07d-4bd4-4d09-a7b4-1a03b860b41b None] Extended subnet dict for driver 'cisco_n1kv_ext'
2015-03-10 16:30:08.223 14617 INFO neutron.plugins.ml2.managers [req-11cae07d-4bd4-4d09-a7b4-1a03b860b41b None] Extended network dict for driver 'cisco_n1kv_ext'
2015-03-10 16:30:08.223 14621 INFO neutron.plugins.ml2.managers [req-b8077c75-9990-4d2e-9edc-d9690f144edb None] Extended network dict for driver 'cisco_n1kv_ext'
2015-03-10 16:30:08.231 14617 INFO urllib3.connectionpool [-] Starting new HTTP connection (1): 13.0.0.250
2015-03-10 16:30:08.232 14621 INFO urllib3.connectionpool [-] Starting new HTTP connection (1): 13.0.0.250
2015-03-10 16:30:09.012 14611 INFO neutron.plugins.ml2.drivers.cisco.n1kv.n1kv_client [req-43f6c425-55f2-4947-9ca6-282e899c4ed6 None] VSM: Successfully created "vm-network vmn_1b71fdbe-e571-4cf8-98ff-19a9b1bf5009_69ff5502-89eb-4b2f-94aa-b4d8c1b1a76b"
2015-03-10 16:30:09.012 14611 INFO neutron.plugins.ml2.drivers.cisco.n1kv.mech_cisco_n1kv [req-43f6c425-55f2-4947-9ca6-282e899c4ed6 None] Create port(postcommit) succeeded for port: 4d17c551-c1b5-4531-815b-5f6fc35184b8 on network: 69ff5502-89eb-4b2f-94aa-b4d8c1b1a76b with policy profile ID: 1b71fdbe-e571-4cf8-98ff-19a9b1bf5009
2015-03-10 16:30:09.028 14611 INFO neutron.plugins.ml2.managers [req-43f6c425-55f2-4947-9ca6-282e899c4ed6 None] Extended network dict for driver 'cisco_n1kv_ext'
2015-03-10 16:30:09.043 14611 INFO neutron.wsgi [req-43f6c425-55f2-4947-9ca6-282e899c4ed6 None] 13.0.0.3 - - [10/Mar/2015 16:30:09] "POST /v2.0/ports.json HTTP/1.1" 201 754 1.264514
2015-03-10 16:30:10.068 14619 INFO neutron.plugins.ml2.drivers.cisco.n1kv.n1kv_client [req-621a1e10-b9f6-4bbd-82c8-6e809cdbe6d8 None] VSM: Successfully created "vm-network vmn_1b71fdbe-e571-4cf8-98ff-19a9b1bf5009_982239cc-8717-4a02-a7b1-93d2cc6c9867"
2015-03-10 16:30:10.068 14619 INFO neutron.plugins.ml2.drivers.cisco.n1kv.mech_cisco_n1kv [req-621a1e10-b9f6-4bbd-82c8-6e809cdbe6d8 None] Create port(postcommit) succeeded for port: a6fc337d-47e3-41a6-b6de-ccb235925a0a on network: 982239cc-8717-4a02-a7b1-93d2cc6c9867 with policy profile ID: 1b71fdbe-e571-4cf8-98ff-19a9b1bf5009
2015-03-10 16:30:10.082 14619 INFO neutron.plugins.ml2.managers [req-621a1e10-b9f6-4bbd-82c8-6e809cdbe6d8 None] Extended network dict for driver 'cisco_n1kv_ext'
2015-03-10 16:30:10.098 14619 INFO neutron.wsgi [req-621a1e10-b9f6-4bbd-82c8-6e809cdbe6d8 None] 13.0.0.3 - - [10/Mar/2015 16:30:10] "POST /v2.0/ports.json HTTP/1.1" 201 755 2.276245
2015-03-10 16:30:10.999 14637 INFO oslo.messaging._drivers.impl_rabbit [-] Connecting to AMQP server on 13.0.0.3:5672
2015-03-10 16:30:11.008 14637 INFO oslo.messaging._drivers.impl_rabbit [-] Connected to AMQP server on 13.0.0.3:5672
2015-03-10 16:30:11.056 14638 INFO oslo.messaging._drivers.impl_rabbit [-] Connecting to AMQP server on 13.0.0.3:5672
2015-03-10 16:30:11.066 14638 INFO oslo.messaging._drivers.impl_rabbit [-] Connected to AMQP server on 13.0.0.3:5672
2015-03-10 16:30:11.118 14623 INFO neutron.plugins.ml2.drivers.cisco.n1kv.n1kv_client [req-2b0df5c4-33d6-4876-a1c4-b582dd644519 None] VSM: Successfully created "vm-network vmn_1b71fdbe-e571-4cf8-98ff-19a9b1bf5009_889747ad-2a86-44f8-b9d9-eebf8db16176"
2015-03-10 16:30:11.118 14623 INFO neutron.plugins.ml2.drivers.cisco.n1kv.mech_cisco_n1kv [req-2b0df5c4-33d6-4876-a1c4-b582dd644519 None] Create port(postcommit) succeeded for port: 3b9e687f-e61f-41b3-af8f-27005323ae56 on network: 889747ad-2a86-44f8-b9d9-eebf8db16176 with policy profile ID: 1b71fdbe-e571-4cf8-98ff-19a9b1bf5009
2015-03-10 16:30:11.133 14623 INFO neutron.plugins.ml2.managers [req-2b0df5c4-33d6-4876-a1c4-b582dd644519 None] Extended network dict for driver 'cisco_n1kv_ext'
2015-03-10 16:30:11.150 14623 INFO neutron.wsgi [req-2b0df5c4-33d6-4876-a1c4-b582dd644519 None] 13.0.0.3 - - [10/Mar/2015 16:30:11] "POST /v2.0/ports.json HTTP/1.1" 201 754 3.187824
2015-03-10 16:30:11.515 14611 INFO neutron.wsgi [-] (14611) accepted ('13.0.0.3', 59658)
2015-03-10 16:30:11.537 14611 INFO neutron.plugins.ml2.managers [req-cf5fef41-2b3f-4946-87fc-a805e5ea73ac None] Extended network dict for driver 'cisco_n1kv_ext'
2015-03-10 16:30:11.540 14611 INFO neutron.wsgi [req-cf5fef41-2b3f-4946-87fc-a805e5ea73ac None] 13.0.0.3 - - [10/Mar/2015 16:30:11] "GET /v2.0/networks.json?fields=id&id=ca109244-d112-4060-bbeb-a6fc0175c28c HTTP/1.1" 200 251 0.023763
2015-03-10 16:30:11.555 14611 INFO neutron.plugins.ml2.managers [req-2c6790b9-7f39-40ca-9bb2-2e440a92a06f None] Extended network dict for driver 'cisco_n1kv_ext'
2015-03-10 16:30:11.594 14611 INFO neutron.plugins.ml2.managers [req-2c6790b9-7f39-40ca-9bb2-2e440a92a06f None] Extended subnet dict for driver 'cisco_n1kv_ext'
2015-03-10 16:30:11.606 14611 INFO neutron.plugins.ml2.managers [req-2c6790b9-7f39-40ca-9bb2-2e440a92a06f None] Extended network dict for driver 'cisco_n1kv_ext'
2015-03-10 16:30:11.615 14611 INFO urllib3.connectionpool [-] Starting new HTTP connection (1): 13.0.0.250
2015-03-10 16:30:12.572 14624 INFO neutron.wsgi [-] (14624) accepted ('13.0.0.3', 59680)
2015-03-10 16:30:12.697 14624 INFO neutron.plugins.ml2.managers [req-dba3e7a0-01b2-4e68-b115-9e498c3d2164 None] Extended network dict for driver 'cisco_n1kv_ext'
2015-03-10 16:30:12.701 14624 INFO neutron.wsgi [req-dba3e7a0-01b2-4e68-b115-9e498c3d2164 None] 13.0.0.3 - - [10/Mar/2015 16:30:12] "GET /v2.0/networks.json?fields=id&id=fab88c6d-3c3b-4bed-b059-e7652ec5f563 HTTP/1.1" 200 251 0.128163
2015-03-10 16:30:12.706 14624 INFO oslo.messaging._drivers.impl_rabbit [req-d0a667bb-4710-4993-a887-9daaa15a9d77 ] Connecting to AMQP server on 13.0.0.3:5672
2015-03-10 16:30:12.716 14624 INFO oslo.messaging._drivers.impl_rabbit [req-d0a667bb-4710-4993-a887-9daaa15a9d77 ] Connected to AMQP server on 13.0.0.3:5672
2015-03-10 16:30:12.729 14624 INFO neutron.plugins.ml2.managers [req-d0a667bb-4710-4993-a887-9daaa15a9d77 None] Extended network dict for driver 'cisco_n1kv_ext'
2015-03-10 16:30:12.738 14624 INFO neutron.quota [req-d0a667bb-4710-4993-a887-9daaa15a9d77 None] Loaded quota_driver: <neutron.db.quota_db.DbQuotaDriver object at 0x46bf190>.
2015-03-10 16:30:12.852 14624 INFO neutron.plugins.ml2.managers [req-d0a667bb-4710-4993-a887-9daaa15a9d77 None] Extended subnet dict for driver 'cisco_n1kv_ext'
2015-03-10 16:30:12.868 14624 INFO neutron.plugins.ml2.managers [req-d0a667bb-4710-4993-a887-9daaa15a9d77 None] Extended network dict for driver 'cisco_n1kv_ext'
2015-03-10 16:30:12.878 14624 INFO urllib3.connectionpool [-] Starting new HTTP connection (1): 13.0.0.250
2015-03-10 16:30:13.002 14641 INFO oslo.messaging._drivers.impl_rabbit [-] Connecting to AMQP server on 13.0.0.3:5672
2015-03-10 16:30:13.012 14641 INFO oslo.messaging._drivers.impl_rabbit [-] Connected to AMQP server on 13.0.0.3:5672
2015-03-10 16:30:13.059 14626 INFO oslo.messaging._drivers.impl_rabbit [-] Connecting to AMQP server on 13.0.0.3:5672
2015-03-10 16:30:13.069 14626 INFO oslo.messaging._drivers.impl_rabbit [-] Connected to AMQP server on 13.0.0.3:5672
2015-03-10 16:30:13.082 14617 INFO neutron.plugins.ml2.drivers.cisco.n1kv.n1kv_client [req-b584ffbb-1535-4e0e-991f-6cc5cf06d01e None] VSM: Successfully created "vm-network vmn_1b71fdbe-e571-4cf8-98ff-19a9b1bf5009_2de29d8d-2b93-44e7-bd9d-ca8e70e034f7"
2015-03-10 16:30:13.082 14617 INFO neutron.plugins.ml2.drivers.cisco.n1kv.mech_cisco_n1kv [req-b584ffbb-1535-4e0e-991f-6cc5cf06d01e None] Create port(postcommit) succeeded for port: ff16ae23-f3e7-4951-9c04-b441085956a5 on network: 2de29d8d-2b93-44e7-bd9d-ca8e70e034f7 with policy profile ID: 1b71fdbe-e571-4cf8-98ff-19a9b1bf5009
2015-03-10 16:30:13.097 14617 INFO neutron.plugins.ml2.managers [req-b584ffbb-1535-4e0e-991f-6cc5cf06d01e None] Extended network dict for driver 'cisco_n1kv_ext'
2015-03-10 16:30:13.111 14617 INFO neutron.wsgi [req-b584ffbb-1535-4e0e-991f-6cc5cf06d01e None] 13.0.0.3 - - [10/Mar/2015 16:30:13] "POST /v2.0/ports.json HTTP/1.1" 201 754 5.084574
2015-03-10 16:30:13.627 14616 INFO neutron.wsgi [-] (14616) accepted ('13.0.0.3', 59706)
2015-03-10 16:30:13.696 14616 INFO neutron.plugins.ml2.managers [req-0cefdf86-d207-422f-b58b-d28ee42b2a4b None] Extended network dict for driver 'cisco_n1kv_ext'
2015-03-10 16:30:13.698 14616 INFO neutron.wsgi [req-0cefdf86-d207-422f-b58b-d28ee42b2a4b None] 13.0.0.3 - - [10/Mar/2015 16:30:13] "GET /v2.0/networks.json?fields=id&id=f3ca28b3-a240-4f10-b8b9-2d561673efd6 HTTP/1.1" 200 251 0.070927
2015-03-10 16:30:13.702 14616 INFO oslo.messaging._drivers.impl_rabbit [req-12edcfc3-d976-4b6b-a735-87c1c24ac9bc ] Connecting to AMQP server on 13.0.0.3:5672
2015-03-10 16:30:13.711 14616 INFO oslo.messaging._drivers.impl_rabbit [req-12edcfc3-d976-4b6b-a735-87c1c24ac9bc ] Connected to AMQP server on 13.0.0.3:5672
2015-03-10 16:30:13.723 14616 INFO neutron.plugins.ml2.managers [req-12edcfc3-d976-4b6b-a735-87c1c24ac9bc None] Extended network dict for driver 'cisco_n1kv_ext'
2015-03-10 16:30:13.729 14616 INFO neutron.quota [req-12edcfc3-d976-4b6b-a735-87c1c24ac9bc None] Loaded quota_driver: <neutron.db.quota_db.DbQuotaDriver object at 0x484c1d0>.
2015-03-10 16:30:13.767 14616 INFO neutron.plugins.ml2.managers [req-12edcfc3-d976-4b6b-a735-87c1c24ac9bc None] Extended subnet dict for driver 'cisco_n1kv_ext'
2015-03-10 16:30:13.781 14616 INFO neutron.plugins.ml2.managers [req-12edcfc3-d976-4b6b-a735-87c1c24ac9bc None] Extended network dict for driver 'cisco_n1kv_ext'
2015-03-10 16:30:13.790 14616 INFO urllib3.connectionpool [-] Starting new HTTP connection (1): 13.0.0.250
2015-03-10 16:30:14.115 14614 INFO neutron.plugins.ml2.drivers.cisco.n1kv.n1kv_client [req-427181b6-08f0-4285-88bf-af400f9b8ba9 None] VSM: Successfully created "vm-network vmn_1b71fdbe-e571-4cf8-98ff-19a9b1bf5009_1f8ebb42-a40a-40e9-971a-af6d446429b2"
2015-03-10 16:30:14.115 14614 INFO neutron.plugins.ml2.drivers.cisco.n1kv.mech_cisco_n1kv [req-427181b6-08f0-4285-88bf-af400f9b8ba9 None] Create port(postcommit) succeeded for port: c6063185-eb00-4a4c-a87b-63745456a693 on network: 1f8ebb42-a40a-40e9-971a-af6d446429b2 with policy profile ID: 1b71fdbe-e571-4cf8-98ff-19a9b1bf5009
2015-03-10 16:30:14.133 14614 INFO neutron.plugins.ml2.managers [req-427181b6-08f0-4285-88bf-af400f9b8ba9 None] Extended network dict for driver 'cisco_n1kv_ext'
2015-03-10 16:30:14.148 14614 INFO neutron.wsgi [req-427181b6-08f0-4285-88bf-af400f9b8ba9 None] 13.0.0.3 - - [10/Mar/2015 16:30:14] "POST /v2.0/ports.json HTTP/1.1" 201 755 6.185022
2015-03-10 16:30:14.167 14617 INFO neutron.plugins.ml2.drivers.cisco.n1kv.n1kv_client [req-11cae07d-4bd4-4d09-a7b4-1a03b860b41b None] VSM: Successfully created "vm-network vmn_1b71fdbe-e571-4cf8-98ff-19a9b1bf5009_01a8c45c-c2a0-46ea-a8a7-41cd349350f7"
2015-03-10 16:30:14.167 14617 INFO neutron.plugins.ml2.drivers.cisco.n1kv.mech_cisco_n1kv [req-11cae07d-4bd4-4d09-a7b4-1a03b860b41b None] Create port(postcommit) succeeded for port: b095698b-79c9-49f9-a4ab-e1251562fd53 on network: 01a8c45c-c2a0-46ea-a8a7-41cd349350f7 with policy profile ID: 1b71fdbe-e571-4cf8-98ff-19a9b1bf5009
2015-03-10 16:30:14.182 14617 INFO neutron.plugins.ml2.managers [req-11cae07d-4bd4-4d09-a7b4-1a03b860b41b None] Extended network dict for driver 'cisco_n1kv_ext'
2015-03-10 16:30:14.194 14617 INFO neutron.wsgi [req-11cae07d-4bd4-4d09-a7b4-1a03b860b41b None] 13.0.0.3 - - [10/Mar/2015 16:30:14] "POST /v2.0/ports.json HTTP/1.1" 201 754 6.137784
2015-03-10 16:30:15.003 14627 INFO oslo.messaging._drivers.impl_rabbit [-] Connecting to AMQP server on 13.0.0.3:5672
2015-03-10 16:30:15.012 14627 INFO oslo.messaging._drivers.impl_rabbit [-] Connected to AMQP server on 13.0.0.3:5672
2015-03-10 16:30:15.058 14628 INFO oslo.messaging._drivers.impl_rabbit [-] Connecting to AMQP server on 13.0.0.3:5672
2015-03-10 16:30:15.067 14628 INFO oslo.messaging._drivers.impl_rabbit [-] Connected to AMQP server on 13.0.0.3:5672
2015-03-10 16:30:15.599 14618 INFO neutron.wsgi [-] (14618) accepted ('13.0.0.3', 59747)
2015-03-10 16:30:15.730 14618 INFO neutron.plugins.ml2.managers [req-01851677-986b-44f5-bd64-d9c209dd7f3a None] Extended network dict for driver 'cisco_n1kv_ext'
2015-03-10 16:30:15.734 14618 INFO neutron.wsgi [req-01851677-986b-44f5-bd64-d9c209dd7f3a None] 13.0.0.3 - - [10/Mar/2015 16:30:15] "GET /v2.0/networks.json?fields=id&id=b2b02bf6-a271-407c-b430-80efe9b1e914 HTTP/1.1" 200 251 0.133984
2015-03-10 16:30:15.739 14618 INFO oslo.messaging._drivers.impl_rabbit [req-775ecff3-aad4-4050-8053-b9df8cfc666b ] Connecting to AMQP server on 13.0.0.3:5672
2015-03-10 16:30:15.749 14618 INFO oslo.messaging._drivers.impl_rabbit [req-775ecff3-aad4-4050-8053-b9df8cfc666b ] Connected to AMQP server on 13.0.0.3:5672
2015-03-10 16:30:15.762 14618 INFO neutron.plugins.ml2.managers [req-775ecff3-aad4-4050-8053-b9df8cfc666b None] Extended network dict for driver 'cisco_n1kv_ext'
2015-03-10 16:30:15.769 14618 INFO neutron.quota [req-775ecff3-aad4-4050-8053-b9df8cfc666b None] Loaded quota_driver: <neutron.db.quota_db.DbQuotaDriver object at 0x46bf190>.
2015-03-10 16:30:15.879 14618 INFO neutron.plugins.ml2.managers [req-775ecff3-aad4-4050-8053-b9df8cfc666b None] Extended subnet dict for driver 'cisco_n1kv_ext'
2015-03-10 16:30:15.894 14618 INFO neutron.plugins.ml2.managers [req-775ecff3-aad4-4050-8053-b9df8cfc666b None] Extended network dict for driver 'cisco_n1kv_ext'
2015-03-10 16:30:15.904 14618 INFO urllib3.connectionpool [-] Starting new HTTP connection (1): 13.0.0.250
2015-03-10 16:30:16.213 14616 INFO neutron.plugins.ml2.drivers.cisco.n1kv.n1kv_client [req-12edcfc3-d976-4b6b-a735-87c1c24ac9bc None] VSM: Successfully created "vm-network vmn_1b71fdbe-e571-4cf8-98ff-19a9b1bf5009_f3ca28b3-a240-4f10-b8b9-2d561673efd6"
2015-03-10 16:30:16.213 14616 INFO neutron.plugins.ml2.drivers.cisco.n1kv.mech_cisco_n1kv [req-12edcfc3-d976-4b6b-a735-87c1c24ac9bc None] Create port(postcommit) succeeded for port: a4eeec2c-7f4e-41bf-86b6-e80559403f4f on network: f3ca28b3-a240-4f10-b8b9-2d561673efd6 with policy profile ID: 1b71fdbe-e571-4cf8-98ff-19a9b1bf5009
2015-03-10 16:30:16.225 14621 INFO neutron.plugins.ml2.drivers.cisco.n1kv.mech_cisco_n1kv [req-b8077c75-9990-4d2e-9edc-d9690f144edb None] Internal VSM Error: %(reason)s.
2015-03-10 16:30:16.225 14621 ERROR neutron.plugins.ml2.managers [req-b8077c75-9990-4d2e-9edc-d9690f144edb None] Mechanism driver 'cisco_n1kv' failed in create_port_postcommit
2015-03-10 16:30:16.225 14621 TRACE neutron.plugins.ml2.managers Traceback (most recent call last):
2015-03-10 16:30:16.225 14621 TRACE neutron.plugins.ml2.managers   File "/usr/lib/python2.7/site-packages/neutron/plugins/ml2/managers.py", line 291, in _call_on_drivers
2015-03-10 16:30:16.225 14621 TRACE neutron.plugins.ml2.managers     getattr(driver.obj, method_name)(context)
2015-03-10 16:30:16.225 14621 TRACE neutron.plugins.ml2.managers   File "/usr/lib/python2.7/site-packages/neutron/plugins/ml2/drivers/cisco/n1kv/mech_cisco_n1kv.py", line 258, in create_port_postcommit
2015-03-10 16:30:16.225 14621 TRACE neutron.plugins.ml2.managers     raise ml2_exc.MechanismDriverError()
2015-03-10 16:30:16.225 14621 TRACE neutron.plugins.ml2.managers MechanismDriverError: <unprintable MechanismDriverError object>
2015-03-10 16:30:16.225 14621 TRACE neutron.plugins.ml2.managers 
2015-03-10 16:30:16.226 14621 ERROR neutron.plugins.ml2.plugin [req-b8077c75-9990-4d2e-9edc-d9690f144edb None] mechanism_manager.create_port_postcommit failed, deleting port 'e3c170c6-a8cb-4400-8e1a-4ff9bad977e2'
2015-03-10 16:30:16.230 14616 INFO neutron.plugins.ml2.managers [req-12edcfc3-d976-4b6b-a735-87c1c24ac9bc None] Extended network dict for driver 'cisco_n1kv_ext'
2015-03-10 16:30:16.248 14616 INFO neutron.wsgi [req-12edcfc3-d976-4b6b-a735-87c1c24ac9bc None] 13.0.0.3 - - [10/Mar/2015 16:30:16] "POST /v2.0/ports.json HTTP/1.1" 201 754 2.548096
2015-03-10 16:30:16.250 14621 INFO neutron.plugins.ml2.managers [req-b8077c75-9990-4d2e-9edc-d9690f144edb None] Extended port dict for driver 'cisco_n1kv_ext'
2015-03-10 16:30:16.259 14621 INFO neutron.plugins.ml2.managers [req-b8077c75-9990-4d2e-9edc-d9690f144edb None] Extended network dict for driver 'cisco_n1kv_ext'
2015-03-10 16:30:16.286 14621 INFO urllib3.connectionpool [-] Starting new HTTP connection (1): 13.0.0.250
2015-03-10 16:30:16.683 14622 INFO neutron.wsgi [-] (14622) accepted ('13.0.0.3', 59777)
2015-03-10 16:30:16.718 14618 INFO neutron.wsgi [-] (14618) accepted ('13.0.0.3', 59779)
2015-03-10 16:30:16.739 14618 INFO neutron.plugins.ml2.managers [req-ac09a391-07b8-4f5a-9c07-3c4f6ff0941e None] Extended network dict for driver 'cisco_n1kv_ext'
2015-03-10 16:30:16.743 14618 INFO neutron.wsgi [req-ac09a391-07b8-4f5a-9c07-3c4f6ff0941e None] 13.0.0.3 - - [10/Mar/2015 16:30:16] "GET /v2.0/networks.json?fields=id&id=f21fca57-7225-4210-b1f7-1bd034ee0e81 HTTP/1.1" 200 251 0.024205
2015-03-10 16:30:16.759 14618 INFO neutron.plugins.ml2.managers [req-835a950e-9f2e-4a18-89b1-24e569cd8fc0 None] Extended network dict for driver 'cisco_n1kv_ext'
2015-03-10 16:30:16.802 14618 INFO neutron.plugins.ml2.managers [req-835a950e-9f2e-4a18-89b1-24e569cd8fc0 None] Extended subnet dict for driver 'cisco_n1kv_ext'
2015-03-10 16:30:16.811 14622 INFO neutron.plugins.ml2.managers [req-b3abb2e1-5910-4f7d-b4a2-4f7eebc3c1f6 None] Extended network dict for driver 'cisco_n1kv_ext'
