2015-03-08 17:02:22.683 27745 INFO urllib3.connectionpool [-] Starting new HTTP connection (1): 13.0.0.250
2015-03-09 17:02:11.805 10528 INFO neutron.wsgi [-] (10528) accepted ('13.0.0.3', 47471)
2015-03-09 17:02:11.807 10528 INFO urllib3.connectionpool [-] Resetting dropped connection: 13.0.0.25
2015-03-09 17:02:11.875 10528 INFO neutron.plugins.ml2.managers [req-21953384-4294-439b-abeb-d4f9c913d007 None] Extended port dict for driver 'cisco_n1kv_ext'
2015-03-09 17:02:11.877 10528 INFO neutron.wsgi [req-21953384-4294-439b-abeb-d4f9c913d007 None] 13.0.0.3 - - [09/Mar/2015 17:02:11] "GET /v2.0/ports.json?tenant_id=6edc90f14268442bb98940f1cef1ea39&device_id=1348af99-16b1-4a15-b432-feb098069af7 HTTP/1.1" 200 996 0.071265
2015-03-09 17:02:11.880 10528 INFO neutron.wsgi [-] (10528) accepted ('13.0.0.3', 47494)
2015-03-09 17:02:11.889 10528 INFO neutron.plugins.ml2.managers [req-24964414-c115-4dd5-acf0-c07ec8fee05a None] Extended network dict for driver 'cisco_n1kv_ext'
2015-03-09 17:02:11.891 10528 INFO neutron.wsgi [req-24964414-c115-4dd5-acf0-c07ec8fee05a None] 13.0.0.3 - - [09/Mar/2015 17:02:11] "GET /v2.0/networks.json?id=1602494d-1833-426d-b105-49ed93771ee8 HTTP/1.1" 200 577 0.011333
2015-03-09 17:02:11.894 10528 INFO neutron.wsgi [-] (10528) accepted ('13.0.0.3', 47495)
2015-03-09 17:02:11.898 10528 INFO neutron.wsgi [req-3f49ced0-d942-4411-a5ec-0403d5a18078 None] 13.0.0.3 - - [09/Mar/2015 17:02:11] "GET /v2.0/floatingips.json?fixed_ip_address=14.8.3.2&port_id=a22d9550-aaa1-4f65-ba73-2686bd0545c3 HTTP/1.1" 200 208 0.003754
2015-03-09 17:02:11.901 10533 INFO neutron.wsgi [-] (10533) accepted ('13.0.0.3', 47496)
2015-03-09 17:02:11.913 10533 INFO neutron.plugins.ml2.managers [req-976346da-0e37-40f3-bc74-89349a740f35 None] Extended subnet dict for driver 'cisco_n1kv_ext'
2015-03-09 17:02:11.913 10533 INFO neutron.wsgi [req-976346da-0e37-40f3-bc74-89349a740f35 None] 13.0.0.3 - - [09/Mar/2015 17:02:11] "GET /v2.0/subnets.json?id=3c5c5437-3d16-4f16-aa87-c578e634c3f6 HTTP/1.1" 200 622 0.012161
2015-03-09 17:02:11.916 10541 INFO neutron.wsgi [-] (10541) accepted ('13.0.0.3', 47497)
2015-03-09 17:02:11.933 10541 INFO neutron.plugins.ml2.managers [req-43b7907e-2f84-4662-8194-f3a7f40f571f None] Extended port dict for driver 'cisco_n1kv_ext'
2015-03-09 17:02:11.934 10541 INFO neutron.wsgi [req-43b7907e-2f84-4662-8194-f3a7f40f571f None] 13.0.0.3 - - [09/Mar/2015 17:02:11] "GET /v2.0/ports.json?network_id=1602494d-1833-426d-b105-49ed93771ee8&device_owner=network%3Adhcp HTTP/1.1" 200 983 0.017467
2015-03-09 17:02:34.329 10507 INFO urllib3.connectionpool [-] Starting new HTTP connection (1): 13.0.0.250
2015-03-10 03:17:02.033 27054 INFO neutron.wsgi [-] (27054) accepted ('13.0.0.3', 59392)
2015-03-10 03:17:02.035 27054 INFO urllib3.connectionpool [-] Resetting dropped connection: 13.0.0.25
2015-03-10 03:17:02.099 27054 INFO neutron.plugins.ml2.managers [req-ad98ca6e-2551-474b-9419-785eded6346e None] Extended port dict for driver 'cisco_n1kv_ext'
2015-03-10 03:17:02.100 27054 INFO neutron.wsgi [req-ad98ca6e-2551-474b-9419-785eded6346e None] 13.0.0.3 - - [10/Mar/2015 03:17:02] "GET /v2.0/ports/3c578574-0986-48f2-a798-dd0e1f7f3b2f.json HTTP/1.1" 200 773 0.066517
2015-03-10 03:17:02.103 27054 INFO neutron.wsgi [-] (27054) accepted ('13.0.0.3', 59411)
2015-03-10 03:17:02.115 27054 INFO keystonemiddleware.auth_token [-] Invalid user token - rejecting request
2015-03-10 03:17:02.116 27054 INFO neutron.wsgi [-] 13.0.0.3 - - [10/Mar/2015 03:17:02] "GET /v2.0/ports/3c578574-0986-48f2-a798-dd0e1f7f3b2f.json?fields=binding%3Avnic_type&fields=network_id HTTP/1.1" 401 258 0.011889
2015-03-10 03:17:02.231 27055 INFO neutron.wsgi [-] (27055) accepted ('13.0.0.3', 59415)
2015-03-10 03:17:02.262 27055 INFO neutron.plugins.ml2.managers [req-cf9f8232-2907-470f-ba8d-dc1f73676153 None] Extended port dict for driver 'cisco_n1kv_ext'
2015-03-10 03:17:02.263 27055 INFO neutron.wsgi [req-cf9f8232-2907-470f-ba8d-dc1f73676153 None] 13.0.0.3 - - [10/Mar/2015 03:17:02] "GET /v2.0/ports/3c578574-0986-48f2-a798-dd0e1f7f3b2f.json?fields=binding%3Avnic_type&fields=network_id HTTP/1.1" 200 284 0.031594
2015-03-10 03:17:02.369 27061 INFO neutron.wsgi [-] (27061) accepted ('13.0.0.3', 59421)
2015-03-10 03:17:02.372 27061 INFO urllib3.connectionpool [-] Resetting dropped connection: 13.0.0.25
2015-03-10 03:17:02.434 27061 INFO neutron.wsgi [req-f8eb73fe-04f1-4a9e-98e8-1bb79fbe4a28 None] 13.0.0.3 - - [10/Mar/2015 03:17:02] "GET /v2.0/ports.json?device_id=8979889c-8330-4466-91a5-85a5d489648f HTTP/1.1" 200 202 0.063783
2015-03-10 03:17:02.650 27056 INFO neutron.wsgi [-] (27056) accepted ('13.0.0.3', 59438)
2015-03-10 03:17:02.724 27056 INFO neutron.plugins.ml2.managers [req-8dda32f3-4ea6-420d-ab93-17bf1cdc3b10 None] Extended port dict for driver 'cisco_n1kv_ext'
2015-03-10 03:17:02.726 27056 INFO neutron.wsgi [req-8dda32f3-4ea6-420d-ab93-17bf1cdc3b10 None] 13.0.0.3 - - [10/Mar/2015 03:17:02] "GET /v2.0/ports/3c578574-0986-48f2-a798-dd0e1f7f3b2f.json HTTP/1.1" 200 773 0.075718
2015-03-10 03:17:02.728 27056 INFO neutron.wsgi [-] (27056) accepted ('13.0.0.3', 59439)
2015-03-10 03:17:02.742 27056 INFO neutron.plugins.ml2.managers [req-89de1e34-b56b-43be-9fff-019d363cf4bc None] Extended network dict for driver 'cisco_n1kv_ext'
2015-03-10 03:17:02.746 27056 INFO neutron.wsgi [req-89de1e34-b56b-43be-9fff-019d363cf4bc None] 13.0.0.3 - - [10/Mar/2015 03:17:02] "GET /v2.0/networks.json?id=6fa4c89d-8197-4e47-a176-a4612089a62c HTTP/1.1" 200 462 0.016692
2015-03-10 03:17:02.748 27056 INFO neutron.wsgi [-] (27056) accepted ('13.0.0.3', 59440)
2015-03-10 03:17:02.751 27056 INFO neutron.wsgi [req-8ab34b19-bb0a-4cd9-adb8-4060a5427c10 None] 13.0.0.3 - - [10/Mar/2015 03:17:02] "GET /v2.0/extensions.json HTTP/1.1" 200 4821 0.002768
2015-03-10 03:17:02.754 27046 INFO neutron.wsgi [-] (27046) accepted ('13.0.0.3', 59441)
2015-03-10 03:17:02.764 27046 INFO keystonemiddleware.auth_token [-] Invalid user token - rejecting request
2015-03-10 03:17:02.765 27046 INFO neutron.wsgi [-] 13.0.0.3 - - [10/Mar/2015 03:17:02] "PUT /v2.0/ports/3c578574-0986-48f2-a798-dd0e1f7f3b2f.json HTTP/1.1" 401 258 0.010369
2015-03-10 03:17:02.878 27046 INFO neutron.wsgi [-] (27046) accepted ('13.0.0.3', 59443)
2015-03-10 03:17:02.892 27065 INFO neutron.plugins.ml2.managers [req-4ef5ce7b-b89a-49eb-906b-de9526e267ee None] Extended network dict for driver 'cisco_n1kv_ext'
2015-03-10 03:17:02.904 27065 INFO neutron.plugins.ml2.managers [req-4ef5ce7b-b89a-49eb-906b-de9526e267ee None] Extended subnet dict for driver 'cisco_n1kv_ext'
2015-03-10 03:17:02.909 27046 INFO neutron.plugins.ml2.managers [req-30dc91c2-1b30-4837-9fa0-ad4ab15419f3 None] Extended port dict for driver 'cisco_n1kv_ext'
2015-03-10 03:17:02.919 27065 INFO neutron.plugins.ml2.managers [req-4ef5ce7b-b89a-49eb-906b-de9526e267ee None] Extended port dict for driver 'cisco_n1kv_ext'
2015-03-10 03:17:02.920 27046 INFO neutron.plugins.ml2.managers [req-30dc91c2-1b30-4837-9fa0-ad4ab15419f3 None] Extended port dict for driver 'cisco_n1kv_ext'
2015-03-10 03:17:02.934 27046 INFO neutron.plugins.ml2.managers [req-30dc91c2-1b30-4837-9fa0-ad4ab15419f3 None] Extended port dict for driver 'cisco_n1kv_ext'
2015-03-10 03:17:02.942 27046 INFO neutron.plugins.ml2.managers [req-30dc91c2-1b30-4837-9fa0-ad4ab15419f3 None] Extended network dict for driver 'cisco_n1kv_ext'
2015-03-10 03:17:02.966 27046 INFO neutron.plugins.ml2.managers [req-30dc91c2-1b30-4837-9fa0-ad4ab15419f3 None] Extended port dict for driver 'cisco_n1kv_ext'
2015-03-10 03:17:02.968 27046 INFO neutron.plugins.ml2.managers [req-30dc91c2-1b30-4837-9fa0-ad4ab15419f3 None] Extended port dict for driver 'cisco_n1kv_ext'
2015-03-10 03:17:02.976 27046 INFO neutron.plugins.ml2.managers [req-30dc91c2-1b30-4837-9fa0-ad4ab15419f3 None] Extended network dict for driver 'cisco_n1kv_ext'
2015-03-10 03:17:02.998 27046 INFO neutron.plugins.ml2.managers [req-30dc91c2-1b30-4837-9fa0-ad4ab15419f3 None] Extended network dict for driver 'cisco_n1kv_ext'
2015-03-10 17:02:02.591 3029 INFO neutron.wsgi [-] (3029) accepted ('13.0.0.3', 40385)
2015-03-10 17:02:02.593 3029 INFO urllib3.connectionpool [-] Resetting dropped connection: 13.0.0.25
2015-03-10 17:02:02.625 3040 INFO neutron.wsgi [-] (3040) accepted ('13.0.0.3', 40389)
2015-03-10 17:02:02.628 3040 INFO urllib3.connectionpool [-] Resetting dropped connection: 13.0.0.25
2015-03-10 17:02:02.656 3029 INFO neutron.wsgi [req-c239ef00-7073-4e00-b428-8bea63a2e106 None] 13.0.0.3 - - [10/Mar/2015 17:02:02] "GET /v2.0/ports.json HTTP/1.1" 200 202 0.064150
2015-03-10 17:02:02.679 3025 INFO neutron.wsgi [-] (3025) accepted ('13.0.0.3', 40401)
2015-03-10 17:02:02.682 3025 INFO urllib3.connectionpool [-] Resetting dropped connection: 13.0.0.25
2015-03-10 17:02:02.688 3028 INFO neutron.wsgi [-] (3028) accepted ('13.0.0.3', 40405)
2015-03-10 17:02:02.692 3028 INFO urllib3.connectionpool [-] Resetting dropped connection: 13.0.0.25
2015-03-10 17:02:02.695 3028 INFO neutron.wsgi [-] (3028) accepted ('13.0.0.3', 40409)
2015-03-10 17:02:02.698 3028 INFO urllib3.connectionpool [-] Resetting dropped connection: 13.0.0.25
2015-03-10 17:02:02.703 3040 INFO neutron.plugins.ml2.managers [req-f529b91f-1423-4e5c-8857-d98810dfa240 None] Extended port dict for driver 'cisco_n1kv_ext'
2015-03-10 17:02:02.706 3032 INFO neutron.wsgi [-] (3032) accepted ('13.0.0.3', 40415)
2015-03-10 17:02:02.707 3040 INFO neutron.plugins.ml2.managers [req-f529b91f-1423-4e5c-8857-d98810dfa240 None] Extended port dict for driver 'cisco_n1kv_ext'
2015-03-10 17:02:02.708 3032 INFO urllib3.connectionpool [-] Resetting dropped connection: 13.0.0.25
2015-03-10 17:02:02.710 3040 INFO neutron.wsgi [req-f529b91f-1423-4e5c-8857-d98810dfa240 None] 13.0.0.3 - - [10/Mar/2015 17:02:02] "GET /v2.0/ports.json HTTP/1.1" 200 1400 0.083697
2015-03-10 17:02:02.728 3032 INFO neutron.wsgi [-] (3032) accepted ('13.0.0.3', 40421)
2015-03-10 17:02:02.731 3032 INFO urllib3.connectionpool [-] Resetting dropped connection: 13.0.0.25
2015-03-10 17:02:02.735 3032 INFO neutron.wsgi [-] (3032) accepted ('13.0.0.3', 40425)
2015-03-10 17:02:02.737 3032 INFO urllib3.connectionpool [-] Starting new HTTP connection (3): 13.0.0.25
2015-03-10 17:02:02.763 3025 INFO neutron.plugins.ml2.managers [req-9144a39e-498e-4341-9fc3-8bca88ecedcc None] Extended port dict for driver 'cisco_n1kv_ext'
2015-03-10 17:02:02.766 3025 INFO neutron.plugins.ml2.managers [req-9144a39e-498e-4341-9fc3-8bca88ecedcc None] Extended port dict for driver 'cisco_n1kv_ext'
2015-03-10 17:02:02.768 3025 INFO neutron.wsgi [req-9144a39e-498e-4341-9fc3-8bca88ecedcc None] 13.0.0.3 - - [10/Mar/2015 17:02:02] "GET /v2.0/ports.json HTTP/1.1" 200 1450 0.088173
2015-03-10 17:02:02.782 3028 INFO neutron.plugins.ml2.managers [req-b8040fb1-566d-4425-ab36-be1d0cbcfe36 None] Extended port dict for driver 'cisco_n1kv_ext'
2015-03-10 17:02:02.786 3028 INFO neutron.plugins.ml2.managers [req-b8040fb1-566d-4425-ab36-be1d0cbcfe36 None] Extended port dict for driver 'cisco_n1kv_ext'
2015-03-10 17:02:02.789 3028 INFO neutron.plugins.ml2.managers [req-b8040fb1-566d-4425-ab36-be1d0cbcfe36 None] Extended port dict for driver 'cisco_n1kv_ext'
2015-03-10 17:02:02.793 3028 INFO neutron.plugins.ml2.managers [req-b8040fb1-566d-4425-ab36-be1d0cbcfe36 None] Extended port dict for driver 'cisco_n1kv_ext'
2015-03-10 17:02:02.794 3038 INFO neutron.wsgi [-] (3038) accepted ('13.0.0.3', 40433)
2015-03-10 17:02:02.796 3032 INFO neutron.plugins.ml2.managers [req-3c3737a5-80a5-45e5-8fb3-7e9faa826c08 None] Extended port dict for driver 'cisco_n1kv_ext'
2015-03-10 17:02:02.797 3038 INFO urllib3.connectionpool [-] Resetting dropped connection: 13.0.0.25
2015-03-10 17:02:02.798 3028 INFO neutron.wsgi [req-b8040fb1-566d-4425-ab36-be1d0cbcfe36 None] 13.0.0.3 - - [10/Mar/2015 17:02:02] "GET /v2.0/ports.json HTTP/1.1" 200 2644 0.109784
2015-03-10 17:02:02.799 3032 INFO neutron.wsgi [req-3c3737a5-80a5-45e5-8fb3-7e9faa826c08 None] 13.0.0.3 - - [10/Mar/2015 17:02:02] "GET /v2.0/ports.json HTTP/1.1" 200 825 0.092323
2015-03-10 17:02:02.805 3025 INFO neutron.wsgi [-] (3025) accepted ('13.0.0.3', 40437)
2015-03-10 17:02:02.826 3028 INFO neutron.plugins.ml2.managers [req-29ebfff0-57fb-49dd-9b12-0aeb97c6e5a7 None] Extended port dict for driver 'cisco_n1kv_ext'
2015-03-10 17:02:02.831 3028 INFO neutron.plugins.ml2.managers [req-29ebfff0-57fb-49dd-9b12-0aeb97c6e5a7 None] Extended port dict for driver 'cisco_n1kv_ext'
2015-03-10 17:02:02.834 3028 INFO neutron.wsgi [req-29ebfff0-57fb-49dd-9b12-0aeb97c6e5a7 None] 13.0.0.3 - - [10/Mar/2015 17:02:02] "GET /v2.0/ports.json HTTP/1.1" 200 1402 0.138081
2015-03-10 17:02:02.844 3032 INFO neutron.plugins.ml2.managers [req-e2d29024-624a-4368-94ed-1b74456b3192 None] Extended port dict for driver 'cisco_n1kv_ext'
2015-03-10 17:02:02.845 3025 INFO neutron.plugins.ml2.managers [req-8fb90bd4-3375-4243-8aea-46f3ccea36fc None] Extended port dict for driver 'cisco_n1kv_ext'
2015-03-10 17:02:02.847 3032 INFO neutron.plugins.ml2.managers [req-e2d29024-624a-4368-94ed-1b74456b3192 None] Extended port dict for driver 'cisco_n1kv_ext'
2015-03-10 17:02:02.849 3025 INFO neutron.plugins.ml2.managers [req-8fb90bd4-3375-4243-8aea-46f3ccea36fc None] Extended port dict for driver 'cisco_n1kv_ext'
2015-03-10 17:02:02.850 3032 INFO neutron.wsgi [req-e2d29024-624a-4368-94ed-1b74456b3192 None] 13.0.0.3 - - [10/Mar/2015 17:02:02] "GET /v2.0/ports.json HTTP/1.1" 200 1450 0.114804
2015-03-10 17:02:02.852 3025 INFO neutron.wsgi [req-8fb90bd4-3375-4243-8aea-46f3ccea36fc None] 13.0.0.3 - - [10/Mar/2015 17:02:02] "GET /v2.0/ports.json HTTP/1.1" 200 1400 0.045517
2015-03-10 17:02:02.871 3032 INFO neutron.plugins.ml2.managers [req-2292077e-7f11-4282-84e2-b082e66eac64 None] Extended port dict for driver 'cisco_n1kv_ext'
2015-03-10 17:02:02.874 3032 INFO neutron.plugins.ml2.managers [req-2292077e-7f11-4282-84e2-b082e66eac64 None] Extended port dict for driver 'cisco_n1kv_ext'
2015-03-10 17:02:02.877 3032 INFO neutron.wsgi [req-2292077e-7f11-4282-84e2-b082e66eac64 None] 13.0.0.3 - - [10/Mar/2015 17:02:02] "GET /v2.0/ports.json HTTP/1.1" 200 1450 0.148691
2015-03-10 17:02:02.948 3038 INFO neutron.plugins.ml2.managers [req-6c2f5603-1150-419e-8f52-c733c719d29b None] Extended port dict for driver 'cisco_n1kv_ext'
2015-03-10 17:02:02.950 3038 INFO neutron.plugins.ml2.managers [req-6c2f5603-1150-419e-8f52-c733c719d29b None] Extended port dict for driver 'cisco_n1kv_ext'
2015-03-10 17:02:02.953 3038 INFO neutron.wsgi [req-6c2f5603-1150-419e-8f52-c733c719d29b None] 13.0.0.3 - - [10/Mar/2015 17:02:02] "GET /v2.0/ports.json HTTP/1.1" 200 1452 0.157942
2015-03-10 17:02:03.286 3038 INFO neutron.wsgi [-] (3038) accepted ('13.0.0.3', 40462)
2015-03-10 17:02:03.314 3038 INFO neutron.plugins.ml2.managers [req-12dd631d-e94c-4533-821c-62a889fe11dd None] Extended network dict for driver 'cisco_n1kv_ext'
2015-03-10 17:02:03.318 3038 INFO neutron.wsgi [req-12dd631d-e94c-4533-821c-62a889fe11dd None] 13.0.0.3 - - [10/Mar/2015 17:02:03] "GET /v2.0/networks.json HTTP/1.1" 200 462 0.031292
2015-03-10 17:02:03.331 3038 INFO neutron.wsgi [req-ade769aa-17a4-47b1-bf28-4c274778002e None] 13.0.0.3 - - [10/Mar/2015 17:02:03] "GET /v2.0/subnets.json?fields=id&fields=cidr&id=cd789c3d-b5e4-4bc5-82f1-e33e49955c37 HTTP/1.1" 200 204 0.009315
2015-03-10 17:02:03.333 3038 INFO neutron.wsgi [-] (3038) accepted ('13.0.0.3', 40472)
2015-03-10 17:02:03.364 3038 INFO neutron.plugins.ml2.managers [req-b5c340bb-0ea1-4b70-ae42-128751702d92 None] Extended port dict for driver 'cisco_n1kv_ext'
2015-03-10 17:02:03.365 3038 INFO neutron.wsgi [req-b5c340bb-0ea1-4b70-ae42-128751702d92 None] 13.0.0.3 - - [10/Mar/2015 17:02:03] "GET /v2.0/ports.json?fields=id&id=1d5ae930-42f0-414b-b172-e6bcce5f3fa4 HTTP/1.1" 200 248 0.031909
2015-03-10 17:02:03.390 3038 INFO neutron.plugins.ml2.managers [req-bca16d69-c97e-436f-9891-04b63fa6bcc0 None] Extended port dict for driver 'cisco_n1kv_ext'
2015-03-10 17:02:03.393 3038 INFO neutron.wsgi [req-bca16d69-c97e-436f-9891-04b63fa6bcc0 None] 13.0.0.3 - - [10/Mar/2015 17:02:03] "GET /v2.0/ports/1d5ae930-42f0-414b-b172-e6bcce5f3fa4.json HTTP/1.1" 200 822 0.024228
2015-03-10 17:02:03.397 3038 INFO neutron.wsgi [-] (3038) accepted ('13.0.0.3', 40484)
2015-03-10 17:02:03.428 3038 INFO neutron.plugins.ml2.managers [req-9b41a9d4-5950-45d3-8fa8-c832860352c7 None] Extended port dict for driver 'cisco_n1kv_ext'
2015-03-10 17:02:03.429 3038 INFO neutron.wsgi [req-9b41a9d4-5950-45d3-8fa8-c832860352c7 None] 13.0.0.3 - - [10/Mar/2015 17:02:03] "GET /v2.0/ports.json?fields=id&id=377bf9c3-c553-4b51-b24e-6d90c5ca89bb HTTP/1.1" 200 248 0.031307
2015-03-10 17:02:03.448 3038 INFO neutron.plugins.ml2.managers [req-01e890c3-aa7e-44f6-972f-5d238df9eb55 None] Extended port dict for driver 'cisco_n1kv_ext'
2015-03-10 17:02:03.450 3038 INFO neutron.wsgi [req-01e890c3-aa7e-44f6-972f-5d238df9eb55 None] 13.0.0.3 - - [10/Mar/2015 17:02:03] "GET /v2.0/ports/377bf9c3-c553-4b51-b24e-6d90c5ca89bb.json HTTP/1.1" 200 822 0.017840
2015-03-10 17:02:03.488 3038 INFO neutron.wsgi [-] (3038) accepted ('13.0.0.3', 40487)
2015-03-10 17:02:03.496 3031 INFO neutron.wsgi [-] (3031) accepted ('13.0.0.3', 40489)
2015-03-10 17:02:03.498 3035 INFO neutron.wsgi [-] (3035) accepted ('13.0.0.3', 40491)
2015-03-10 17:02:03.499 3031 INFO urllib3.connectionpool [-] Resetting dropped connection: 13.0.0.25
2015-03-10 17:02:03.502 3035 INFO urllib3.connectionpool [-] Resetting dropped connection: 13.0.0.25
2015-03-10 17:02:03.519 3038 INFO neutron.plugins.ml2.managers [req-dfcd5084-18d0-4a29-8334-076ea9c07d7d None] Extended port dict for driver 'cisco_n1kv_ext'
2015-03-10 17:02:03.521 3038 INFO neutron.wsgi [req-dfcd5084-18d0-4a29-8334-076ea9c07d7d None] 13.0.0.3 - - [10/Mar/2015 17:02:03] "GET /v2.0/ports.json?fields=id&id=b8d9a677-2e8f-482f-a240-bdff65977e04 HTTP/1.1" 200 248 0.032270
2015-03-10 17:02:03.534 3036 INFO neutron.wsgi [-] (3036) accepted ('13.0.0.3', 40501)
2015-03-10 17:02:03.542 3038 INFO neutron.plugins.ml2.managers [req-b076a5ba-d2fb-49be-8673-94378650fd36 None] Extended port dict for driver 'cisco_n1kv_ext'
2015-03-10 17:02:03.545 3038 INFO neutron.wsgi [req-b076a5ba-d2fb-49be-8673-94378650fd36 None] 13.0.0.3 - - [10/Mar/2015 17:02:03] "GET /v2.0/ports/b8d9a677-2e8f-482f-a240-bdff65977e04.json HTTP/1.1" 200 822 0.021212
2015-03-10 17:02:03.565 3031 INFO neutron.plugins.ml2.managers [req-5b801392-a40d-40ec-84da-1c59c98ca826 None] Extended port dict for driver 'cisco_n1kv_ext'
2015-03-10 17:02:03.566 3031 INFO neutron.wsgi [req-5b801392-a40d-40ec-84da-1c59c98ca826 None] 13.0.0.3 - - [10/Mar/2015 17:02:03] "GET /v2.0/ports.json?fields=id&id=940f5bf2-4bd5-410d-9382-061e1543d98f HTTP/1.1" 200 248 0.069626
2015-03-10 17:02:03.582 3035 INFO neutron.plugins.ml2.managers [req-b26dd4a2-d84c-4a9a-8655-bb05e6a98614 None] Extended port dict for driver 'cisco_n1kv_ext'
2015-03-10 17:02:03.584 3035 INFO neutron.wsgi [req-b26dd4a2-d84c-4a9a-8655-bb05e6a98614 None] 13.0.0.3 - - [10/Mar/2015 17:02:03] "GET /v2.0/ports.json?fields=id&id=6184834b-d1d0-43f3-9155-ac4c4d72f798 HTTP/1.1" 200 248 0.084687
2015-03-10 17:02:03.589 3031 INFO neutron.plugins.ml2.managers [req-e460da42-4f9d-419f-ba6e-97525b969a35 None] Extended port dict for driver 'cisco_n1kv_ext'
2015-03-10 17:02:03.592 3031 INFO neutron.wsgi [req-e460da42-4f9d-419f-ba6e-97525b969a35 None] 13.0.0.3 - - [10/Mar/2015 17:02:03] "GET /v2.0/ports/940f5bf2-4bd5-410d-9382-061e1543d98f.json HTTP/1.1" 200 822 0.021213
2015-03-10 17:02:03.614 3036 INFO neutron.plugins.ml2.managers [req-20c1680c-a867-448c-898b-1838b58e0ab1 None] Extended port dict for driver 'cisco_n1kv_ext'
2015-03-10 17:02:03.616 3036 INFO neutron.wsgi [req-20c1680c-a867-448c-898b-1838b58e0ab1 None] 13.0.0.3 - - [10/Mar/2015 17:02:03] "GET /v2.0/ports.json?fields=id&id=2e4cc0ff-e2f8-46ae-9918-a90d413b274a HTTP/1.1" 200 248 0.081680
2015-03-10 17:02:03.644 3036 INFO neutron.plugins.ml2.managers [req-93dc7a1a-fd66-42cf-ae86-1634c9b73969 None] Extended port dict for driver 'cisco_n1kv_ext'
2015-03-10 17:02:03.646 3036 INFO neutron.wsgi [req-93dc7a1a-fd66-42cf-ae86-1634c9b73969 None] 13.0.0.3 - - [10/Mar/2015 17:02:03] "GET /v2.0/ports/2e4cc0ff-e2f8-46ae-9918-a90d413b274a.json HTTP/1.1" 200 823 0.026424
2015-03-10 17:02:03.659 3037 INFO neutron.wsgi [-] (3037) accepted ('13.0.0.3', 40522)
2015-03-10 17:02:03.666 3037 INFO neutron.wsgi [-] (3037) accepted ('13.0.0.3', 40524)
2015-03-10 17:02:03.669 3037 INFO urllib3.connectionpool [-] Starting new HTTP connection (2): 13.0.0.25
2015-03-10 17:02:03.676 3025 INFO neutron.wsgi [-] (3025) accepted ('13.0.0.3', 40528)
2015-03-10 17:02:03.701 3035 INFO neutron.plugins.ml2.managers [req-baaa2131-d537-4f95-9de3-f90e3c64a686 None] Extended port dict for driver 'cisco_n1kv_ext'
2015-03-10 17:02:03.704 3035 INFO neutron.wsgi [req-baaa2131-d537-4f95-9de3-f90e3c64a686 None] 13.0.0.3 - - [10/Mar/2015 17:02:03] "GET /v2.0/ports/6184834b-d1d0-43f3-9155-ac4c4d72f798.json HTTP/1.1" 200 822 0.117534
2015-03-10 17:02:03.715 3025 INFO neutron.plugins.ml2.managers [req-3a4c39eb-0fd1-44e3-948f-5fcc828236f8 None] Extended port dict for driver 'cisco_n1kv_ext'
2015-03-10 17:02:03.717 3025 INFO neutron.wsgi [req-3a4c39eb-0fd1-44e3-948f-5fcc828236f8 None] 13.0.0.3 - - [10/Mar/2015 17:02:03] "GET /v2.0/ports.json?fields=id&id=096a1be6-1bae-4fb0-8718-9dee5f8025bd HTTP/1.1" 200 248 0.039326
2015-03-10 17:02:03.757 3025 INFO neutron.plugins.ml2.managers [req-cf3f387c-11cc-420b-8feb-8e7c388a0f76 None] Extended port dict for driver 'cisco_n1kv_ext'
2015-03-10 17:02:03.761 3025 INFO neutron.wsgi [req-cf3f387c-11cc-420b-8feb-8e7c388a0f76 None] 13.0.0.3 - - [10/Mar/2015 17:02:03] "GET /v2.0/ports/096a1be6-1bae-4fb0-8718-9dee5f8025bd.json HTTP/1.1" 200 823 0.040253
2015-03-10 17:02:03.798 3037 INFO neutron.plugins.ml2.managers [req-df2a5bfd-85ca-4494-acbf-f2ca1f0d5940 None] Extended port dict for driver 'cisco_n1kv_ext'
2015-03-10 17:02:03.799 3037 INFO neutron.wsgi [req-df2a5bfd-85ca-4494-acbf-f2ca1f0d5940 None] 13.0.0.3 - - [10/Mar/2015 17:02:03] "GET /v2.0/ports.json?fields=id&id=cab0476e-68a6-4381-857d-eb8ad4109901 HTTP/1.1" 200 248 0.139777
2015-03-10 17:02:03.816 3037 INFO neutron.plugins.ml2.managers [req-2ada368a-7ab6-4d43-ab5f-4bb0cab050c1 None] Extended port dict for driver 'cisco_n1kv_ext'
2015-03-10 17:02:03.840 3037 INFO neutron.wsgi [req-2ada368a-7ab6-4d43-ab5f-4bb0cab050c1 None] 13.0.0.3 - - [10/Mar/2015 17:02:03] "GET /v2.0/ports.json?fields=id&id=aac1c8e8-518d-4cf0-8aa0-d7d1db37f930 HTTP/1.1" 200 248 0.172899
2015-03-10 17:02:03.845 3037 INFO neutron.plugins.ml2.managers [req-414df791-d6c7-4eb3-9acf-5ebbd5aefce3 None] Extended port dict for driver 'cisco_n1kv_ext'
2015-03-10 17:02:03.866 3037 INFO neutron.wsgi [req-414df791-d6c7-4eb3-9acf-5ebbd5aefce3 None] 13.0.0.3 - - [10/Mar/2015 17:02:03] "GET /v2.0/ports/cab0476e-68a6-4381-857d-eb8ad4109901.json HTTP/1.1" 200 822 0.049148
2015-03-10 17:02:03.872 3037 INFO neutron.plugins.ml2.managers [req-3bcab00d-0e5f-421a-9bc4-e642c1303c54 None] Extended port dict for driver 'cisco_n1kv_ext'
2015-03-10 17:02:03.874 3037 INFO neutron.wsgi [req-3bcab00d-0e5f-421a-9bc4-e642c1303c54 None] 13.0.0.3 - - [10/Mar/2015 17:02:03] "GET /v2.0/ports/aac1c8e8-518d-4cf0-8aa0-d7d1db37f930.json HTTP/1.1" 200 822 0.027547
2015-03-10 17:02:03.893 3027 INFO neutron.wsgi [-] (3027) accepted ('13.0.0.3', 40534)
2015-03-10 17:02:03.896 3027 INFO urllib3.connectionpool [-] Resetting dropped connection: 13.0.0.25
2015-03-10 17:02:03.982 3026 INFO neutron.wsgi [-] (3026) accepted ('13.0.0.3', 40540)
2015-03-10 17:02:03.987 3026 INFO urllib3.connectionpool [-] Resetting dropped connection: 13.0.0.25
2015-03-10 17:02:03.987 3027 INFO neutron.wsgi [req-be418cfa-ffad-480c-a796-9c534647369c None] 13.0.0.3 - - [10/Mar/2015 17:02:03] "GET /v2.0/policy_profiles.json HTTP/1.1" 200 486 0.093383
2015-03-10 17:02:04.065 3027 INFO neutron.wsgi [-] (3027) accepted ('13.0.0.3', 40550)
2015-03-10 17:02:04.086 3026 INFO neutron.plugins.ml2.managers [req-5269e632-7e24-471b-839f-f4bc2c5cf783 None] Extended port dict for driver 'cisco_n1kv_ext'
2015-03-10 17:02:04.089 3026 INFO neutron.wsgi [req-5269e632-7e24-471b-839f-f4bc2c5cf783 None] 13.0.0.3 - - [10/Mar/2015 17:02:04] "GET /v2.0/ports.json?fields=id&id=1d5ae930-42f0-414b-b172-e6bcce5f3fa4 HTTP/1.1" 200 248 0.105348
2015-03-10 17:02:04.103 3027 INFO neutron.plugins.ml2.managers [req-d1879bfb-2fb0-4ce8-8905-32eda1c270d7 None] Extended port dict for driver 'cisco_n1kv_ext'
2015-03-10 17:02:04.105 3027 INFO neutron.wsgi [req-d1879bfb-2fb0-4ce8-8905-32eda1c270d7 None] 13.0.0.3 - - [10/Mar/2015 17:02:04] "GET /v2.0/ports.json?fields=id&id=377bf9c3-c553-4b51-b24e-6d90c5ca89bb HTTP/1.1" 200 248 0.039475
2015-03-10 17:02:04.123 3026 INFO neutron.plugins.ml2.managers [req-38a63172-88e1-41ba-a59b-54a0b69cf132 None] Extended port dict for driver 'cisco_n1kv_ext'
2015-03-10 17:02:04.135 3027 INFO neutron.plugins.ml2.managers [req-8bd0ee6f-609b-49e9-8c0b-51f1d7341c07 None] Extended port dict for driver 'cisco_n1kv_ext'
2015-03-10 17:02:04.146 3026 INFO neutron.plugins.ml2.managers [req-38a63172-88e1-41ba-a59b-54a0b69cf132 None] Extended port dict for driver 'cisco_n1kv_ext'
2015-03-10 17:02:04.159 3026 INFO neutron.plugins.ml2.managers [req-38a63172-88e1-41ba-a59b-54a0b69cf132 None] Extended network dict for driver 'cisco_n1kv_ext'
2015-03-10 17:02:04.162 3036 INFO neutron.wsgi [-] (3036) accepted ('13.0.0.3', 40554)
2015-03-10 17:02:04.162 3027 INFO neutron.plugins.ml2.managers [req-8bd0ee6f-609b-49e9-8c0b-51f1d7341c07 None] Extended port dict for driver 'cisco_n1kv_ext'
2015-03-10 17:02:04.173 3036 INFO neutron.wsgi [-] (3036) accepted ('13.0.0.3', 40556)
2015-03-10 17:02:04.173 3027 INFO neutron.plugins.ml2.managers [req-8bd0ee6f-609b-49e9-8c0b-51f1d7341c07 None] Extended network dict for driver 'cisco_n1kv_ext'
2015-03-10 17:02:04.177 3026 INFO neutron.plugins.ml2.managers [req-38a63172-88e1-41ba-a59b-54a0b69cf132 None] Extended port dict for driver 'cisco_n1kv_ext'
2015-03-10 17:02:04.191 3027 INFO neutron.plugins.ml2.managers [req-8bd0ee6f-609b-49e9-8c0b-51f1d7341c07 None] Extended port dict for driver 'cisco_n1kv_ext'
2015-03-10 17:02:04.205 3036 INFO neutron.plugins.ml2.managers [req-07f15c59-4164-4bf8-aa96-53f3bc63db3f None] Extended port dict for driver 'cisco_n1kv_ext'
2015-03-10 17:02:04.207 3036 INFO neutron.wsgi [req-07f15c59-4164-4bf8-aa96-53f3bc63db3f None] 13.0.0.3 - - [10/Mar/2015 17:02:04] "GET /v2.0/ports.json?fields=id&id=940f5bf2-4bd5-410d-9382-061e1543d98f HTTP/1.1" 200 248 0.044385
2015-03-10 17:02:04.221 3026 INFO neutron.plugins.ml2.managers [req-38a63172-88e1-41ba-a59b-54a0b69cf132 None] Extended port dict for driver 'cisco_n1kv_ext'
2015-03-10 17:02:04.224 3029 INFO neutron.wsgi [-] (3029) accepted ('13.0.0.3', 40562)
2015-03-10 17:02:04.226 3036 INFO neutron.plugins.ml2.managers [req-e268263c-9510-4da0-99cb-d53bee5f64cc None] Extended port dict for driver 'cisco_n1kv_ext'
2015-03-10 17:02:04.226 3026 INFO urllib3.connectionpool [-] Starting new HTTP connection (1): 13.0.0.250
2015-03-10 17:02:04.231 3036 INFO neutron.wsgi [req-e268263c-9510-4da0-99cb-d53bee5f64cc None] 13.0.0.3 - - [10/Mar/2015 17:02:04] "GET /v2.0/ports.json?fields=id&id=b8d9a677-2e8f-482f-a240-bdff65977e04 HTTP/1.1" 200 248 0.057760
2015-03-10 17:02:04.242 3027 INFO neutron.plugins.ml2.managers [req-8bd0ee6f-609b-49e9-8c0b-51f1d7341c07 None] Extended port dict for driver 'cisco_n1kv_ext'
2015-03-10 17:02:04.246 3027 INFO urllib3.connectionpool [-] Starting new HTTP connection (1): 13.0.0.250
2015-03-10 17:02:04.249 3036 INFO neutron.plugins.ml2.managers [req-48a54947-0be9-40bc-9d5e-f78a7652241f None] Extended port dict for driver 'cisco_n1kv_ext'
2015-03-10 17:02:04.256 3029 INFO neutron.plugins.ml2.managers [req-026bd6a8-6710-4ee7-bb1e-207f61e85fb1 None] Extended port dict for driver 'cisco_n1kv_ext'
2015-03-10 17:02:04.258 3029 INFO neutron.wsgi [req-026bd6a8-6710-4ee7-bb1e-207f61e85fb1 None] 13.0.0.3 - - [10/Mar/2015 17:02:04] "GET /v2.0/ports.json?fields=id&id=2e4cc0ff-e2f8-46ae-9918-a90d413b274a HTTP/1.1" 200 248 0.032960
2015-03-10 17:02:04.275 3036 INFO neutron.plugins.ml2.managers [req-48a54947-0be9-40bc-9d5e-f78a7652241f None] Extended port dict for driver 'cisco_n1kv_ext'
2015-03-10 17:02:04.282 3029 INFO neutron.plugins.ml2.managers [req-279ac8ed-8e92-4b57-b207-826bcf0f7ccd None] Extended port dict for driver 'cisco_n1kv_ext'
2015-03-10 17:02:04.287 3036 INFO neutron.plugins.ml2.managers [req-48a54947-0be9-40bc-9d5e-f78a7652241f None] Extended network dict for driver 'cisco_n1kv_ext'
2015-03-10 17:02:04.301 3036 INFO neutron.plugins.ml2.managers [req-48a54947-0be9-40bc-9d5e-f78a7652241f None] Extended port dict for driver 'cisco_n1kv_ext'
2015-03-10 17:02:04.305 3029 INFO neutron.plugins.ml2.managers [req-279ac8ed-8e92-4b57-b207-826bcf0f7ccd None] Extended port dict for driver 'cisco_n1kv_ext'
2015-03-10 17:02:04.317 3029 INFO neutron.plugins.ml2.managers [req-279ac8ed-8e92-4b57-b207-826bcf0f7ccd None] Extended network dict for driver 'cisco_n1kv_ext'
2015-03-10 17:02:04.332 3029 INFO neutron.plugins.ml2.managers [req-279ac8ed-8e92-4b57-b207-826bcf0f7ccd None] Extended port dict for driver 'cisco_n1kv_ext'
2015-03-10 17:02:04.343 3036 INFO neutron.plugins.ml2.managers [req-48a54947-0be9-40bc-9d5e-f78a7652241f None] Extended port dict for driver 'cisco_n1kv_ext'
2015-03-10 17:02:04.346 3036 INFO neutron.plugins.ml2.managers [req-48a54947-0be9-40bc-9d5e-f78a7652241f None] Extended port dict for driver 'cisco_n1kv_ext'
2015-03-10 17:02:04.361 3036 INFO neutron.plugins.ml2.managers [req-818ffcdd-9871-40d4-9206-f3591b75aef4 None] Extended port dict for driver 'cisco_n1kv_ext'
2015-03-10 17:02:04.374 3029 INFO neutron.plugins.ml2.managers [req-279ac8ed-8e92-4b57-b207-826bcf0f7ccd None] Extended port dict for driver 'cisco_n1kv_ext'
2015-03-10 17:02:04.376 3036 INFO urllib3.connectionpool [-] Starting new HTTP connection (1): 13.0.0.250
2015-03-10 17:02:04.378 3029 INFO urllib3.connectionpool [-] Starting new HTTP connection (1): 13.0.0.250
2015-03-10 17:02:04.387 3036 INFO neutron.plugins.ml2.managers [req-818ffcdd-9871-40d4-9206-f3591b75aef4 None] Extended port dict for driver 'cisco_n1kv_ext'
2015-03-10 17:02:04.396 3036 INFO neutron.plugins.ml2.managers [req-818ffcdd-9871-40d4-9206-f3591b75aef4 None] Extended network dict for driver 'cisco_n1kv_ext'
2015-03-10 17:02:04.405 3039 INFO neutron.wsgi [-] (3039) accepted ('13.0.0.3', 40572)
2015-03-10 17:02:04.408 3039 INFO urllib3.connectionpool [-] Resetting dropped connection: 13.0.0.25
2015-03-10 17:02:04.408 3032 INFO neutron.wsgi [-] (3032) accepted ('13.0.0.3', 40574)
2015-03-10 17:02:04.412 3036 INFO neutron.plugins.ml2.managers [req-818ffcdd-9871-40d4-9206-f3591b75aef4 None] Extended port dict for driver 'cisco_n1kv_ext'
2015-03-10 17:02:04.416 3032 INFO neutron.wsgi [-] (3032) accepted ('13.0.0.3', 40578)
2015-03-10 17:02:04.434 3026 INFO neutron.plugins.ml2.drivers.cisco.n1kv.n1kv_client [req-38a63172-88e1-41ba-a59b-54a0b69cf132 None] VSM: Successfully deleted "ports 1d5ae930-42f0-414b-b172-e6bcce5f3fa4"
2015-03-10 17:02:04.435 3026 INFO neutron.plugins.ml2.drivers.cisco.n1kv.mech_cisco_n1kv [req-38a63172-88e1-41ba-a59b-54a0b69cf132 None] Delete port(postcommit) succeeded for port: 1d5ae930-42f0-414b-b172-e6bcce5f3fa4 on network: 2fee40eb-14f7-4a16-9e38-ac543bbe7167 with policy profile ID: 1b71fdbe-e571-4cf8-98ff-19a9b1bf5009
2015-03-10 17:02:04.437 3025 INFO neutron.wsgi [-] (3025) accepted ('13.0.0.3', 40581)
2015-03-10 17:02:04.448 3032 INFO neutron.plugins.ml2.managers [req-9ddd2ebd-b115-494d-bda0-de439bd90faa None] Extended port dict for driver 'cisco_n1kv_ext'
2015-03-10 17:02:04.450 3032 INFO neutron.wsgi [req-9ddd2ebd-b115-494d-bda0-de439bd90faa None] 13.0.0.3 - - [10/Mar/2015 17:02:04] "GET /v2.0/ports.json?fields=id&id=096a1be6-1bae-4fb0-8718-9dee5f8025bd HTTP/1.1" 200 248 0.041417
2015-03-10 17:02:04.452 3026 INFO neutron.plugins.ml2.managers [req-38a63172-88e1-41ba-a59b-54a0b69cf132 None] Extended network dict for driver 'cisco_n1kv_ext'
2015-03-10 17:02:04.466 3026 INFO neutron.wsgi [req-38a63172-88e1-41ba-a59b-54a0b69cf132 None] 13.0.0.3 - - [10/Mar/2015 17:02:04] "DELETE /v2.0/ports/1d5ae930-42f0-414b-b172-e6bcce5f3fa4.json HTTP/1.1" 204 149 0.373314
2015-03-10 17:02:04.466 3036 INFO neutron.plugins.ml2.managers [req-818ffcdd-9871-40d4-9206-f3591b75aef4 None] Extended port dict for driver 'cisco_n1kv_ext'
2015-03-10 17:02:04.467 3025 INFO neutron.plugins.ml2.managers [req-b98187ae-f43c-4c2f-8d25-3073813a119a None] Extended port dict for driver 'cisco_n1kv_ext'
2015-03-10 17:02:04.469 3025 INFO neutron.wsgi [req-b98187ae-f43c-4c2f-8d25-3073813a119a None] 13.0.0.3 - - [10/Mar/2015 17:02:04] "GET /v2.0/ports.json?fields=id&id=cab0476e-68a6-4381-857d-eb8ad4109901 HTTP/1.1" 200 248 0.031063
2015-03-10 17:02:04.470 3032 INFO neutron.plugins.ml2.managers [req-29dfea63-41f5-471c-a9c9-5771baacb9ba None] Extended port dict for driver 'cisco_n1kv_ext'
2015-03-10 17:02:04.471 3036 INFO urllib3.connectionpool [-] Starting new HTTP connection (1): 13.0.0.250
2015-03-10 17:02:04.473 3039 INFO neutron.plugins.ml2.managers [req-0b00fb77-a789-42c7-bf05-648416cbf8c6 None] Extended port dict for driver 'cisco_n1kv_ext'
2015-03-10 17:02:04.474 3039 INFO neutron.wsgi [req-0b00fb77-a789-42c7-bf05-648416cbf8c6 None] 13.0.0.3 - - [10/Mar/2015 17:02:04] "GET /v2.0/ports.json?fields=id&id=aac1c8e8-518d-4cf0-8aa0-d7d1db37f930 HTTP/1.1" 200 248 0.068767
2015-03-10 17:02:04.476 3032 INFO neutron.wsgi [req-29dfea63-41f5-471c-a9c9-5771baacb9ba None] 13.0.0.3 - - [10/Mar/2015 17:02:04] "GET /v2.0/ports.json?fields=id&id=6184834b-d1d0-43f3-9155-ac4c4d72f798 HTTP/1.1" 200 248 0.058798
2015-03-10 17:02:04.492 3025 INFO neutron.plugins.ml2.managers [req-b7a9f413-80fc-41f5-a837-1bd44053e65a None] Extended port dict for driver 'cisco_n1kv_ext'
2015-03-10 17:02:04.494 3032 INFO neutron.plugins.ml2.managers [req-16ec76fe-4df5-4c69-889a-3a1238615c66 None] Extended port dict for driver 'cisco_n1kv_ext'
2015-03-10 17:02:04.514 3025 INFO neutron.plugins.ml2.managers [req-b7a9f413-80fc-41f5-a837-1bd44053e65a None] Extended port dict for driver 'cisco_n1kv_ext'
2015-03-10 17:02:04.520 3032 INFO neutron.plugins.ml2.managers [req-16ec76fe-4df5-4c69-889a-3a1238615c66 None] Extended port dict for driver 'cisco_n1kv_ext'
2015-03-10 17:02:04.523 3025 INFO neutron.plugins.ml2.managers [req-b7a9f413-80fc-41f5-a837-1bd44053e65a None] Extended network dict for driver 'cisco_n1kv_ext'
2015-03-10 17:02:04.532 3032 INFO neutron.plugins.ml2.managers [req-16ec76fe-4df5-4c69-889a-3a1238615c66 None] Extended network dict for driver 'cisco_n1kv_ext'
2015-03-10 17:02:04.542 3025 INFO neutron.plugins.ml2.managers [req-b7a9f413-80fc-41f5-a837-1bd44053e65a None] Extended port dict for driver 'cisco_n1kv_ext'
2015-03-10 17:02:04.547 3032 INFO neutron.plugins.ml2.managers [req-16ec76fe-4df5-4c69-889a-3a1238615c66 None] Extended port dict for driver 'cisco_n1kv_ext'
2015-03-10 17:02:04.555 3039 INFO neutron.plugins.ml2.managers [req-855771a4-9985-47bb-86b0-9c65311296ba None] Extended port dict for driver 'cisco_n1kv_ext'
2015-03-10 17:02:04.576 3039 INFO neutron.plugins.ml2.managers [req-855771a4-9985-47bb-86b0-9c65311296ba None] Extended port dict for driver 'cisco_n1kv_ext'
2015-03-10 17:02:04.581 3025 INFO neutron.plugins.ml2.managers [req-b7a9f413-80fc-41f5-a837-1bd44053e65a None] Extended port dict for driver 'cisco_n1kv_ext'
2015-03-10 17:02:04.584 3039 INFO neutron.plugins.ml2.managers [req-855771a4-9985-47bb-86b0-9c65311296ba None] Extended network dict for driver 'cisco_n1kv_ext'
2015-03-10 17:02:04.585 3025 INFO urllib3.connectionpool [-] Starting new HTTP connection (1): 13.0.0.250
2015-03-10 17:02:04.586 3032 INFO neutron.plugins.ml2.managers [req-16ec76fe-4df5-4c69-889a-3a1238615c66 None] Extended port dict for driver 'cisco_n1kv_ext'
2015-03-10 17:02:04.597 3039 INFO neutron.plugins.ml2.managers [req-855771a4-9985-47bb-86b0-9c65311296ba None] Extended port dict for driver 'cisco_n1kv_ext'
2015-03-10 17:02:04.605 3032 INFO neutron.plugins.ml2.managers [req-e8bf8d4a-d4ec-454a-9ff6-ecdcabac4d82 None] Extended port dict for driver 'cisco_n1kv_ext'
2015-03-10 17:02:04.607 3032 INFO urllib3.connectionpool [-] Starting new HTTP connection (1): 13.0.0.250
2015-03-10 17:02:04.627 3032 INFO neutron.plugins.ml2.managers [req-e8bf8d4a-d4ec-454a-9ff6-ecdcabac4d82 None] Extended port dict for driver 'cisco_n1kv_ext'
2015-03-10 17:02:04.635 3032 INFO neutron.plugins.ml2.managers [req-e8bf8d4a-d4ec-454a-9ff6-ecdcabac4d82 None] Extended network dict for driver 'cisco_n1kv_ext'
2015-03-10 17:02:04.635 3039 INFO neutron.plugins.ml2.managers [req-855771a4-9985-47bb-86b0-9c65311296ba None] Extended port dict for driver 'cisco_n1kv_ext'
2015-03-10 17:02:04.639 3039 INFO urllib3.connectionpool [-] Starting new HTTP connection (1): 13.0.0.250
2015-03-10 17:02:04.649 3032 INFO neutron.plugins.ml2.managers [req-e8bf8d4a-d4ec-454a-9ff6-ecdcabac4d82 None] Extended port dict for driver 'cisco_n1kv_ext'
2015-03-10 17:02:04.689 3032 INFO neutron.plugins.ml2.managers [req-e8bf8d4a-d4ec-454a-9ff6-ecdcabac4d82 None] Extended port dict for driver 'cisco_n1kv_ext'
2015-03-10 17:02:04.694 3032 INFO urllib3.connectionpool [-] Starting new HTTP connection (1): 13.0.0.250
2015-03-10 17:02:05.009 3027 INFO neutron.plugins.ml2.drivers.cisco.n1kv.n1kv_client [req-8bd0ee6f-609b-49e9-8c0b-51f1d7341c07 None] VSM: Successfully deleted "ports 377bf9c3-c553-4b51-b24e-6d90c5ca89bb"
2015-03-10 17:02:05.009 3027 INFO neutron.plugins.ml2.drivers.cisco.n1kv.mech_cisco_n1kv [req-8bd0ee6f-609b-49e9-8c0b-51f1d7341c07 None] Delete port(postcommit) succeeded for port: 377bf9c3-c553-4b51-b24e-6d90c5ca89bb on network: 3149049e-c2d0-43ec-bccc-45b4e9dcd6b8 with policy profile ID: 1b71fdbe-e571-4cf8-98ff-19a9b1bf5009
2015-03-10 17:02:05.023 3027 INFO neutron.plugins.ml2.managers [req-8bd0ee6f-609b-49e9-8c0b-51f1d7341c07 None] Extended network dict for driver 'cisco_n1kv_ext'
2015-03-10 17:02:05.032 3027 INFO neutron.wsgi [req-8bd0ee6f-609b-49e9-8c0b-51f1d7341c07 None] 13.0.0.3 - - [10/Mar/2015 17:02:05] "DELETE /v2.0/ports/377bf9c3-c553-4b51-b24e-6d90c5ca89bb.json HTTP/1.1" 204 149 0.923593
2015-03-10 17:02:05.325 3029 INFO neutron.plugins.ml2.drivers.cisco.n1kv.n1kv_client [req-279ac8ed-8e92-4b57-b207-826bcf0f7ccd None] VSM: Successfully deleted "ports 2e4cc0ff-e2f8-46ae-9918-a90d413b274a"
2015-03-10 17:02:05.326 3029 INFO neutron.plugins.ml2.drivers.cisco.n1kv.mech_cisco_n1kv [req-279ac8ed-8e92-4b57-b207-826bcf0f7ccd None] Delete port(postcommit) succeeded for port: 2e4cc0ff-e2f8-46ae-9918-a90d413b274a on network: a460d016-1885-4682-b1b8-74f026c314ac with policy profile ID: 1b71fdbe-e571-4cf8-98ff-19a9b1bf5009
2015-03-10 17:02:05.341 3029 INFO neutron.plugins.ml2.managers [req-279ac8ed-8e92-4b57-b207-826bcf0f7ccd None] Extended network dict for driver 'cisco_n1kv_ext'
2015-03-10 17:02:05.350 3029 INFO neutron.wsgi [req-279ac8ed-8e92-4b57-b207-826bcf0f7ccd None] 13.0.0.3 - - [10/Mar/2015 17:02:05] "DELETE /v2.0/ports/2e4cc0ff-e2f8-46ae-9918-a90d413b274a.json HTTP/1.1" 204 149 1.088858
2015-03-10 17:02:05.605 3036 INFO neutron.plugins.ml2.drivers.cisco.n1kv.n1kv_client [req-48a54947-0be9-40bc-9d5e-f78a7652241f None] VSM: Successfully deleted "ports 940f5bf2-4bd5-410d-9382-061e1543d98f"
2015-03-10 17:02:05.605 3036 INFO neutron.plugins.ml2.drivers.cisco.n1kv.mech_cisco_n1kv [req-48a54947-0be9-40bc-9d5e-f78a7652241f None] Delete port(postcommit) succeeded for port: 940f5bf2-4bd5-410d-9382-061e1543d98f on network: 95fe1a55-acbb-496d-95a5-33341e714223 with policy profile ID: 1b71fdbe-e571-4cf8-98ff-19a9b1bf5009
2015-03-10 17:02:05.622 3036 INFO neutron.plugins.ml2.managers [req-48a54947-0be9-40bc-9d5e-f78a7652241f None] Extended network dict for driver 'cisco_n1kv_ext'
2015-03-10 17:02:05.630 3036 INFO neutron.wsgi [req-48a54947-0be9-40bc-9d5e-f78a7652241f None] 13.0.0.3 - - [10/Mar/2015 17:02:05] "DELETE /v2.0/ports/940f5bf2-4bd5-410d-9382-061e1543d98f.json HTTP/1.1" 204 149 1.403354
2015-03-10 17:02:05.912 3036 INFO neutron.plugins.ml2.drivers.cisco.n1kv.n1kv_client [req-818ffcdd-9871-40d4-9206-f3591b75aef4 None] VSM: Successfully deleted "ports b8d9a677-2e8f-482f-a240-bdff65977e04"
2015-03-10 17:02:05.912 3036 INFO neutron.plugins.ml2.drivers.cisco.n1kv.mech_cisco_n1kv [req-818ffcdd-9871-40d4-9206-f3591b75aef4 None] Delete port(postcommit) succeeded for port: b8d9a677-2e8f-482f-a240-bdff65977e04 on network: 21d85e2d-388a-437f-b60b-ae825d3cd0a2 with policy profile ID: 1b71fdbe-e571-4cf8-98ff-19a9b1bf5009
2015-03-10 17:02:05.913 3025 INFO neutron.plugins.ml2.drivers.cisco.n1kv.n1kv_client [req-b7a9f413-80fc-41f5-a837-1bd44053e65a None] VSM: Successfully deleted "ports cab0476e-68a6-4381-857d-eb8ad4109901"
2015-03-10 17:02:05.913 3025 INFO neutron.plugins.ml2.drivers.cisco.n1kv.mech_cisco_n1kv [req-b7a9f413-80fc-41f5-a837-1bd44053e65a None] Delete port(postcommit) succeeded for port: cab0476e-68a6-4381-857d-eb8ad4109901 on network: cd2be57a-8869-4077-860c-47ee98f55e64 with policy profile ID: 1b71fdbe-e571-4cf8-98ff-19a9b1bf5009
2015-03-10 17:02:05.930 3025 INFO neutron.plugins.ml2.managers [req-b7a9f413-80fc-41f5-a837-1bd44053e65a None] Extended network dict for driver 'cisco_n1kv_ext'
2015-03-10 17:02:05.930 3036 INFO neutron.plugins.ml2.managers [req-818ffcdd-9871-40d4-9206-f3591b75aef4 None] Extended network dict for driver 'cisco_n1kv_ext'
2015-03-10 17:02:05.940 3036 INFO neutron.wsgi [req-818ffcdd-9871-40d4-9206-f3591b75aef4 None] 13.0.0.3 - - [10/Mar/2015 17:02:05] "DELETE /v2.0/ports/b8d9a677-2e8f-482f-a240-bdff65977e04.json HTTP/1.1" 204 149 1.690202
2015-03-10 17:02:05.941 3025 INFO neutron.wsgi [req-b7a9f413-80fc-41f5-a837-1bd44053e65a None] 13.0.0.3 - - [10/Mar/2015 17:02:05] "DELETE /v2.0/ports/cab0476e-68a6-4381-857d-eb8ad4109901.json HTTP/1.1" 204 149 1.469839
2015-03-10 17:02:06.193 3032 INFO neutron.plugins.ml2.drivers.cisco.n1kv.n1kv_client [req-16ec76fe-4df5-4c69-889a-3a1238615c66 None] VSM: Successfully deleted "ports 096a1be6-1bae-4fb0-8718-9dee5f8025bd"
2015-03-10 17:02:06.193 3032 INFO neutron.plugins.ml2.drivers.cisco.n1kv.mech_cisco_n1kv [req-16ec76fe-4df5-4c69-889a-3a1238615c66 None] Delete port(postcommit) succeeded for port: 096a1be6-1bae-4fb0-8718-9dee5f8025bd on network: 9a63f2dd-a91a-465f-b402-68250c8f3757 with policy profile ID: 1b71fdbe-e571-4cf8-98ff-19a9b1bf5009
2015-03-10 17:02:06.210 3032 INFO neutron.plugins.ml2.managers [req-16ec76fe-4df5-4c69-889a-3a1238615c66 None] Extended network dict for driver 'cisco_n1kv_ext'
2015-03-10 17:02:06.219 3032 INFO neutron.wsgi [req-16ec76fe-4df5-4c69-889a-3a1238615c66 None] 13.0.0.3 - - [10/Mar/2015 17:02:06] "DELETE /v2.0/ports/096a1be6-1bae-4fb0-8718-9dee5f8025bd.json HTTP/1.1" 204 149 1.748837
2015-03-10 17:02:06.405 3048 INFO neutron.plugins.ml2.managers [req-219e570c-5532-4225-90cc-678dbfd70c12 None] Extended port dict for driver 'cisco_n1kv_ext'
2015-03-10 17:02:06.407 3048 INFO neutron.plugins.ml2.managers [req-219e570c-5532-4225-90cc-678dbfd70c12 None] Extended port dict for driver 'cisco_n1kv_ext'
2015-03-10 17:02:06.413 3049 INFO neutron.plugins.ml2.managers [req-72b5fc6d-7a19-4e63-97a5-396b3e530937 None] Extended port dict for driver 'cisco_n1kv_ext'
2015-03-10 17:02:06.415 3049 INFO neutron.plugins.ml2.managers [req-72b5fc6d-7a19-4e63-97a5-396b3e530937 None] Extended port dict for driver 'cisco_n1kv_ext'
2015-03-10 17:02:06.523 3039 INFO neutron.plugins.ml2.drivers.cisco.n1kv.n1kv_client [req-855771a4-9985-47bb-86b0-9c65311296ba None] VSM: Successfully deleted "ports aac1c8e8-518d-4cf0-8aa0-d7d1db37f930"
2015-03-10 17:02:06.523 3039 INFO neutron.plugins.ml2.drivers.cisco.n1kv.mech_cisco_n1kv [req-855771a4-9985-47bb-86b0-9c65311296ba None] Delete port(postcommit) succeeded for port: aac1c8e8-518d-4cf0-8aa0-d7d1db37f930 on network: d13d28c5-6b41-4869-83ef-fa433c98fa36 with policy profile ID: 1b71fdbe-e571-4cf8-98ff-19a9b1bf5009
2015-03-10 17:02:06.539 3039 INFO neutron.plugins.ml2.managers [req-855771a4-9985-47bb-86b0-9c65311296ba None] Extended network dict for driver 'cisco_n1kv_ext'
2015-03-10 17:02:06.548 3039 INFO neutron.wsgi [req-855771a4-9985-47bb-86b0-9c65311296ba None] 13.0.0.3 - - [10/Mar/2015 17:02:06] "DELETE /v2.0/ports/aac1c8e8-518d-4cf0-8aa0-d7d1db37f930.json HTTP/1.1" 204 149 2.070279
2015-03-10 17:02:06.766 3032 INFO neutron.plugins.ml2.drivers.cisco.n1kv.n1kv_client [req-e8bf8d4a-d4ec-454a-9ff6-ecdcabac4d82 None] VSM: Successfully deleted "ports 6184834b-d1d0-43f3-9155-ac4c4d72f798"
2015-03-10 17:02:06.766 3032 INFO neutron.plugins.ml2.drivers.cisco.n1kv.mech_cisco_n1kv [req-e8bf8d4a-d4ec-454a-9ff6-ecdcabac4d82 None] Delete port(postcommit) succeeded for port: 6184834b-d1d0-43f3-9155-ac4c4d72f798 on network: fc4b9c69-db77-46cd-a0c4-c35aac1f50ef with policy profile ID: 1b71fdbe-e571-4cf8-98ff-19a9b1bf5009
2015-03-10 17:02:06.783 3032 INFO neutron.plugins.ml2.managers [req-e8bf8d4a-d4ec-454a-9ff6-ecdcabac4d82 None] Extended network dict for driver 'cisco_n1kv_ext'
2015-03-10 17:02:06.791 3032 INFO neutron.wsgi [req-e8bf8d4a-d4ec-454a-9ff6-ecdcabac4d82 None] 13.0.0.3 - - [10/Mar/2015 17:02:06] "DELETE /v2.0/ports/6184834b-d1d0-43f3-9155-ac4c4d72f798.json HTTP/1.1" 204 149 2.296628
2015-03-10 17:02:06.951 3028 INFO neutron.wsgi [-] (3028) accepted ('13.0.0.3', 40639)
2015-03-10 17:02:06.980 3028 INFO neutron.plugins.ml2.managers [req-6fd1304c-2ef0-4e75-a453-db7aefafb629 None] Extended port dict for driver 'cisco_n1kv_ext'
2015-03-10 17:02:06.982 3028 INFO neutron.wsgi [req-6fd1304c-2ef0-4e75-a453-db7aefafb629 None] 13.0.0.3 - - [10/Mar/2015 17:02:06] "GET /v2.0/ports.json?fields=id&id=97eeef9b-a466-43f0-a27c-af5fb6e959a6 HTTP/1.1" 200 248 0.029710
2015-03-10 17:02:07.003 3028 INFO neutron.plugins.ml2.managers [req-585da14a-eaa1-44a0-ba54-11c3377de9aa None] Extended port dict for driver 'cisco_n1kv_ext'
2015-03-10 17:02:07.005 3028 INFO neutron.wsgi [req-585da14a-eaa1-44a0-ba54-11c3377de9aa None] 13.0.0.3 - - [10/Mar/2015 17:02:07] "GET /v2.0/ports/97eeef9b-a466-43f0-a27c-af5fb6e959a6.json HTTP/1.1" 200 772 0.021271
2015-03-10 17:02:07.479 3039 INFO neutron.wsgi [-] (3039) accepted ('13.0.0.3', 40646)
2015-03-10 17:02:07.510 3039 INFO neutron.plugins.ml2.managers [req-f852a26b-f4e5-4bbe-abe6-1871725f8093 None] Extended port dict for driver 'cisco_n1kv_ext'
2015-03-10 17:02:07.511 3039 INFO neutron.wsgi [req-f852a26b-f4e5-4bbe-abe6-1871725f8093 None] 13.0.0.3 - - [10/Mar/2015 17:02:07] "GET /v2.0/ports.json?fields=id&id=97eeef9b-a466-43f0-a27c-af5fb6e959a6 HTTP/1.1" 200 248 0.032082
2015-03-10 17:02:07.512 3039 INFO neutron.wsgi [-] (3039) accepted ('13.0.0.3', 40648)
2015-03-10 17:02:07.548 3039 INFO neutron.plugins.ml2.managers [req-aadbb8c3-d8bb-482a-8fb8-f4b7eb780d16 None] Extended port dict for driver 'cisco_n1kv_ext'
2015-03-10 17:02:07.550 3039 INFO neutron.wsgi [req-aadbb8c3-d8bb-482a-8fb8-f4b7eb780d16 None] 13.0.0.3 - - [10/Mar/2015 17:02:07] "GET /v2.0/ports.json?fields=id&id=5983fbc6-8a53-4a42-ba25-cbed8379c144 HTTP/1.1" 200 248 0.037313
2015-03-10 17:02:07.563 3039 INFO neutron.plugins.ml2.managers [req-19552c4b-37e8-4d80-8706-92b83a9163db None] Extended port dict for driver 'cisco_n1kv_ext'
2015-03-10 17:02:07.589 3039 INFO neutron.plugins.ml2.managers [req-b325dd44-a7a0-4ac2-a618-10c6b729365e None] Extended port dict for driver 'cisco_n1kv_ext'
2015-03-10 17:02:07.601 3039 INFO neutron.plugins.ml2.managers [req-19552c4b-37e8-4d80-8706-92b83a9163db None] Extended port dict for driver 'cisco_n1kv_ext'
2015-03-10 17:02:07.603 3039 INFO neutron.wsgi [req-b325dd44-a7a0-4ac2-a618-10c6b729365e None] 13.0.0.3 - - [10/Mar/2015 17:02:07] "GET /v2.0/ports/5983fbc6-8a53-4a42-ba25-cbed8379c144.json HTTP/1.1" 200 822 0.038187
2015-03-10 17:02:07.611 3039 INFO neutron.plugins.ml2.managers [req-19552c4b-37e8-4d80-8706-92b83a9163db None] Extended network dict for driver 'cisco_n1kv_ext'
2015-03-10 17:02:07.639 3039 INFO urllib3.connectionpool [-] Starting new HTTP connection (1): 13.0.0.250
2015-03-10 17:02:07.790 3039 INFO neutron.plugins.ml2.drivers.cisco.n1kv.n1kv_client [req-19552c4b-37e8-4d80-8706-92b83a9163db None] VSM: Successfully deleted "ports 97eeef9b-a466-43f0-a27c-af5fb6e959a6"
2015-03-10 17:02:07.790 3039 INFO neutron.plugins.ml2.drivers.cisco.n1kv.mech_cisco_n1kv [req-19552c4b-37e8-4d80-8706-92b83a9163db None] Delete port(postcommit) succeeded for port: 97eeef9b-a466-43f0-a27c-af5fb6e959a6 on network: a6c06cf5-2cbf-4586-8ea2-619372c8f1c7 with policy profile ID: 1b71fdbe-e571-4cf8-98ff-19a9b1bf5009
2015-03-10 17:02:07.806 3039 INFO neutron.plugins.ml2.managers [req-19552c4b-37e8-4d80-8706-92b83a9163db None] Extended network dict for driver 'cisco_n1kv_ext'
2015-03-10 17:02:07.815 3039 INFO neutron.wsgi [req-19552c4b-37e8-4d80-8706-92b83a9163db None] 13.0.0.3 - - [10/Mar/2015 17:02:07] "DELETE /v2.0/ports/97eeef9b-a466-43f0-a27c-af5fb6e959a6.json HTTP/1.1" 204 149 0.294413
2015-03-10 17:02:07.831 3038 INFO neutron.wsgi [-] (3038) accepted ('13.0.0.3', 40670)
2015-03-10 17:02:07.867 3038 INFO neutron.plugins.ml2.managers [req-866cf219-b472-4ab1-b83d-d549be3ae71c None] Extended port dict for driver 'cisco_n1kv_ext'
2015-03-10 17:02:07.868 3038 INFO neutron.wsgi [req-866cf219-b472-4ab1-b83d-d549be3ae71c None] 13.0.0.3 - - [10/Mar/2015 17:02:07] "GET /v2.0/ports.json?fields=id&id=c5a341df-6fa9-4973-b372-81f6c7ff7bd4 HTTP/1.1" 200 248 0.036277
2015-03-10 17:02:07.888 3038 INFO neutron.plugins.ml2.managers [req-4ce71025-863f-4f21-b995-1338ea347118 None] Extended port dict for driver 'cisco_n1kv_ext'
2015-03-10 17:02:07.890 3038 INFO neutron.wsgi [req-4ce71025-863f-4f21-b995-1338ea347118 None] 13.0.0.3 - - [10/Mar/2015 17:02:07] "GET /v2.0/ports/c5a341df-6fa9-4973-b372-81f6c7ff7bd4.json HTTP/1.1" 200 823 0.018830
2015-03-10 17:02:08.247 3038 INFO neutron.wsgi [-] (3038) accepted ('13.0.0.3', 40676)
2015-03-10 17:02:08.253 3033 INFO neutron.wsgi [-] (3033) accepted ('13.0.0.3', 40678)
2015-03-10 17:02:08.257 3033 INFO urllib3.connectionpool [-] Resetting dropped connection: 13.0.0.25
